=== CloudCompare Mesh Sampling ===
Started: Mon 01 Sep 2025 21:51:01 AEST
Job ID: 15098402
=== Sampling Pot_A_Piece_01 ===
[Global Shift] Max abs. coord = 1e+04 / max abs. diag = 1e+06
[ccColorScalesManager] Found 0 custom scale(s) in persistent settings
[Plugin] Searching: /apps/easybuild-2022/easybuild/software/MPI/GCC/11.3.0/OpenMPI/4.1.4/CloudCompare/2.12.4/lib/cloudcompare/plugins
	Plugin found: Additional I/O (libQADDITIONAL_IO_PLUGIN.so)
	Plugin found: CEA Virtual Broom (libQBROOM_PLUGIN.so)
	Plugin found: Compass (libQCOMPASS_PLUGIN.so)
	Plugin found: Core I/O (libQCORE_IO_PLUGIN.so)
	Plugin found: CSF Filter (libQCSF_PLUGIN.so)
	Plugin found: CSV Matrix I/O (libQCSV_MATRIX_IO_PLUGIN.so)
	Plugin found: EDL Shader (libQEDL_GL_PLUGIN.so)
	Plugin found: Facet/fracture detection (libQFACETS_PLUGIN.so)
	Plugin found: Hough Normals Computation (libQHOUGH_NORMALS_PLUGIN.so)
	Plugin found: Hidden Point Removal (libQHPR_PLUGIN.so)
	Plugin found: M3C2 Distance (libQM3C2_PLUGIN.so)
	Plugin found: PCV / ShadeVis (libQPCV_PLUGIN.so)
	Plugin found: Photoscan I/O (libQPHOTOSCAN_IO_PLUGIN.so)
	Plugin found: RANSAC Shape Detection (libQRANSAC_SD_PLUGIN.so)
	Plugin found: Surface of Revolution Analysis (libQSRA_PLUGIN.so)
	Plugin found: SSAO Shader (libQSSAO_GL_PLUGIN.so)
[Plugin] Searching: /home/zhuojiat/.local/share/CCCorp/CloudCompare/plugins
[Plugin] Searching: /apps/easybuild-2022/easybuild/software/MPI/GCC/11.3.0/OpenMPI/4.1.4/CloudCompare/2.12.4/share/CCCorp/CloudCompare/plugins
[Plugin] Searching: /apps/easybuild-2022/easybuild/software/Compiler/GCCcore/11.3.0/Eigen/3.4.0/share/CCCorp/CloudCompare/plugins
[Plugin] Searching: /apps/easybuild-2022/easybuild/software/MPI/GCC/11.3.0/OpenMPI/4.1.4/GDAL/3.5.0/share/CCCorp/CloudCompare/plugins
[Plugin] Searching: /apps/easybuild-2022/easybuild/software/Compiler/GCCcore/11.3.0/HDF/4.2.15/share/CCCorp/CloudCompare/plugins
[Plugin] Searching: /apps/easybuild-2022/easybuild/software/Compiler/GCCcore/11.3.0/libtirpc/1.3.2/share/CCCorp/CloudCompare/plugins
[Plugin] Searching: /apps/easybuild-2022/easybuild/software/Compiler/GCCcore/11.3.0/pybind11/2.9.2/share/CCCorp/CloudCompare/plugins
[Plugin] Searching: /apps/easybuild-2022/easybuild/software/Compiler/GCCcore/11.3.0/libgeotiff/1.7.1/share/CCCorp/CloudCompare/plugins
[Plugin] Searching: /apps/easybuild-2022/easybuild/software/Compiler/GCCcore/11.3.0/PROJ/9.0.0/share/CCCorp/CloudCompare/plugins
[Plugin] Searching: /apps/easybuild-2022/easybuild/software/Compiler/GCCcore/11.3.0/LibTIFF/4.3.0/share/CCCorp/CloudCompare/plugins
[Plugin] Searching: /apps/easybuild-2022/easybuild/software/MPI/GCC/11.3.0/OpenMPI/4.1.4/netCDF/4.9.0/share/CCCorp/CloudCompare/plugins
[Plugin] Searching: /apps/easybuild-2022/easybuild/software/Compiler/GCCcore/11.3.0/cURL/7.83.0/share/CCCorp/CloudCompare/plugins
[Plugin] Searching: /apps/easybuild-2022/easybuild/software/MPI/GCC/11.3.0/OpenMPI/4.1.4/HDF5/1.12.2/share/CCCorp/CloudCompare/plugins
[Plugin] Searching: /apps/easybuild-2022/easybuild/software/Compiler/GCCcore/11.3.0/Python/3.10.4/share/CCCorp/CloudCompare/plugins
[Plugin] Searching: /apps/easybuild-2022/easybuild/software/Compiler/GCCcore/11.3.0/GMP/6.2.1/share/CCCorp/CloudCompare/plugins
[Plugin] Searching: /apps/easybuild-2022/easybuild/software/Compiler/GCCcore/11.3.0/SQLite/3.38.3/share/CCCorp/CloudCompare/plugins
[Plugin] Searching: /apps/easybuild-2022/easybuild/software/Compiler/GCCcore/11.3.0/Tcl/8.6.12/share/CCCorp/CloudCompare/plugins
[Plugin] Searching: /apps/easybuild-2022/easybuild/software/Compiler/GCCcore/11.3.0/libreadline/8.1.2/share/CCCorp/CloudCompare/plugins
[Plugin] Searching: /apps/easybuild-2022/easybuild/software/Compiler/GCCcore/11.3.0/nodejs/16.15.1/share/CCCorp/CloudCompare/plugins
[Plugin] Searching: /apps/easybuild-2022/easybuild/software/Core/OpenSSL/1.1/share/CCCorp/CloudCompare/plugins
[Plugin] Searching: /apps/easybuild-2022/easybuild/software/Compiler/GCCcore/11.3.0/JasPer/2.0.33/share/CCCorp/CloudCompare/plugins
[Plugin] Searching: /apps/easybuild-2022/easybuild/software/Compiler/GCCcore/11.3.0/NSPR/4.34/share/CCCorp/CloudCompare/plugins
[Plugin] Searching: /apps/easybuild-2022/easybuild/software/Compiler/GCCcore/11.3.0/libjpeg-turbo/2.1.3/share/CCCorp/CloudCompare/plugins
[Plugin] Searching: /apps/easybuild-2022/easybuild/software/Compiler/GCCcore/11.3.0/NASM/2.15.05/share/CCCorp/CloudCompare/plugins
[Plugin] Searching: /apps/easybuild-2022/easybuild/software/Compiler/GCCcore/11.3.0/Mesa/22.0.3/share/CCCorp/CloudCompare/plugins
[Plugin] Searching: /apps/easybuild-2022/easybuild/software/Compiler/GCCcore/11.3.0/LLVM/14.0.3/share/CCCorp/CloudCompare/plugins
[Plugin] Searching: /apps/easybuild-2022/easybuild/software/Compiler/GCCcore/11.3.0/libdrm/2.4.110/share/CCCorp/CloudCompare/plugins
[Plugin] Searching: /apps/easybuild-2022/easybuild/software/Compiler/GCCcore/11.3.0/zstd/1.5.2/share/CCCorp/CloudCompare/plugins
[Plugin] Searching: /apps/easybuild-2022/easybuild/software/Compiler/GCCcore/11.3.0/lz4/1.9.3/share/CCCorp/CloudCompare/plugins
[Plugin] Searching: /apps/easybuild-2022/easybuild/software/Compiler/GCCcore/11.3.0/gzip/1.12/share/CCCorp/CloudCompare/plugins
[Plugin] Searching: /apps/easybuild-2022/easybuild/software/Compiler/GCCcore/11.3.0/DBus/1.14.0/share/CCCorp/CloudCompare/plugins
[Plugin] Searching: /apps/easybuild-2022/easybuild/software/Compiler/GCCcore/11.3.0/graphite2/1.3.14/share/CCCorp/CloudCompare/plugins
[Plugin] Searching: /apps/easybuild-2022/easybuild/software/Compiler/GCCcore/11.3.0/HarfBuzz/4.2.1/share/CCCorp/CloudCompare/plugins
[Plugin] Searching: /apps/easybuild-2022/easybuild/software/Compiler/GCCcore/11.3.0/cairo/1.17.4/share/CCCorp/CloudCompare/plugins
[Plugin] Searching: /apps/easybuild-2022/easybuild/software/Compiler/GCCcore/11.3.0/X11/20220504/share/CCCorp/CloudCompare/plugins
[Plugin] Searching: /apps/easybuild-2022/easybuild/software/Compiler/GCCcore/11.3.0/xorg-macros/1.19.3/share/CCCorp/CloudCompare/plugins
[Plugin] Searching: /apps/easybuild-2022/easybuild/software/Compiler/GCCcore/11.3.0/fontconfig/2.14.0/share/CCCorp/CloudCompare/plugins
[Plugin] Searching: /apps/easybuild-2022/easybuild/software/Compiler/GCCcore/11.3.0/expat/2.4.8/share/CCCorp/CloudCompare/plugins
[Plugin] Searching: /apps/easybuild-2022/easybuild/software/Compiler/GCCcore/11.3.0/freetype/2.12.1/share/CCCorp/CloudCompare/plugins
[Plugin] Searching: /apps/easybuild-2022/easybuild/software/Compiler/GCCcore/11.3.0/libpng/1.6.37/share/CCCorp/CloudCompare/plugins
[Plugin] Searching: /apps/easybuild-2022/easybuild/software/Compiler/GCCcore/11.3.0/PCRE2/10.40/share/CCCorp/CloudCompare/plugins
[Plugin] Searching: /apps/easybuild-2022/easybuild/software/Compiler/GCCcore/11.3.0/GLib/2.72.1/share/CCCorp/CloudCompare/plugins
[Plugin] Searching: /apps/easybuild-2022/easybuild/software/Compiler/GCCcore/11.3.0/util-linux/2.38/share/CCCorp/CloudCompare/plugins
[Plugin] Searching: /apps/easybuild-2022/easybuild/software/Compiler/GCCcore/11.3.0/PCRE/8.45/share/CCCorp/CloudCompare/plugins
[Plugin] Searching: /apps/easybuild-2022/easybuild/software/Compiler/GCCcore/11.3.0/gettext/0.21/share/CCCorp/CloudCompare/plugins
[Plugin] Searching: /apps/easybuild-2022/easybuild/software/Compiler/GCCcore/11.3.0/ncurses/6.3/share/CCCorp/CloudCompare/plugins
[Plugin] Searching: /apps/easybuild-2022/easybuild/software/Compiler/GCCcore/11.3.0/libffi/3.4.2/share/CCCorp/CloudCompare/plugins
[Plugin][Additional I/O] New file extensions registered: ICM OUT PN POLY POV PV SOI SX
[Plugin][Core I/O] New file extensions registered:  GEOREF MA OBJ OFF PDMS PTX SBF STL VTK
[Plugin][CSV Matrix I/O] New file extensions registered: CSV
[Plugin][Photoscan I/O] New file extensions registered: PSZ
Auto-save is disabled
[LOADING]
Opening file: 'NURBS_Dataset_20250831/SfS_pp/Mesh/Pot_A_Piece_01_Mesh.obj'
[OBJ] NURBS_Dataset_20250831/SfS_pp/Mesh/Pot_A_Piece_01_Mesh.obj
[OBJ] Material file: Pot_A_Piece_01_Mesh.mtl
[OBJ] Failed to load material file! (should be in '/data/gpfs/projects/punim2657/sfs_preprocessing/NURBS_Dataset_20250831/SfS_pp/Mesh/Pot_A_Piece_01_Mesh.mtl')
[OBJ::Load::MTL parser] Error reading file: Pot_A_Piece_01_Mesh.mtl
[OBJ] 100064 points, 200124 faces
[OBJ] 600372 tex. coords, 100064 normals
[OBJ] Texture coordinates were defined but no material could be loaded!
[OBJ] 1 mesh lo❌ CloudCompare sampling FAILED for piece 01
Error code: 0
=== Sampling Pot_A_Piece_02 ===
[Global Shift] Max abs. coord = 1e+04 / max abs. diag = 1e+06
[ccColorScalesManager] Found 0 custom scale(s) in persistent settings
[Plugin] Searching: /apps/easybuild-2022/easybuild/software/MPI/GCC/11.3.0/OpenMPI/4.1.4/CloudCompare/2.12.4/lib/cloudcompare/plugins
	Plugin found: Additional I/O (libQADDITIONAL_IO_PLUGIN.so)
	Plugin found: CEA Virtual Broom (libQBROOM_PLUGIN.so)
	Plugin found: Compass (libQCOMPASS_PLUGIN.so)
	Plugin found: Core I/O (libQCORE_IO_PLUGIN.so)
	Plugin found: CSF Filter (libQCSF_PLUGIN.so)
	Plugin found: CSV Matrix I/O (libQCSV_MATRIX_IO_PLUGIN.so)
	Plugin found: EDL Shader (libQEDL_GL_PLUGIN.so)
	Plugin found: Facet/fracture detection (libQFACETS_PLUGIN.so)
	Plugin found: Hough Normals Computation (libQHOUGH_NORMALS_PLUGIN.so)
	Plugin found: Hidden Point Removal (libQHPR_PLUGIN.so)
	Plugin found: M3C2 Distance (libQM3C2_PLUGIN.so)
	Plugin found: PCV / ShadeVis (libQPCV_PLUGIN.so)
	Plugin found: Photoscan I/O (libQPHOTOSCAN_IO_PLUGIN.so)
	Plugin found: RANSAC Shape Detection (libQRANSAC_SD_PLUGIN.so)
	Plugin found: Surface of Revolution Analysis (libQSRA_PLUGIN.so)
	Plugin found: SSAO Shader (libQSSAO_GL_PLUGIN.so)
[Plugin] Searching: /home/zhuojiat/.local/share/CCCorp/CloudCompare/plugins
[Plugin] Searching: /apps/easybuild-2022/easybuild/software/MPI/GCC/11.3.0/OpenMPI/4.1.4/CloudCompare/2.12.4/share/CCCorp/CloudCompare/plugins
[Plugin] Searching: /apps/easybuild-2022/easybuild/software/Compiler/GCCcore/11.3.0/Eigen/3.4.0/share/CCCorp/CloudCompare/plugins
[Plugin] Searching: /apps/easybuild-2022/easybuild/software/MPI/GCC/11.3.0/OpenMPI/4.1.4/GDAL/3.5.0/share/CCCorp/CloudCompare/plugins
[Plugin] Searching: /apps/easybuild-2022/easybuild/software/Compiler/GCCcore/11.3.0/HDF/4.2.15/share/CCCorp/CloudCompare/plugins
[Plugin] Searching: /apps/easybuild-2022/easybuild/software/Compiler/GCCcore/11.3.0/libtirpc/1.3.2/share/CCCorp/CloudCompare/plugins
[Plugin] Searching: /apps/easybuild-2022/easybuild/software/Compiler/GCCcore/11.3.0/pybind11/2.9.2/share/CCCorp/CloudCompare/plugins
[Plugin] Searching: /apps/easybuild-2022/easybuild/software/Compiler/GCCcore/11.3.0/libgeotiff/1.7.1/share/CCCorp/CloudCompare/plugins
[Plugin] Searching: /apps/easybuild-2022/easybuild/software/Compiler/GCCcore/11.3.0/PROJ/9.0.0/share/CCCorp/CloudCompare/plugins
[Plugin] Searching: /apps/easybuild-2022/easybuild/software/Compiler/GCCcore/11.3.0/LibTIFF/4.3.0/share/CCCorp/CloudCompare/plugins
[Plugin] Searching: /apps/easybuild-2022/easybuild/software/MPI/GCC/11.3.0/OpenMPI/4.1.4/netCDF/4.9.0/share/CCCorp/CloudCompare/plugins
[Plugin] Searching: /apps/easybuild-2022/easybuild/software/Compiler/GCCcore/11.3.0/cURL/7.83.0/share/CCCorp/CloudCompare/plugins
[Plugin] Searching: /apps/easybuild-2022/easybuild/software/MPI/GCC/11.3.0/OpenMPI/4.1.4/HDF5/1.12.2/share/CCCorp/CloudCompare/plugins
[Plugin] Searching: /apps/easybuild-2022/easybuild/software/Compiler/GCCcore/11.3.0/Python/3.10.4/share/CCCorp/CloudCompare/plugins
[Plugin] Searching: /apps/easybuild-2022/easybuild/software/Compiler/GCCcore/11.3.0/GMP/6.2.1/share/CCCorp/CloudCompare/plugins
[Plugin] Searching: /apps/easybuild-2022/easybuild/software/Compiler/GCCcore/11.3.0/SQLite/3.38.3/share/CCCorp/CloudCompare/plugins
[Plugin] Searching: /apps/easybuild-2022/easybuild/software/Compiler/GCCcore/11.3.0/Tcl/8.6.12/share/CCCorp/CloudCompare/plugins
[Plugin] Searching: /apps/easybuild-2022/easybuild/software/Compiler/GCCcore/11.3.0/libreadline/8.1.2/share/CCCorp/CloudCompare/plugins
[Plugin] Searching: /apps/easybuild-2022/easybuild/software/Compiler/GCCcore/11.3.0/nodejs/16.15.1/share/CCCorp/CloudCompare/plugins
[Plugin] Searching: /apps/easybuild-2022/easybuild/software/Core/OpenSSL/1.1/share/CCCorp/CloudCompare/plugins
[Plugin] Searching: /apps/easybuild-2022/easybuild/software/Compiler/GCCcore/11.3.0/JasPer/2.0.33/share/CCCorp/CloudCompare/plugins
[Plugin] Searching: /apps/easybuild-2022/easybuild/software/Compiler/GCCcore/11.3.0/NSPR/4.34/share/CCCorp/CloudCompare/plugins
[Plugin] Searching: /apps/easybuild-2022/easybuild/software/Compiler/GCCcore/11.3.0/libjpeg-turbo/2.1.3/share/CCCorp/CloudCompare/plugins
[Plugin] Searching: /apps/easybuild-2022/easybuild/software/Compiler/GCCcore/11.3.0/NASM/2.15.05/share/CCCorp/CloudCompare/plugins
[Plugin] Searching: /apps/easybuild-2022/easybuild/software/Compiler/GCCcore/11.3.0/Mesa/22.0.3/share/CCCorp/CloudCompare/plugins
[Plugin] Searching: /apps/easybuild-2022/easybuild/software/Compiler/GCCcore/11.3.0/LLVM/14.0.3/share/CCCorp/CloudCompare/plugins
[Plugin] Searching: /apps/easybuild-2022/easybuild/software/Compiler/GCCcore/11.3.0/libdrm/2.4.110/share/CCCorp/CloudCompare/plugins
[Plugin] Searching: /apps/easybuild-2022/easybuild/software/Compiler/GCCcore/11.3.0/zstd/1.5.2/share/CCCorp/CloudCompare/plugins
[Plugin] Searching: /apps/easybuild-2022/easybuild/software/Compiler/GCCcore/11.3.0/lz4/1.9.3/share/CCCorp/CloudCompare/plugins
[Plugin] Searching: /apps/easybuild-2022/easybuild/software/Compiler/GCCcore/11.3.0/gzip/1.12/share/CCCorp/CloudCompare/plugins
[Plugin] Searching: /apps/easybuild-2022/easybuild/software/Compiler/GCCcore/11.3.0/DBus/1.14.0/share/CCCorp/CloudCompare/plugins
[Plugin] Searching: /apps/easybuild-2022/easybuild/software/Compiler/GCCcore/11.3.0/graphite2/1.3.14/share/CCCorp/CloudCompare/plugins
[Plugin] Searching: /apps/easybuild-2022/easybuild/software/Compiler/GCCcore/11.3.0/HarfBuzz/4.2.1/share/CCCorp/CloudCompare/plugins
[Plugin] Searching: /apps/easybuild-2022/easybuild/software/Compiler/GCCcore/11.3.0/cairo/1.17.4/share/CCCorp/CloudCompare/plugins
[Plugin] Searching: /apps/easybuild-2022/easybuild/software/Compiler/GCCcore/11.3.0/X11/20220504/share/CCCorp/CloudCompare/plugins
[Plugin] Searching: /apps/easybuild-2022/easybuild/software/Compiler/GCCcore/11.3.0/xorg-macros/1.19.3/share/CCCorp/CloudCompare/plugins
[Plugin] Searching: /apps/easybuild-2022/easybuild/software/Compiler/GCCcore/11.3.0/fontconfig/2.14.0/share/CCCorp/CloudCompare/plugins
[Plugin] Searching: /apps/easybuild-2022/easybuild/software/Compiler/GCCcore/11.3.0/expat/2.4.8/share/CCCorp/CloudCompare/plugins
[Plugin] Searching: /apps/easybuild-2022/easybuild/software/Compiler/GCCcore/11.3.0/freetype/2.12.1/share/CCCorp/CloudCompare/plugins
[Plugin] Searching: /apps/easybuild-2022/easybuild/software/Compiler/GCCcore/11.3.0/libpng/1.6.37/share/CCCorp/CloudCompare/plugins
[Plugin] Searching: /apps/easybuild-2022/easybuild/software/Compiler/GCCcore/11.3.0/PCRE2/10.40/share/CCCorp/CloudCompare/plugins
[Plugin] Searching: /apps/easybuild-2022/easybuild/software/Compiler/GCCcore/11.3.0/GLib/2.72.1/share/CCCorp/CloudCompare/plugins
[Plugin] Searching: /apps/easybuild-2022/easybuild/software/Compiler/GCCcore/11.3.0/util-linux/2.38/share/CCCorp/CloudCompare/plugins
[Plugin] Searching: /apps/easybuild-2022/easybuild/software/Compiler/GCCcore/11.3.0/PCRE/8.45/share/CCCorp/CloudCompare/plugins
[Plugin] Searching: /apps/easybuild-2022/easybuild/software/Compiler/GCCcore/11.3.0/gettext/0.21/share/CCCorp/CloudCompare/plugins
[Plugin] Searching: /apps/easybuild-2022/easybuild/software/Compiler/GCCcore/11.3.0/ncurses/6.3/share/CCCorp/CloudCompare/plugins
[Plugin] Searching: /apps/easybuild-2022/easybuild/software/Compiler/GCCcore/11.3.0/libffi/3.4.2/share/CCCorp/CloudCompare/plugins
[Plugin][Additional I/O] New file extensions registered: ICM OUT PN POLY POV PV SOI SX
[Plugin][Core I/O] New file extensions registered:  GEOREF MA OBJ OFF PDMS PTX SBF STL VTK
[Plugin][CSV Matrix I/O] New file extensions registered: CSV
[Plugin][Photoscan I/O] New file extensions registered: PSZ
Auto-save is disabled
[LOADING]
Opening file: 'NURBS_Dataset_20250831/SfS_pp/Mesh/Pot_A_Piece_02_Mesh.obj'
[OBJ] NURBS_Dataset_20250831/SfS_pp/Mesh/Pot_A_Piece_02_Mesh.obj
[OBJ] Material file: Pot_A_Piece_02_Mesh.mtl
[OBJ] Failed to load material file! (should be in '/data/gpfs/projects/punim2657/sfs_preprocessing/NURBS_Dataset_20250831/SfS_pp/Mesh/Pot_A_Piece_02_Mesh.mtl')
[OBJ::Load::MTL parser] Error reading file: Pot_A_Piece_02_Mesh.mtl
[OBJ] 55814 points, 111434 faces
[OBJ] 334302 tex. coords, 55814 normals
[OBJ] Texture coordinates were defined but no material could be loaded!
[OBJ] 1 mesh load❌ CloudCompare sampling FAILED for piece 02
Error code: 0
=== Sampling Pot_A_Piece_03 ===
[Global Shift] Max abs. coord = 1e+04 / max abs. diag = 1e+06
[ccColorScalesManager] Found 0 custom scale(s) in persistent settings
[Plugin] Searching: /apps/easybuild-2022/easybuild/software/MPI/GCC/11.3.0/OpenMPI/4.1.4/CloudCompare/2.12.4/lib/cloudcompare/plugins
	Plugin found: Additional I/O (libQADDITIONAL_IO_PLUGIN.so)
	Plugin found: CEA Virtual Broom (libQBROOM_PLUGIN.so)
	Plugin found: Compass (libQCOMPASS_PLUGIN.so)
	Plugin found: Core I/O (libQCORE_IO_PLUGIN.so)
	Plugin found: CSF Filter (libQCSF_PLUGIN.so)
	Plugin found: CSV Matrix I/O (libQCSV_MATRIX_IO_PLUGIN.so)
	Plugin found: EDL Shader (libQEDL_GL_PLUGIN.so)
	Plugin found: Facet/fracture detection (libQFACETS_PLUGIN.so)
	Plugin found: Hough Normals Computation (libQHOUGH_NORMALS_PLUGIN.so)
	Plugin found: Hidden Point Removal (libQHPR_PLUGIN.so)
	Plugin found: M3C2 Distance (libQM3C2_PLUGIN.so)
	Plugin found: PCV / ShadeVis (libQPCV_PLUGIN.so)
	Plugin found: Photoscan I/O (libQPHOTOSCAN_IO_PLUGIN.so)
	Plugin found: RANSAC Shape Detection (libQRANSAC_SD_PLUGIN.so)
	Plugin found: Surface of Revolution Analysis (libQSRA_PLUGIN.so)
	Plugin found: SSAO Shader (libQSSAO_GL_PLUGIN.so)
[Plugin] Searching: /home/zhuojiat/.local/share/CCCorp/CloudCompare/plugins
[Plugin] Searching: /apps/easybuild-2022/easybuild/software/MPI/GCC/11.3.0/OpenMPI/4.1.4/CloudCompare/2.12.4/share/CCCorp/CloudCompare/plugins
[Plugin] Searching: /apps/easybuild-2022/easybuild/software/Compiler/GCCcore/11.3.0/Eigen/3.4.0/share/CCCorp/CloudCompare/plugins
[Plugin] Searching: /apps/easybuild-2022/easybuild/software/MPI/GCC/11.3.0/OpenMPI/4.1.4/GDAL/3.5.0/share/CCCorp/CloudCompare/plugins
[Plugin] Searching: /apps/easybuild-2022/easybuild/software/Compiler/GCCcore/11.3.0/HDF/4.2.15/share/CCCorp/CloudCompare/plugins
[Plugin] Searching: /apps/easybuild-2022/easybuild/software/Compiler/GCCcore/11.3.0/libtirpc/1.3.2/share/CCCorp/CloudCompare/plugins
[Plugin] Searching: /apps/easybuild-2022/easybuild/software/Compiler/GCCcore/11.3.0/pybind11/2.9.2/share/CCCorp/CloudCompare/plugins
[Plugin] Searching: /apps/easybuild-2022/easybuild/software/Compiler/GCCcore/11.3.0/libgeotiff/1.7.1/share/CCCorp/CloudCompare/plugins
[Plugin] Searching: /apps/easybuild-2022/easybuild/software/Compiler/GCCcore/11.3.0/PROJ/9.0.0/share/CCCorp/CloudCompare/plugins
[Plugin] Searching: /apps/easybuild-2022/easybuild/software/Compiler/GCCcore/11.3.0/LibTIFF/4.3.0/share/CCCorp/CloudCompare/plugins
[Plugin] Searching: /apps/easybuild-2022/easybuild/software/MPI/GCC/11.3.0/OpenMPI/4.1.4/netCDF/4.9.0/share/CCCorp/CloudCompare/plugins
[Plugin] Searching: /apps/easybuild-2022/easybuild/software/Compiler/GCCcore/11.3.0/cURL/7.83.0/share/CCCorp/CloudCompare/plugins
[Plugin] Searching: /apps/easybuild-2022/easybuild/software/MPI/GCC/11.3.0/OpenMPI/4.1.4/HDF5/1.12.2/share/CCCorp/CloudCompare/plugins
[Plugin] Searching: /apps/easybuild-2022/easybuild/software/Compiler/GCCcore/11.3.0/Python/3.10.4/share/CCCorp/CloudCompare/plugins
[Plugin] Searching: /apps/easybuild-2022/easybuild/software/Compiler/GCCcore/11.3.0/GMP/6.2.1/share/CCCorp/CloudCompare/plugins
[Plugin] Searching: /apps/easybuild-2022/easybuild/software/Compiler/GCCcore/11.3.0/SQLite/3.38.3/share/CCCorp/CloudCompare/plugins
[Plugin] Searching: /apps/easybuild-2022/easybuild/software/Compiler/GCCcore/11.3.0/Tcl/8.6.12/share/CCCorp/CloudCompare/plugins
[Plugin] Searching: /apps/easybuild-2022/easybuild/software/Compiler/GCCcore/11.3.0/libreadline/8.1.2/share/CCCorp/CloudCompare/plugins
[Plugin] Searching: /apps/easybuild-2022/easybuild/software/Compiler/GCCcore/11.3.0/nodejs/16.15.1/share/CCCorp/CloudCompare/plugins
[Plugin] Searching: /apps/easybuild-2022/easybuild/software/Core/OpenSSL/1.1/share/CCCorp/CloudCompare/plugins
[Plugin] Searching: /apps/easybuild-2022/easybuild/software/Compiler/GCCcore/11.3.0/JasPer/2.0.33/share/CCCorp/CloudCompare/plugins
[Plugin] Searching: /apps/easybuild-2022/easybuild/software/Compiler/GCCcore/11.3.0/NSPR/4.34/share/CCCorp/CloudCompare/plugins
[Plugin] Searching: /apps/easybuild-2022/easybuild/software/Compiler/GCCcore/11.3.0/libjpeg-turbo/2.1.3/share/CCCorp/CloudCompare/plugins
[Plugin] Searching: /apps/easybuild-2022/easybuild/software/Compiler/GCCcore/11.3.0/NASM/2.15.05/share/CCCorp/CloudCompare/plugins
[Plugin] Searching: /apps/easybuild-2022/easybuild/software/Compiler/GCCcore/11.3.0/Mesa/22.0.3/share/CCCorp/CloudCompare/plugins
[Plugin] Searching: /apps/easybuild-2022/easybuild/software/Compiler/GCCcore/11.3.0/LLVM/14.0.3/share/CCCorp/CloudCompare/plugins
[Plugin] Searching: /apps/easybuild-2022/easybuild/software/Compiler/GCCcore/11.3.0/libdrm/2.4.110/share/CCCorp/CloudCompare/plugins
[Plugin] Searching: /apps/easybuild-2022/easybuild/software/Compiler/GCCcore/11.3.0/zstd/1.5.2/share/CCCorp/CloudCompare/plugins
[Plugin] Searching: /apps/easybuild-2022/easybuild/software/Compiler/GCCcore/11.3.0/lz4/1.9.3/share/CCCorp/CloudCompare/plugins
[Plugin] Searching: /apps/easybuild-2022/easybuild/software/Compiler/GCCcore/11.3.0/gzip/1.12/share/CCCorp/CloudCompare/plugins
[Plugin] Searching: /apps/easybuild-2022/easybuild/software/Compiler/GCCcore/11.3.0/DBus/1.14.0/share/CCCorp/CloudCompare/plugins
[Plugin] Searching: /apps/easybuild-2022/easybuild/software/Compiler/GCCcore/11.3.0/graphite2/1.3.14/share/CCCorp/CloudCompare/plugins
[Plugin] Searching: /apps/easybuild-2022/easybuild/software/Compiler/GCCcore/11.3.0/HarfBuzz/4.2.1/share/CCCorp/CloudCompare/plugins
[Plugin] Searching: /apps/easybuild-2022/easybuild/software/Compiler/GCCcore/11.3.0/cairo/1.17.4/share/CCCorp/CloudCompare/plugins
[Plugin] Searching: /apps/easybuild-2022/easybuild/software/Compiler/GCCcore/11.3.0/X11/20220504/share/CCCorp/CloudCompare/plugins
[Plugin] Searching: /apps/easybuild-2022/easybuild/software/Compiler/GCCcore/11.3.0/xorg-macros/1.19.3/share/CCCorp/CloudCompare/plugins
[Plugin] Searching: /apps/easybuild-2022/easybuild/software/Compiler/GCCcore/11.3.0/fontconfig/2.14.0/share/CCCorp/CloudCompare/plugins
[Plugin] Searching: /apps/easybuild-2022/easybuild/software/Compiler/GCCcore/11.3.0/expat/2.4.8/share/CCCorp/CloudCompare/plugins
[Plugin] Searching: /apps/easybuild-2022/easybuild/software/Compiler/GCCcore/11.3.0/freetype/2.12.1/share/CCCorp/CloudCompare/plugins
[Plugin] Searching: /apps/easybuild-2022/easybuild/software/Compiler/GCCcore/11.3.0/libpng/1.6.37/share/CCCorp/CloudCompare/plugins
[Plugin] Searching: /apps/easybuild-2022/easybuild/software/Compiler/GCCcore/11.3.0/PCRE2/10.40/share/CCCorp/CloudCompare/plugins
[Plugin] Searching: /apps/easybuild-2022/easybuild/software/Compiler/GCCcore/11.3.0/GLib/2.72.1/share/CCCorp/CloudCompare/plugins
[Plugin] Searching: /apps/easybuild-2022/easybuild/software/Compiler/GCCcore/11.3.0/util-linux/2.38/share/CCCorp/CloudCompare/plugins
[Plugin] Searching: /apps/easybuild-2022/easybuild/software/Compiler/GCCcore/11.3.0/PCRE/8.45/share/CCCorp/CloudCompare/plugins
[Plugin] Searching: /apps/easybuild-2022/easybuild/software/Compiler/GCCcore/11.3.0/gettext/0.21/share/CCCorp/CloudCompare/plugins
[Plugin] Searching: /apps/easybuild-2022/easybuild/software/Compiler/GCCcore/11.3.0/ncurses/6.3/share/CCCorp/CloudCompare/plugins
[Plugin] Searching: /apps/easybuild-2022/easybuild/software/Compiler/GCCcore/11.3.0/libffi/3.4.2/share/CCCorp/CloudCompare/plugins
[Plugin][Additional I/O] New file extensions registered: ICM OUT PN POLY POV PV SOI SX
[Plugin][Core I/O] New file extensions registered:  GEOREF MA OBJ OFF PDMS PTX SBF STL VTK
[Plugin][CSV Matrix I/O] New file extensions registered: CSV
[Plugin][Photoscan I/O] New file extensions registered: PSZ
Auto-save is disabled
[LOADING]
Opening file: 'NURBS_Dataset_20250831/SfS_pp/Mesh/Pot_A_Piece_03_Mesh.obj'
[OBJ] NURBS_Dataset_20250831/SfS_pp/Mesh/Pot_A_Piece_03_Mesh.obj
[OBJ] Material file: 18-0702-03-03.mtl
[OBJ] Failed to load material file! (should be in '/data/gpfs/projects/punim2657/sfs_preprocessing/NURBS_Dataset_20250831/SfS_pp/Mesh/18-0702-03-03.mtl')
[OBJ::Load::MTL parser] Error reading file: 18-0702-03-03.mtl
[OBJ] 41197 points, 82255 faces
[OBJ] 246765 tex. coords, 41197 normals
[OBJ] Texture coordinates were defined but no material could be loaded!
[OBJ] 1 mesh loaded - 1 group(s)
[I/❌ CloudCompare sampling FAILED for piece 03
Error code: 0
=== Sampling Pot_A_Piece_04 ===
[Global Shift] Max abs. coord = 1e+04 / max abs. diag = 1e+06
[ccColorScalesManager] Found 0 custom scale(s) in persistent settings
[Plugin] Searching: /apps/easybuild-2022/easybuild/software/MPI/GCC/11.3.0/OpenMPI/4.1.4/CloudCompare/2.12.4/lib/cloudcompare/plugins
	Plugin found: Additional I/O (libQADDITIONAL_IO_PLUGIN.so)
	Plugin found: CEA Virtual Broom (libQBROOM_PLUGIN.so)
	Plugin found: Compass (libQCOMPASS_PLUGIN.so)
	Plugin found: Core I/O (libQCORE_IO_PLUGIN.so)
	Plugin found: CSF Filter (libQCSF_PLUGIN.so)
	Plugin found: CSV Matrix I/O (libQCSV_MATRIX_IO_PLUGIN.so)
	Plugin found: EDL Shader (libQEDL_GL_PLUGIN.so)
	Plugin found: Facet/fracture detection (libQFACETS_PLUGIN.so)
	Plugin found: Hough Normals Computation (libQHOUGH_NORMALS_PLUGIN.so)
	Plugin found: Hidden Point Removal (libQHPR_PLUGIN.so)
	Plugin found: M3C2 Distance (libQM3C2_PLUGIN.so)
	Plugin found: PCV / ShadeVis (libQPCV_PLUGIN.so)
	Plugin found: Photoscan I/O (libQPHOTOSCAN_IO_PLUGIN.so)
	Plugin found: RANSAC Shape Detection (libQRANSAC_SD_PLUGIN.so)
	Plugin found: Surface of Revolution Analysis (libQSRA_PLUGIN.so)
	Plugin found: SSAO Shader (libQSSAO_GL_PLUGIN.so)
[Plugin] Searching: /home/zhuojiat/.local/share/CCCorp/CloudCompare/plugins
[Plugin] Searching: /apps/easybuild-2022/easybuild/software/MPI/GCC/11.3.0/OpenMPI/4.1.4/CloudCompare/2.12.4/share/CCCorp/CloudCompare/plugins
[Plugin] Searching: /apps/easybuild-2022/easybuild/software/Compiler/GCCcore/11.3.0/Eigen/3.4.0/share/CCCorp/CloudCompare/plugins
[Plugin] Searching: /apps/easybuild-2022/easybuild/software/MPI/GCC/11.3.0/OpenMPI/4.1.4/GDAL/3.5.0/share/CCCorp/CloudCompare/plugins
[Plugin] Searching: /apps/easybuild-2022/easybuild/software/Compiler/GCCcore/11.3.0/HDF/4.2.15/share/CCCorp/CloudCompare/plugins
[Plugin] Searching: /apps/easybuild-2022/easybuild/software/Compiler/GCCcore/11.3.0/libtirpc/1.3.2/share/CCCorp/CloudCompare/plugins
[Plugin] Searching: /apps/easybuild-2022/easybuild/software/Compiler/GCCcore/11.3.0/pybind11/2.9.2/share/CCCorp/CloudCompare/plugins
[Plugin] Searching: /apps/easybuild-2022/easybuild/software/Compiler/GCCcore/11.3.0/libgeotiff/1.7.1/share/CCCorp/CloudCompare/plugins
[Plugin] Searching: /apps/easybuild-2022/easybuild/software/Compiler/GCCcore/11.3.0/PROJ/9.0.0/share/CCCorp/CloudCompare/plugins
[Plugin] Searching: /apps/easybuild-2022/easybuild/software/Compiler/GCCcore/11.3.0/LibTIFF/4.3.0/share/CCCorp/CloudCompare/plugins
[Plugin] Searching: /apps/easybuild-2022/easybuild/software/MPI/GCC/11.3.0/OpenMPI/4.1.4/netCDF/4.9.0/share/CCCorp/CloudCompare/plugins
[Plugin] Searching: /apps/easybuild-2022/easybuild/software/Compiler/GCCcore/11.3.0/cURL/7.83.0/share/CCCorp/CloudCompare/plugins
[Plugin] Searching: /apps/easybuild-2022/easybuild/software/MPI/GCC/11.3.0/OpenMPI/4.1.4/HDF5/1.12.2/share/CCCorp/CloudCompare/plugins
[Plugin] Searching: /apps/easybuild-2022/easybuild/software/Compiler/GCCcore/11.3.0/Python/3.10.4/share/CCCorp/CloudCompare/plugins
[Plugin] Searching: /apps/easybuild-2022/easybuild/software/Compiler/GCCcore/11.3.0/GMP/6.2.1/share/CCCorp/CloudCompare/plugins
[Plugin] Searching: /apps/easybuild-2022/easybuild/software/Compiler/GCCcore/11.3.0/SQLite/3.38.3/share/CCCorp/CloudCompare/plugins
[Plugin] Searching: /apps/easybuild-2022/easybuild/software/Compiler/GCCcore/11.3.0/Tcl/8.6.12/share/CCCorp/CloudCompare/plugins
[Plugin] Searching: /apps/easybuild-2022/easybuild/software/Compiler/GCCcore/11.3.0/libreadline/8.1.2/share/CCCorp/CloudCompare/plugins
[Plugin] Searching: /apps/easybuild-2022/easybuild/software/Compiler/GCCcore/11.3.0/nodejs/16.15.1/share/CCCorp/CloudCompare/plugins
[Plugin] Searching: /apps/easybuild-2022/easybuild/software/Core/OpenSSL/1.1/share/CCCorp/CloudCompare/plugins
[Plugin] Searching: /apps/easybuild-2022/easybuild/software/Compiler/GCCcore/11.3.0/JasPer/2.0.33/share/CCCorp/CloudCompare/plugins
[Plugin] Searching: /apps/easybuild-2022/easybuild/software/Compiler/GCCcore/11.3.0/NSPR/4.34/share/CCCorp/CloudCompare/plugins
[Plugin] Searching: /apps/easybuild-2022/easybuild/software/Compiler/GCCcore/11.3.0/libjpeg-turbo/2.1.3/share/CCCorp/CloudCompare/plugins
[Plugin] Searching: /apps/easybuild-2022/easybuild/software/Compiler/GCCcore/11.3.0/NASM/2.15.05/share/CCCorp/CloudCompare/plugins
[Plugin] Searching: /apps/easybuild-2022/easybuild/software/Compiler/GCCcore/11.3.0/Mesa/22.0.3/share/CCCorp/CloudCompare/plugins
[Plugin] Searching: /apps/easybuild-2022/easybuild/software/Compiler/GCCcore/11.3.0/LLVM/14.0.3/share/CCCorp/CloudCompare/plugins
[Plugin] Searching: /apps/easybuild-2022/easybuild/software/Compiler/GCCcore/11.3.0/libdrm/2.4.110/share/CCCorp/CloudCompare/plugins
[Plugin] Searching: /apps/easybuild-2022/easybuild/software/Compiler/GCCcore/11.3.0/zstd/1.5.2/share/CCCorp/CloudCompare/plugins
[Plugin] Searching: /apps/easybuild-2022/easybuild/software/Compiler/GCCcore/11.3.0/lz4/1.9.3/share/CCCorp/CloudCompare/plugins
[Plugin] Searching: /apps/easybuild-2022/easybuild/software/Compiler/GCCcore/11.3.0/gzip/1.12/share/CCCorp/CloudCompare/plugins
[Plugin] Searching: /apps/easybuild-2022/easybuild/software/Compiler/GCCcore/11.3.0/DBus/1.14.0/share/CCCorp/CloudCompare/plugins
[Plugin] Searching: /apps/easybuild-2022/easybuild/software/Compiler/GCCcore/11.3.0/graphite2/1.3.14/share/CCCorp/CloudCompare/plugins
[Plugin] Searching: /apps/easybuild-2022/easybuild/software/Compiler/GCCcore/11.3.0/HarfBuzz/4.2.1/share/CCCorp/CloudCompare/plugins
[Plugin] Searching: /apps/easybuild-2022/easybuild/software/Compiler/GCCcore/11.3.0/cairo/1.17.4/share/CCCorp/CloudCompare/plugins
[Plugin] Searching: /apps/easybuild-2022/easybuild/software/Compiler/GCCcore/11.3.0/X11/20220504/share/CCCorp/CloudCompare/plugins
[Plugin] Searching: /apps/easybuild-2022/easybuild/software/Compiler/GCCcore/11.3.0/xorg-macros/1.19.3/share/CCCorp/CloudCompare/plugins
[Plugin] Searching: /apps/easybuild-2022/easybuild/software/Compiler/GCCcore/11.3.0/fontconfig/2.14.0/share/CCCorp/CloudCompare/plugins
[Plugin] Searching: /apps/easybuild-2022/easybuild/software/Compiler/GCCcore/11.3.0/expat/2.4.8/share/CCCorp/CloudCompare/plugins
[Plugin] Searching: /apps/easybuild-2022/easybuild/software/Compiler/GCCcore/11.3.0/freetype/2.12.1/share/CCCorp/CloudCompare/plugins
[Plugin] Searching: /apps/easybuild-2022/easybuild/software/Compiler/GCCcore/11.3.0/libpng/1.6.37/share/CCCorp/CloudCompare/plugins
[Plugin] Searching: /apps/easybuild-2022/easybuild/software/Compiler/GCCcore/11.3.0/PCRE2/10.40/share/CCCorp/CloudCompare/plugins
[Plugin] Searching: /apps/easybuild-2022/easybuild/software/Compiler/GCCcore/11.3.0/GLib/2.72.1/share/CCCorp/CloudCompare/plugins
[Plugin] Searching: /apps/easybuild-2022/easybuild/software/Compiler/GCCcore/11.3.0/util-linux/2.38/share/CCCorp/CloudCompare/plugins
[Plugin] Searching: /apps/easybuild-2022/easybuild/software/Compiler/GCCcore/11.3.0/PCRE/8.45/share/CCCorp/CloudCompare/plugins
[Plugin] Searching: /apps/easybuild-2022/easybuild/software/Compiler/GCCcore/11.3.0/gettext/0.21/share/CCCorp/CloudCompare/plugins
[Plugin] Searching: /apps/easybuild-2022/easybuild/software/Compiler/GCCcore/11.3.0/ncurses/6.3/share/CCCorp/CloudCompare/plugins
[Plugin] Searching: /apps/easybuild-2022/easybuild/software/Compiler/GCCcore/11.3.0/libffi/3.4.2/share/CCCorp/CloudCompare/plugins
[Plugin][Additional I/O] New file extensions registered: ICM OUT PN POLY POV PV SOI SX
[Plugin][Core I/O] New file extensions registered:  GEOREF MA OBJ OFF PDMS PTX SBF STL VTK
[Plugin][CSV Matrix I/O] New file extensions registered: CSV
[Plugin][Photoscan I/O] New file extensions registered: PSZ
Auto-save is disabled
[LOADING]
Opening file: 'NURBS_Dataset_20250831/SfS_pp/Mesh/Pot_A_Piece_04_Mesh.obj'
[OBJ] NURBS_Dataset_20250831/SfS_pp/Mesh/Pot_A_Piece_04_Mesh.obj
[OBJ] Material file: 18-0702-03-04.mtl
[OBJ] Failed to load material file! (should be in '/data/gpfs/projects/punim2657/sfs_preprocessing/NURBS_Dataset_20250831/SfS_pp/Mesh/18-0702-03-04.mtl')
[OBJ::Load::MTL parser] Error reading file: 18-0702-03-04.mtl
[OBJ] 33475 points, 66940 faces
[OBJ] 200820 tex. coords, 33475 normals
[OBJ] Texture coordinates were defined but no material could be loaded!
[OBJ] 1 mesh loaded - 1 group(s)
[I/❌ CloudCompare sampling FAILED for piece 04
Error code: 0
=== Sampling Pot_A_Piece_05 ===
[Global Shift] Max abs. coord = 1e+04 / max abs. diag = 1e+06
[ccColorScalesManager] Found 0 custom scale(s) in persistent settings
[Plugin] Searching: /apps/easybuild-2022/easybuild/software/MPI/GCC/11.3.0/OpenMPI/4.1.4/CloudCompare/2.12.4/lib/cloudcompare/plugins
	Plugin found: Additional I/O (libQADDITIONAL_IO_PLUGIN.so)
	Plugin found: CEA Virtual Broom (libQBROOM_PLUGIN.so)
	Plugin found: Compass (libQCOMPASS_PLUGIN.so)
	Plugin found: Core I/O (libQCORE_IO_PLUGIN.so)
	Plugin found: CSF Filter (libQCSF_PLUGIN.so)
	Plugin found: CSV Matrix I/O (libQCSV_MATRIX_IO_PLUGIN.so)
	Plugin found: EDL Shader (libQEDL_GL_PLUGIN.so)
	Plugin found: Facet/fracture detection (libQFACETS_PLUGIN.so)
	Plugin found: Hough Normals Computation (libQHOUGH_NORMALS_PLUGIN.so)
	Plugin found: Hidden Point Removal (libQHPR_PLUGIN.so)
	Plugin found: M3C2 Distance (libQM3C2_PLUGIN.so)
	Plugin found: PCV / ShadeVis (libQPCV_PLUGIN.so)
	Plugin found: Photoscan I/O (libQPHOTOSCAN_IO_PLUGIN.so)
	Plugin found: RANSAC Shape Detection (libQRANSAC_SD_PLUGIN.so)
	Plugin found: Surface of Revolution Analysis (libQSRA_PLUGIN.so)
	Plugin found: SSAO Shader (libQSSAO_GL_PLUGIN.so)
[Plugin] Searching: /home/zhuojiat/.local/share/CCCorp/CloudCompare/plugins
[Plugin] Searching: /apps/easybuild-2022/easybuild/software/MPI/GCC/11.3.0/OpenMPI/4.1.4/CloudCompare/2.12.4/share/CCCorp/CloudCompare/plugins
[Plugin] Searching: /apps/easybuild-2022/easybuild/software/Compiler/GCCcore/11.3.0/Eigen/3.4.0/share/CCCorp/CloudCompare/plugins
[Plugin] Searching: /apps/easybuild-2022/easybuild/software/MPI/GCC/11.3.0/OpenMPI/4.1.4/GDAL/3.5.0/share/CCCorp/CloudCompare/plugins
[Plugin] Searching: /apps/easybuild-2022/easybuild/software/Compiler/GCCcore/11.3.0/HDF/4.2.15/share/CCCorp/CloudCompare/plugins
[Plugin] Searching: /apps/easybuild-2022/easybuild/software/Compiler/GCCcore/11.3.0/libtirpc/1.3.2/share/CCCorp/CloudCompare/plugins
[Plugin] Searching: /apps/easybuild-2022/easybuild/software/Compiler/GCCcore/11.3.0/pybind11/2.9.2/share/CCCorp/CloudCompare/plugins
[Plugin] Searching: /apps/easybuild-2022/easybuild/software/Compiler/GCCcore/11.3.0/libgeotiff/1.7.1/share/CCCorp/CloudCompare/plugins
[Plugin] Searching: /apps/easybuild-2022/easybuild/software/Compiler/GCCcore/11.3.0/PROJ/9.0.0/share/CCCorp/CloudCompare/plugins
[Plugin] Searching: /apps/easybuild-2022/easybuild/software/Compiler/GCCcore/11.3.0/LibTIFF/4.3.0/share/CCCorp/CloudCompare/plugins
[Plugin] Searching: /apps/easybuild-2022/easybuild/software/MPI/GCC/11.3.0/OpenMPI/4.1.4/netCDF/4.9.0/share/CCCorp/CloudCompare/plugins
[Plugin] Searching: /apps/easybuild-2022/easybuild/software/Compiler/GCCcore/11.3.0/cURL/7.83.0/share/CCCorp/CloudCompare/plugins
[Plugin] Searching: /apps/easybuild-2022/easybuild/software/MPI/GCC/11.3.0/OpenMPI/4.1.4/HDF5/1.12.2/share/CCCorp/CloudCompare/plugins
[Plugin] Searching: /apps/easybuild-2022/easybuild/software/Compiler/GCCcore/11.3.0/Python/3.10.4/share/CCCorp/CloudCompare/plugins
[Plugin] Searching: /apps/easybuild-2022/easybuild/software/Compiler/GCCcore/11.3.0/GMP/6.2.1/share/CCCorp/CloudCompare/plugins
[Plugin] Searching: /apps/easybuild-2022/easybuild/software/Compiler/GCCcore/11.3.0/SQLite/3.38.3/share/CCCorp/CloudCompare/plugins
[Plugin] Searching: /apps/easybuild-2022/easybuild/software/Compiler/GCCcore/11.3.0/Tcl/8.6.12/share/CCCorp/CloudCompare/plugins
[Plugin] Searching: /apps/easybuild-2022/easybuild/software/Compiler/GCCcore/11.3.0/libreadline/8.1.2/share/CCCorp/CloudCompare/plugins
[Plugin] Searching: /apps/easybuild-2022/easybuild/software/Compiler/GCCcore/11.3.0/nodejs/16.15.1/share/CCCorp/CloudCompare/plugins
[Plugin] Searching: /apps/easybuild-2022/easybuild/software/Core/OpenSSL/1.1/share/CCCorp/CloudCompare/plugins
[Plugin] Searching: /apps/easybuild-2022/easybuild/software/Compiler/GCCcore/11.3.0/JasPer/2.0.33/share/CCCorp/CloudCompare/plugins
[Plugin] Searching: /apps/easybuild-2022/easybuild/software/Compiler/GCCcore/11.3.0/NSPR/4.34/share/CCCorp/CloudCompare/plugins
[Plugin] Searching: /apps/easybuild-2022/easybuild/software/Compiler/GCCcore/11.3.0/libjpeg-turbo/2.1.3/share/CCCorp/CloudCompare/plugins
[Plugin] Searching: /apps/easybuild-2022/easybuild/software/Compiler/GCCcore/11.3.0/NASM/2.15.05/share/CCCorp/CloudCompare/plugins
[Plugin] Searching: /apps/easybuild-2022/easybuild/software/Compiler/GCCcore/11.3.0/Mesa/22.0.3/share/CCCorp/CloudCompare/plugins
[Plugin] Searching: /apps/easybuild-2022/easybuild/software/Compiler/GCCcore/11.3.0/LLVM/14.0.3/share/CCCorp/CloudCompare/plugins
[Plugin] Searching: /apps/easybuild-2022/easybuild/software/Compiler/GCCcore/11.3.0/libdrm/2.4.110/share/CCCorp/CloudCompare/plugins
[Plugin] Searching: /apps/easybuild-2022/easybuild/software/Compiler/GCCcore/11.3.0/zstd/1.5.2/share/CCCorp/CloudCompare/plugins
[Plugin] Searching: /apps/easybuild-2022/easybuild/software/Compiler/GCCcore/11.3.0/lz4/1.9.3/share/CCCorp/CloudCompare/plugins
[Plugin] Searching: /apps/easybuild-2022/easybuild/software/Compiler/GCCcore/11.3.0/gzip/1.12/share/CCCorp/CloudCompare/plugins
[Plugin] Searching: /apps/easybuild-2022/easybuild/software/Compiler/GCCcore/11.3.0/DBus/1.14.0/share/CCCorp/CloudCompare/plugins
[Plugin] Searching: /apps/easybuild-2022/easybuild/software/Compiler/GCCcore/11.3.0/graphite2/1.3.14/share/CCCorp/CloudCompare/plugins
[Plugin] Searching: /apps/easybuild-2022/easybuild/software/Compiler/GCCcore/11.3.0/HarfBuzz/4.2.1/share/CCCorp/CloudCompare/plugins
[Plugin] Searching: /apps/easybuild-2022/easybuild/software/Compiler/GCCcore/11.3.0/cairo/1.17.4/share/CCCorp/CloudCompare/plugins
[Plugin] Searching: /apps/easybuild-2022/easybuild/software/Compiler/GCCcore/11.3.0/X11/20220504/share/CCCorp/CloudCompare/plugins
[Plugin] Searching: /apps/easybuild-2022/easybuild/software/Compiler/GCCcore/11.3.0/xorg-macros/1.19.3/share/CCCorp/CloudCompare/plugins
[Plugin] Searching: /apps/easybuild-2022/easybuild/software/Compiler/GCCcore/11.3.0/fontconfig/2.14.0/share/CCCorp/CloudCompare/plugins
[Plugin] Searching: /apps/easybuild-2022/easybuild/software/Compiler/GCCcore/11.3.0/expat/2.4.8/share/CCCorp/CloudCompare/plugins
[Plugin] Searching: /apps/easybuild-2022/easybuild/software/Compiler/GCCcore/11.3.0/freetype/2.12.1/share/CCCorp/CloudCompare/plugins
[Plugin] Searching: /apps/easybuild-2022/easybuild/software/Compiler/GCCcore/11.3.0/libpng/1.6.37/share/CCCorp/CloudCompare/plugins
[Plugin] Searching: /apps/easybuild-2022/easybuild/software/Compiler/GCCcore/11.3.0/PCRE2/10.40/share/CCCorp/CloudCompare/plugins
[Plugin] Searching: /apps/easybuild-2022/easybuild/software/Compiler/GCCcore/11.3.0/GLib/2.72.1/share/CCCorp/CloudCompare/plugins
[Plugin] Searching: /apps/easybuild-2022/easybuild/software/Compiler/GCCcore/11.3.0/util-linux/2.38/share/CCCorp/CloudCompare/plugins
[Plugin] Searching: /apps/easybuild-2022/easybuild/software/Compiler/GCCcore/11.3.0/PCRE/8.45/share/CCCorp/CloudCompare/plugins
[Plugin] Searching: /apps/easybuild-2022/easybuild/software/Compiler/GCCcore/11.3.0/gettext/0.21/share/CCCorp/CloudCompare/plugins
[Plugin] Searching: /apps/easybuild-2022/easybuild/software/Compiler/GCCcore/11.3.0/ncurses/6.3/share/CCCorp/CloudCompare/plugins
[Plugin] Searching: /apps/easybuild-2022/easybuild/software/Compiler/GCCcore/11.3.0/libffi/3.4.2/share/CCCorp/CloudCompare/plugins
[Plugin][Additional I/O] New file extensions registered: ICM OUT PN POLY POV PV SOI SX
[Plugin][Core I/O] New file extensions registered:  GEOREF MA OBJ OFF PDMS PTX SBF STL VTK
[Plugin][CSV Matrix I/O] New file extensions registered: CSV
[Plugin][Photoscan I/O] New file extensions registered: PSZ
Auto-save is disabled
[LOADING]
Opening file: 'NURBS_Dataset_20250831/SfS_pp/Mesh/Pot_A_Piece_05_Mesh.obj'
[OBJ] NURBS_Dataset_20250831/SfS_pp/Mesh/Pot_A_Piece_05_Mesh.obj
[OBJ] Material file: 18-0702-03-05.mtl
[OBJ] Failed to load material file! (should be in '/data/gpfs/projects/punim2657/sfs_preprocessing/NURBS_Dataset_20250831/SfS_pp/Mesh/18-0702-03-05.mtl')
[OBJ::Load::MTL parser] Error reading file: 18-0702-03-05.mtl
[OBJ] 34168 points, 68332 faces
[OBJ] 204996 tex. coords, 34168 normals
[OBJ] Texture coordinates were defined but no material could be loaded!
[OBJ] 1 mesh loaded - 1 group(s)
[I/❌ CloudCompare sampling FAILED for piece 05
Error code: 0
=== Sampling Pot_A_Piece_06 ===
[Global Shift] Max abs. coord = 1e+04 / max abs. diag = 1e+06
[ccColorScalesManager] Found 0 custom scale(s) in persistent settings
[Plugin] Searching: /apps/easybuild-2022/easybuild/software/MPI/GCC/11.3.0/OpenMPI/4.1.4/CloudCompare/2.12.4/lib/cloudcompare/plugins
	Plugin found: Additional I/O (libQADDITIONAL_IO_PLUGIN.so)
	Plugin found: CEA Virtual Broom (libQBROOM_PLUGIN.so)
	Plugin found: Compass (libQCOMPASS_PLUGIN.so)
	Plugin found: Core I/O (libQCORE_IO_PLUGIN.so)
	Plugin found: CSF Filter (libQCSF_PLUGIN.so)
	Plugin found: CSV Matrix I/O (libQCSV_MATRIX_IO_PLUGIN.so)
	Plugin found: EDL Shader (libQEDL_GL_PLUGIN.so)
	Plugin found: Facet/fracture detection (libQFACETS_PLUGIN.so)
	Plugin found: Hough Normals Computation (libQHOUGH_NORMALS_PLUGIN.so)
	Plugin found: Hidden Point Removal (libQHPR_PLUGIN.so)
	Plugin found: M3C2 Distance (libQM3C2_PLUGIN.so)
	Plugin found: PCV / ShadeVis (libQPCV_PLUGIN.so)
	Plugin found: Photoscan I/O (libQPHOTOSCAN_IO_PLUGIN.so)
	Plugin found: RANSAC Shape Detection (libQRANSAC_SD_PLUGIN.so)
	Plugin found: Surface of Revolution Analysis (libQSRA_PLUGIN.so)
	Plugin found: SSAO Shader (libQSSAO_GL_PLUGIN.so)
[Plugin] Searching: /home/zhuojiat/.local/share/CCCorp/CloudCompare/plugins
[Plugin] Searching: /apps/easybuild-2022/easybuild/software/MPI/GCC/11.3.0/OpenMPI/4.1.4/CloudCompare/2.12.4/share/CCCorp/CloudCompare/plugins
[Plugin] Searching: /apps/easybuild-2022/easybuild/software/Compiler/GCCcore/11.3.0/Eigen/3.4.0/share/CCCorp/CloudCompare/plugins
[Plugin] Searching: /apps/easybuild-2022/easybuild/software/MPI/GCC/11.3.0/OpenMPI/4.1.4/GDAL/3.5.0/share/CCCorp/CloudCompare/plugins
[Plugin] Searching: /apps/easybuild-2022/easybuild/software/Compiler/GCCcore/11.3.0/HDF/4.2.15/share/CCCorp/CloudCompare/plugins
[Plugin] Searching: /apps/easybuild-2022/easybuild/software/Compiler/GCCcore/11.3.0/libtirpc/1.3.2/share/CCCorp/CloudCompare/plugins
[Plugin] Searching: /apps/easybuild-2022/easybuild/software/Compiler/GCCcore/11.3.0/pybind11/2.9.2/share/CCCorp/CloudCompare/plugins
[Plugin] Searching: /apps/easybuild-2022/easybuild/software/Compiler/GCCcore/11.3.0/libgeotiff/1.7.1/share/CCCorp/CloudCompare/plugins
[Plugin] Searching: /apps/easybuild-2022/easybuild/software/Compiler/GCCcore/11.3.0/PROJ/9.0.0/share/CCCorp/CloudCompare/plugins
[Plugin] Searching: /apps/easybuild-2022/easybuild/software/Compiler/GCCcore/11.3.0/LibTIFF/4.3.0/share/CCCorp/CloudCompare/plugins
[Plugin] Searching: /apps/easybuild-2022/easybuild/software/MPI/GCC/11.3.0/OpenMPI/4.1.4/netCDF/4.9.0/share/CCCorp/CloudCompare/plugins
[Plugin] Searching: /apps/easybuild-2022/easybuild/software/Compiler/GCCcore/11.3.0/cURL/7.83.0/share/CCCorp/CloudCompare/plugins
[Plugin] Searching: /apps/easybuild-2022/easybuild/software/MPI/GCC/11.3.0/OpenMPI/4.1.4/HDF5/1.12.2/share/CCCorp/CloudCompare/plugins
[Plugin] Searching: /apps/easybuild-2022/easybuild/software/Compiler/GCCcore/11.3.0/Python/3.10.4/share/CCCorp/CloudCompare/plugins
[Plugin] Searching: /apps/easybuild-2022/easybuild/software/Compiler/GCCcore/11.3.0/GMP/6.2.1/share/CCCorp/CloudCompare/plugins
[Plugin] Searching: /apps/easybuild-2022/easybuild/software/Compiler/GCCcore/11.3.0/SQLite/3.38.3/share/CCCorp/CloudCompare/plugins
[Plugin] Searching: /apps/easybuild-2022/easybuild/software/Compiler/GCCcore/11.3.0/Tcl/8.6.12/share/CCCorp/CloudCompare/plugins
[Plugin] Searching: /apps/easybuild-2022/easybuild/software/Compiler/GCCcore/11.3.0/libreadline/8.1.2/share/CCCorp/CloudCompare/plugins
[Plugin] Searching: /apps/easybuild-2022/easybuild/software/Compiler/GCCcore/11.3.0/nodejs/16.15.1/share/CCCorp/CloudCompare/plugins
[Plugin] Searching: /apps/easybuild-2022/easybuild/software/Core/OpenSSL/1.1/share/CCCorp/CloudCompare/plugins
[Plugin] Searching: /apps/easybuild-2022/easybuild/software/Compiler/GCCcore/11.3.0/JasPer/2.0.33/share/CCCorp/CloudCompare/plugins
[Plugin] Searching: /apps/easybuild-2022/easybuild/software/Compiler/GCCcore/11.3.0/NSPR/4.34/share/CCCorp/CloudCompare/plugins
[Plugin] Searching: /apps/easybuild-2022/easybuild/software/Compiler/GCCcore/11.3.0/libjpeg-turbo/2.1.3/share/CCCorp/CloudCompare/plugins
[Plugin] Searching: /apps/easybuild-2022/easybuild/software/Compiler/GCCcore/11.3.0/NASM/2.15.05/share/CCCorp/CloudCompare/plugins
[Plugin] Searching: /apps/easybuild-2022/easybuild/software/Compiler/GCCcore/11.3.0/Mesa/22.0.3/share/CCCorp/CloudCompare/plugins
[Plugin] Searching: /apps/easybuild-2022/easybuild/software/Compiler/GCCcore/11.3.0/LLVM/14.0.3/share/CCCorp/CloudCompare/plugins
[Plugin] Searching: /apps/easybuild-2022/easybuild/software/Compiler/GCCcore/11.3.0/libdrm/2.4.110/share/CCCorp/CloudCompare/plugins
[Plugin] Searching: /apps/easybuild-2022/easybuild/software/Compiler/GCCcore/11.3.0/zstd/1.5.2/share/CCCorp/CloudCompare/plugins
[Plugin] Searching: /apps/easybuild-2022/easybuild/software/Compiler/GCCcore/11.3.0/lz4/1.9.3/share/CCCorp/CloudCompare/plugins
[Plugin] Searching: /apps/easybuild-2022/easybuild/software/Compiler/GCCcore/11.3.0/gzip/1.12/share/CCCorp/CloudCompare/plugins
[Plugin] Searching: /apps/easybuild-2022/easybuild/software/Compiler/GCCcore/11.3.0/DBus/1.14.0/share/CCCorp/CloudCompare/plugins
[Plugin] Searching: /apps/easybuild-2022/easybuild/software/Compiler/GCCcore/11.3.0/graphite2/1.3.14/share/CCCorp/CloudCompare/plugins
[Plugin] Searching: /apps/easybuild-2022/easybuild/software/Compiler/GCCcore/11.3.0/HarfBuzz/4.2.1/share/CCCorp/CloudCompare/plugins
[Plugin] Searching: /apps/easybuild-2022/easybuild/software/Compiler/GCCcore/11.3.0/cairo/1.17.4/share/CCCorp/CloudCompare/plugins
[Plugin] Searching: /apps/easybuild-2022/easybuild/software/Compiler/GCCcore/11.3.0/X11/20220504/share/CCCorp/CloudCompare/plugins
[Plugin] Searching: /apps/easybuild-2022/easybuild/software/Compiler/GCCcore/11.3.0/xorg-macros/1.19.3/share/CCCorp/CloudCompare/plugins
[Plugin] Searching: /apps/easybuild-2022/easybuild/software/Compiler/GCCcore/11.3.0/fontconfig/2.14.0/share/CCCorp/CloudCompare/plugins
[Plugin] Searching: /apps/easybuild-2022/easybuild/software/Compiler/GCCcore/11.3.0/expat/2.4.8/share/CCCorp/CloudCompare/plugins
[Plugin] Searching: /apps/easybuild-2022/easybuild/software/Compiler/GCCcore/11.3.0/freetype/2.12.1/share/CCCorp/CloudCompare/plugins
[Plugin] Searching: /apps/easybuild-2022/easybuild/software/Compiler/GCCcore/11.3.0/libpng/1.6.37/share/CCCorp/CloudCompare/plugins
[Plugin] Searching: /apps/easybuild-2022/easybuild/software/Compiler/GCCcore/11.3.0/PCRE2/10.40/share/CCCorp/CloudCompare/plugins
[Plugin] Searching: /apps/easybuild-2022/easybuild/software/Compiler/GCCcore/11.3.0/GLib/2.72.1/share/CCCorp/CloudCompare/plugins
[Plugin] Searching: /apps/easybuild-2022/easybuild/software/Compiler/GCCcore/11.3.0/util-linux/2.38/share/CCCorp/CloudCompare/plugins
[Plugin] Searching: /apps/easybuild-2022/easybuild/software/Compiler/GCCcore/11.3.0/PCRE/8.45/share/CCCorp/CloudCompare/plugins
[Plugin] Searching: /apps/easybuild-2022/easybuild/software/Compiler/GCCcore/11.3.0/gettext/0.21/share/CCCorp/CloudCompare/plugins
[Plugin] Searching: /apps/easybuild-2022/easybuild/software/Compiler/GCCcore/11.3.0/ncurses/6.3/share/CCCorp/CloudCompare/plugins
[Plugin] Searching: /apps/easybuild-2022/easybuild/software/Compiler/GCCcore/11.3.0/libffi/3.4.2/share/CCCorp/CloudCompare/plugins
[Plugin][Additional I/O] New file extensions registered: ICM OUT PN POLY POV PV SOI SX
[Plugin][Core I/O] New file extensions registered:  GEOREF MA OBJ OFF PDMS PTX SBF STL VTK
[Plugin][CSV Matrix I/O] New file extensions registered: CSV
[Plugin][Photoscan I/O] New file extensions registered: PSZ
Auto-save is disabled
[LOADING]
Opening file: 'NURBS_Dataset_20250831/SfS_pp/Mesh/Pot_A_Piece_06_Mesh.obj'
[OBJ] NURBS_Dataset_20250831/SfS_pp/Mesh/Pot_A_Piece_06_Mesh.obj
[OBJ] Material file: 18-0702-03-06.mtl
[OBJ] Failed to load material file! (should be in '/data/gpfs/projects/punim2657/sfs_preprocessing/NURBS_Dataset_20250831/SfS_pp/Mesh/18-0702-03-06.mtl')
[OBJ::Load::MTL parser] Error reading file: 18-0702-03-06.mtl
[OBJ] 29184 points, 58364 faces
[OBJ] 175092 tex. coords, 29184 normals
[OBJ] Texture coordinates were defined but no material could be loaded!
[OBJ] 1 mesh loaded - 1 group(s)
[I/❌ CloudCompare sampling FAILED for piece 06
Error code: 0
=== Sampling Pot_A_Piece_07 ===
[Global Shift] Max abs. coord = 1e+04 / max abs. diag = 1e+06
[ccColorScalesManager] Found 0 custom scale(s) in persistent settings
[Plugin] Searching: /apps/easybuild-2022/easybuild/software/MPI/GCC/11.3.0/OpenMPI/4.1.4/CloudCompare/2.12.4/lib/cloudcompare/plugins
	Plugin found: Additional I/O (libQADDITIONAL_IO_PLUGIN.so)
	Plugin found: CEA Virtual Broom (libQBROOM_PLUGIN.so)
	Plugin found: Compass (libQCOMPASS_PLUGIN.so)
	Plugin found: Core I/O (libQCORE_IO_PLUGIN.so)
	Plugin found: CSF Filter (libQCSF_PLUGIN.so)
	Plugin found: CSV Matrix I/O (libQCSV_MATRIX_IO_PLUGIN.so)
	Plugin found: EDL Shader (libQEDL_GL_PLUGIN.so)
	Plugin found: Facet/fracture detection (libQFACETS_PLUGIN.so)
	Plugin found: Hough Normals Computation (libQHOUGH_NORMALS_PLUGIN.so)
	Plugin found: Hidden Point Removal (libQHPR_PLUGIN.so)
	Plugin found: M3C2 Distance (libQM3C2_PLUGIN.so)
	Plugin found: PCV / ShadeVis (libQPCV_PLUGIN.so)
	Plugin found: Photoscan I/O (libQPHOTOSCAN_IO_PLUGIN.so)
	Plugin found: RANSAC Shape Detection (libQRANSAC_SD_PLUGIN.so)
	Plugin found: Surface of Revolution Analysis (libQSRA_PLUGIN.so)
	Plugin found: SSAO Shader (libQSSAO_GL_PLUGIN.so)
[Plugin] Searching: /home/zhuojiat/.local/share/CCCorp/CloudCompare/plugins
[Plugin] Searching: /apps/easybuild-2022/easybuild/software/MPI/GCC/11.3.0/OpenMPI/4.1.4/CloudCompare/2.12.4/share/CCCorp/CloudCompare/plugins
[Plugin] Searching: /apps/easybuild-2022/easybuild/software/Compiler/GCCcore/11.3.0/Eigen/3.4.0/share/CCCorp/CloudCompare/plugins
[Plugin] Searching: /apps/easybuild-2022/easybuild/software/MPI/GCC/11.3.0/OpenMPI/4.1.4/GDAL/3.5.0/share/CCCorp/CloudCompare/plugins
[Plugin] Searching: /apps/easybuild-2022/easybuild/software/Compiler/GCCcore/11.3.0/HDF/4.2.15/share/CCCorp/CloudCompare/plugins
[Plugin] Searching: /apps/easybuild-2022/easybuild/software/Compiler/GCCcore/11.3.0/libtirpc/1.3.2/share/CCCorp/CloudCompare/plugins
[Plugin] Searching: /apps/easybuild-2022/easybuild/software/Compiler/GCCcore/11.3.0/pybind11/2.9.2/share/CCCorp/CloudCompare/plugins
[Plugin] Searching: /apps/easybuild-2022/easybuild/software/Compiler/GCCcore/11.3.0/libgeotiff/1.7.1/share/CCCorp/CloudCompare/plugins
[Plugin] Searching: /apps/easybuild-2022/easybuild/software/Compiler/GCCcore/11.3.0/PROJ/9.0.0/share/CCCorp/CloudCompare/plugins
[Plugin] Searching: /apps/easybuild-2022/easybuild/software/Compiler/GCCcore/11.3.0/LibTIFF/4.3.0/share/CCCorp/CloudCompare/plugins
[Plugin] Searching: /apps/easybuild-2022/easybuild/software/MPI/GCC/11.3.0/OpenMPI/4.1.4/netCDF/4.9.0/share/CCCorp/CloudCompare/plugins
[Plugin] Searching: /apps/easybuild-2022/easybuild/software/Compiler/GCCcore/11.3.0/cURL/7.83.0/share/CCCorp/CloudCompare/plugins
[Plugin] Searching: /apps/easybuild-2022/easybuild/software/MPI/GCC/11.3.0/OpenMPI/4.1.4/HDF5/1.12.2/share/CCCorp/CloudCompare/plugins
[Plugin] Searching: /apps/easybuild-2022/easybuild/software/Compiler/GCCcore/11.3.0/Python/3.10.4/share/CCCorp/CloudCompare/plugins
[Plugin] Searching: /apps/easybuild-2022/easybuild/software/Compiler/GCCcore/11.3.0/GMP/6.2.1/share/CCCorp/CloudCompare/plugins
[Plugin] Searching: /apps/easybuild-2022/easybuild/software/Compiler/GCCcore/11.3.0/SQLite/3.38.3/share/CCCorp/CloudCompare/plugins
[Plugin] Searching: /apps/easybuild-2022/easybuild/software/Compiler/GCCcore/11.3.0/Tcl/8.6.12/share/CCCorp/CloudCompare/plugins
[Plugin] Searching: /apps/easybuild-2022/easybuild/software/Compiler/GCCcore/11.3.0/libreadline/8.1.2/share/CCCorp/CloudCompare/plugins
[Plugin] Searching: /apps/easybuild-2022/easybuild/software/Compiler/GCCcore/11.3.0/nodejs/16.15.1/share/CCCorp/CloudCompare/plugins
[Plugin] Searching: /apps/easybuild-2022/easybuild/software/Core/OpenSSL/1.1/share/CCCorp/CloudCompare/plugins
[Plugin] Searching: /apps/easybuild-2022/easybuild/software/Compiler/GCCcore/11.3.0/JasPer/2.0.33/share/CCCorp/CloudCompare/plugins
[Plugin] Searching: /apps/easybuild-2022/easybuild/software/Compiler/GCCcore/11.3.0/NSPR/4.34/share/CCCorp/CloudCompare/plugins
[Plugin] Searching: /apps/easybuild-2022/easybuild/software/Compiler/GCCcore/11.3.0/libjpeg-turbo/2.1.3/share/CCCorp/CloudCompare/plugins
[Plugin] Searching: /apps/easybuild-2022/easybuild/software/Compiler/GCCcore/11.3.0/NASM/2.15.05/share/CCCorp/CloudCompare/plugins
[Plugin] Searching: /apps/easybuild-2022/easybuild/software/Compiler/GCCcore/11.3.0/Mesa/22.0.3/share/CCCorp/CloudCompare/plugins
[Plugin] Searching: /apps/easybuild-2022/easybuild/software/Compiler/GCCcore/11.3.0/LLVM/14.0.3/share/CCCorp/CloudCompare/plugins
[Plugin] Searching: /apps/easybuild-2022/easybuild/software/Compiler/GCCcore/11.3.0/libdrm/2.4.110/share/CCCorp/CloudCompare/plugins
[Plugin] Searching: /apps/easybuild-2022/easybuild/software/Compiler/GCCcore/11.3.0/zstd/1.5.2/share/CCCorp/CloudCompare/plugins
[Plugin] Searching: /apps/easybuild-2022/easybuild/software/Compiler/GCCcore/11.3.0/lz4/1.9.3/share/CCCorp/CloudCompare/plugins
[Plugin] Searching: /apps/easybuild-2022/easybuild/software/Compiler/GCCcore/11.3.0/gzip/1.12/share/CCCorp/CloudCompare/plugins
[Plugin] Searching: /apps/easybuild-2022/easybuild/software/Compiler/GCCcore/11.3.0/DBus/1.14.0/share/CCCorp/CloudCompare/plugins
[Plugin] Searching: /apps/easybuild-2022/easybuild/software/Compiler/GCCcore/11.3.0/graphite2/1.3.14/share/CCCorp/CloudCompare/plugins
[Plugin] Searching: /apps/easybuild-2022/easybuild/software/Compiler/GCCcore/11.3.0/HarfBuzz/4.2.1/share/CCCorp/CloudCompare/plugins
[Plugin] Searching: /apps/easybuild-2022/easybuild/software/Compiler/GCCcore/11.3.0/cairo/1.17.4/share/CCCorp/CloudCompare/plugins
[Plugin] Searching: /apps/easybuild-2022/easybuild/software/Compiler/GCCcore/11.3.0/X11/20220504/share/CCCorp/CloudCompare/plugins
[Plugin] Searching: /apps/easybuild-2022/easybuild/software/Compiler/GCCcore/11.3.0/xorg-macros/1.19.3/share/CCCorp/CloudCompare/plugins
[Plugin] Searching: /apps/easybuild-2022/easybuild/software/Compiler/GCCcore/11.3.0/fontconfig/2.14.0/share/CCCorp/CloudCompare/plugins
[Plugin] Searching: /apps/easybuild-2022/easybuild/software/Compiler/GCCcore/11.3.0/expat/2.4.8/share/CCCorp/CloudCompare/plugins
[Plugin] Searching: /apps/easybuild-2022/easybuild/software/Compiler/GCCcore/11.3.0/freetype/2.12.1/share/CCCorp/CloudCompare/plugins
[Plugin] Searching: /apps/easybuild-2022/easybuild/software/Compiler/GCCcore/11.3.0/libpng/1.6.37/share/CCCorp/CloudCompare/plugins
[Plugin] Searching: /apps/easybuild-2022/easybuild/software/Compiler/GCCcore/11.3.0/PCRE2/10.40/share/CCCorp/CloudCompare/plugins
[Plugin] Searching: /apps/easybuild-2022/easybuild/software/Compiler/GCCcore/11.3.0/GLib/2.72.1/share/CCCorp/CloudCompare/plugins
[Plugin] Searching: /apps/easybuild-2022/easybuild/software/Compiler/GCCcore/11.3.0/util-linux/2.38/share/CCCorp/CloudCompare/plugins
[Plugin] Searching: /apps/easybuild-2022/easybuild/software/Compiler/GCCcore/11.3.0/PCRE/8.45/share/CCCorp/CloudCompare/plugins
[Plugin] Searching: /apps/easybuild-2022/easybuild/software/Compiler/GCCcore/11.3.0/gettext/0.21/share/CCCorp/CloudCompare/plugins
[Plugin] Searching: /apps/easybuild-2022/easybuild/software/Compiler/GCCcore/11.3.0/ncurses/6.3/share/CCCorp/CloudCompare/plugins
[Plugin] Searching: /apps/easybuild-2022/easybuild/software/Compiler/GCCcore/11.3.0/libffi/3.4.2/share/CCCorp/CloudCompare/plugins
[Plugin][Additional I/O] New file extensions registered: ICM OUT PN POLY POV PV SOI SX
[Plugin][Core I/O] New file extensions registered:  GEOREF MA OBJ OFF PDMS PTX SBF STL VTK
[Plugin][CSV Matrix I/O] New file extensions registered: CSV
[Plugin][Photoscan I/O] New file extensions registered: PSZ
Auto-save is disabled
[LOADING]
Opening file: 'NURBS_Dataset_20250831/SfS_pp/Mesh/Pot_A_Piece_07_Mesh.obj'
[OBJ] NURBS_Dataset_20250831/SfS_pp/Mesh/Pot_A_Piece_07_Mesh.obj
[OBJ] Material file: 18-0702-03-07.mtl
[OBJ] Failed to load material file! (should be in '/data/gpfs/projects/punim2657/sfs_preprocessing/NURBS_Dataset_20250831/SfS_pp/Mesh/18-0702-03-07.mtl')
[OBJ::Load::MTL parser] Error reading file: 18-0702-03-07.mtl
[OBJ] 10593 points, 21174 faces
[OBJ] 63522 tex. coords, 10593 normals
[OBJ] Texture coordinates were defined but no material could be loaded!
[OBJ] 1 mesh loaded - 1 group(s)
[I/O❌ CloudCompare sampling FAILED for piece 07
Error code: 0
=== Sampling Pot_A_Piece_08 ===
[Global Shift] Max abs. coord = 1e+04 / max abs. diag = 1e+06
[ccColorScalesManager] Found 0 custom scale(s) in persistent settings
[Plugin] Searching: /apps/easybuild-2022/easybuild/software/MPI/GCC/11.3.0/OpenMPI/4.1.4/CloudCompare/2.12.4/lib/cloudcompare/plugins
	Plugin found: Additional I/O (libQADDITIONAL_IO_PLUGIN.so)
	Plugin found: CEA Virtual Broom (libQBROOM_PLUGIN.so)
	Plugin found: Compass (libQCOMPASS_PLUGIN.so)
	Plugin found: Core I/O (libQCORE_IO_PLUGIN.so)
	Plugin found: CSF Filter (libQCSF_PLUGIN.so)
	Plugin found: CSV Matrix I/O (libQCSV_MATRIX_IO_PLUGIN.so)
	Plugin found: EDL Shader (libQEDL_GL_PLUGIN.so)
	Plugin found: Facet/fracture detection (libQFACETS_PLUGIN.so)
	Plugin found: Hough Normals Computation (libQHOUGH_NORMALS_PLUGIN.so)
	Plugin found: Hidden Point Removal (libQHPR_PLUGIN.so)
	Plugin found: M3C2 Distance (libQM3C2_PLUGIN.so)
	Plugin found: PCV / ShadeVis (libQPCV_PLUGIN.so)
	Plugin found: Photoscan I/O (libQPHOTOSCAN_IO_PLUGIN.so)
	Plugin found: RANSAC Shape Detection (libQRANSAC_SD_PLUGIN.so)
	Plugin found: Surface of Revolution Analysis (libQSRA_PLUGIN.so)
	Plugin found: SSAO Shader (libQSSAO_GL_PLUGIN.so)
[Plugin] Searching: /home/zhuojiat/.local/share/CCCorp/CloudCompare/plugins
[Plugin] Searching: /apps/easybuild-2022/easybuild/software/MPI/GCC/11.3.0/OpenMPI/4.1.4/CloudCompare/2.12.4/share/CCCorp/CloudCompare/plugins
[Plugin] Searching: /apps/easybuild-2022/easybuild/software/Compiler/GCCcore/11.3.0/Eigen/3.4.0/share/CCCorp/CloudCompare/plugins
[Plugin] Searching: /apps/easybuild-2022/easybuild/software/MPI/GCC/11.3.0/OpenMPI/4.1.4/GDAL/3.5.0/share/CCCorp/CloudCompare/plugins
[Plugin] Searching: /apps/easybuild-2022/easybuild/software/Compiler/GCCcore/11.3.0/HDF/4.2.15/share/CCCorp/CloudCompare/plugins
[Plugin] Searching: /apps/easybuild-2022/easybuild/software/Compiler/GCCcore/11.3.0/libtirpc/1.3.2/share/CCCorp/CloudCompare/plugins
[Plugin] Searching: /apps/easybuild-2022/easybuild/software/Compiler/GCCcore/11.3.0/pybind11/2.9.2/share/CCCorp/CloudCompare/plugins
[Plugin] Searching: /apps/easybuild-2022/easybuild/software/Compiler/GCCcore/11.3.0/libgeotiff/1.7.1/share/CCCorp/CloudCompare/plugins
[Plugin] Searching: /apps/easybuild-2022/easybuild/software/Compiler/GCCcore/11.3.0/PROJ/9.0.0/share/CCCorp/CloudCompare/plugins
[Plugin] Searching: /apps/easybuild-2022/easybuild/software/Compiler/GCCcore/11.3.0/LibTIFF/4.3.0/share/CCCorp/CloudCompare/plugins
[Plugin] Searching: /apps/easybuild-2022/easybuild/software/MPI/GCC/11.3.0/OpenMPI/4.1.4/netCDF/4.9.0/share/CCCorp/CloudCompare/plugins
[Plugin] Searching: /apps/easybuild-2022/easybuild/software/Compiler/GCCcore/11.3.0/cURL/7.83.0/share/CCCorp/CloudCompare/plugins
[Plugin] Searching: /apps/easybuild-2022/easybuild/software/MPI/GCC/11.3.0/OpenMPI/4.1.4/HDF5/1.12.2/share/CCCorp/CloudCompare/plugins
[Plugin] Searching: /apps/easybuild-2022/easybuild/software/Compiler/GCCcore/11.3.0/Python/3.10.4/share/CCCorp/CloudCompare/plugins
[Plugin] Searching: /apps/easybuild-2022/easybuild/software/Compiler/GCCcore/11.3.0/GMP/6.2.1/share/CCCorp/CloudCompare/plugins
[Plugin] Searching: /apps/easybuild-2022/easybuild/software/Compiler/GCCcore/11.3.0/SQLite/3.38.3/share/CCCorp/CloudCompare/plugins
[Plugin] Searching: /apps/easybuild-2022/easybuild/software/Compiler/GCCcore/11.3.0/Tcl/8.6.12/share/CCCorp/CloudCompare/plugins
[Plugin] Searching: /apps/easybuild-2022/easybuild/software/Compiler/GCCcore/11.3.0/libreadline/8.1.2/share/CCCorp/CloudCompare/plugins
[Plugin] Searching: /apps/easybuild-2022/easybuild/software/Compiler/GCCcore/11.3.0/nodejs/16.15.1/share/CCCorp/CloudCompare/plugins
[Plugin] Searching: /apps/easybuild-2022/easybuild/software/Core/OpenSSL/1.1/share/CCCorp/CloudCompare/plugins
[Plugin] Searching: /apps/easybuild-2022/easybuild/software/Compiler/GCCcore/11.3.0/JasPer/2.0.33/share/CCCorp/CloudCompare/plugins
[Plugin] Searching: /apps/easybuild-2022/easybuild/software/Compiler/GCCcore/11.3.0/NSPR/4.34/share/CCCorp/CloudCompare/plugins
[Plugin] Searching: /apps/easybuild-2022/easybuild/software/Compiler/GCCcore/11.3.0/libjpeg-turbo/2.1.3/share/CCCorp/CloudCompare/plugins
[Plugin] Searching: /apps/easybuild-2022/easybuild/software/Compiler/GCCcore/11.3.0/NASM/2.15.05/share/CCCorp/CloudCompare/plugins
[Plugin] Searching: /apps/easybuild-2022/easybuild/software/Compiler/GCCcore/11.3.0/Mesa/22.0.3/share/CCCorp/CloudCompare/plugins
[Plugin] Searching: /apps/easybuild-2022/easybuild/software/Compiler/GCCcore/11.3.0/LLVM/14.0.3/share/CCCorp/CloudCompare/plugins
[Plugin] Searching: /apps/easybuild-2022/easybuild/software/Compiler/GCCcore/11.3.0/libdrm/2.4.110/share/CCCorp/CloudCompare/plugins
[Plugin] Searching: /apps/easybuild-2022/easybuild/software/Compiler/GCCcore/11.3.0/zstd/1.5.2/share/CCCorp/CloudCompare/plugins
[Plugin] Searching: /apps/easybuild-2022/easybuild/software/Compiler/GCCcore/11.3.0/lz4/1.9.3/share/CCCorp/CloudCompare/plugins
[Plugin] Searching: /apps/easybuild-2022/easybuild/software/Compiler/GCCcore/11.3.0/gzip/1.12/share/CCCorp/CloudCompare/plugins
[Plugin] Searching: /apps/easybuild-2022/easybuild/software/Compiler/GCCcore/11.3.0/DBus/1.14.0/share/CCCorp/CloudCompare/plugins
[Plugin] Searching: /apps/easybuild-2022/easybuild/software/Compiler/GCCcore/11.3.0/graphite2/1.3.14/share/CCCorp/CloudCompare/plugins
[Plugin] Searching: /apps/easybuild-2022/easybuild/software/Compiler/GCCcore/11.3.0/HarfBuzz/4.2.1/share/CCCorp/CloudCompare/plugins
[Plugin] Searching: /apps/easybuild-2022/easybuild/software/Compiler/GCCcore/11.3.0/cairo/1.17.4/share/CCCorp/CloudCompare/plugins
[Plugin] Searching: /apps/easybuild-2022/easybuild/software/Compiler/GCCcore/11.3.0/X11/20220504/share/CCCorp/CloudCompare/plugins
[Plugin] Searching: /apps/easybuild-2022/easybuild/software/Compiler/GCCcore/11.3.0/xorg-macros/1.19.3/share/CCCorp/CloudCompare/plugins
[Plugin] Searching: /apps/easybuild-2022/easybuild/software/Compiler/GCCcore/11.3.0/fontconfig/2.14.0/share/CCCorp/CloudCompare/plugins
[Plugin] Searching: /apps/easybuild-2022/easybuild/software/Compiler/GCCcore/11.3.0/expat/2.4.8/share/CCCorp/CloudCompare/plugins
[Plugin] Searching: /apps/easybuild-2022/easybuild/software/Compiler/GCCcore/11.3.0/freetype/2.12.1/share/CCCorp/CloudCompare/plugins
[Plugin] Searching: /apps/easybuild-2022/easybuild/software/Compiler/GCCcore/11.3.0/libpng/1.6.37/share/CCCorp/CloudCompare/plugins
[Plugin] Searching: /apps/easybuild-2022/easybuild/software/Compiler/GCCcore/11.3.0/PCRE2/10.40/share/CCCorp/CloudCompare/plugins
[Plugin] Searching: /apps/easybuild-2022/easybuild/software/Compiler/GCCcore/11.3.0/GLib/2.72.1/share/CCCorp/CloudCompare/plugins
[Plugin] Searching: /apps/easybuild-2022/easybuild/software/Compiler/GCCcore/11.3.0/util-linux/2.38/share/CCCorp/CloudCompare/plugins
[Plugin] Searching: /apps/easybuild-2022/easybuild/software/Compiler/GCCcore/11.3.0/PCRE/8.45/share/CCCorp/CloudCompare/plugins
[Plugin] Searching: /apps/easybuild-2022/easybuild/software/Compiler/GCCcore/11.3.0/gettext/0.21/share/CCCorp/CloudCompare/plugins
[Plugin] Searching: /apps/easybuild-2022/easybuild/software/Compiler/GCCcore/11.3.0/ncurses/6.3/share/CCCorp/CloudCompare/plugins
[Plugin] Searching: /apps/easybuild-2022/easybuild/software/Compiler/GCCcore/11.3.0/libffi/3.4.2/share/CCCorp/CloudCompare/plugins
[Plugin][Additional I/O] New file extensions registered: ICM OUT PN POLY POV PV SOI SX
[Plugin][Core I/O] New file extensions registered:  GEOREF MA OBJ OFF PDMS PTX SBF STL VTK
[Plugin][CSV Matrix I/O] New file extensions registered: CSV
[Plugin][Photoscan I/O] New file extensions registered: PSZ
Auto-save is disabled
[LOADING]
Opening file: 'NURBS_Dataset_20250831/SfS_pp/Mesh/Pot_A_Piece_08_Mesh.obj'
[OBJ] NURBS_Dataset_20250831/SfS_pp/Mesh/Pot_A_Piece_08_Mesh.obj
[OBJ] Material file: 18-0702-03-08.mtl
[OBJ] Failed to load material file! (should be in '/data/gpfs/projects/punim2657/sfs_preprocessing/NURBS_Dataset_20250831/SfS_pp/Mesh/18-0702-03-08.mtl')
[OBJ::Load::MTL parser] Error reading file: 18-0702-03-08.mtl
[OBJ] 10366 points, 20728 faces
[OBJ] 62184 tex. coords, 10366 normals
[OBJ] Texture coordinates were defined but no material could be loaded!
[OBJ] 1 mesh loaded - 1 group(s)
[I/O❌ CloudCompare sampling FAILED for piece 08
Error code: 0
=== CloudCompare sampling completed at: Mon 01 Sep 2025 21:55:03 AEST ===
Sep  1 21:51:36 spartan-bm176 kernel: Memory cgroup stats for /system.slice/slurmstepd.scope/job_15098402:
Sep  1 21:51:37 spartan-bm176 kernel: oom-kill:constraint=CONSTRAINT_MEMCG,nodemask=(null),cpuset=task_0,mems_allowed=0-3,oom_memcg=/system.slice/slurmstepd.scope/job_15098402,task_memcg=/system.slice/slurmstepd.scope/job_15098402/step_batch/user/task_0,task=CloudCompare,pid=211287,uid=18130
Sep  1 21:51:37 spartan-bm176 kernel: Memory cgroup out of memory: Killed process 211287 (CloudCompare) total-vm:68110644kB, anon-rss:16734796kB, file-rss:61440kB, shmem-rss:0kB, UID:18130 pgtables:33260kB oom_score_adj:0
Sep  1 21:52:06 spartan-bm176 kernel: Memory cgroup stats for /system.slice/slurmstepd.scope/job_15098402:
Sep  1 21:52:06 spartan-bm176 kernel: oom-kill:constraint=CONSTRAINT_MEMCG,nodemask=(null),cpuset=task_0,mems_allowed=0-3,oom_memcg=/system.slice/slurmstepd.scope/job_15098402,task_memcg=/system.slice/slurmstepd.scope/job_15098402/step_batch/user/task_0,task=CloudCompare,pid=212246,uid=18130
Sep  1 21:52:06 spartan-bm176 kernel: Memory cgroup out of memory: Killed process 212246 (CloudCompare) total-vm:68103184kB, anon-rss:16734684kB, file-rss:60416kB, shmem-rss:0kB, UID:18130 pgtables:33272kB oom_score_adj:0
Sep  1 21:52:36 spartan-bm176 kernel: Memory cgroup stats for /system.slice/slurmstepd.scope/job_15098402:
Sep  1 21:52:36 spartan-bm176 kernel: oom-kill:constraint=CONSTRAINT_MEMCG,nodemask=(null),cpuset=task_0,mems_allowed=0-3,oom_memcg=/system.slice/slurmstepd.scope/job_15098402,task_memcg=/system.slice/slurmstepd.scope/job_15098402/step_batch/user/task_0,task=CloudCompare,pid=212955,uid=18130
Sep  1 21:52:36 spartan-bm176 kernel: Memory cgroup out of memory: Killed process 212955 (CloudCompare) total-vm:68101868kB, anon-rss:16735356kB, file-rss:61440kB, shmem-rss:0kB, UID:18130 pgtables:33260kB oom_score_adj:0
Sep  1 21:53:06 spartan-bm176 kernel: Memory cgroup stats for /system.slice/slurmstepd.scope/job_15098402:
Sep  1 21:53:06 spartan-bm176 kernel: oom-kill:constraint=CONSTRAINT_MEMCG,nodemask=(null),cpuset=task_0,mems_allowed=0-3,oom_memcg=/system.slice/slurmstepd.scope/job_15098402,task_memcg=/system.slice/slurmstepd.scope/job_15098402/step_batch/user/task_0,task=CloudCompare,pid=213639,uid=18130
Sep  1 21:53:06 spartan-bm176 kernel: Memory cgroup out of memory: Killed process 213639 (CloudCompare) total-vm:68101140kB, anon-rss:16733528kB, file-rss:61440kB, shmem-rss:0kB, UID:18130 pgtables:33264kB oom_score_adj:0
Sep  1 21:53:39 spartan-bm176 kernel: Memory cgroup stats for /system.slice/slurmstepd.scope/job_15098402:
Sep  1 21:53:39 spartan-bm176 kernel: oom-kill:constraint=CONSTRAINT_MEMCG,nodemask=(null),cpuset=task_0,mems_allowed=0-3,oom_memcg=/system.slice/slurmstepd.scope/job_15098402,task_memcg=/system.slice/slurmstepd.scope/job_15098402/step_batch/user/task_0,task=CloudCompare,pid=214376,uid=18130
Sep  1 21:53:39 spartan-bm176 kernel: Memory cgroup out of memory: Killed process 214376 (CloudCompare) total-vm:68101232kB, anon-rss:16734348kB, file-rss:60416kB, shmem-rss:0kB, UID:18130 pgtables:33284kB oom_score_adj:0
Sep  1 21:54:09 spartan-bm176 kernel: Memory cgroup stats for /system.slice/slurmstepd.scope/job_15098402:
Sep  1 21:54:09 spartan-bm176 kernel: oom-kill:constraint=CONSTRAINT_MEMCG,nodemask=(null),cpuset=task_0,mems_allowed=0-3,oom_memcg=/system.slice/slurmstepd.scope/job_15098402,task_memcg=/system.slice/slurmstepd.scope/job_15098402/step_batch/user/task_0,task=CloudCompare,pid=215032,uid=18130
Sep  1 21:54:09 spartan-bm176 kernel: Memory cgroup out of memory: Killed process 215032 (CloudCompare) total-vm:60772088kB, anon-rss:16735504kB, file-rss:61440kB, shmem-rss:0kB, UID:18130 pgtables:33264kB oom_score_adj:0
Sep  1 21:54:36 spartan-bm176 kernel: Memory cgroup stats for /system.slice/slurmstepd.scope/job_15098402:
Sep  1 21:54:37 spartan-bm176 kernel: oom-kill:constraint=CONSTRAINT_MEMCG,nodemask=(null),cpuset=task_0,mems_allowed=0-3,oom_memcg=/system.slice/slurmstepd.scope/job_15098402,task_memcg=/system.slice/slurmstepd.scope/job_15098402/step_batch/user/task_0,task=CloudCompare,pid=215756,uid=18130
Sep  1 21:54:37 spartan-bm176 kernel: Memory cgroup out of memory: Killed process 215756 (CloudCompare) total-vm:28404752kB, anon-rss:16735232kB, file-rss:60416kB, shmem-rss:0kB, UID:18130 pgtables:33252kB oom_score_adj:0
Sep  1 21:55:03 spartan-bm176 kernel: Memory cgroup stats for /system.slice/slurmstepd.scope/job_15098402:
Sep  1 21:55:03 spartan-bm176 kernel: oom-kill:constraint=CONSTRAINT_MEMCG,nodemask=(null),cpuset=task_0,mems_allowed=0-3,oom_memcg=/system.slice/slurmstepd.scope/job_15098402,task_memcg=/system.slice/slurmstepd.scope/job_15098402/step_batch/user/task_0,task=CloudCompare,pid=216415,uid=18130
Sep  1 21:55:03 spartan-bm176 kernel: Memory cgroup out of memory: Killed process 216415 (CloudCompare) total-vm:26104448kB, anon-rss:16735232kB, file-rss:61440kB, shmem-rss:0kB, UID:18130 pgtables:33260kB oom_score_adj:0
