
The following have been reloaded with a version change:
  1) OpenSSL/3 => OpenSSL/1.1     2) nodejs/20.13.1 => nodejs/16.15.1

QSocketNotifier: Can only be used with threads started with QThread
QStandardPaths: XDG_RUNTIME_DIR not set, defaulting to '/tmp/runtime-zhuojiat'
/var/spool/slurm/job15096500/slurm_script: line 20: 56377 Killed                  /apps/easybuild-2022/easybuild/software/MPI/GCC/11.3.0/OpenMPI/4.1.4/CloudCompare/2.12.4/bin/CloudCompare -SILENT -AUTO_SAVE OFF -C_EXPORT_FMT PLY -O Dataset/Mesh/Pot_A/Pot_A_Piece_${piece}_Mesh.obj -SAMPLE_MESH DENSITY 1000000 -OCTREE_NORMALS 0.5 -ORIENT_NORMS_MST 6 -SAVE_CLOUDS FILE "temp_piece_${piece}_with_normals.ply"
QSocketNotifier: Can only be used with threads started with QThread
QStandardPaths: XDG_RUNTIME_DIR not set, defaulting to '/tmp/runtime-zhuojiat'
/var/spool/slurm/job15096500/slurm_script: line 20: 57268 Killed                  /apps/easybuild-2022/easybuild/software/MPI/GCC/11.3.0/OpenMPI/4.1.4/CloudCompare/2.12.4/bin/CloudCompare -SILENT -AUTO_SAVE OFF -C_EXPORT_FMT PLY -O Dataset/Mesh/Pot_A/Pot_A_Piece_${piece}_Mesh.obj -SAMPLE_MESH DENSITY 1000000 -OCTREE_NORMALS 0.5 -ORIENT_NORMS_MST 6 -SAVE_CLOUDS FILE "temp_piece_${piece}_with_normals.ply"
QSocketNotifier: Can only be used with threads started with QThread
QStandardPaths: XDG_RUNTIME_DIR not set, defaulting to '/tmp/runtime-zhuojiat'
/var/spool/slurm/job15096500/slurm_script: line 20: 58339 Killed                  /apps/easybuild-2022/easybuild/software/MPI/GCC/11.3.0/OpenMPI/4.1.4/CloudCompare/2.12.4/bin/CloudCompare -SILENT -AUTO_SAVE OFF -C_EXPORT_FMT PLY -O Dataset/Mesh/Pot_A/Pot_A_Piece_${piece}_Mesh.obj -SAMPLE_MESH DENSITY 1000000 -OCTREE_NORMALS 0.5 -ORIENT_NORMS_MST 6 -SAVE_CLOUDS FILE "temp_piece_${piece}_with_normals.ply"
QSocketNotifier: Can only be used with threads started with QThread
QStandardPaths: XDG_RUNTIME_DIR not set, defaulting to '/tmp/runtime-zhuojiat'
/var/spool/slurm/job15096500/slurm_script: line 20: 59778 Killed                  /apps/easybuild-2022/easybuild/software/MPI/GCC/11.3.0/OpenMPI/4.1.4/CloudCompare/2.12.4/bin/CloudCompare -SILENT -AUTO_SAVE OFF -C_EXPORT_FMT PLY -O Dataset/Mesh/Pot_A/Pot_A_Piece_${piece}_Mesh.obj -SAMPLE_MESH DENSITY 1000000 -OCTREE_NORMALS 0.5 -ORIENT_NORMS_MST 6 -SAVE_CLOUDS FILE "temp_piece_${piece}_with_normals.ply"
QSocketNotifier: Can only be used with threads started with QThread
QStandardPaths: XDG_RUNTIME_DIR not set, defaulting to '/tmp/runtime-zhuojiat'
/var/spool/slurm/job15096500/slurm_script: line 20: 60623 Killed                  /apps/easybuild-2022/easybuild/software/MPI/GCC/11.3.0/OpenMPI/4.1.4/CloudCompare/2.12.4/bin/CloudCompare -SILENT -AUTO_SAVE OFF -C_EXPORT_FMT PLY -O Dataset/Mesh/Pot_A/Pot_A_Piece_${piece}_Mesh.obj -SAMPLE_MESH DENSITY 1000000 -OCTREE_NORMALS 0.5 -ORIENT_NORMS_MST 6 -SAVE_CLOUDS FILE "temp_piece_${piece}_with_normals.ply"
QSocketNotifier: Can only be used with threads started with QThread
QStandardPaths: XDG_RUNTIME_DIR not set, defaulting to '/tmp/runtime-zhuojiat'
/var/spool/slurm/job15096500/slurm_script: line 20: 61154 Killed                  /apps/easybuild-2022/easybuild/software/MPI/GCC/11.3.0/OpenMPI/4.1.4/CloudCompare/2.12.4/bin/CloudCompare -SILENT -AUTO_SAVE OFF -C_EXPORT_FMT PLY -O Dataset/Mesh/Pot_A/Pot_A_Piece_${piece}_Mesh.obj -SAMPLE_MESH DENSITY 1000000 -OCTREE_NORMALS 0.5 -ORIENT_NORMS_MST 6 -SAVE_CLOUDS FILE "temp_piece_${piece}_with_normals.ply"
QSocketNotifier: Can only be used with threads started with QThread
QStandardPaths: XDG_RUNTIME_DIR not set, defaulting to '/tmp/runtime-zhuojiat'
/var/spool/slurm/job15096500/slurm_script: line 20: 61798 Killed                  /apps/easybuild-2022/easybuild/software/MPI/GCC/11.3.0/OpenMPI/4.1.4/CloudCompare/2.12.4/bin/CloudCompare -SILENT -AUTO_SAVE OFF -C_EXPORT_FMT PLY -O Dataset/Mesh/Pot_A/Pot_A_Piece_${piece}_Mesh.obj -SAMPLE_MESH DENSITY 1000000 -OCTREE_NORMALS 0.5 -ORIENT_NORMS_MST 6 -SAVE_CLOUDS FILE "temp_piece_${piece}_with_normals.ply"
QSocketNotifier: Can only be used with threads started with QThread
QStandardPaths: XDG_RUNTIME_DIR not set, defaulting to '/tmp/runtime-zhuojiat'
/var/spool/slurm/job15096500/slurm_script: line 20: 62348 Killed                  /apps/easybuild-2022/easybuild/software/MPI/GCC/11.3.0/OpenMPI/4.1.4/CloudCompare/2.12.4/bin/CloudCompare -SILENT -AUTO_SAVE OFF -C_EXPORT_FMT PLY -O Dataset/Mesh/Pot_A/Pot_A_Piece_${piece}_Mesh.obj -SAMPLE_MESH DENSITY 1000000 -OCTREE_NORMALS 0.5 -ORIENT_NORMS_MST 6 -SAVE_CLOUDS FILE "temp_piece_${piece}_with_normals.ply"
slurmstepd: error: Detected 8 oom_kill events in StepId=15096500.batch. Some of the step tasks have been OOM Killed.
