=== CloudCompare Mesh Sampling with Normals ===
Started: Mon 01 Sep 2025 12:59:49 AEST
Job ID: 15078000
=== Sampling Pot_A_Piece_01 with Normals ===
[Global Shift] Max abs. coord = 1e+04 / max abs. diag = 1e+06
[ccColorScalesManager] Found 0 custom scale(s) in persistent settings
[Plugin] Searching: /apps/easybuild-2022/easybuild/software/MPI/GCC/11.3.0/OpenMPI/4.1.4/CloudCompare/2.12.4/lib/cloudcompare/plugins
	Plugin found: Additional I/O (libQADDITIONAL_IO_PLUGIN.so)
	Plugin found: CEA Virtual Broom (libQBROOM_PLUGIN.so)
	Plugin found: Compass (libQCOMPASS_PLUGIN.so)
	Plugin found: Core I/O (libQCORE_IO_PLUGIN.so)
	Plugin found: CSF Filter (libQCSF_PLUGIN.so)
	Plugin found: CSV Matrix I/O (libQCSV_MATRIX_IO_PLUGIN.so)
	Plugin found: EDL Shader (libQEDL_GL_PLUGIN.so)
	Plugin found: Facet/fracture detection (libQFACETS_PLUGIN.so)
	Plugin found: Hough Normals Computation (libQHOUGH_NORMALS_PLUGIN.so)
	Plugin found: Hidden Point Removal (libQHPR_PLUGIN.so)
	Plugin found: M3C2 Distance (libQM3C2_PLUGIN.so)
	Plugin found: PCV / ShadeVis (libQPCV_PLUGIN.so)
	Plugin found: Photoscan I/O (libQPHOTOSCAN_IO_PLUGIN.so)
	Plugin found: RANSAC Shape Detection (libQRANSAC_SD_PLUGIN.so)
	Plugin found: Surface of Revolution Analysis (libQSRA_PLUGIN.so)
	Plugin found: SSAO Shader (libQSSAO_GL_PLUGIN.so)
[Plugin] Searching: /home/zhuojiat/.local/share/CCCorp/CloudCompare/plugins
[Plugin] Searching: /apps/easybuild-2022/easybuild/software/MPI/GCC/11.3.0/OpenMPI/4.1.4/CloudCompare/2.12.4/share/CCCorp/CloudCompare/plugins
[Plugin] Searching: /apps/easybuild-2022/easybuild/software/Compiler/GCCcore/11.3.0/Eigen/3.4.0/share/CCCorp/CloudCompare/plugins
[Plugin] Searching: /apps/easybuild-2022/easybuild/software/MPI/GCC/11.3.0/OpenMPI/4.1.4/GDAL/3.5.0/share/CCCorp/CloudCompare/plugins
[Plugin] Searching: /apps/easybuild-2022/easybuild/software/Compiler/GCCcore/11.3.0/HDF/4.2.15/share/CCCorp/CloudCompare/plugins
[Plugin] Searching: /apps/easybuild-2022/easybuild/software/Compiler/GCCcore/11.3.0/libtirpc/1.3.2/share/CCCorp/CloudCompare/plugins
[Plugin] Searching: /apps/easybuild-2022/easybuild/software/Compiler/GCCcore/11.3.0/pybind11/2.9.2/share/CCCorp/CloudCompare/plugins
[Plugin] Searching: /apps/easybuild-2022/easybuild/software/Compiler/GCCcore/11.3.0/libgeotiff/1.7.1/share/CCCorp/CloudCompare/plugins
[Plugin] Searching: /apps/easybuild-2022/easybuild/software/Compiler/GCCcore/11.3.0/PROJ/9.0.0/share/CCCorp/CloudCompare/plugins
[Plugin] Searching: /apps/easybuild-2022/easybuild/software/Compiler/GCCcore/11.3.0/LibTIFF/4.3.0/share/CCCorp/CloudCompare/plugins
[Plugin] Searching: /apps/easybuild-2022/easybuild/software/MPI/GCC/11.3.0/OpenMPI/4.1.4/netCDF/4.9.0/share/CCCorp/CloudCompare/plugins
[Plugin] Searching: /apps/easybuild-2022/easybuild/software/Compiler/GCCcore/11.3.0/cURL/7.83.0/share/CCCorp/CloudCompare/plugins
[Plugin] Searching: /apps/easybuild-2022/easybuild/software/MPI/GCC/11.3.0/OpenMPI/4.1.4/HDF5/1.12.2/share/CCCorp/CloudCompare/plugins
[Plugin] Searching: /apps/easybuild-2022/easybuild/software/Compiler/GCCcore/11.3.0/Python/3.10.4/share/CCCorp/CloudCompare/plugins
[Plugin] Searching: /apps/easybuild-2022/easybuild/software/Compiler/GCCcore/11.3.0/GMP/6.2.1/share/CCCorp/CloudCompare/plugins
[Plugin] Searching: /apps/easybuild-2022/easybuild/software/Compiler/GCCcore/11.3.0/SQLite/3.38.3/share/CCCorp/CloudCompare/plugins
[Plugin] Searching: /apps/easybuild-2022/easybuild/software/Compiler/GCCcore/11.3.0/Tcl/8.6.12/share/CCCorp/CloudCompare/plugins
[Plugin] Searching: /apps/easybuild-2022/easybuild/software/Compiler/GCCcore/11.3.0/libreadline/8.1.2/share/CCCorp/CloudCompare/plugins
[Plugin] Searching: /apps/easybuild-2022/easybuild/software/Compiler/GCCcore/11.3.0/nodejs/16.15.1/share/CCCorp/CloudCompare/plugins
[Plugin] Searching: /apps/easybuild-2022/easybuild/software/Core/OpenSSL/1.1/share/CCCorp/CloudCompare/plugins
[Plugin] Searching: /apps/easybuild-2022/easybuild/software/Compiler/GCCcore/11.3.0/JasPer/2.0.33/share/CCCorp/CloudCompare/plugins
[Plugin] Searching: /apps/easybuild-2022/easybuild/software/Compiler/GCCcore/11.3.0/NSPR/4.34/share/CCCorp/CloudCompare/plugins
[Plugin] Searching: /apps/easybuild-2022/easybuild/software/Compiler/GCCcore/11.3.0/libjpeg-turbo/2.1.3/share/CCCorp/CloudCompare/plugins
[Plugin] Searching: /apps/easybuild-2022/easybuild/software/Compiler/GCCcore/11.3.0/NASM/2.15.05/share/CCCorp/CloudCompare/plugins
[Plugin] Searching: /apps/easybuild-2022/easybuild/software/Compiler/GCCcore/11.3.0/Mesa/22.0.3/share/CCCorp/CloudCompare/plugins
[Plugin] Searching: /apps/easybuild-2022/easybuild/software/Compiler/GCCcore/11.3.0/LLVM/14.0.3/share/CCCorp/CloudCompare/plugins
[Plugin] Searching: /apps/easybuild-2022/easybuild/software/Compiler/GCCcore/11.3.0/libdrm/2.4.110/share/CCCorp/CloudCompare/plugins
[Plugin] Searching: /apps/easybuild-2022/easybuild/software/Compiler/GCCcore/11.3.0/zstd/1.5.2/share/CCCorp/CloudCompare/plugins
[Plugin] Searching: /apps/easybuild-2022/easybuild/software/Compiler/GCCcore/11.3.0/lz4/1.9.3/share/CCCorp/CloudCompare/plugins
[Plugin] Searching: /apps/easybuild-2022/easybuild/software/Compiler/GCCcore/11.3.0/gzip/1.12/share/CCCorp/CloudCompare/plugins
[Plugin] Searching: /apps/easybuild-2022/easybuild/software/Compiler/GCCcore/11.3.0/DBus/1.14.0/share/CCCorp/CloudCompare/plugins
[Plugin] Searching: /apps/easybuild-2022/easybuild/software/Compiler/GCCcore/11.3.0/graphite2/1.3.14/share/CCCorp/CloudCompare/plugins
[Plugin] Searching: /apps/easybuild-2022/easybuild/software/Compiler/GCCcore/11.3.0/HarfBuzz/4.2.1/share/CCCorp/CloudCompare/plugins
[Plugin] Searching: /apps/easybuild-2022/easybuild/software/Compiler/GCCcore/11.3.0/cairo/1.17.4/share/CCCorp/CloudCompare/plugins
[Plugin] Searching: /apps/easybuild-2022/easybuild/software/Compiler/GCCcore/11.3.0/X11/20220504/share/CCCorp/CloudCompare/plugins
[Plugin] Searching: /apps/easybuild-2022/easybuild/software/Compiler/GCCcore/11.3.0/xorg-macros/1.19.3/share/CCCorp/CloudCompare/plugins
[Plugin] Searching: /apps/easybuild-2022/easybuild/software/Compiler/GCCcore/11.3.0/fontconfig/2.14.0/share/CCCorp/CloudCompare/plugins
[Plugin] Searching: /apps/easybuild-2022/easybuild/software/Compiler/GCCcore/11.3.0/expat/2.4.8/share/CCCorp/CloudCompare/plugins
[Plugin] Searching: /apps/easybuild-2022/easybuild/software/Compiler/GCCcore/11.3.0/freetype/2.12.1/share/CCCorp/CloudCompare/plugins
[Plugin] Searching: /apps/easybuild-2022/easybuild/software/Compiler/GCCcore/11.3.0/libpng/1.6.37/share/CCCorp/CloudCompare/plugins
[Plugin] Searching: /apps/easybuild-2022/easybuild/software/Compiler/GCCcore/11.3.0/PCRE2/10.40/share/CCCorp/CloudCompare/plugins
[Plugin] Searching: /apps/easybuild-2022/easybuild/software/Compiler/GCCcore/11.3.0/GLib/2.72.1/share/CCCorp/CloudCompare/plugins
[Plugin] Searching: /apps/easybuild-2022/easybuild/software/Compiler/GCCcore/11.3.0/util-linux/2.38/share/CCCorp/CloudCompare/plugins
[Plugin] Searching: /apps/easybuild-2022/easybuild/software/Compiler/GCCcore/11.3.0/PCRE/8.45/share/CCCorp/CloudCompare/plugins
[Plugin] Searching: /apps/easybuild-2022/easybuild/software/Compiler/GCCcore/11.3.0/gettext/0.21/share/CCCorp/CloudCompare/plugins
[Plugin] Searching: /apps/easybuild-2022/easybuild/software/Compiler/GCCcore/11.3.0/ncurses/6.3/share/CCCorp/CloudCompare/plugins
[Plugin] Searching: /apps/easybuild-2022/easybuild/software/Compiler/GCCcore/11.3.0/libffi/3.4.2/share/CCCorp/CloudCompare/plugins
[Plugin][Additional I/O] New file extensions registered: ICM OUT PN POLY POV PV SOI SX
[Plugin][Core I/O] New file extensions registered:  GEOREF MA OBJ OFF PDMS PTX SBF STL VTK
[Plugin][CSV Matrix I/O] New file extensions registered: CSV
[Plugin][Photoscan I/O] New file extensions registered: PSZ
Auto-save is disabled
[LOADING]
Opening file: 'Dataset/Mesh/Pot_A/Pot_A_Piece_01_Mesh.obj'
[OBJ] Dataset/Mesh/Pot_A/Pot_A_Piece_01_Mesh.obj
[OBJ] Material file: Pot_A_Piece_01_Mesh.mtl
[OBJ] Failed to load material file! (should be in '/data/gpfs/projects/punim2657/sfs_preprocessing/Dataset/Mesh/Pot_A/Pot_A_Piece_01_Mesh.mtl')
[OBJ::Load::MTL parser] Error reading file: Pot_A_Piece_01_Mesh.mtl
[OBJ] 100064 points, 200124 faces
[OBJ] 600372 tex. coords, 100064 normals
[OBJ] Texture coordinates were defined but no material could be loaded!
[OBJ] 1 mesh loaded - 1 group(s)
[I/O] File 'Dataset/Mesh/Pot_A❌ CloudCompare sampling failed for piece 01
=== Sampling Pot_A_Piece_02 with Normals ===
[Global Shift] Max abs. coord = 1e+04 / max abs. diag = 1e+06
[ccColorScalesManager] Found 0 custom scale(s) in persistent settings
[Plugin] Searching: /apps/easybuild-2022/easybuild/software/MPI/GCC/11.3.0/OpenMPI/4.1.4/CloudCompare/2.12.4/lib/cloudcompare/plugins
	Plugin found: Additional I/O (libQADDITIONAL_IO_PLUGIN.so)
	Plugin found: CEA Virtual Broom (libQBROOM_PLUGIN.so)
	Plugin found: Compass (libQCOMPASS_PLUGIN.so)
	Plugin found: Core I/O (libQCORE_IO_PLUGIN.so)
	Plugin found: CSF Filter (libQCSF_PLUGIN.so)
	Plugin found: CSV Matrix I/O (libQCSV_MATRIX_IO_PLUGIN.so)
	Plugin found: EDL Shader (libQEDL_GL_PLUGIN.so)
	Plugin found: Facet/fracture detection (libQFACETS_PLUGIN.so)
	Plugin found: Hough Normals Computation (libQHOUGH_NORMALS_PLUGIN.so)
	Plugin found: Hidden Point Removal (libQHPR_PLUGIN.so)
	Plugin found: M3C2 Distance (libQM3C2_PLUGIN.so)
	Plugin found: PCV / ShadeVis (libQPCV_PLUGIN.so)
	Plugin found: Photoscan I/O (libQPHOTOSCAN_IO_PLUGIN.so)
	Plugin found: RANSAC Shape Detection (libQRANSAC_SD_PLUGIN.so)
	Plugin found: Surface of Revolution Analysis (libQSRA_PLUGIN.so)
	Plugin found: SSAO Shader (libQSSAO_GL_PLUGIN.so)
[Plugin] Searching: /home/zhuojiat/.local/share/CCCorp/CloudCompare/plugins
[Plugin] Searching: /apps/easybuild-2022/easybuild/software/MPI/GCC/11.3.0/OpenMPI/4.1.4/CloudCompare/2.12.4/share/CCCorp/CloudCompare/plugins
[Plugin] Searching: /apps/easybuild-2022/easybuild/software/Compiler/GCCcore/11.3.0/Eigen/3.4.0/share/CCCorp/CloudCompare/plugins
[Plugin] Searching: /apps/easybuild-2022/easybuild/software/MPI/GCC/11.3.0/OpenMPI/4.1.4/GDAL/3.5.0/share/CCCorp/CloudCompare/plugins
[Plugin] Searching: /apps/easybuild-2022/easybuild/software/Compiler/GCCcore/11.3.0/HDF/4.2.15/share/CCCorp/CloudCompare/plugins
[Plugin] Searching: /apps/easybuild-2022/easybuild/software/Compiler/GCCcore/11.3.0/libtirpc/1.3.2/share/CCCorp/CloudCompare/plugins
[Plugin] Searching: /apps/easybuild-2022/easybuild/software/Compiler/GCCcore/11.3.0/pybind11/2.9.2/share/CCCorp/CloudCompare/plugins
[Plugin] Searching: /apps/easybuild-2022/easybuild/software/Compiler/GCCcore/11.3.0/libgeotiff/1.7.1/share/CCCorp/CloudCompare/plugins
[Plugin] Searching: /apps/easybuild-2022/easybuild/software/Compiler/GCCcore/11.3.0/PROJ/9.0.0/share/CCCorp/CloudCompare/plugins
[Plugin] Searching: /apps/easybuild-2022/easybuild/software/Compiler/GCCcore/11.3.0/LibTIFF/4.3.0/share/CCCorp/CloudCompare/plugins
[Plugin] Searching: /apps/easybuild-2022/easybuild/software/MPI/GCC/11.3.0/OpenMPI/4.1.4/netCDF/4.9.0/share/CCCorp/CloudCompare/plugins
[Plugin] Searching: /apps/easybuild-2022/easybuild/software/Compiler/GCCcore/11.3.0/cURL/7.83.0/share/CCCorp/CloudCompare/plugins
[Plugin] Searching: /apps/easybuild-2022/easybuild/software/MPI/GCC/11.3.0/OpenMPI/4.1.4/HDF5/1.12.2/share/CCCorp/CloudCompare/plugins
[Plugin] Searching: /apps/easybuild-2022/easybuild/software/Compiler/GCCcore/11.3.0/Python/3.10.4/share/CCCorp/CloudCompare/plugins
[Plugin] Searching: /apps/easybuild-2022/easybuild/software/Compiler/GCCcore/11.3.0/GMP/6.2.1/share/CCCorp/CloudCompare/plugins
[Plugin] Searching: /apps/easybuild-2022/easybuild/software/Compiler/GCCcore/11.3.0/SQLite/3.38.3/share/CCCorp/CloudCompare/plugins
[Plugin] Searching: /apps/easybuild-2022/easybuild/software/Compiler/GCCcore/11.3.0/Tcl/8.6.12/share/CCCorp/CloudCompare/plugins
[Plugin] Searching: /apps/easybuild-2022/easybuild/software/Compiler/GCCcore/11.3.0/libreadline/8.1.2/share/CCCorp/CloudCompare/plugins
[Plugin] Searching: /apps/easybuild-2022/easybuild/software/Compiler/GCCcore/11.3.0/nodejs/16.15.1/share/CCCorp/CloudCompare/plugins
[Plugin] Searching: /apps/easybuild-2022/easybuild/software/Core/OpenSSL/1.1/share/CCCorp/CloudCompare/plugins
[Plugin] Searching: /apps/easybuild-2022/easybuild/software/Compiler/GCCcore/11.3.0/JasPer/2.0.33/share/CCCorp/CloudCompare/plugins
[Plugin] Searching: /apps/easybuild-2022/easybuild/software/Compiler/GCCcore/11.3.0/NSPR/4.34/share/CCCorp/CloudCompare/plugins
[Plugin] Searching: /apps/easybuild-2022/easybuild/software/Compiler/GCCcore/11.3.0/libjpeg-turbo/2.1.3/share/CCCorp/CloudCompare/plugins
[Plugin] Searching: /apps/easybuild-2022/easybuild/software/Compiler/GCCcore/11.3.0/NASM/2.15.05/share/CCCorp/CloudCompare/plugins
[Plugin] Searching: /apps/easybuild-2022/easybuild/software/Compiler/GCCcore/11.3.0/Mesa/22.0.3/share/CCCorp/CloudCompare/plugins
[Plugin] Searching: /apps/easybuild-2022/easybuild/software/Compiler/GCCcore/11.3.0/LLVM/14.0.3/share/CCCorp/CloudCompare/plugins
[Plugin] Searching: /apps/easybuild-2022/easybuild/software/Compiler/GCCcore/11.3.0/libdrm/2.4.110/share/CCCorp/CloudCompare/plugins
[Plugin] Searching: /apps/easybuild-2022/easybuild/software/Compiler/GCCcore/11.3.0/zstd/1.5.2/share/CCCorp/CloudCompare/plugins
[Plugin] Searching: /apps/easybuild-2022/easybuild/software/Compiler/GCCcore/11.3.0/lz4/1.9.3/share/CCCorp/CloudCompare/plugins
[Plugin] Searching: /apps/easybuild-2022/easybuild/software/Compiler/GCCcore/11.3.0/gzip/1.12/share/CCCorp/CloudCompare/plugins
[Plugin] Searching: /apps/easybuild-2022/easybuild/software/Compiler/GCCcore/11.3.0/DBus/1.14.0/share/CCCorp/CloudCompare/plugins
[Plugin] Searching: /apps/easybuild-2022/easybuild/software/Compiler/GCCcore/11.3.0/graphite2/1.3.14/share/CCCorp/CloudCompare/plugins
[Plugin] Searching: /apps/easybuild-2022/easybuild/software/Compiler/GCCcore/11.3.0/HarfBuzz/4.2.1/share/CCCorp/CloudCompare/plugins
[Plugin] Searching: /apps/easybuild-2022/easybuild/software/Compiler/GCCcore/11.3.0/cairo/1.17.4/share/CCCorp/CloudCompare/plugins
[Plugin] Searching: /apps/easybuild-2022/easybuild/software/Compiler/GCCcore/11.3.0/X11/20220504/share/CCCorp/CloudCompare/plugins
[Plugin] Searching: /apps/easybuild-2022/easybuild/software/Compiler/GCCcore/11.3.0/xorg-macros/1.19.3/share/CCCorp/CloudCompare/plugins
[Plugin] Searching: /apps/easybuild-2022/easybuild/software/Compiler/GCCcore/11.3.0/fontconfig/2.14.0/share/CCCorp/CloudCompare/plugins
[Plugin] Searching: /apps/easybuild-2022/easybuild/software/Compiler/GCCcore/11.3.0/expat/2.4.8/share/CCCorp/CloudCompare/plugins
[Plugin] Searching: /apps/easybuild-2022/easybuild/software/Compiler/GCCcore/11.3.0/freetype/2.12.1/share/CCCorp/CloudCompare/plugins
[Plugin] Searching: /apps/easybuild-2022/easybuild/software/Compiler/GCCcore/11.3.0/libpng/1.6.37/share/CCCorp/CloudCompare/plugins
[Plugin] Searching: /apps/easybuild-2022/easybuild/software/Compiler/GCCcore/11.3.0/PCRE2/10.40/share/CCCorp/CloudCompare/plugins
[Plugin] Searching: /apps/easybuild-2022/easybuild/software/Compiler/GCCcore/11.3.0/GLib/2.72.1/share/CCCorp/CloudCompare/plugins
[Plugin] Searching: /apps/easybuild-2022/easybuild/software/Compiler/GCCcore/11.3.0/util-linux/2.38/share/CCCorp/CloudCompare/plugins
[Plugin] Searching: /apps/easybuild-2022/easybuild/software/Compiler/GCCcore/11.3.0/PCRE/8.45/share/CCCorp/CloudCompare/plugins
[Plugin] Searching: /apps/easybuild-2022/easybuild/software/Compiler/GCCcore/11.3.0/gettext/0.21/share/CCCorp/CloudCompare/plugins
[Plugin] Searching: /apps/easybuild-2022/easybuild/software/Compiler/GCCcore/11.3.0/ncurses/6.3/share/CCCorp/CloudCompare/plugins
[Plugin] Searching: /apps/easybuild-2022/easybuild/software/Compiler/GCCcore/11.3.0/libffi/3.4.2/share/CCCorp/CloudCompare/plugins
[Plugin][Additional I/O] New file extensions registered: ICM OUT PN POLY POV PV SOI SX
[Plugin][Core I/O] New file extensions registered:  GEOREF MA OBJ OFF PDMS PTX SBF STL VTK
[Plugin][CSV Matrix I/O] New file extensions registered: CSV
[Plugin][Photoscan I/O] New file extensions registered: PSZ
Auto-save is disabled
[LOADING]
Opening file: 'Dataset/Mesh/Pot_A/Pot_A_Piece_02_Mesh.obj'
[OBJ] Dataset/Mesh/Pot_A/Pot_A_Piece_02_Mesh.obj
[OBJ] Material file: Pot_A_Piece_02_Mesh.mtl
[OBJ] Failed to load material file! (should be in '/data/gpfs/projects/punim2657/sfs_preprocessing/Dataset/Mesh/Pot_A/Pot_A_Piece_02_Mesh.mtl')
[OBJ::Load::MTL parser] Error reading file: Pot_A_Piece_02_Mesh.mtl
[OBJ] 55814 points, 111434 faces
[OBJ] 334302 tex. coords, 55814 normals
[OBJ] Texture coordinates were defined but no material could be loaded!
[OBJ] 1 mesh loaded - 1 group(s)
[I/O] File 'Dataset/Mesh/Pot_A/P❌ CloudCompare sampling failed for piece 02
=== Sampling Pot_A_Piece_03 with Normals ===
[Global Shift] Max abs. coord = 1e+04 / max abs. diag = 1e+06
[ccColorScalesManager] Found 0 custom scale(s) in persistent settings
[Plugin] Searching: /apps/easybuild-2022/easybuild/software/MPI/GCC/11.3.0/OpenMPI/4.1.4/CloudCompare/2.12.4/lib/cloudcompare/plugins
	Plugin found: Additional I/O (libQADDITIONAL_IO_PLUGIN.so)
	Plugin found: CEA Virtual Broom (libQBROOM_PLUGIN.so)
	Plugin found: Compass (libQCOMPASS_PLUGIN.so)
	Plugin found: Core I/O (libQCORE_IO_PLUGIN.so)
	Plugin found: CSF Filter (libQCSF_PLUGIN.so)
	Plugin found: CSV Matrix I/O (libQCSV_MATRIX_IO_PLUGIN.so)
	Plugin found: EDL Shader (libQEDL_GL_PLUGIN.so)
	Plugin found: Facet/fracture detection (libQFACETS_PLUGIN.so)
	Plugin found: Hough Normals Computation (libQHOUGH_NORMALS_PLUGIN.so)
	Plugin found: Hidden Point Removal (libQHPR_PLUGIN.so)
	Plugin found: M3C2 Distance (libQM3C2_PLUGIN.so)
	Plugin found: PCV / ShadeVis (libQPCV_PLUGIN.so)
	Plugin found: Photoscan I/O (libQPHOTOSCAN_IO_PLUGIN.so)
	Plugin found: RANSAC Shape Detection (libQRANSAC_SD_PLUGIN.so)
	Plugin found: Surface of Revolution Analysis (libQSRA_PLUGIN.so)
	Plugin found: SSAO Shader (libQSSAO_GL_PLUGIN.so)
[Plugin] Searching: /home/zhuojiat/.local/share/CCCorp/CloudCompare/plugins
[Plugin] Searching: /apps/easybuild-2022/easybuild/software/MPI/GCC/11.3.0/OpenMPI/4.1.4/CloudCompare/2.12.4/share/CCCorp/CloudCompare/plugins
[Plugin] Searching: /apps/easybuild-2022/easybuild/software/Compiler/GCCcore/11.3.0/Eigen/3.4.0/share/CCCorp/CloudCompare/plugins
[Plugin] Searching: /apps/easybuild-2022/easybuild/software/MPI/GCC/11.3.0/OpenMPI/4.1.4/GDAL/3.5.0/share/CCCorp/CloudCompare/plugins
[Plugin] Searching: /apps/easybuild-2022/easybuild/software/Compiler/GCCcore/11.3.0/HDF/4.2.15/share/CCCorp/CloudCompare/plugins
[Plugin] Searching: /apps/easybuild-2022/easybuild/software/Compiler/GCCcore/11.3.0/libtirpc/1.3.2/share/CCCorp/CloudCompare/plugins
[Plugin] Searching: /apps/easybuild-2022/easybuild/software/Compiler/GCCcore/11.3.0/pybind11/2.9.2/share/CCCorp/CloudCompare/plugins
[Plugin] Searching: /apps/easybuild-2022/easybuild/software/Compiler/GCCcore/11.3.0/libgeotiff/1.7.1/share/CCCorp/CloudCompare/plugins
[Plugin] Searching: /apps/easybuild-2022/easybuild/software/Compiler/GCCcore/11.3.0/PROJ/9.0.0/share/CCCorp/CloudCompare/plugins
[Plugin] Searching: /apps/easybuild-2022/easybuild/software/Compiler/GCCcore/11.3.0/LibTIFF/4.3.0/share/CCCorp/CloudCompare/plugins
[Plugin] Searching: /apps/easybuild-2022/easybuild/software/MPI/GCC/11.3.0/OpenMPI/4.1.4/netCDF/4.9.0/share/CCCorp/CloudCompare/plugins
[Plugin] Searching: /apps/easybuild-2022/easybuild/software/Compiler/GCCcore/11.3.0/cURL/7.83.0/share/CCCorp/CloudCompare/plugins
[Plugin] Searching: /apps/easybuild-2022/easybuild/software/MPI/GCC/11.3.0/OpenMPI/4.1.4/HDF5/1.12.2/share/CCCorp/CloudCompare/plugins
[Plugin] Searching: /apps/easybuild-2022/easybuild/software/Compiler/GCCcore/11.3.0/Python/3.10.4/share/CCCorp/CloudCompare/plugins
[Plugin] Searching: /apps/easybuild-2022/easybuild/software/Compiler/GCCcore/11.3.0/GMP/6.2.1/share/CCCorp/CloudCompare/plugins
[Plugin] Searching: /apps/easybuild-2022/easybuild/software/Compiler/GCCcore/11.3.0/SQLite/3.38.3/share/CCCorp/CloudCompare/plugins
[Plugin] Searching: /apps/easybuild-2022/easybuild/software/Compiler/GCCcore/11.3.0/Tcl/8.6.12/share/CCCorp/CloudCompare/plugins
[Plugin] Searching: /apps/easybuild-2022/easybuild/software/Compiler/GCCcore/11.3.0/libreadline/8.1.2/share/CCCorp/CloudCompare/plugins
[Plugin] Searching: /apps/easybuild-2022/easybuild/software/Compiler/GCCcore/11.3.0/nodejs/16.15.1/share/CCCorp/CloudCompare/plugins
[Plugin] Searching: /apps/easybuild-2022/easybuild/software/Core/OpenSSL/1.1/share/CCCorp/CloudCompare/plugins
[Plugin] Searching: /apps/easybuild-2022/easybuild/software/Compiler/GCCcore/11.3.0/JasPer/2.0.33/share/CCCorp/CloudCompare/plugins
[Plugin] Searching: /apps/easybuild-2022/easybuild/software/Compiler/GCCcore/11.3.0/NSPR/4.34/share/CCCorp/CloudCompare/plugins
[Plugin] Searching: /apps/easybuild-2022/easybuild/software/Compiler/GCCcore/11.3.0/libjpeg-turbo/2.1.3/share/CCCorp/CloudCompare/plugins
[Plugin] Searching: /apps/easybuild-2022/easybuild/software/Compiler/GCCcore/11.3.0/NASM/2.15.05/share/CCCorp/CloudCompare/plugins
[Plugin] Searching: /apps/easybuild-2022/easybuild/software/Compiler/GCCcore/11.3.0/Mesa/22.0.3/share/CCCorp/CloudCompare/plugins
[Plugin] Searching: /apps/easybuild-2022/easybuild/software/Compiler/GCCcore/11.3.0/LLVM/14.0.3/share/CCCorp/CloudCompare/plugins
[Plugin] Searching: /apps/easybuild-2022/easybuild/software/Compiler/GCCcore/11.3.0/libdrm/2.4.110/share/CCCorp/CloudCompare/plugins
[Plugin] Searching: /apps/easybuild-2022/easybuild/software/Compiler/GCCcore/11.3.0/zstd/1.5.2/share/CCCorp/CloudCompare/plugins
[Plugin] Searching: /apps/easybuild-2022/easybuild/software/Compiler/GCCcore/11.3.0/lz4/1.9.3/share/CCCorp/CloudCompare/plugins
[Plugin] Searching: /apps/easybuild-2022/easybuild/software/Compiler/GCCcore/11.3.0/gzip/1.12/share/CCCorp/CloudCompare/plugins
[Plugin] Searching: /apps/easybuild-2022/easybuild/software/Compiler/GCCcore/11.3.0/DBus/1.14.0/share/CCCorp/CloudCompare/plugins
[Plugin] Searching: /apps/easybuild-2022/easybuild/software/Compiler/GCCcore/11.3.0/graphite2/1.3.14/share/CCCorp/CloudCompare/plugins
[Plugin] Searching: /apps/easybuild-2022/easybuild/software/Compiler/GCCcore/11.3.0/HarfBuzz/4.2.1/share/CCCorp/CloudCompare/plugins
[Plugin] Searching: /apps/easybuild-2022/easybuild/software/Compiler/GCCcore/11.3.0/cairo/1.17.4/share/CCCorp/CloudCompare/plugins
[Plugin] Searching: /apps/easybuild-2022/easybuild/software/Compiler/GCCcore/11.3.0/X11/20220504/share/CCCorp/CloudCompare/plugins
[Plugin] Searching: /apps/easybuild-2022/easybuild/software/Compiler/GCCcore/11.3.0/xorg-macros/1.19.3/share/CCCorp/CloudCompare/plugins
[Plugin] Searching: /apps/easybuild-2022/easybuild/software/Compiler/GCCcore/11.3.0/fontconfig/2.14.0/share/CCCorp/CloudCompare/plugins
[Plugin] Searching: /apps/easybuild-2022/easybuild/software/Compiler/GCCcore/11.3.0/expat/2.4.8/share/CCCorp/CloudCompare/plugins
[Plugin] Searching: /apps/easybuild-2022/easybuild/software/Compiler/GCCcore/11.3.0/freetype/2.12.1/share/CCCorp/CloudCompare/plugins
[Plugin] Searching: /apps/easybuild-2022/easybuild/software/Compiler/GCCcore/11.3.0/libpng/1.6.37/share/CCCorp/CloudCompare/plugins
[Plugin] Searching: /apps/easybuild-2022/easybuild/software/Compiler/GCCcore/11.3.0/PCRE2/10.40/share/CCCorp/CloudCompare/plugins
[Plugin] Searching: /apps/easybuild-2022/easybuild/software/Compiler/GCCcore/11.3.0/GLib/2.72.1/share/CCCorp/CloudCompare/plugins
[Plugin] Searching: /apps/easybuild-2022/easybuild/software/Compiler/GCCcore/11.3.0/util-linux/2.38/share/CCCorp/CloudCompare/plugins
[Plugin] Searching: /apps/easybuild-2022/easybuild/software/Compiler/GCCcore/11.3.0/PCRE/8.45/share/CCCorp/CloudCompare/plugins
[Plugin] Searching: /apps/easybuild-2022/easybuild/software/Compiler/GCCcore/11.3.0/gettext/0.21/share/CCCorp/CloudCompare/plugins
[Plugin] Searching: /apps/easybuild-2022/easybuild/software/Compiler/GCCcore/11.3.0/ncurses/6.3/share/CCCorp/CloudCompare/plugins
[Plugin] Searching: /apps/easybuild-2022/easybuild/software/Compiler/GCCcore/11.3.0/libffi/3.4.2/share/CCCorp/CloudCompare/plugins
[Plugin][Additional I/O] New file extensions registered: ICM OUT PN POLY POV PV SOI SX
[Plugin][Core I/O] New file extensions registered:  GEOREF MA OBJ OFF PDMS PTX SBF STL VTK
[Plugin][CSV Matrix I/O] New file extensions registered: CSV
[Plugin][Photoscan I/O] New file extensions registered: PSZ
Auto-save is disabled
[LOADING]
Opening file: 'Dataset/Mesh/Pot_A/Pot_A_Piece_03_Mesh.obj'
[OBJ] Dataset/Mesh/Pot_A/Pot_A_Piece_03_Mesh.obj
[OBJ] Material file: 18-0702-03-03.mtl
[OBJ] Failed to load material file! (should be in '/data/gpfs/projects/punim2657/sfs_preprocessing/Dataset/Mesh/Pot_A/18-0702-03-03.mtl')
[OBJ::Load::MTL parser] Error reading file: 18-0702-03-03.mtl
[OBJ] 41197 points, 82255 faces
[OBJ] 246765 tex. coords, 41197 normals
[OBJ] Texture coordinates were defined but no material could be loaded!
[OBJ] 1 mesh loaded - 1 group(s)
[I/O] File 'Dataset/Mesh/Pot_A/Pot_A_Piece_03_Mesh.❌ CloudCompare sampling failed for piece 03
=== Sampling Pot_A_Piece_04 with Normals ===
[Global Shift] Max abs. coord = 1e+04 / max abs. diag = 1e+06
[ccColorScalesManager] Found 0 custom scale(s) in persistent settings
[Plugin] Searching: /apps/easybuild-2022/easybuild/software/MPI/GCC/11.3.0/OpenMPI/4.1.4/CloudCompare/2.12.4/lib/cloudcompare/plugins
	Plugin found: Additional I/O (libQADDITIONAL_IO_PLUGIN.so)
	Plugin found: CEA Virtual Broom (libQBROOM_PLUGIN.so)
	Plugin found: Compass (libQCOMPASS_PLUGIN.so)
	Plugin found: Core I/O (libQCORE_IO_PLUGIN.so)
	Plugin found: CSF Filter (libQCSF_PLUGIN.so)
	Plugin found: CSV Matrix I/O (libQCSV_MATRIX_IO_PLUGIN.so)
	Plugin found: EDL Shader (libQEDL_GL_PLUGIN.so)
	Plugin found: Facet/fracture detection (libQFACETS_PLUGIN.so)
	Plugin found: Hough Normals Computation (libQHOUGH_NORMALS_PLUGIN.so)
	Plugin found: Hidden Point Removal (libQHPR_PLUGIN.so)
	Plugin found: M3C2 Distance (libQM3C2_PLUGIN.so)
	Plugin found: PCV / ShadeVis (libQPCV_PLUGIN.so)
	Plugin found: Photoscan I/O (libQPHOTOSCAN_IO_PLUGIN.so)
	Plugin found: RANSAC Shape Detection (libQRANSAC_SD_PLUGIN.so)
	Plugin found: Surface of Revolution Analysis (libQSRA_PLUGIN.so)
	Plugin found: SSAO Shader (libQSSAO_GL_PLUGIN.so)
[Plugin] Searching: /home/zhuojiat/.local/share/CCCorp/CloudCompare/plugins
[Plugin] Searching: /apps/easybuild-2022/easybuild/software/MPI/GCC/11.3.0/OpenMPI/4.1.4/CloudCompare/2.12.4/share/CCCorp/CloudCompare/plugins
[Plugin] Searching: /apps/easybuild-2022/easybuild/software/Compiler/GCCcore/11.3.0/Eigen/3.4.0/share/CCCorp/CloudCompare/plugins
[Plugin] Searching: /apps/easybuild-2022/easybuild/software/MPI/GCC/11.3.0/OpenMPI/4.1.4/GDAL/3.5.0/share/CCCorp/CloudCompare/plugins
[Plugin] Searching: /apps/easybuild-2022/easybuild/software/Compiler/GCCcore/11.3.0/HDF/4.2.15/share/CCCorp/CloudCompare/plugins
[Plugin] Searching: /apps/easybuild-2022/easybuild/software/Compiler/GCCcore/11.3.0/libtirpc/1.3.2/share/CCCorp/CloudCompare/plugins
[Plugin] Searching: /apps/easybuild-2022/easybuild/software/Compiler/GCCcore/11.3.0/pybind11/2.9.2/share/CCCorp/CloudCompare/plugins
[Plugin] Searching: /apps/easybuild-2022/easybuild/software/Compiler/GCCcore/11.3.0/libgeotiff/1.7.1/share/CCCorp/CloudCompare/plugins
[Plugin] Searching: /apps/easybuild-2022/easybuild/software/Compiler/GCCcore/11.3.0/PROJ/9.0.0/share/CCCorp/CloudCompare/plugins
[Plugin] Searching: /apps/easybuild-2022/easybuild/software/Compiler/GCCcore/11.3.0/LibTIFF/4.3.0/share/CCCorp/CloudCompare/plugins
[Plugin] Searching: /apps/easybuild-2022/easybuild/software/MPI/GCC/11.3.0/OpenMPI/4.1.4/netCDF/4.9.0/share/CCCorp/CloudCompare/plugins
[Plugin] Searching: /apps/easybuild-2022/easybuild/software/Compiler/GCCcore/11.3.0/cURL/7.83.0/share/CCCorp/CloudCompare/plugins
[Plugin] Searching: /apps/easybuild-2022/easybuild/software/MPI/GCC/11.3.0/OpenMPI/4.1.4/HDF5/1.12.2/share/CCCorp/CloudCompare/plugins
[Plugin] Searching: /apps/easybuild-2022/easybuild/software/Compiler/GCCcore/11.3.0/Python/3.10.4/share/CCCorp/CloudCompare/plugins
[Plugin] Searching: /apps/easybuild-2022/easybuild/software/Compiler/GCCcore/11.3.0/GMP/6.2.1/share/CCCorp/CloudCompare/plugins
[Plugin] Searching: /apps/easybuild-2022/easybuild/software/Compiler/GCCcore/11.3.0/SQLite/3.38.3/share/CCCorp/CloudCompare/plugins
[Plugin] Searching: /apps/easybuild-2022/easybuild/software/Compiler/GCCcore/11.3.0/Tcl/8.6.12/share/CCCorp/CloudCompare/plugins
[Plugin] Searching: /apps/easybuild-2022/easybuild/software/Compiler/GCCcore/11.3.0/libreadline/8.1.2/share/CCCorp/CloudCompare/plugins
[Plugin] Searching: /apps/easybuild-2022/easybuild/software/Compiler/GCCcore/11.3.0/nodejs/16.15.1/share/CCCorp/CloudCompare/plugins
[Plugin] Searching: /apps/easybuild-2022/easybuild/software/Core/OpenSSL/1.1/share/CCCorp/CloudCompare/plugins
[Plugin] Searching: /apps/easybuild-2022/easybuild/software/Compiler/GCCcore/11.3.0/JasPer/2.0.33/share/CCCorp/CloudCompare/plugins
[Plugin] Searching: /apps/easybuild-2022/easybuild/software/Compiler/GCCcore/11.3.0/NSPR/4.34/share/CCCorp/CloudCompare/plugins
[Plugin] Searching: /apps/easybuild-2022/easybuild/software/Compiler/GCCcore/11.3.0/libjpeg-turbo/2.1.3/share/CCCorp/CloudCompare/plugins
[Plugin] Searching: /apps/easybuild-2022/easybuild/software/Compiler/GCCcore/11.3.0/NASM/2.15.05/share/CCCorp/CloudCompare/plugins
[Plugin] Searching: /apps/easybuild-2022/easybuild/software/Compiler/GCCcore/11.3.0/Mesa/22.0.3/share/CCCorp/CloudCompare/plugins
[Plugin] Searching: /apps/easybuild-2022/easybuild/software/Compiler/GCCcore/11.3.0/LLVM/14.0.3/share/CCCorp/CloudCompare/plugins
[Plugin] Searching: /apps/easybuild-2022/easybuild/software/Compiler/GCCcore/11.3.0/libdrm/2.4.110/share/CCCorp/CloudCompare/plugins
[Plugin] Searching: /apps/easybuild-2022/easybuild/software/Compiler/GCCcore/11.3.0/zstd/1.5.2/share/CCCorp/CloudCompare/plugins
[Plugin] Searching: /apps/easybuild-2022/easybuild/software/Compiler/GCCcore/11.3.0/lz4/1.9.3/share/CCCorp/CloudCompare/plugins
[Plugin] Searching: /apps/easybuild-2022/easybuild/software/Compiler/GCCcore/11.3.0/gzip/1.12/share/CCCorp/CloudCompare/plugins
[Plugin] Searching: /apps/easybuild-2022/easybuild/software/Compiler/GCCcore/11.3.0/DBus/1.14.0/share/CCCorp/CloudCompare/plugins
[Plugin] Searching: /apps/easybuild-2022/easybuild/software/Compiler/GCCcore/11.3.0/graphite2/1.3.14/share/CCCorp/CloudCompare/plugins
[Plugin] Searching: /apps/easybuild-2022/easybuild/software/Compiler/GCCcore/11.3.0/HarfBuzz/4.2.1/share/CCCorp/CloudCompare/plugins
[Plugin] Searching: /apps/easybuild-2022/easybuild/software/Compiler/GCCcore/11.3.0/cairo/1.17.4/share/CCCorp/CloudCompare/plugins
[Plugin] Searching: /apps/easybuild-2022/easybuild/software/Compiler/GCCcore/11.3.0/X11/20220504/share/CCCorp/CloudCompare/plugins
[Plugin] Searching: /apps/easybuild-2022/easybuild/software/Compiler/GCCcore/11.3.0/xorg-macros/1.19.3/share/CCCorp/CloudCompare/plugins
[Plugin] Searching: /apps/easybuild-2022/easybuild/software/Compiler/GCCcore/11.3.0/fontconfig/2.14.0/share/CCCorp/CloudCompare/plugins
[Plugin] Searching: /apps/easybuild-2022/easybuild/software/Compiler/GCCcore/11.3.0/expat/2.4.8/share/CCCorp/CloudCompare/plugins
[Plugin] Searching: /apps/easybuild-2022/easybuild/software/Compiler/GCCcore/11.3.0/freetype/2.12.1/share/CCCorp/CloudCompare/plugins
[Plugin] Searching: /apps/easybuild-2022/easybuild/software/Compiler/GCCcore/11.3.0/libpng/1.6.37/share/CCCorp/CloudCompare/plugins
[Plugin] Searching: /apps/easybuild-2022/easybuild/software/Compiler/GCCcore/11.3.0/PCRE2/10.40/share/CCCorp/CloudCompare/plugins
[Plugin] Searching: /apps/easybuild-2022/easybuild/software/Compiler/GCCcore/11.3.0/GLib/2.72.1/share/CCCorp/CloudCompare/plugins
[Plugin] Searching: /apps/easybuild-2022/easybuild/software/Compiler/GCCcore/11.3.0/util-linux/2.38/share/CCCorp/CloudCompare/plugins
[Plugin] Searching: /apps/easybuild-2022/easybuild/software/Compiler/GCCcore/11.3.0/PCRE/8.45/share/CCCorp/CloudCompare/plugins
[Plugin] Searching: /apps/easybuild-2022/easybuild/software/Compiler/GCCcore/11.3.0/gettext/0.21/share/CCCorp/CloudCompare/plugins
[Plugin] Searching: /apps/easybuild-2022/easybuild/software/Compiler/GCCcore/11.3.0/ncurses/6.3/share/CCCorp/CloudCompare/plugins
[Plugin] Searching: /apps/easybuild-2022/easybuild/software/Compiler/GCCcore/11.3.0/libffi/3.4.2/share/CCCorp/CloudCompare/plugins
[Plugin][Additional I/O] New file extensions registered: ICM OUT PN POLY POV PV SOI SX
[Plugin][Core I/O] New file extensions registered:  GEOREF MA OBJ OFF PDMS PTX SBF STL VTK
[Plugin][CSV Matrix I/O] New file extensions registered: CSV
[Plugin][Photoscan I/O] New file extensions registered: PSZ
Auto-save is disabled
[LOADING]
Opening file: 'Dataset/Mesh/Pot_A/Pot_A_Piece_04_Mesh.obj'
[OBJ] Dataset/Mesh/Pot_A/Pot_A_Piece_04_Mesh.obj
[OBJ] Material file: 18-0702-03-04.mtl
[OBJ] Failed to load material file! (should be in '/data/gpfs/projects/punim2657/sfs_preprocessing/Dataset/Mesh/Pot_A/18-0702-03-04.mtl')
[OBJ::Load::MTL parser] Error reading file: 18-0702-03-04.mtl
[OBJ] 33475 points, 66940 faces
[OBJ] 200820 tex. coords, 33475 normals
[OBJ] Texture coordinates were defined but no material could be loaded!
[OBJ] 1 mesh loaded - 1 group(s)
[I/O] File 'Dataset/Mesh/Pot_A/Pot_A_Piece_04_Mesh.❌ CloudCompare sampling failed for piece 04
=== Sampling Pot_A_Piece_05 with Normals ===
[Global Shift] Max abs. coord = 1e+04 / max abs. diag = 1e+06
[ccColorScalesManager] Found 0 custom scale(s) in persistent settings
[Plugin] Searching: /apps/easybuild-2022/easybuild/software/MPI/GCC/11.3.0/OpenMPI/4.1.4/CloudCompare/2.12.4/lib/cloudcompare/plugins
	Plugin found: Additional I/O (libQADDITIONAL_IO_PLUGIN.so)
	Plugin found: CEA Virtual Broom (libQBROOM_PLUGIN.so)
	Plugin found: Compass (libQCOMPASS_PLUGIN.so)
	Plugin found: Core I/O (libQCORE_IO_PLUGIN.so)
	Plugin found: CSF Filter (libQCSF_PLUGIN.so)
	Plugin found: CSV Matrix I/O (libQCSV_MATRIX_IO_PLUGIN.so)
	Plugin found: EDL Shader (libQEDL_GL_PLUGIN.so)
	Plugin found: Facet/fracture detection (libQFACETS_PLUGIN.so)
	Plugin found: Hough Normals Computation (libQHOUGH_NORMALS_PLUGIN.so)
	Plugin found: Hidden Point Removal (libQHPR_PLUGIN.so)
	Plugin found: M3C2 Distance (libQM3C2_PLUGIN.so)
	Plugin found: PCV / ShadeVis (libQPCV_PLUGIN.so)
	Plugin found: Photoscan I/O (libQPHOTOSCAN_IO_PLUGIN.so)
	Plugin found: RANSAC Shape Detection (libQRANSAC_SD_PLUGIN.so)
	Plugin found: Surface of Revolution Analysis (libQSRA_PLUGIN.so)
	Plugin found: SSAO Shader (libQSSAO_GL_PLUGIN.so)
[Plugin] Searching: /home/zhuojiat/.local/share/CCCorp/CloudCompare/plugins
[Plugin] Searching: /apps/easybuild-2022/easybuild/software/MPI/GCC/11.3.0/OpenMPI/4.1.4/CloudCompare/2.12.4/share/CCCorp/CloudCompare/plugins
[Plugin] Searching: /apps/easybuild-2022/easybuild/software/Compiler/GCCcore/11.3.0/Eigen/3.4.0/share/CCCorp/CloudCompare/plugins
[Plugin] Searching: /apps/easybuild-2022/easybuild/software/MPI/GCC/11.3.0/OpenMPI/4.1.4/GDAL/3.5.0/share/CCCorp/CloudCompare/plugins
[Plugin] Searching: /apps/easybuild-2022/easybuild/software/Compiler/GCCcore/11.3.0/HDF/4.2.15/share/CCCorp/CloudCompare/plugins
[Plugin] Searching: /apps/easybuild-2022/easybuild/software/Compiler/GCCcore/11.3.0/libtirpc/1.3.2/share/CCCorp/CloudCompare/plugins
[Plugin] Searching: /apps/easybuild-2022/easybuild/software/Compiler/GCCcore/11.3.0/pybind11/2.9.2/share/CCCorp/CloudCompare/plugins
[Plugin] Searching: /apps/easybuild-2022/easybuild/software/Compiler/GCCcore/11.3.0/libgeotiff/1.7.1/share/CCCorp/CloudCompare/plugins
[Plugin] Searching: /apps/easybuild-2022/easybuild/software/Compiler/GCCcore/11.3.0/PROJ/9.0.0/share/CCCorp/CloudCompare/plugins
[Plugin] Searching: /apps/easybuild-2022/easybuild/software/Compiler/GCCcore/11.3.0/LibTIFF/4.3.0/share/CCCorp/CloudCompare/plugins
[Plugin] Searching: /apps/easybuild-2022/easybuild/software/MPI/GCC/11.3.0/OpenMPI/4.1.4/netCDF/4.9.0/share/CCCorp/CloudCompare/plugins
[Plugin] Searching: /apps/easybuild-2022/easybuild/software/Compiler/GCCcore/11.3.0/cURL/7.83.0/share/CCCorp/CloudCompare/plugins
[Plugin] Searching: /apps/easybuild-2022/easybuild/software/MPI/GCC/11.3.0/OpenMPI/4.1.4/HDF5/1.12.2/share/CCCorp/CloudCompare/plugins
[Plugin] Searching: /apps/easybuild-2022/easybuild/software/Compiler/GCCcore/11.3.0/Python/3.10.4/share/CCCorp/CloudCompare/plugins
[Plugin] Searching: /apps/easybuild-2022/easybuild/software/Compiler/GCCcore/11.3.0/GMP/6.2.1/share/CCCorp/CloudCompare/plugins
[Plugin] Searching: /apps/easybuild-2022/easybuild/software/Compiler/GCCcore/11.3.0/SQLite/3.38.3/share/CCCorp/CloudCompare/plugins
[Plugin] Searching: /apps/easybuild-2022/easybuild/software/Compiler/GCCcore/11.3.0/Tcl/8.6.12/share/CCCorp/CloudCompare/plugins
[Plugin] Searching: /apps/easybuild-2022/easybuild/software/Compiler/GCCcore/11.3.0/libreadline/8.1.2/share/CCCorp/CloudCompare/plugins
[Plugin] Searching: /apps/easybuild-2022/easybuild/software/Compiler/GCCcore/11.3.0/nodejs/16.15.1/share/CCCorp/CloudCompare/plugins
[Plugin] Searching: /apps/easybuild-2022/easybuild/software/Core/OpenSSL/1.1/share/CCCorp/CloudCompare/plugins
[Plugin] Searching: /apps/easybuild-2022/easybuild/software/Compiler/GCCcore/11.3.0/JasPer/2.0.33/share/CCCorp/CloudCompare/plugins
[Plugin] Searching: /apps/easybuild-2022/easybuild/software/Compiler/GCCcore/11.3.0/NSPR/4.34/share/CCCorp/CloudCompare/plugins
[Plugin] Searching: /apps/easybuild-2022/easybuild/software/Compiler/GCCcore/11.3.0/libjpeg-turbo/2.1.3/share/CCCorp/CloudCompare/plugins
[Plugin] Searching: /apps/easybuild-2022/easybuild/software/Compiler/GCCcore/11.3.0/NASM/2.15.05/share/CCCorp/CloudCompare/plugins
[Plugin] Searching: /apps/easybuild-2022/easybuild/software/Compiler/GCCcore/11.3.0/Mesa/22.0.3/share/CCCorp/CloudCompare/plugins
[Plugin] Searching: /apps/easybuild-2022/easybuild/software/Compiler/GCCcore/11.3.0/LLVM/14.0.3/share/CCCorp/CloudCompare/plugins
[Plugin] Searching: /apps/easybuild-2022/easybuild/software/Compiler/GCCcore/11.3.0/libdrm/2.4.110/share/CCCorp/CloudCompare/plugins
[Plugin] Searching: /apps/easybuild-2022/easybuild/software/Compiler/GCCcore/11.3.0/zstd/1.5.2/share/CCCorp/CloudCompare/plugins
[Plugin] Searching: /apps/easybuild-2022/easybuild/software/Compiler/GCCcore/11.3.0/lz4/1.9.3/share/CCCorp/CloudCompare/plugins
[Plugin] Searching: /apps/easybuild-2022/easybuild/software/Compiler/GCCcore/11.3.0/gzip/1.12/share/CCCorp/CloudCompare/plugins
[Plugin] Searching: /apps/easybuild-2022/easybuild/software/Compiler/GCCcore/11.3.0/DBus/1.14.0/share/CCCorp/CloudCompare/plugins
[Plugin] Searching: /apps/easybuild-2022/easybuild/software/Compiler/GCCcore/11.3.0/graphite2/1.3.14/share/CCCorp/CloudCompare/plugins
[Plugin] Searching: /apps/easybuild-2022/easybuild/software/Compiler/GCCcore/11.3.0/HarfBuzz/4.2.1/share/CCCorp/CloudCompare/plugins
[Plugin] Searching: /apps/easybuild-2022/easybuild/software/Compiler/GCCcore/11.3.0/cairo/1.17.4/share/CCCorp/CloudCompare/plugins
[Plugin] Searching: /apps/easybuild-2022/easybuild/software/Compiler/GCCcore/11.3.0/X11/20220504/share/CCCorp/CloudCompare/plugins
[Plugin] Searching: /apps/easybuild-2022/easybuild/software/Compiler/GCCcore/11.3.0/xorg-macros/1.19.3/share/CCCorp/CloudCompare/plugins
[Plugin] Searching: /apps/easybuild-2022/easybuild/software/Compiler/GCCcore/11.3.0/fontconfig/2.14.0/share/CCCorp/CloudCompare/plugins
[Plugin] Searching: /apps/easybuild-2022/easybuild/software/Compiler/GCCcore/11.3.0/expat/2.4.8/share/CCCorp/CloudCompare/plugins
[Plugin] Searching: /apps/easybuild-2022/easybuild/software/Compiler/GCCcore/11.3.0/freetype/2.12.1/share/CCCorp/CloudCompare/plugins
[Plugin] Searching: /apps/easybuild-2022/easybuild/software/Compiler/GCCcore/11.3.0/libpng/1.6.37/share/CCCorp/CloudCompare/plugins
[Plugin] Searching: /apps/easybuild-2022/easybuild/software/Compiler/GCCcore/11.3.0/PCRE2/10.40/share/CCCorp/CloudCompare/plugins
[Plugin] Searching: /apps/easybuild-2022/easybuild/software/Compiler/GCCcore/11.3.0/GLib/2.72.1/share/CCCorp/CloudCompare/plugins
[Plugin] Searching: /apps/easybuild-2022/easybuild/software/Compiler/GCCcore/11.3.0/util-linux/2.38/share/CCCorp/CloudCompare/plugins
[Plugin] Searching: /apps/easybuild-2022/easybuild/software/Compiler/GCCcore/11.3.0/PCRE/8.45/share/CCCorp/CloudCompare/plugins
[Plugin] Searching: /apps/easybuild-2022/easybuild/software/Compiler/GCCcore/11.3.0/gettext/0.21/share/CCCorp/CloudCompare/plugins
[Plugin] Searching: /apps/easybuild-2022/easybuild/software/Compiler/GCCcore/11.3.0/ncurses/6.3/share/CCCorp/CloudCompare/plugins
[Plugin] Searching: /apps/easybuild-2022/easybuild/software/Compiler/GCCcore/11.3.0/libffi/3.4.2/share/CCCorp/CloudCompare/plugins
[Plugin][Additional I/O] New file extensions registered: ICM OUT PN POLY POV PV SOI SX
[Plugin][Core I/O] New file extensions registered:  GEOREF MA OBJ OFF PDMS PTX SBF STL VTK
[Plugin][CSV Matrix I/O] New file extensions registered: CSV
[Plugin][Photoscan I/O] New file extensions registered: PSZ
Auto-save is disabled
[LOADING]
Opening file: 'Dataset/Mesh/Pot_A/Pot_A_Piece_05_Mesh.obj'
[OBJ] Dataset/Mesh/Pot_A/Pot_A_Piece_05_Mesh.obj
[OBJ] Material file: 18-0702-03-05.mtl
[OBJ] Failed to load material file! (should be in '/data/gpfs/projects/punim2657/sfs_preprocessing/Dataset/Mesh/Pot_A/18-0702-03-05.mtl')
[OBJ::Load::MTL parser] Error reading file: 18-0702-03-05.mtl
[OBJ] 34168 points, 68332 faces
[OBJ] 204996 tex. coords, 34168 normals
[OBJ] Texture coordinates were defined but no material could be loaded!
[OBJ] 1 mesh loaded - 1 group(s)
[I/O] File 'Dataset/Mesh/Pot_A/Pot_A_Piece_05_Mesh.Sep  1 13:00:29 spartan-bm166 kernel: Memory cgroup stats for /system.slice/slurmstepd.scope/job_15078000:
Sep  1 13:00:30 spartan-bm166 kernel: oom-kill:constraint=CONSTRAINT_MEMCG,nodemask=(null),cpuset=task_0,mems_allowed=0-3,oom_memcg=/system.slice/slurmstepd.scope/job_15078000,task_memcg=/system.slice/slurmstepd.scope/job_15078000/step_batch/user/task_0,task=CloudCompare,pid=117125,uid=18130
Sep  1 13:00:30 spartan-bm166 kernel: Memory cgroup out of memory: Killed process 117125 (CloudCompare) total-vm:68110648kB, anon-rss:16735500kB, file-rss:54272kB, shmem-rss:0kB, UID:18130 pgtables:33268kB oom_score_adj:0
Sep  1 13:01:04 spartan-bm166 kernel: Memory cgroup stats for /system.slice/slurmstepd.scope/job_15078000:
Sep  1 13:01:04 spartan-bm166 kernel: oom-kill:constraint=CONSTRAINT_MEMCG,nodemask=(null),cpuset=task_0,mems_allowed=0-3,oom_memcg=/system.slice/slurmstepd.scope/job_15078000,task_memcg=/system.slice/slurmstepd.scope/job_15078000/step_batch/user/task_0,task=CloudCompare,pid=118980,uid=18130
Sep  1 13:01:04 spartan-bm166 kernel: Memory cgroup out of memory: Killed process 118980 (CloudCompare) total-vm:68103124kB, anon-rss:16735112kB, file-rss:53248kB, shmem-rss:0kB, UID:18130 pgtables:33256kB oom_score_adj:0
Sep  1 13:01:38 spartan-bm166 kernel: Memory cgroup stats for /system.slice/slurmstepd.scope/job_15078000:
Sep  1 13:01:38 spartan-bm166 kernel: oom-kill:constraint=CONSTRAINT_MEMCG,nodemask=(null),cpuset=task_0,mems_allowed=0-3,oom_memcg=/system.slice/slurmstepd.scope/job_15078000,task_memcg=/system.slice/slurmstepd.scope/job_15078000/step_batch/user/task_0,task=CloudCompare,pid=120749,uid=18130
Sep  1 13:01:38 spartan-bm166 kernel: Memory cgroup out of memory: Killed process 120749 (CloudCompare) total-vm:68102868kB, anon-rss:16734552kB, file-rss:54272kB, shmem-rss:0kB, UID:18130 pgtables:33264kB oom_score_adj:0
Sep  1 13:02:16 spartan-bm166 kernel: Memory cgroup stats for /system.slice/slurmstepd.scope/job_15078000:
Sep  1 13:02:16 spartan-bm166 kernel: oom-kill:constraint=CONSTRAINT_MEMCG,nodemask=(null),cpuset=task_0,mems_allowed=0-3,oom_memcg=/system.slice/slurmstepd.scope/job_15078000,task_memcg=/system.slice/slurmstepd.scope/job_15078000/step_batch/user/task_0,task=CloudCompare,pid=121934,uid=18130
Sep  1 13:02:16 spartan-bm166 kernel: Memory cgroup out of memory: Killed process 121934 (CloudCompare) total-vm:68101148kB, anon-rss:16735080kB, file-rss:55296kB, shmem-rss:0kB, UID:18130 pgtables:33268kB oom_score_adj:0
