
The following have been reloaded with a version change:
  1) OpenSSL/3 => OpenSSL/1.1     2) nodejs/20.13.1 => nodejs/16.15.1

QSocketNotifier: Can only be used with threads started with QThread
QStandardPaths: XDG_RUNTIME_DIR not set, defaulting to '/tmp/runtime-zhuojiat'
/var/spool/slurm/job15098402/slurm_script: line 20: 211286 Killed                  timeout 120 /apps/easybuild-2022/easybuild/software/MPI/GCC/11.3.0/OpenMPI/4.1.4/CloudCompare/2.12.4/bin/CloudCompare -SILENT -AUTO_SAVE OFF -O NURBS_Dataset_20250831/SfS_pp/Mesh/Pot_A_Piece_${piece}_Mesh.obj -SAMPLE_MESH DENSITY 500000 -C_EXPORT_FMT ASC -SAVE_CLOUDS FILE "Pot_A_Piece_${piece}_Mesh_SAMPLED_POINTS.asc"
QSocketNotifier: Can only be used with threads started with QThread
QStandardPaths: XDG_RUNTIME_DIR not set, defaulting to '/tmp/runtime-zhuojiat'
/var/spool/slurm/job15098402/slurm_script: line 20: 212245 Killed                  timeout 120 /apps/easybuild-2022/easybuild/software/MPI/GCC/11.3.0/OpenMPI/4.1.4/CloudCompare/2.12.4/bin/CloudCompare -SILENT -AUTO_SAVE OFF -O NURBS_Dataset_20250831/SfS_pp/Mesh/Pot_A_Piece_${piece}_Mesh.obj -SAMPLE_MESH DENSITY 500000 -C_EXPORT_FMT ASC -SAVE_CLOUDS FILE "Pot_A_Piece_${piece}_Mesh_SAMPLED_POINTS.asc"
QSocketNotifier: Can only be used with threads started with QThread
QStandardPaths: XDG_RUNTIME_DIR not set, defaulting to '/tmp/runtime-zhuojiat'
/var/spool/slurm/job15098402/slurm_script: line 20: 212954 Killed                  timeout 120 /apps/easybuild-2022/easybuild/software/MPI/GCC/11.3.0/OpenMPI/4.1.4/CloudCompare/2.12.4/bin/CloudCompare -SILENT -AUTO_SAVE OFF -O NURBS_Dataset_20250831/SfS_pp/Mesh/Pot_A_Piece_${piece}_Mesh.obj -SAMPLE_MESH DENSITY 500000 -C_EXPORT_FMT ASC -SAVE_CLOUDS FILE "Pot_A_Piece_${piece}_Mesh_SAMPLED_POINTS.asc"
QSocketNotifier: Can only be used with threads started with QThread
QStandardPaths: XDG_RUNTIME_DIR not set, defaulting to '/tmp/runtime-zhuojiat'
/var/spool/slurm/job15098402/slurm_script: line 20: 213638 Killed                  timeout 120 /apps/easybuild-2022/easybuild/software/MPI/GCC/11.3.0/OpenMPI/4.1.4/CloudCompare/2.12.4/bin/CloudCompare -SILENT -AUTO_SAVE OFF -O NURBS_Dataset_20250831/SfS_pp/Mesh/Pot_A_Piece_${piece}_Mesh.obj -SAMPLE_MESH DENSITY 500000 -C_EXPORT_FMT ASC -SAVE_CLOUDS FILE "Pot_A_Piece_${piece}_Mesh_SAMPLED_POINTS.asc"
QSocketNotifier: Can only be used with threads started with QThread
QStandardPaths: XDG_RUNTIME_DIR not set, defaulting to '/tmp/runtime-zhuojiat'
/var/spool/slurm/job15098402/slurm_script: line 20: 214375 Killed                  timeout 120 /apps/easybuild-2022/easybuild/software/MPI/GCC/11.3.0/OpenMPI/4.1.4/CloudCompare/2.12.4/bin/CloudCompare -SILENT -AUTO_SAVE OFF -O NURBS_Dataset_20250831/SfS_pp/Mesh/Pot_A_Piece_${piece}_Mesh.obj -SAMPLE_MESH DENSITY 500000 -C_EXPORT_FMT ASC -SAVE_CLOUDS FILE "Pot_A_Piece_${piece}_Mesh_SAMPLED_POINTS.asc"
QSocketNotifier: Can only be used with threads started with QThread
QStandardPaths: XDG_RUNTIME_DIR not set, defaulting to '/tmp/runtime-zhuojiat'
/var/spool/slurm/job15098402/slurm_script: line 20: 215031 Killed                  timeout 120 /apps/easybuild-2022/easybuild/software/MPI/GCC/11.3.0/OpenMPI/4.1.4/CloudCompare/2.12.4/bin/CloudCompare -SILENT -AUTO_SAVE OFF -O NURBS_Dataset_20250831/SfS_pp/Mesh/Pot_A_Piece_${piece}_Mesh.obj -SAMPLE_MESH DENSITY 500000 -C_EXPORT_FMT ASC -SAVE_CLOUDS FILE "Pot_A_Piece_${piece}_Mesh_SAMPLED_POINTS.asc"
QSocketNotifier: Can only be used with threads started with QThread
QStandardPaths: XDG_RUNTIME_DIR not set, defaulting to '/tmp/runtime-zhuojiat'
/var/spool/slurm/job15098402/slurm_script: line 20: 215755 Killed                  timeout 120 /apps/easybuild-2022/easybuild/software/MPI/GCC/11.3.0/OpenMPI/4.1.4/CloudCompare/2.12.4/bin/CloudCompare -SILENT -AUTO_SAVE OFF -O NURBS_Dataset_20250831/SfS_pp/Mesh/Pot_A_Piece_${piece}_Mesh.obj -SAMPLE_MESH DENSITY 500000 -C_EXPORT_FMT ASC -SAVE_CLOUDS FILE "Pot_A_Piece_${piece}_Mesh_SAMPLED_POINTS.asc"
QSocketNotifier: Can only be used with threads started with QThread
QStandardPaths: XDG_RUNTIME_DIR not set, defaulting to '/tmp/runtime-zhuojiat'
/var/spool/slurm/job15098402/slurm_script: line 20: 216414 Killed                  timeout 120 /apps/easybuild-2022/easybuild/software/MPI/GCC/11.3.0/OpenMPI/4.1.4/CloudCompare/2.12.4/bin/CloudCompare -SILENT -AUTO_SAVE OFF -O NURBS_Dataset_20250831/SfS_pp/Mesh/Pot_A_Piece_${piece}_Mesh.obj -SAMPLE_MESH DENSITY 500000 -C_EXPORT_FMT ASC -SAVE_CLOUDS FILE "Pot_A_Piece_${piece}_Mesh_SAMPLED_POINTS.asc"
slurmstepd: error: Detected 8 oom_kill events in StepId=15098402.batch. Some of the step tasks have been OOM Killed.
