
The following have been reloaded with a version change:
  1) OpenSSL/3 => OpenSSL/1.1     2) nodejs/20.13.1 => nodejs/16.15.1

QSocketNotifier: Can only be used with threads started with QThread
QStandardPaths: XDG_RUNTIME_DIR not set, defaulting to '/tmp/runtime-zhuojiat'
/var/spool/slurm/job15006371/slurm_script: line 20: 136262 Killed                  /apps/easybuild-2022/easybuild/software/MPI/GCC/11.3.0/OpenMPI/4.1.4/CloudCompare/2.12.4/bin/CloudCompare -SILENT -AUTO_SAVE OFF -O Dataset/Mesh/Pot_A/Pot_A_Piece_${piece}_Mesh.obj -SAMPLE_MESH DENSITY 500000 -C_EXPORT_FMT PCD -SAVE_CLOUDS FILE "cloudcompare_piece${piece}_sampled.pcd"
QSocketNotifier: Can only be used with threads started with QThread
QStandardPaths: XDG_RUNTIME_DIR not set, defaulting to '/tmp/runtime-zhuojiat'
/var/spool/slurm/job15006371/slurm_script: line 20: 137637 Killed                  /apps/easybuild-2022/easybuild/software/MPI/GCC/11.3.0/OpenMPI/4.1.4/CloudCompare/2.12.4/bin/CloudCompare -SILENT -AUTO_SAVE OFF -O Dataset/Mesh/Pot_A/Pot_A_Piece_${piece}_Mesh.obj -SAMPLE_MESH DENSITY 500000 -C_EXPORT_FMT PCD -SAVE_CLOUDS FILE "cloudcompare_piece${piece}_sampled.pcd"
QSocketNotifier: Can only be used with threads started with QThread
QStandardPaths: XDG_RUNTIME_DIR not set, defaulting to '/tmp/runtime-zhuojiat'
/var/spool/slurm/job15006371/slurm_script: line 20: 141078 Killed                  /apps/easybuild-2022/easybuild/software/MPI/GCC/11.3.0/OpenMPI/4.1.4/CloudCompare/2.12.4/bin/CloudCompare -SILENT -AUTO_SAVE OFF -O Dataset/Mesh/Pot_A/Pot_A_Piece_${piece}_Mesh.obj -SAMPLE_MESH DENSITY 500000 -C_EXPORT_FMT PCD -SAVE_CLOUDS FILE "cloudcompare_piece${piece}_sampled.pcd"
QSocketNotifier: Can only be used with threads started with QThread
QStandardPaths: XDG_RUNTIME_DIR not set, defaulting to '/tmp/runtime-zhuojiat'
/var/spool/slurm/job15006371/slurm_script: line 20: 141908 Killed                  /apps/easybuild-2022/easybuild/software/MPI/GCC/11.3.0/OpenMPI/4.1.4/CloudCompare/2.12.4/bin/CloudCompare -SILENT -AUTO_SAVE OFF -O Dataset/Mesh/Pot_A/Pot_A_Piece_${piece}_Mesh.obj -SAMPLE_MESH DENSITY 500000 -C_EXPORT_FMT PCD -SAVE_CLOUDS FILE "cloudcompare_piece${piece}_sampled.pcd"
QSocketNotifier: Can only be used with threads started with QThread
QStandardPaths: XDG_RUNTIME_DIR not set, defaulting to '/tmp/runtime-zhuojiat'
/var/spool/slurm/job15006371/slurm_script: line 20: 142717 Killed                  /apps/easybuild-2022/easybuild/software/MPI/GCC/11.3.0/OpenMPI/4.1.4/CloudCompare/2.12.4/bin/CloudCompare -SILENT -AUTO_SAVE OFF -O Dataset/Mesh/Pot_A/Pot_A_Piece_${piece}_Mesh.obj -SAMPLE_MESH DENSITY 500000 -C_EXPORT_FMT PCD -SAVE_CLOUDS FILE "cloudcompare_piece${piece}_sampled.pcd"
QSocketNotifier: Can only be used with threads started with QThread
QStandardPaths: XDG_RUNTIME_DIR not set, defaulting to '/tmp/runtime-zhuojiat'
/var/spool/slurm/job15006371/slurm_script: line 20: 143448 Killed                  /apps/easybuild-2022/easybuild/software/MPI/GCC/11.3.0/OpenMPI/4.1.4/CloudCompare/2.12.4/bin/CloudCompare -SILENT -AUTO_SAVE OFF -O Dataset/Mesh/Pot_A/Pot_A_Piece_${piece}_Mesh.obj -SAMPLE_MESH DENSITY 500000 -C_EXPORT_FMT PCD -SAVE_CLOUDS FILE "cloudcompare_piece${piece}_sampled.pcd"
QSocketNotifier: Can only be used with threads started with QThread
QStandardPaths: XDG_RUNTIME_DIR not set, defaulting to '/tmp/runtime-zhuojiat'
/var/spool/slurm/job15006371/slurm_script: line 20: 144163 Killed                  /apps/easybuild-2022/easybuild/software/MPI/GCC/11.3.0/OpenMPI/4.1.4/CloudCompare/2.12.4/bin/CloudCompare -SILENT -AUTO_SAVE OFF -O Dataset/Mesh/Pot_A/Pot_A_Piece_${piece}_Mesh.obj -SAMPLE_MESH DENSITY 500000 -C_EXPORT_FMT PCD -SAVE_CLOUDS FILE "cloudcompare_piece${piece}_sampled.pcd"
slurmstepd: error: Detected 7 oom_kill events in StepId=15006371.batch. Some of the step tasks have been OOM Killed.
