=== CloudCompare Mesh Sampling with Normals ===
Started: Mon 01 Sep 2025 21:34:14 AEST
Job ID: 15096568
=== Sampling Pot_A_Piece_01 with Normals ===
[Global Shift] Max abs. coord = 1e+04 / max abs. diag = 1e+06
[ccColorScalesManager] Found 0 custom scale(s) in persistent settings
[Plugin] Searching: /apps/easybuild-2022/easybuild/software/MPI/GCC/11.3.0/OpenMPI/4.1.4/CloudCompare/2.12.4/lib/cloudcompare/plugins
	Plugin found: Additional I/O (libQADDITIONAL_IO_PLUGIN.so)
	Plugin found: CEA Virtual Broom (libQBROOM_PLUGIN.so)
	Plugin found: Compass (libQCOMPASS_PLUGIN.so)
	Plugin found: Core I/O (libQCORE_IO_PLUGIN.so)
	Plugin found: CSF Filter (libQCSF_PLUGIN.so)
	Plugin found: CSV Matrix I/O (libQCSV_MATRIX_IO_PLUGIN.so)
	Plugin found: EDL Shader (libQEDL_GL_PLUGIN.so)
	Plugin found: Facet/fracture detection (libQFACETS_PLUGIN.so)
	Plugin found: Hough Normals Computation (libQHOUGH_NORMALS_PLUGIN.so)
	Plugin found: Hidden Point Removal (libQHPR_PLUGIN.so)
	Plugin found: M3C2 Distance (libQM3C2_PLUGIN.so)
	Plugin found: PCV / ShadeVis (libQPCV_PLUGIN.so)
	Plugin found: Photoscan I/O (libQPHOTOSCAN_IO_PLUGIN.so)
	Plugin found: RANSAC Shape Detection (libQRANSAC_SD_PLUGIN.so)
	Plugin found: Surface of Revolution Analysis (libQSRA_PLUGIN.so)
	Plugin found: SSAO Shader (libQSSAO_GL_PLUGIN.so)
[Plugin] Searching: /home/zhuojiat/.local/share/CCCorp/CloudCompare/plugins
[Plugin] Searching: /apps/easybuild-2022/easybuild/software/MPI/GCC/11.3.0/OpenMPI/4.1.4/CloudCompare/2.12.4/share/CCCorp/CloudCompare/plugins
[Plugin] Searching: /apps/easybuild-2022/easybuild/software/Compiler/GCCcore/11.3.0/Eigen/3.4.0/share/CCCorp/CloudCompare/plugins
[Plugin] Searching: /apps/easybuild-2022/easybuild/software/MPI/GCC/11.3.0/OpenMPI/4.1.4/GDAL/3.5.0/share/CCCorp/CloudCompare/plugins
[Plugin] Searching: /apps/easybuild-2022/easybuild/software/Compiler/GCCcore/11.3.0/HDF/4.2.15/share/CCCorp/CloudCompare/plugins
[Plugin] Searching: /apps/easybuild-2022/easybuild/software/Compiler/GCCcore/11.3.0/libtirpc/1.3.2/share/CCCorp/CloudCompare/plugins
[Plugin] Searching: /apps/easybuild-2022/easybuild/software/Compiler/GCCcore/11.3.0/pybind11/2.9.2/share/CCCorp/CloudCompare/plugins
[Plugin] Searching: /apps/easybuild-2022/easybuild/software/Compiler/GCCcore/11.3.0/libgeotiff/1.7.1/share/CCCorp/CloudCompare/plugins
[Plugin] Searching: /apps/easybuild-2022/easybuild/software/Compiler/GCCcore/11.3.0/PROJ/9.0.0/share/CCCorp/CloudCompare/plugins
[Plugin] Searching: /apps/easybuild-2022/easybuild/software/Compiler/GCCcore/11.3.0/LibTIFF/4.3.0/share/CCCorp/CloudCompare/plugins
[Plugin] Searching: /apps/easybuild-2022/easybuild/software/MPI/GCC/11.3.0/OpenMPI/4.1.4/netCDF/4.9.0/share/CCCorp/CloudCompare/plugins
[Plugin] Searching: /apps/easybuild-2022/easybuild/software/Compiler/GCCcore/11.3.0/cURL/7.83.0/share/CCCorp/CloudCompare/plugins
[Plugin] Searching: /apps/easybuild-2022/easybuild/software/MPI/GCC/11.3.0/OpenMPI/4.1.4/HDF5/1.12.2/share/CCCorp/CloudCompare/plugins
[Plugin] Searching: /apps/easybuild-2022/easybuild/software/Compiler/GCCcore/11.3.0/Python/3.10.4/share/CCCorp/CloudCompare/plugins
[Plugin] Searching: /apps/easybuild-2022/easybuild/software/Compiler/GCCcore/11.3.0/GMP/6.2.1/share/CCCorp/CloudCompare/plugins
[Plugin] Searching: /apps/easybuild-2022/easybuild/software/Compiler/GCCcore/11.3.0/SQLite/3.38.3/share/CCCorp/CloudCompare/plugins
[Plugin] Searching: /apps/easybuild-2022/easybuild/software/Compiler/GCCcore/11.3.0/Tcl/8.6.12/share/CCCorp/CloudCompare/plugins
[Plugin] Searching: /apps/easybuild-2022/easybuild/software/Compiler/GCCcore/11.3.0/libreadline/8.1.2/share/CCCorp/CloudCompare/plugins
[Plugin] Searching: /apps/easybuild-2022/easybuild/software/Compiler/GCCcore/11.3.0/nodejs/16.15.1/share/CCCorp/CloudCompare/plugins
[Plugin] Searching: /apps/easybuild-2022/easybuild/software/Core/OpenSSL/1.1/share/CCCorp/CloudCompare/plugins
[Plugin] Searching: /apps/easybuild-2022/easybuild/software/Compiler/GCCcore/11.3.0/JasPer/2.0.33/share/CCCorp/CloudCompare/plugins
[Plugin] Searching: /apps/easybuild-2022/easybuild/software/Compiler/GCCcore/11.3.0/NSPR/4.34/share/CCCorp/CloudCompare/plugins
[Plugin] Searching: /apps/easybuild-2022/easybuild/software/Compiler/GCCcore/11.3.0/libjpeg-turbo/2.1.3/share/CCCorp/CloudCompare/plugins
[Plugin] Searching: /apps/easybuild-2022/easybuild/software/Compiler/GCCcore/11.3.0/NASM/2.15.05/share/CCCorp/CloudCompare/plugins
[Plugin] Searching: /apps/easybuild-2022/easybuild/software/Compiler/GCCcore/11.3.0/Mesa/22.0.3/share/CCCorp/CloudCompare/plugins
[Plugin] Searching: /apps/easybuild-2022/easybuild/software/Compiler/GCCcore/11.3.0/LLVM/14.0.3/share/CCCorp/CloudCompare/plugins
[Plugin] Searching: /apps/easybuild-2022/easybuild/software/Compiler/GCCcore/11.3.0/libdrm/2.4.110/share/CCCorp/CloudCompare/plugins
[Plugin] Searching: /apps/easybuild-2022/easybuild/software/Compiler/GCCcore/11.3.0/zstd/1.5.2/share/CCCorp/CloudCompare/plugins
[Plugin] Searching: /apps/easybuild-2022/easybuild/software/Compiler/GCCcore/11.3.0/lz4/1.9.3/share/CCCorp/CloudCompare/plugins
[Plugin] Searching: /apps/easybuild-2022/easybuild/software/Compiler/GCCcore/11.3.0/gzip/1.12/share/CCCorp/CloudCompare/plugins
[Plugin] Searching: /apps/easybuild-2022/easybuild/software/Compiler/GCCcore/11.3.0/DBus/1.14.0/share/CCCorp/CloudCompare/plugins
[Plugin] Searching: /apps/easybuild-2022/easybuild/software/Compiler/GCCcore/11.3.0/graphite2/1.3.14/share/CCCorp/CloudCompare/plugins
[Plugin] Searching: /apps/easybuild-2022/easybuild/software/Compiler/GCCcore/11.3.0/HarfBuzz/4.2.1/share/CCCorp/CloudCompare/plugins
[Plugin] Searching: /apps/easybuild-2022/easybuild/software/Compiler/GCCcore/11.3.0/cairo/1.17.4/share/CCCorp/CloudCompare/plugins
[Plugin] Searching: /apps/easybuild-2022/easybuild/software/Compiler/GCCcore/11.3.0/X11/20220504/share/CCCorp/CloudCompare/plugins
[Plugin] Searching: /apps/easybuild-2022/easybuild/software/Compiler/GCCcore/11.3.0/xorg-macros/1.19.3/share/CCCorp/CloudCompare/plugins
[Plugin] Searching: /apps/easybuild-2022/easybuild/software/Compiler/GCCcore/11.3.0/fontconfig/2.14.0/share/CCCorp/CloudCompare/plugins
[Plugin] Searching: /apps/easybuild-2022/easybuild/software/Compiler/GCCcore/11.3.0/expat/2.4.8/share/CCCorp/CloudCompare/plugins
[Plugin] Searching: /apps/easybuild-2022/easybuild/software/Compiler/GCCcore/11.3.0/freetype/2.12.1/share/CCCorp/CloudCompare/plugins
[Plugin] Searching: /apps/easybuild-2022/easybuild/software/Compiler/GCCcore/11.3.0/libpng/1.6.37/share/CCCorp/CloudCompare/plugins
[Plugin] Searching: /apps/easybuild-2022/easybuild/software/Compiler/GCCcore/11.3.0/PCRE2/10.40/share/CCCorp/CloudCompare/plugins
[Plugin] Searching: /apps/easybuild-2022/easybuild/software/Compiler/GCCcore/11.3.0/GLib/2.72.1/share/CCCorp/CloudCompare/plugins
[Plugin] Searching: /apps/easybuild-2022/easybuild/software/Compiler/GCCcore/11.3.0/util-linux/2.38/share/CCCorp/CloudCompare/plugins
[Plugin] Searching: /apps/easybuild-2022/easybuild/software/Compiler/GCCcore/11.3.0/PCRE/8.45/share/CCCorp/CloudCompare/plugins
[Plugin] Searching: /apps/easybuild-2022/easybuild/software/Compiler/GCCcore/11.3.0/gettext/0.21/share/CCCorp/CloudCompare/plugins
[Plugin] Searching: /apps/easybuild-2022/easybuild/software/Compiler/GCCcore/11.3.0/ncurses/6.3/share/CCCorp/CloudCompare/plugins
[Plugin] Searching: /apps/easybuild-2022/easybuild/software/Compiler/GCCcore/11.3.0/libffi/3.4.2/share/CCCorp/CloudCompare/plugins
[Plugin][Additional I/O] New file extensions registered: ICM OUT PN POLY POV PV SOI SX
[Plugin][Core I/O] New file extensions registered:  GEOREF MA OBJ OFF PDMS PTX SBF STL VTK
[Plugin][CSV Matrix I/O] New file extensions registered: CSV
[Plugin][Photoscan I/O] New file extensions registered: PSZ
Auto-save is disabled
Output export format (clouds) set to: ASC
[LOADING]
Opening file: 'Dataset/Mesh/Pot_A/Pot_A_Piece_01_Mesh.obj'
[OBJ] Dataset/Mesh/Pot_A/Pot_A_Piece_01_Mesh.obj
[OBJ] Material file: Pot_A_Piece_01_Mesh.mtl
[OBJ] Failed to load material file! (should be in '/data/gpfs/projects/punim2657/sfs_preprocessing/Dataset/Mesh/Pot_A/Pot_A_Piece_01_Mesh.mtl')
[OBJ::Load::MTL parser] Error reading file: Pot_A_Piece_01_Mesh.mtl
[OBJ] 100064 points, 200124 faces
[OBJ] 600372 tex. coords, 100064 normals
[OBJ] Texture coordinates were defined but no material could be loaded!
[OBJ] 1 mesh loaded -✅ CloudCompare sampling with normals successful for piece 01
⚠️  No normals detected in PCD file for piece 01
# .PCD v0.7 - Point Cloud Data file format
VERSION 0.7
FIELDS x y z
SIZE 4 4 4
TYPE F F F
COUNT 1 1 1
WIDTH 100064
HEIGHT 1
VIEWPOINT 0 0 0 1 0 0 0
POINTS 100064
DATA ascii
32.5445 -21.0514 415.511
32.8446 -21.1024 415.586
32.7507 -20.9498 415.248
47.8068 24.146 388.318
-rw-rw-r-- 1 zhuojiat punim2657 2547254 Aug 22 11:17 Dataset/Point/Pot_A/Pot_A_Piece_01_Point.pcd
=== Sampling Pot_A_Piece_02 with Normals ===
[Global Shift] Max abs. coord = 1e+04 / max abs. diag = 1e+06
[ccColorScalesManager] Found 0 custom scale(s) in persistent settings
[Plugin] Searching: /apps/easybuild-2022/easybuild/software/MPI/GCC/11.3.0/OpenMPI/4.1.4/CloudCompare/2.12.4/lib/cloudcompare/plugins
	Plugin found: Additional I/O (libQADDITIONAL_IO_PLUGIN.so)
	Plugin found: CEA Virtual Broom (libQBROOM_PLUGIN.so)
	Plugin found: Compass (libQCOMPASS_PLUGIN.so)
	Plugin found: Core I/O (libQCORE_IO_PLUGIN.so)
	Plugin found: CSF Filter (libQCSF_PLUGIN.so)
	Plugin found: CSV Matrix I/O (libQCSV_MATRIX_IO_PLUGIN.so)
	Plugin found: EDL Shader (libQEDL_GL_PLUGIN.so)
	Plugin found: Facet/fracture detection (libQFACETS_PLUGIN.so)
	Plugin found: Hough Normals Computation (libQHOUGH_NORMALS_PLUGIN.so)
	Plugin found: Hidden Point Removal (libQHPR_PLUGIN.so)
	Plugin found: M3C2 Distance (libQM3C2_PLUGIN.so)
	Plugin found: PCV / ShadeVis (libQPCV_PLUGIN.so)
	Plugin found: Photoscan I/O (libQPHOTOSCAN_IO_PLUGIN.so)
	Plugin found: RANSAC Shape Detection (libQRANSAC_SD_PLUGIN.so)
	Plugin found: Surface of Revolution Analysis (libQSRA_PLUGIN.so)
	Plugin found: SSAO Shader (libQSSAO_GL_PLUGIN.so)
[Plugin] Searching: /home/zhuojiat/.local/share/CCCorp/CloudCompare/plugins
[Plugin] Searching: /apps/easybuild-2022/easybuild/software/MPI/GCC/11.3.0/OpenMPI/4.1.4/CloudCompare/2.12.4/share/CCCorp/CloudCompare/plugins
[Plugin] Searching: /apps/easybuild-2022/easybuild/software/Compiler/GCCcore/11.3.0/Eigen/3.4.0/share/CCCorp/CloudCompare/plugins
[Plugin] Searching: /apps/easybuild-2022/easybuild/software/MPI/GCC/11.3.0/OpenMPI/4.1.4/GDAL/3.5.0/share/CCCorp/CloudCompare/plugins
[Plugin] Searching: /apps/easybuild-2022/easybuild/software/Compiler/GCCcore/11.3.0/HDF/4.2.15/share/CCCorp/CloudCompare/plugins
[Plugin] Searching: /apps/easybuild-2022/easybuild/software/Compiler/GCCcore/11.3.0/libtirpc/1.3.2/share/CCCorp/CloudCompare/plugins
[Plugin] Searching: /apps/easybuild-2022/easybuild/software/Compiler/GCCcore/11.3.0/pybind11/2.9.2/share/CCCorp/CloudCompare/plugins
[Plugin] Searching: /apps/easybuild-2022/easybuild/software/Compiler/GCCcore/11.3.0/libgeotiff/1.7.1/share/CCCorp/CloudCompare/plugins
[Plugin] Searching: /apps/easybuild-2022/easybuild/software/Compiler/GCCcore/11.3.0/PROJ/9.0.0/share/CCCorp/CloudCompare/plugins
[Plugin] Searching: /apps/easybuild-2022/easybuild/software/Compiler/GCCcore/11.3.0/LibTIFF/4.3.0/share/CCCorp/CloudCompare/plugins
[Plugin] Searching: /apps/easybuild-2022/easybuild/software/MPI/GCC/11.3.0/OpenMPI/4.1.4/netCDF/4.9.0/share/CCCorp/CloudCompare/plugins
[Plugin] Searching: /apps/easybuild-2022/easybuild/software/Compiler/GCCcore/11.3.0/cURL/7.83.0/share/CCCorp/CloudCompare/plugins
[Plugin] Searching: /apps/easybuild-2022/easybuild/software/MPI/GCC/11.3.0/OpenMPI/4.1.4/HDF5/1.12.2/share/CCCorp/CloudCompare/plugins
[Plugin] Searching: /apps/easybuild-2022/easybuild/software/Compiler/GCCcore/11.3.0/Python/3.10.4/share/CCCorp/CloudCompare/plugins
[Plugin] Searching: /apps/easybuild-2022/easybuild/software/Compiler/GCCcore/11.3.0/GMP/6.2.1/share/CCCorp/CloudCompare/plugins
[Plugin] Searching: /apps/easybuild-2022/easybuild/software/Compiler/GCCcore/11.3.0/SQLite/3.38.3/share/CCCorp/CloudCompare/plugins
[Plugin] Searching: /apps/easybuild-2022/easybuild/software/Compiler/GCCcore/11.3.0/Tcl/8.6.12/share/CCCorp/CloudCompare/plugins
[Plugin] Searching: /apps/easybuild-2022/easybuild/software/Compiler/GCCcore/11.3.0/libreadline/8.1.2/share/CCCorp/CloudCompare/plugins
[Plugin] Searching: /apps/easybuild-2022/easybuild/software/Compiler/GCCcore/11.3.0/nodejs/16.15.1/share/CCCorp/CloudCompare/plugins
[Plugin] Searching: /apps/easybuild-2022/easybuild/software/Core/OpenSSL/1.1/share/CCCorp/CloudCompare/plugins
[Plugin] Searching: /apps/easybuild-2022/easybuild/software/Compiler/GCCcore/11.3.0/JasPer/2.0.33/share/CCCorp/CloudCompare/plugins
[Plugin] Searching: /apps/easybuild-2022/easybuild/software/Compiler/GCCcore/11.3.0/NSPR/4.34/share/CCCorp/CloudCompare/plugins
[Plugin] Searching: /apps/easybuild-2022/easybuild/software/Compiler/GCCcore/11.3.0/libjpeg-turbo/2.1.3/share/CCCorp/CloudCompare/plugins
[Plugin] Searching: /apps/easybuild-2022/easybuild/software/Compiler/GCCcore/11.3.0/NASM/2.15.05/share/CCCorp/CloudCompare/plugins
[Plugin] Searching: /apps/easybuild-2022/easybuild/software/Compiler/GCCcore/11.3.0/Mesa/22.0.3/share/CCCorp/CloudCompare/plugins
[Plugin] Searching: /apps/easybuild-2022/easybuild/software/Compiler/GCCcore/11.3.0/LLVM/14.0.3/share/CCCorp/CloudCompare/plugins
[Plugin] Searching: /apps/easybuild-2022/easybuild/software/Compiler/GCCcore/11.3.0/libdrm/2.4.110/share/CCCorp/CloudCompare/plugins
[Plugin] Searching: /apps/easybuild-2022/easybuild/software/Compiler/GCCcore/11.3.0/zstd/1.5.2/share/CCCorp/CloudCompare/plugins
[Plugin] Searching: /apps/easybuild-2022/easybuild/software/Compiler/GCCcore/11.3.0/lz4/1.9.3/share/CCCorp/CloudCompare/plugins
[Plugin] Searching: /apps/easybuild-2022/easybuild/software/Compiler/GCCcore/11.3.0/gzip/1.12/share/CCCorp/CloudCompare/plugins
[Plugin] Searching: /apps/easybuild-2022/easybuild/software/Compiler/GCCcore/11.3.0/DBus/1.14.0/share/CCCorp/CloudCompare/plugins
[Plugin] Searching: /apps/easybuild-2022/easybuild/software/Compiler/GCCcore/11.3.0/graphite2/1.3.14/share/CCCorp/CloudCompare/plugins
[Plugin] Searching: /apps/easybuild-2022/easybuild/software/Compiler/GCCcore/11.3.0/HarfBuzz/4.2.1/share/CCCorp/CloudCompare/plugins
[Plugin] Searching: /apps/easybuild-2022/easybuild/software/Compiler/GCCcore/11.3.0/cairo/1.17.4/share/CCCorp/CloudCompare/plugins
[Plugin] Searching: /apps/easybuild-2022/easybuild/software/Compiler/GCCcore/11.3.0/X11/20220504/share/CCCorp/CloudCompare/plugins
[Plugin] Searching: /apps/easybuild-2022/easybuild/software/Compiler/GCCcore/11.3.0/xorg-macros/1.19.3/share/CCCorp/CloudCompare/plugins
[Plugin] Searching: /apps/easybuild-2022/easybuild/software/Compiler/GCCcore/11.3.0/fontconfig/2.14.0/share/CCCorp/CloudCompare/plugins
[Plugin] Searching: /apps/easybuild-2022/easybuild/software/Compiler/GCCcore/11.3.0/expat/2.4.8/share/CCCorp/CloudCompare/plugins
[Plugin] Searching: /apps/easybuild-2022/easybuild/software/Compiler/GCCcore/11.3.0/freetype/2.12.1/share/CCCorp/CloudCompare/plugins
[Plugin] Searching: /apps/easybuild-2022/easybuild/software/Compiler/GCCcore/11.3.0/libpng/1.6.37/share/CCCorp/CloudCompare/plugins
[Plugin] Searching: /apps/easybuild-2022/easybuild/software/Compiler/GCCcore/11.3.0/PCRE2/10.40/share/CCCorp/CloudCompare/plugins
[Plugin] Searching: /apps/easybuild-2022/easybuild/software/Compiler/GCCcore/11.3.0/GLib/2.72.1/share/CCCorp/CloudCompare/plugins
[Plugin] Searching: /apps/easybuild-2022/easybuild/software/Compiler/GCCcore/11.3.0/util-linux/2.38/share/CCCorp/CloudCompare/plugins
[Plugin] Searching: /apps/easybuild-2022/easybuild/software/Compiler/GCCcore/11.3.0/PCRE/8.45/share/CCCorp/CloudCompare/plugins
[Plugin] Searching: /apps/easybuild-2022/easybuild/software/Compiler/GCCcore/11.3.0/gettext/0.21/share/CCCorp/CloudCompare/plugins
[Plugin] Searching: /apps/easybuild-2022/easybuild/software/Compiler/GCCcore/11.3.0/ncurses/6.3/share/CCCorp/CloudCompare/plugins
[Plugin] Searching: /apps/easybuild-2022/easybuild/software/Compiler/GCCcore/11.3.0/libffi/3.4.2/share/CCCorp/CloudCompare/plugins
[Plugin][Additional I/O] New file extensions registered: ICM OUT PN POLY POV PV SOI SX
[Plugin][Core I/O] New file extensions registered:  GEOREF MA OBJ OFF PDMS PTX SBF STL VTK
[Plugin][CSV Matrix I/O] New file extensions registered: CSV
[Plugin][Photoscan I/O] New file extensions registered: PSZ
Auto-save is disabled
Output export format (clouds) set to: ASC
[LOADING]
Opening file: 'Dataset/Mesh/Pot_A/Pot_A_Piece_02_Mesh.obj'
[OBJ] Dataset/Mesh/Pot_A/Pot_A_Piece_02_Mesh.obj
[OBJ] Material file: Pot_A_Piece_02_Mesh.mtl
[OBJ] Failed to load material file! (should be in '/data/gpfs/projects/punim2657/sfs_preprocessing/Dataset/Mesh/Pot_A/Pot_A_Piece_02_Mesh.mtl')
[OBJ::Load::MTL parser] Error reading file: Pot_A_Piece_02_Mesh.mtl
[OBJ] 55814 points, 111434 faces
[OBJ] 334302 tex. coords, 55814 normals
[OBJ] Texture coordinates were defined but no material could be loaded!
[OBJ] 1 mesh loaded - 1✅ CloudCompare sampling with normals successful for piece 02
⚠️  No normals detected in PCD file for piece 02
# .PCD v0.7 - Point Cloud Data file format
VERSION 0.7
FIELDS x y z
SIZE 4 4 4
TYPE F F F
COUNT 1 1 1
WIDTH 55814
HEIGHT 1
VIEWPOINT 0 0 0 1 0 0 0
POINTS 55814
DATA ascii
-14.023000 -16.697700 412.382000
-14.170900 -16.550100 412.446000
-14.171700 -16.768400 412.388000
-45.306600 68.291400 373.668000
-rw-r--r-- 1 zhuojiat punim2657 1779282 Sep  1 12:22 Dataset/Point/Pot_A/Pot_A_Piece_02_Point.pcd
=== Sampling Pot_A_Piece_03 with Normals ===
[Global Shift] Max abs. coord = 1e+04 / max abs. diag = 1e+06
[ccColorScalesManager] Found 0 custom scale(s) in persistent settings
[Plugin] Searching: /apps/easybuild-2022/easybuild/software/MPI/GCC/11.3.0/OpenMPI/4.1.4/CloudCompare/2.12.4/lib/cloudcompare/plugins
	Plugin found: Additional I/O (libQADDITIONAL_IO_PLUGIN.so)
	Plugin found: CEA Virtual Broom (libQBROOM_PLUGIN.so)
	Plugin found: Compass (libQCOMPASS_PLUGIN.so)
	Plugin found: Core I/O (libQCORE_IO_PLUGIN.so)
	Plugin found: CSF Filter (libQCSF_PLUGIN.so)
	Plugin found: CSV Matrix I/O (libQCSV_MATRIX_IO_PLUGIN.so)
	Plugin found: EDL Shader (libQEDL_GL_PLUGIN.so)
	Plugin found: Facet/fracture detection (libQFACETS_PLUGIN.so)
	Plugin found: Hough Normals Computation (libQHOUGH_NORMALS_PLUGIN.so)
	Plugin found: Hidden Point Removal (libQHPR_PLUGIN.so)
	Plugin found: M3C2 Distance (libQM3C2_PLUGIN.so)
	Plugin found: PCV / ShadeVis (libQPCV_PLUGIN.so)
	Plugin found: Photoscan I/O (libQPHOTOSCAN_IO_PLUGIN.so)
	Plugin found: RANSAC Shape Detection (libQRANSAC_SD_PLUGIN.so)
	Plugin found: Surface of Revolution Analysis (libQSRA_PLUGIN.so)
	Plugin found: SSAO Shader (libQSSAO_GL_PLUGIN.so)
[Plugin] Searching: /home/zhuojiat/.local/share/CCCorp/CloudCompare/plugins
[Plugin] Searching: /apps/easybuild-2022/easybuild/software/MPI/GCC/11.3.0/OpenMPI/4.1.4/CloudCompare/2.12.4/share/CCCorp/CloudCompare/plugins
[Plugin] Searching: /apps/easybuild-2022/easybuild/software/Compiler/GCCcore/11.3.0/Eigen/3.4.0/share/CCCorp/CloudCompare/plugins
[Plugin] Searching: /apps/easybuild-2022/easybuild/software/MPI/GCC/11.3.0/OpenMPI/4.1.4/GDAL/3.5.0/share/CCCorp/CloudCompare/plugins
[Plugin] Searching: /apps/easybuild-2022/easybuild/software/Compiler/GCCcore/11.3.0/HDF/4.2.15/share/CCCorp/CloudCompare/plugins
[Plugin] Searching: /apps/easybuild-2022/easybuild/software/Compiler/GCCcore/11.3.0/libtirpc/1.3.2/share/CCCorp/CloudCompare/plugins
[Plugin] Searching: /apps/easybuild-2022/easybuild/software/Compiler/GCCcore/11.3.0/pybind11/2.9.2/share/CCCorp/CloudCompare/plugins
[Plugin] Searching: /apps/easybuild-2022/easybuild/software/Compiler/GCCcore/11.3.0/libgeotiff/1.7.1/share/CCCorp/CloudCompare/plugins
[Plugin] Searching: /apps/easybuild-2022/easybuild/software/Compiler/GCCcore/11.3.0/PROJ/9.0.0/share/CCCorp/CloudCompare/plugins
[Plugin] Searching: /apps/easybuild-2022/easybuild/software/Compiler/GCCcore/11.3.0/LibTIFF/4.3.0/share/CCCorp/CloudCompare/plugins
[Plugin] Searching: /apps/easybuild-2022/easybuild/software/MPI/GCC/11.3.0/OpenMPI/4.1.4/netCDF/4.9.0/share/CCCorp/CloudCompare/plugins
[Plugin] Searching: /apps/easybuild-2022/easybuild/software/Compiler/GCCcore/11.3.0/cURL/7.83.0/share/CCCorp/CloudCompare/plugins
[Plugin] Searching: /apps/easybuild-2022/easybuild/software/MPI/GCC/11.3.0/OpenMPI/4.1.4/HDF5/1.12.2/share/CCCorp/CloudCompare/plugins
[Plugin] Searching: /apps/easybuild-2022/easybuild/software/Compiler/GCCcore/11.3.0/Python/3.10.4/share/CCCorp/CloudCompare/plugins
[Plugin] Searching: /apps/easybuild-2022/easybuild/software/Compiler/GCCcore/11.3.0/GMP/6.2.1/share/CCCorp/CloudCompare/plugins
[Plugin] Searching: /apps/easybuild-2022/easybuild/software/Compiler/GCCcore/11.3.0/SQLite/3.38.3/share/CCCorp/CloudCompare/plugins
[Plugin] Searching: /apps/easybuild-2022/easybuild/software/Compiler/GCCcore/11.3.0/Tcl/8.6.12/share/CCCorp/CloudCompare/plugins
[Plugin] Searching: /apps/easybuild-2022/easybuild/software/Compiler/GCCcore/11.3.0/libreadline/8.1.2/share/CCCorp/CloudCompare/plugins
[Plugin] Searching: /apps/easybuild-2022/easybuild/software/Compiler/GCCcore/11.3.0/nodejs/16.15.1/share/CCCorp/CloudCompare/plugins
[Plugin] Searching: /apps/easybuild-2022/easybuild/software/Core/OpenSSL/1.1/share/CCCorp/CloudCompare/plugins
[Plugin] Searching: /apps/easybuild-2022/easybuild/software/Compiler/GCCcore/11.3.0/JasPer/2.0.33/share/CCCorp/CloudCompare/plugins
[Plugin] Searching: /apps/easybuild-2022/easybuild/software/Compiler/GCCcore/11.3.0/NSPR/4.34/share/CCCorp/CloudCompare/plugins
[Plugin] Searching: /apps/easybuild-2022/easybuild/software/Compiler/GCCcore/11.3.0/libjpeg-turbo/2.1.3/share/CCCorp/CloudCompare/plugins
[Plugin] Searching: /apps/easybuild-2022/easybuild/software/Compiler/GCCcore/11.3.0/NASM/2.15.05/share/CCCorp/CloudCompare/plugins
[Plugin] Searching: /apps/easybuild-2022/easybuild/software/Compiler/GCCcore/11.3.0/Mesa/22.0.3/share/CCCorp/CloudCompare/plugins
[Plugin] Searching: /apps/easybuild-2022/easybuild/software/Compiler/GCCcore/11.3.0/LLVM/14.0.3/share/CCCorp/CloudCompare/plugins
[Plugin] Searching: /apps/easybuild-2022/easybuild/software/Compiler/GCCcore/11.3.0/libdrm/2.4.110/share/CCCorp/CloudCompare/plugins
[Plugin] Searching: /apps/easybuild-2022/easybuild/software/Compiler/GCCcore/11.3.0/zstd/1.5.2/share/CCCorp/CloudCompare/plugins
[Plugin] Searching: /apps/easybuild-2022/easybuild/software/Compiler/GCCcore/11.3.0/lz4/1.9.3/share/CCCorp/CloudCompare/plugins
[Plugin] Searching: /apps/easybuild-2022/easybuild/software/Compiler/GCCcore/11.3.0/gzip/1.12/share/CCCorp/CloudCompare/plugins
[Plugin] Searching: /apps/easybuild-2022/easybuild/software/Compiler/GCCcore/11.3.0/DBus/1.14.0/share/CCCorp/CloudCompare/plugins
[Plugin] Searching: /apps/easybuild-2022/easybuild/software/Compiler/GCCcore/11.3.0/graphite2/1.3.14/share/CCCorp/CloudCompare/plugins
[Plugin] Searching: /apps/easybuild-2022/easybuild/software/Compiler/GCCcore/11.3.0/HarfBuzz/4.2.1/share/CCCorp/CloudCompare/plugins
[Plugin] Searching: /apps/easybuild-2022/easybuild/software/Compiler/GCCcore/11.3.0/cairo/1.17.4/share/CCCorp/CloudCompare/plugins
[Plugin] Searching: /apps/easybuild-2022/easybuild/software/Compiler/GCCcore/11.3.0/X11/20220504/share/CCCorp/CloudCompare/plugins
[Plugin] Searching: /apps/easybuild-2022/easybuild/software/Compiler/GCCcore/11.3.0/xorg-macros/1.19.3/share/CCCorp/CloudCompare/plugins
[Plugin] Searching: /apps/easybuild-2022/easybuild/software/Compiler/GCCcore/11.3.0/fontconfig/2.14.0/share/CCCorp/CloudCompare/plugins
[Plugin] Searching: /apps/easybuild-2022/easybuild/software/Compiler/GCCcore/11.3.0/expat/2.4.8/share/CCCorp/CloudCompare/plugins
[Plugin] Searching: /apps/easybuild-2022/easybuild/software/Compiler/GCCcore/11.3.0/freetype/2.12.1/share/CCCorp/CloudCompare/plugins
[Plugin] Searching: /apps/easybuild-2022/easybuild/software/Compiler/GCCcore/11.3.0/libpng/1.6.37/share/CCCorp/CloudCompare/plugins
[Plugin] Searching: /apps/easybuild-2022/easybuild/software/Compiler/GCCcore/11.3.0/PCRE2/10.40/share/CCCorp/CloudCompare/plugins
[Plugin] Searching: /apps/easybuild-2022/easybuild/software/Compiler/GCCcore/11.3.0/GLib/2.72.1/share/CCCorp/CloudCompare/plugins
[Plugin] Searching: /apps/easybuild-2022/easybuild/software/Compiler/GCCcore/11.3.0/util-linux/2.38/share/CCCorp/CloudCompare/plugins
[Plugin] Searching: /apps/easybuild-2022/easybuild/software/Compiler/GCCcore/11.3.0/PCRE/8.45/share/CCCorp/CloudCompare/plugins
[Plugin] Searching: /apps/easybuild-2022/easybuild/software/Compiler/GCCcore/11.3.0/gettext/0.21/share/CCCorp/CloudCompare/plugins
[Plugin] Searching: /apps/easybuild-2022/easybuild/software/Compiler/GCCcore/11.3.0/ncurses/6.3/share/CCCorp/CloudCompare/plugins
[Plugin] Searching: /apps/easybuild-2022/easybuild/software/Compiler/GCCcore/11.3.0/libffi/3.4.2/share/CCCorp/CloudCompare/plugins
[Plugin][Additional I/O] New file extensions registered: ICM OUT PN POLY POV PV SOI SX
[Plugin][Core I/O] New file extensions registered:  GEOREF MA OBJ OFF PDMS PTX SBF STL VTK
[Plugin][CSV Matrix I/O] New file extensions registered: CSV
[Plugin][Photoscan I/O] New file extensions registered: PSZ
Auto-save is disabled
Output export format (clouds) set to: ASC
[LOADING]
Opening file: 'Dataset/Mesh/Pot_A/Pot_A_Piece_03_Mesh.obj'
[OBJ] Dataset/Mesh/Pot_A/Pot_A_Piece_03_Mesh.obj
[OBJ] Material file: 18-0702-03-03.mtl
[OBJ] Failed to load material file! (should be in '/data/gpfs/projects/punim2657/sfs_preprocessing/Dataset/Mesh/Pot_A/18-0702-03-03.mtl')
[OBJ::Load::MTL parser] Error reading file: 18-0702-03-03.mtl
[OBJ] 41197 points, 82255 faces
[OBJ] 246765 tex. coords, 41197 normals
[OBJ] Texture coordinates were defined but no material could be loaded!
[OBJ] 1 mesh loaded - 1 group(s)
[I/O] Fil✅ CloudCompare sampling with normals successful for piece 03
⚠️  No normals detected in PCD file for piece 03
# .PCD v0.7 - Point Cloud Data file format
VERSION 0.7
FIELDS x y z
SIZE 4 4 4
TYPE F F F
COUNT 1 1 1
WIDTH 41197
HEIGHT 1
VIEWPOINT 0 0 0 1 0 0 0
POINTS 41197
DATA ascii
-7.677400 47.053500 369.670000
-7.493290 46.990700 369.821000
-7.640390 47.011800 369.969000
34.769400 57.887700 420.276000
-rw-r--r-- 1 zhuojiat punim2657 1266016 Sep  1 12:22 Dataset/Point/Pot_A/Pot_A_Piece_03_Point.pcd
=== Sampling Pot_A_Piece_04 with Normals ===
[Global Shift] Max abs. coord = 1e+04 / max abs. diag = 1e+06
[ccColorScalesManager] Found 0 custom scale(s) in persistent settings
[Plugin] Searching: /apps/easybuild-2022/easybuild/software/MPI/GCC/11.3.0/OpenMPI/4.1.4/CloudCompare/2.12.4/lib/cloudcompare/plugins
	Plugin found: Additional I/O (libQADDITIONAL_IO_PLUGIN.so)
	Plugin found: CEA Virtual Broom (libQBROOM_PLUGIN.so)
	Plugin found: Compass (libQCOMPASS_PLUGIN.so)
	Plugin found: Core I/O (libQCORE_IO_PLUGIN.so)
	Plugin found: CSF Filter (libQCSF_PLUGIN.so)
	Plugin found: CSV Matrix I/O (libQCSV_MATRIX_IO_PLUGIN.so)
	Plugin found: EDL Shader (libQEDL_GL_PLUGIN.so)
	Plugin found: Facet/fracture detection (libQFACETS_PLUGIN.so)
	Plugin found: Hough Normals Computation (libQHOUGH_NORMALS_PLUGIN.so)
	Plugin found: Hidden Point Removal (libQHPR_PLUGIN.so)
	Plugin found: M3C2 Distance (libQM3C2_PLUGIN.so)
	Plugin found: PCV / ShadeVis (libQPCV_PLUGIN.so)
	Plugin found: Photoscan I/O (libQPHOTOSCAN_IO_PLUGIN.so)
	Plugin found: RANSAC Shape Detection (libQRANSAC_SD_PLUGIN.so)
	Plugin found: Surface of Revolution Analysis (libQSRA_PLUGIN.so)
	Plugin found: SSAO Shader (libQSSAO_GL_PLUGIN.so)
[Plugin] Searching: /home/zhuojiat/.local/share/CCCorp/CloudCompare/plugins
[Plugin] Searching: /apps/easybuild-2022/easybuild/software/MPI/GCC/11.3.0/OpenMPI/4.1.4/CloudCompare/2.12.4/share/CCCorp/CloudCompare/plugins
[Plugin] Searching: /apps/easybuild-2022/easybuild/software/Compiler/GCCcore/11.3.0/Eigen/3.4.0/share/CCCorp/CloudCompare/plugins
[Plugin] Searching: /apps/easybuild-2022/easybuild/software/MPI/GCC/11.3.0/OpenMPI/4.1.4/GDAL/3.5.0/share/CCCorp/CloudCompare/plugins
[Plugin] Searching: /apps/easybuild-2022/easybuild/software/Compiler/GCCcore/11.3.0/HDF/4.2.15/share/CCCorp/CloudCompare/plugins
[Plugin] Searching: /apps/easybuild-2022/easybuild/software/Compiler/GCCcore/11.3.0/libtirpc/1.3.2/share/CCCorp/CloudCompare/plugins
[Plugin] Searching: /apps/easybuild-2022/easybuild/software/Compiler/GCCcore/11.3.0/pybind11/2.9.2/share/CCCorp/CloudCompare/plugins
[Plugin] Searching: /apps/easybuild-2022/easybuild/software/Compiler/GCCcore/11.3.0/libgeotiff/1.7.1/share/CCCorp/CloudCompare/plugins
[Plugin] Searching: /apps/easybuild-2022/easybuild/software/Compiler/GCCcore/11.3.0/PROJ/9.0.0/share/CCCorp/CloudCompare/plugins
[Plugin] Searching: /apps/easybuild-2022/easybuild/software/Compiler/GCCcore/11.3.0/LibTIFF/4.3.0/share/CCCorp/CloudCompare/plugins
[Plugin] Searching: /apps/easybuild-2022/easybuild/software/MPI/GCC/11.3.0/OpenMPI/4.1.4/netCDF/4.9.0/share/CCCorp/CloudCompare/plugins
[Plugin] Searching: /apps/easybuild-2022/easybuild/software/Compiler/GCCcore/11.3.0/cURL/7.83.0/share/CCCorp/CloudCompare/plugins
[Plugin] Searching: /apps/easybuild-2022/easybuild/software/MPI/GCC/11.3.0/OpenMPI/4.1.4/HDF5/1.12.2/share/CCCorp/CloudCompare/plugins
[Plugin] Searching: /apps/easybuild-2022/easybuild/software/Compiler/GCCcore/11.3.0/Python/3.10.4/share/CCCorp/CloudCompare/plugins
[Plugin] Searching: /apps/easybuild-2022/easybuild/software/Compiler/GCCcore/11.3.0/GMP/6.2.1/share/CCCorp/CloudCompare/plugins
[Plugin] Searching: /apps/easybuild-2022/easybuild/software/Compiler/GCCcore/11.3.0/SQLite/3.38.3/share/CCCorp/CloudCompare/plugins
[Plugin] Searching: /apps/easybuild-2022/easybuild/software/Compiler/GCCcore/11.3.0/Tcl/8.6.12/share/CCCorp/CloudCompare/plugins
[Plugin] Searching: /apps/easybuild-2022/easybuild/software/Compiler/GCCcore/11.3.0/libreadline/8.1.2/share/CCCorp/CloudCompare/plugins
[Plugin] Searching: /apps/easybuild-2022/easybuild/software/Compiler/GCCcore/11.3.0/nodejs/16.15.1/share/CCCorp/CloudCompare/plugins
[Plugin] Searching: /apps/easybuild-2022/easybuild/software/Core/OpenSSL/1.1/share/CCCorp/CloudCompare/plugins
[Plugin] Searching: /apps/easybuild-2022/easybuild/software/Compiler/GCCcore/11.3.0/JasPer/2.0.33/share/CCCorp/CloudCompare/plugins
[Plugin] Searching: /apps/easybuild-2022/easybuild/software/Compiler/GCCcore/11.3.0/NSPR/4.34/share/CCCorp/CloudCompare/plugins
[Plugin] Searching: /apps/easybuild-2022/easybuild/software/Compiler/GCCcore/11.3.0/libjpeg-turbo/2.1.3/share/CCCorp/CloudCompare/plugins
[Plugin] Searching: /apps/easybuild-2022/easybuild/software/Compiler/GCCcore/11.3.0/NASM/2.15.05/share/CCCorp/CloudCompare/plugins
[Plugin] Searching: /apps/easybuild-2022/easybuild/software/Compiler/GCCcore/11.3.0/Mesa/22.0.3/share/CCCorp/CloudCompare/plugins
[Plugin] Searching: /apps/easybuild-2022/easybuild/software/Compiler/GCCcore/11.3.0/LLVM/14.0.3/share/CCCorp/CloudCompare/plugins
[Plugin] Searching: /apps/easybuild-2022/easybuild/software/Compiler/GCCcore/11.3.0/libdrm/2.4.110/share/CCCorp/CloudCompare/plugins
[Plugin] Searching: /apps/easybuild-2022/easybuild/software/Compiler/GCCcore/11.3.0/zstd/1.5.2/share/CCCorp/CloudCompare/plugins
[Plugin] Searching: /apps/easybuild-2022/easybuild/software/Compiler/GCCcore/11.3.0/lz4/1.9.3/share/CCCorp/CloudCompare/plugins
[Plugin] Searching: /apps/easybuild-2022/easybuild/software/Compiler/GCCcore/11.3.0/gzip/1.12/share/CCCorp/CloudCompare/plugins
[Plugin] Searching: /apps/easybuild-2022/easybuild/software/Compiler/GCCcore/11.3.0/DBus/1.14.0/share/CCCorp/CloudCompare/plugins
[Plugin] Searching: /apps/easybuild-2022/easybuild/software/Compiler/GCCcore/11.3.0/graphite2/1.3.14/share/CCCorp/CloudCompare/plugins
[Plugin] Searching: /apps/easybuild-2022/easybuild/software/Compiler/GCCcore/11.3.0/HarfBuzz/4.2.1/share/CCCorp/CloudCompare/plugins
[Plugin] Searching: /apps/easybuild-2022/easybuild/software/Compiler/GCCcore/11.3.0/cairo/1.17.4/share/CCCorp/CloudCompare/plugins
[Plugin] Searching: /apps/easybuild-2022/easybuild/software/Compiler/GCCcore/11.3.0/X11/20220504/share/CCCorp/CloudCompare/plugins
[Plugin] Searching: /apps/easybuild-2022/easybuild/software/Compiler/GCCcore/11.3.0/xorg-macros/1.19.3/share/CCCorp/CloudCompare/plugins
[Plugin] Searching: /apps/easybuild-2022/easybuild/software/Compiler/GCCcore/11.3.0/fontconfig/2.14.0/share/CCCorp/CloudCompare/plugins
[Plugin] Searching: /apps/easybuild-2022/easybuild/software/Compiler/GCCcore/11.3.0/expat/2.4.8/share/CCCorp/CloudCompare/plugins
[Plugin] Searching: /apps/easybuild-2022/easybuild/software/Compiler/GCCcore/11.3.0/freetype/2.12.1/share/CCCorp/CloudCompare/plugins
[Plugin] Searching: /apps/easybuild-2022/easybuild/software/Compiler/GCCcore/11.3.0/libpng/1.6.37/share/CCCorp/CloudCompare/plugins
[Plugin] Searching: /apps/easybuild-2022/easybuild/software/Compiler/GCCcore/11.3.0/PCRE2/10.40/share/CCCorp/CloudCompare/plugins
[Plugin] Searching: /apps/easybuild-2022/easybuild/software/Compiler/GCCcore/11.3.0/GLib/2.72.1/share/CCCorp/CloudCompare/plugins
[Plugin] Searching: /apps/easybuild-2022/easybuild/software/Compiler/GCCcore/11.3.0/util-linux/2.38/share/CCCorp/CloudCompare/plugins
[Plugin] Searching: /apps/easybuild-2022/easybuild/software/Compiler/GCCcore/11.3.0/PCRE/8.45/share/CCCorp/CloudCompare/plugins
[Plugin] Searching: /apps/easybuild-2022/easybuild/software/Compiler/GCCcore/11.3.0/gettext/0.21/share/CCCorp/CloudCompare/plugins
[Plugin] Searching: /apps/easybuild-2022/easybuild/software/Compiler/GCCcore/11.3.0/ncurses/6.3/share/CCCorp/CloudCompare/plugins
[Plugin] Searching: /apps/easybuild-2022/easybuild/software/Compiler/GCCcore/11.3.0/libffi/3.4.2/share/CCCorp/CloudCompare/plugins
[Plugin][Additional I/O] New file extensions registered: ICM OUT PN POLY POV PV SOI SX
[Plugin][Core I/O] New file extensions registered:  GEOREF MA OBJ OFF PDMS PTX SBF STL VTK
[Plugin][CSV Matrix I/O] New file extensions registered: CSV
[Plugin][Photoscan I/O] New file extensions registered: PSZ
Auto-save is disabled
Output export format (clouds) set to: ASC
[LOADING]
Opening file: 'Dataset/Mesh/Pot_A/Pot_A_Piece_04_Mesh.obj'
[OBJ] Dataset/Mesh/Pot_A/Pot_A_Piece_04_Mesh.obj
[OBJ] Material file: 18-0702-03-04.mtl
[OBJ] Failed to load material file! (should be in '/data/gpfs/projects/punim2657/sfs_preprocessing/Dataset/Mesh/Pot_A/18-0702-03-04.mtl')
[OBJ::Load::MTL parser] Error reading file: 18-0702-03-04.mtl
[OBJ] 33475 points, 66940 faces
[OBJ] 200820 tex. coords, 33475 normals
[OBJ] Texture coordinates were defined but no material could be loaded!
[OBJ] 1 mesh loaded - 1 group(s)
[I/O] Fil✅ CloudCompare sampling with normals successful for piece 04
⚠️  No normals detected in PCD file for piece 04
# .PCD v0.7 - Point Cloud Data file format
VERSION 0.7
FIELDS x y z
SIZE 4 4 4
TYPE F F F
COUNT 1 1 1
WIDTH 33475
HEIGHT 1
VIEWPOINT 0 0 0 1 0 0 0
POINTS 33475
DATA ascii
-6.758710 69.382200 375.194000
-5.670930 68.595600 375.448000
-5.595850 69.561300 374.819000
-41.249400 14.653900 386.679000
-rw-r--r-- 1 zhuojiat punim2657 1049907 Sep  1 12:22 Dataset/Point/Pot_A/Pot_A_Piece_04_Point.pcd
=== Sampling Pot_A_Piece_05 with Normals ===
[Global Shift] Max abs. coord = 1e+04 / max abs. diag = 1e+06
[ccColorScalesManager] Found 0 custom scale(s) in persistent settings
[Plugin] Searching: /apps/easybuild-2022/easybuild/software/MPI/GCC/11.3.0/OpenMPI/4.1.4/CloudCompare/2.12.4/lib/cloudcompare/plugins
	Plugin found: Additional I/O (libQADDITIONAL_IO_PLUGIN.so)
	Plugin found: CEA Virtual Broom (libQBROOM_PLUGIN.so)
	Plugin found: Compass (libQCOMPASS_PLUGIN.so)
	Plugin found: Core I/O (libQCORE_IO_PLUGIN.so)
	Plugin found: CSF Filter (libQCSF_PLUGIN.so)
	Plugin found: CSV Matrix I/O (libQCSV_MATRIX_IO_PLUGIN.so)
	Plugin found: EDL Shader (libQEDL_GL_PLUGIN.so)
	Plugin found: Facet/fracture detection (libQFACETS_PLUGIN.so)
	Plugin found: Hough Normals Computation (libQHOUGH_NORMALS_PLUGIN.so)
	Plugin found: Hidden Point Removal (libQHPR_PLUGIN.so)
	Plugin found: M3C2 Distance (libQM3C2_PLUGIN.so)
	Plugin found: PCV / ShadeVis (libQPCV_PLUGIN.so)
	Plugin found: Photoscan I/O (libQPHOTOSCAN_IO_PLUGIN.so)
	Plugin found: RANSAC Shape Detection (libQRANSAC_SD_PLUGIN.so)
	Plugin found: Surface of Revolution Analysis (libQSRA_PLUGIN.so)
	Plugin found: SSAO Shader (libQSSAO_GL_PLUGIN.so)
[Plugin] Searching: /home/zhuojiat/.local/share/CCCorp/CloudCompare/plugins
[Plugin] Searching: /apps/easybuild-2022/easybuild/software/MPI/GCC/11.3.0/OpenMPI/4.1.4/CloudCompare/2.12.4/share/CCCorp/CloudCompare/plugins
[Plugin] Searching: /apps/easybuild-2022/easybuild/software/Compiler/GCCcore/11.3.0/Eigen/3.4.0/share/CCCorp/CloudCompare/plugins
[Plugin] Searching: /apps/easybuild-2022/easybuild/software/MPI/GCC/11.3.0/OpenMPI/4.1.4/GDAL/3.5.0/share/CCCorp/CloudCompare/plugins
[Plugin] Searching: /apps/easybuild-2022/easybuild/software/Compiler/GCCcore/11.3.0/HDF/4.2.15/share/CCCorp/CloudCompare/plugins
[Plugin] Searching: /apps/easybuild-2022/easybuild/software/Compiler/GCCcore/11.3.0/libtirpc/1.3.2/share/CCCorp/CloudCompare/plugins
[Plugin] Searching: /apps/easybuild-2022/easybuild/software/Compiler/GCCcore/11.3.0/pybind11/2.9.2/share/CCCorp/CloudCompare/plugins
[Plugin] Searching: /apps/easybuild-2022/easybuild/software/Compiler/GCCcore/11.3.0/libgeotiff/1.7.1/share/CCCorp/CloudCompare/plugins
[Plugin] Searching: /apps/easybuild-2022/easybuild/software/Compiler/GCCcore/11.3.0/PROJ/9.0.0/share/CCCorp/CloudCompare/plugins
[Plugin] Searching: /apps/easybuild-2022/easybuild/software/Compiler/GCCcore/11.3.0/LibTIFF/4.3.0/share/CCCorp/CloudCompare/plugins
[Plugin] Searching: /apps/easybuild-2022/easybuild/software/MPI/GCC/11.3.0/OpenMPI/4.1.4/netCDF/4.9.0/share/CCCorp/CloudCompare/plugins
[Plugin] Searching: /apps/easybuild-2022/easybuild/software/Compiler/GCCcore/11.3.0/cURL/7.83.0/share/CCCorp/CloudCompare/plugins
[Plugin] Searching: /apps/easybuild-2022/easybuild/software/MPI/GCC/11.3.0/OpenMPI/4.1.4/HDF5/1.12.2/share/CCCorp/CloudCompare/plugins
[Plugin] Searching: /apps/easybuild-2022/easybuild/software/Compiler/GCCcore/11.3.0/Python/3.10.4/share/CCCorp/CloudCompare/plugins
[Plugin] Searching: /apps/easybuild-2022/easybuild/software/Compiler/GCCcore/11.3.0/GMP/6.2.1/share/CCCorp/CloudCompare/plugins
[Plugin] Searching: /apps/easybuild-2022/easybuild/software/Compiler/GCCcore/11.3.0/SQLite/3.38.3/share/CCCorp/CloudCompare/plugins
[Plugin] Searching: /apps/easybuild-2022/easybuild/software/Compiler/GCCcore/11.3.0/Tcl/8.6.12/share/CCCorp/CloudCompare/plugins
[Plugin] Searching: /apps/easybuild-2022/easybuild/software/Compiler/GCCcore/11.3.0/libreadline/8.1.2/share/CCCorp/CloudCompare/plugins
[Plugin] Searching: /apps/easybuild-2022/easybuild/software/Compiler/GCCcore/11.3.0/nodejs/16.15.1/share/CCCorp/CloudCompare/plugins
[Plugin] Searching: /apps/easybuild-2022/easybuild/software/Core/OpenSSL/1.1/share/CCCorp/CloudCompare/plugins
[Plugin] Searching: /apps/easybuild-2022/easybuild/software/Compiler/GCCcore/11.3.0/JasPer/2.0.33/share/CCCorp/CloudCompare/plugins
[Plugin] Searching: /apps/easybuild-2022/easybuild/software/Compiler/GCCcore/11.3.0/NSPR/4.34/share/CCCorp/CloudCompare/plugins
[Plugin] Searching: /apps/easybuild-2022/easybuild/software/Compiler/GCCcore/11.3.0/libjpeg-turbo/2.1.3/share/CCCorp/CloudCompare/plugins
[Plugin] Searching: /apps/easybuild-2022/easybuild/software/Compiler/GCCcore/11.3.0/NASM/2.15.05/share/CCCorp/CloudCompare/plugins
[Plugin] Searching: /apps/easybuild-2022/easybuild/software/Compiler/GCCcore/11.3.0/Mesa/22.0.3/share/CCCorp/CloudCompare/plugins
[Plugin] Searching: /apps/easybuild-2022/easybuild/software/Compiler/GCCcore/11.3.0/LLVM/14.0.3/share/CCCorp/CloudCompare/plugins
[Plugin] Searching: /apps/easybuild-2022/easybuild/software/Compiler/GCCcore/11.3.0/libdrm/2.4.110/share/CCCorp/CloudCompare/plugins
[Plugin] Searching: /apps/easybuild-2022/easybuild/software/Compiler/GCCcore/11.3.0/zstd/1.5.2/share/CCCorp/CloudCompare/plugins
[Plugin] Searching: /apps/easybuild-2022/easybuild/software/Compiler/GCCcore/11.3.0/lz4/1.9.3/share/CCCorp/CloudCompare/plugins
[Plugin] Searching: /apps/easybuild-2022/easybuild/software/Compiler/GCCcore/11.3.0/gzip/1.12/share/CCCorp/CloudCompare/plugins
[Plugin] Searching: /apps/easybuild-2022/easybuild/software/Compiler/GCCcore/11.3.0/DBus/1.14.0/share/CCCorp/CloudCompare/plugins
[Plugin] Searching: /apps/easybuild-2022/easybuild/software/Compiler/GCCcore/11.3.0/graphite2/1.3.14/share/CCCorp/CloudCompare/plugins
[Plugin] Searching: /apps/easybuild-2022/easybuild/software/Compiler/GCCcore/11.3.0/HarfBuzz/4.2.1/share/CCCorp/CloudCompare/plugins
[Plugin] Searching: /apps/easybuild-2022/easybuild/software/Compiler/GCCcore/11.3.0/cairo/1.17.4/share/CCCorp/CloudCompare/plugins
[Plugin] Searching: /apps/easybuild-2022/easybuild/software/Compiler/GCCcore/11.3.0/X11/20220504/share/CCCorp/CloudCompare/plugins
[Plugin] Searching: /apps/easybuild-2022/easybuild/software/Compiler/GCCcore/11.3.0/xorg-macros/1.19.3/share/CCCorp/CloudCompare/plugins
[Plugin] Searching: /apps/easybuild-2022/easybuild/software/Compiler/GCCcore/11.3.0/fontconfig/2.14.0/share/CCCorp/CloudCompare/plugins
[Plugin] Searching: /apps/easybuild-2022/easybuild/software/Compiler/GCCcore/11.3.0/expat/2.4.8/share/CCCorp/CloudCompare/plugins
[Plugin] Searching: /apps/easybuild-2022/easybuild/software/Compiler/GCCcore/11.3.0/freetype/2.12.1/share/CCCorp/CloudCompare/plugins
[Plugin] Searching: /apps/easybuild-2022/easybuild/software/Compiler/GCCcore/11.3.0/libpng/1.6.37/share/CCCorp/CloudCompare/plugins
[Plugin] Searching: /apps/easybuild-2022/easybuild/software/Compiler/GCCcore/11.3.0/PCRE2/10.40/share/CCCorp/CloudCompare/plugins
[Plugin] Searching: /apps/easybuild-2022/easybuild/software/Compiler/GCCcore/11.3.0/GLib/2.72.1/share/CCCorp/CloudCompare/plugins
[Plugin] Searching: /apps/easybuild-2022/easybuild/software/Compiler/GCCcore/11.3.0/util-linux/2.38/share/CCCorp/CloudCompare/plugins
[Plugin] Searching: /apps/easybuild-2022/easybuild/software/Compiler/GCCcore/11.3.0/PCRE/8.45/share/CCCorp/CloudCompare/plugins
[Plugin] Searching: /apps/easybuild-2022/easybuild/software/Compiler/GCCcore/11.3.0/gettext/0.21/share/CCCorp/CloudCompare/plugins
[Plugin] Searching: /apps/easybuild-2022/easybuild/software/Compiler/GCCcore/11.3.0/ncurses/6.3/share/CCCorp/CloudCompare/plugins
[Plugin] Searching: /apps/easybuild-2022/easybuild/software/Compiler/GCCcore/11.3.0/libffi/3.4.2/share/CCCorp/CloudCompare/plugins
[Plugin][Additional I/O] New file extensions registered: ICM OUT PN POLY POV PV SOI SX
[Plugin][Core I/O] New file extensions registered:  GEOREF MA OBJ OFF PDMS PTX SBF STL VTK
[Plugin][CSV Matrix I/O] New file extensions registered: CSV
[Plugin][Photoscan I/O] New file extensions registered: PSZ
Auto-save is disabled
Output export format (clouds) set to: ASC
[LOADING]
Opening file: 'Dataset/Mesh/Pot_A/Pot_A_Piece_05_Mesh.obj'
[OBJ] Dataset/Mesh/Pot_A/Pot_A_Piece_05_Mesh.obj
[OBJ] Material file: 18-0702-03-05.mtl
[OBJ] Failed to load material file! (should be in '/data/gpfs/projects/punim2657/sfs_preprocessing/Dataset/Mesh/Pot_A/18-0702-03-05.mtl')
[OBJ::Load::MTL parser] Error reading file: 18-0702-03-05.mtl
[OBJ] 34168 points, 68332 faces
[OBJ] 204996 tex. coords, 34168 normals
[OBJ] Texture coordinates were defined but no material could be loaded!
[OBJ] 1 mesh loaded - 1 group(s)
[I/O] Fil✅ CloudCompare sampling with normals successful for piece 05
⚠️  No normals detected in PCD file for piece 05
# .PCD v0.7 - Point Cloud Data file format
VERSION 0.7
FIELDS x y z
SIZE 4 4 4
TYPE F F F
COUNT 1 1 1
WIDTH 34168
HEIGHT 1
VIEWPOINT 0 0 0 1 0 0 0
POINTS 34168
DATA ascii
29.313000 41.330200 360.071000
29.125500 40.936500 360.076000
29.556300 40.843100 360.095000
43.999800 -5.802950 373.382000
-rw-r--r-- 1 zhuojiat punim2657 1061325 Sep  1 12:22 Dataset/Point/Pot_A/Pot_A_Piece_05_Point.pcd
=== Sampling Pot_A_Piece_06 with Normals ===
[Global Shift] Max abs. coord = 1e+04 / max abs. diag = 1e+06
[ccColorScalesManager] Found 0 custom scale(s) in persistent settings
[Plugin] Searching: /apps/easybuild-2022/easybuild/software/MPI/GCC/11.3.0/OpenMPI/4.1.4/CloudCompare/2.12.4/lib/cloudcompare/plugins
	Plugin found: Additional I/O (libQADDITIONAL_IO_PLUGIN.so)
	Plugin found: CEA Virtual Broom (libQBROOM_PLUGIN.so)
	Plugin found: Compass (libQCOMPASS_PLUGIN.so)
	Plugin found: Core I/O (libQCORE_IO_PLUGIN.so)
	Plugin found: CSF Filter (libQCSF_PLUGIN.so)
	Plugin found: CSV Matrix I/O (libQCSV_MATRIX_IO_PLUGIN.so)
	Plugin found: EDL Shader (libQEDL_GL_PLUGIN.so)
	Plugin found: Facet/fracture detection (libQFACETS_PLUGIN.so)
	Plugin found: Hough Normals Computation (libQHOUGH_NORMALS_PLUGIN.so)
	Plugin found: Hidden Point Removal (libQHPR_PLUGIN.so)
	Plugin found: M3C2 Distance (libQM3C2_PLUGIN.so)
	Plugin found: PCV / ShadeVis (libQPCV_PLUGIN.so)
	Plugin found: Photoscan I/O (libQPHOTOSCAN_IO_PLUGIN.so)
	Plugin found: RANSAC Shape Detection (libQRANSAC_SD_PLUGIN.so)
	Plugin found: Surface of Revolution Analysis (libQSRA_PLUGIN.so)
	Plugin found: SSAO Shader (libQSSAO_GL_PLUGIN.so)
[Plugin] Searching: /home/zhuojiat/.local/share/CCCorp/CloudCompare/plugins
[Plugin] Searching: /apps/easybuild-2022/easybuild/software/MPI/GCC/11.3.0/OpenMPI/4.1.4/CloudCompare/2.12.4/share/CCCorp/CloudCompare/plugins
[Plugin] Searching: /apps/easybuild-2022/easybuild/software/Compiler/GCCcore/11.3.0/Eigen/3.4.0/share/CCCorp/CloudCompare/plugins
[Plugin] Searching: /apps/easybuild-2022/easybuild/software/MPI/GCC/11.3.0/OpenMPI/4.1.4/GDAL/3.5.0/share/CCCorp/CloudCompare/plugins
[Plugin] Searching: /apps/easybuild-2022/easybuild/software/Compiler/GCCcore/11.3.0/HDF/4.2.15/share/CCCorp/CloudCompare/plugins
[Plugin] Searching: /apps/easybuild-2022/easybuild/software/Compiler/GCCcore/11.3.0/libtirpc/1.3.2/share/CCCorp/CloudCompare/plugins
[Plugin] Searching: /apps/easybuild-2022/easybuild/software/Compiler/GCCcore/11.3.0/pybind11/2.9.2/share/CCCorp/CloudCompare/plugins
[Plugin] Searching: /apps/easybuild-2022/easybuild/software/Compiler/GCCcore/11.3.0/libgeotiff/1.7.1/share/CCCorp/CloudCompare/plugins
[Plugin] Searching: /apps/easybuild-2022/easybuild/software/Compiler/GCCcore/11.3.0/PROJ/9.0.0/share/CCCorp/CloudCompare/plugins
[Plugin] Searching: /apps/easybuild-2022/easybuild/software/Compiler/GCCcore/11.3.0/LibTIFF/4.3.0/share/CCCorp/CloudCompare/plugins
[Plugin] Searching: /apps/easybuild-2022/easybuild/software/MPI/GCC/11.3.0/OpenMPI/4.1.4/netCDF/4.9.0/share/CCCorp/CloudCompare/plugins
[Plugin] Searching: /apps/easybuild-2022/easybuild/software/Compiler/GCCcore/11.3.0/cURL/7.83.0/share/CCCorp/CloudCompare/plugins
[Plugin] Searching: /apps/easybuild-2022/easybuild/software/MPI/GCC/11.3.0/OpenMPI/4.1.4/HDF5/1.12.2/share/CCCorp/CloudCompare/plugins
[Plugin] Searching: /apps/easybuild-2022/easybuild/software/Compiler/GCCcore/11.3.0/Python/3.10.4/share/CCCorp/CloudCompare/plugins
[Plugin] Searching: /apps/easybuild-2022/easybuild/software/Compiler/GCCcore/11.3.0/GMP/6.2.1/share/CCCorp/CloudCompare/plugins
[Plugin] Searching: /apps/easybuild-2022/easybuild/software/Compiler/GCCcore/11.3.0/SQLite/3.38.3/share/CCCorp/CloudCompare/plugins
[Plugin] Searching: /apps/easybuild-2022/easybuild/software/Compiler/GCCcore/11.3.0/Tcl/8.6.12/share/CCCorp/CloudCompare/plugins
[Plugin] Searching: /apps/easybuild-2022/easybuild/software/Compiler/GCCcore/11.3.0/libreadline/8.1.2/share/CCCorp/CloudCompare/plugins
[Plugin] Searching: /apps/easybuild-2022/easybuild/software/Compiler/GCCcore/11.3.0/nodejs/16.15.1/share/CCCorp/CloudCompare/plugins
[Plugin] Searching: /apps/easybuild-2022/easybuild/software/Core/OpenSSL/1.1/share/CCCorp/CloudCompare/plugins
[Plugin] Searching: /apps/easybuild-2022/easybuild/software/Compiler/GCCcore/11.3.0/JasPer/2.0.33/share/CCCorp/CloudCompare/plugins
[Plugin] Searching: /apps/easybuild-2022/easybuild/software/Compiler/GCCcore/11.3.0/NSPR/4.34/share/CCCorp/CloudCompare/plugins
[Plugin] Searching: /apps/easybuild-2022/easybuild/software/Compiler/GCCcore/11.3.0/libjpeg-turbo/2.1.3/share/CCCorp/CloudCompare/plugins
[Plugin] Searching: /apps/easybuild-2022/easybuild/software/Compiler/GCCcore/11.3.0/NASM/2.15.05/share/CCCorp/CloudCompare/plugins
[Plugin] Searching: /apps/easybuild-2022/easybuild/software/Compiler/GCCcore/11.3.0/Mesa/22.0.3/share/CCCorp/CloudCompare/plugins
[Plugin] Searching: /apps/easybuild-2022/easybuild/software/Compiler/GCCcore/11.3.0/LLVM/14.0.3/share/CCCorp/CloudCompare/plugins
[Plugin] Searching: /apps/easybuild-2022/easybuild/software/Compiler/GCCcore/11.3.0/libdrm/2.4.110/share/CCCorp/CloudCompare/plugins
[Plugin] Searching: /apps/easybuild-2022/easybuild/software/Compiler/GCCcore/11.3.0/zstd/1.5.2/share/CCCorp/CloudCompare/plugins
[Plugin] Searching: /apps/easybuild-2022/easybuild/software/Compiler/GCCcore/11.3.0/lz4/1.9.3/share/CCCorp/CloudCompare/plugins
[Plugin] Searching: /apps/easybuild-2022/easybuild/software/Compiler/GCCcore/11.3.0/gzip/1.12/share/CCCorp/CloudCompare/plugins
[Plugin] Searching: /apps/easybuild-2022/easybuild/software/Compiler/GCCcore/11.3.0/DBus/1.14.0/share/CCCorp/CloudCompare/plugins
[Plugin] Searching: /apps/easybuild-2022/easybuild/software/Compiler/GCCcore/11.3.0/graphite2/1.3.14/share/CCCorp/CloudCompare/plugins
[Plugin] Searching: /apps/easybuild-2022/easybuild/software/Compiler/GCCcore/11.3.0/HarfBuzz/4.2.1/share/CCCorp/CloudCompare/plugins
[Plugin] Searching: /apps/easybuild-2022/easybuild/software/Compiler/GCCcore/11.3.0/cairo/1.17.4/share/CCCorp/CloudCompare/plugins
[Plugin] Searching: /apps/easybuild-2022/easybuild/software/Compiler/GCCcore/11.3.0/X11/20220504/share/CCCorp/CloudCompare/plugins
[Plugin] Searching: /apps/easybuild-2022/easybuild/software/Compiler/GCCcore/11.3.0/xorg-macros/1.19.3/share/CCCorp/CloudCompare/plugins
[Plugin] Searching: /apps/easybuild-2022/easybuild/software/Compiler/GCCcore/11.3.0/fontconfig/2.14.0/share/CCCorp/CloudCompare/plugins
[Plugin] Searching: /apps/easybuild-2022/easybuild/software/Compiler/GCCcore/11.3.0/expat/2.4.8/share/CCCorp/CloudCompare/plugins
[Plugin] Searching: /apps/easybuild-2022/easybuild/software/Compiler/GCCcore/11.3.0/freetype/2.12.1/share/CCCorp/CloudCompare/plugins
[Plugin] Searching: /apps/easybuild-2022/easybuild/software/Compiler/GCCcore/11.3.0/libpng/1.6.37/share/CCCorp/CloudCompare/plugins
[Plugin] Searching: /apps/easybuild-2022/easybuild/software/Compiler/GCCcore/11.3.0/PCRE2/10.40/share/CCCorp/CloudCompare/plugins
[Plugin] Searching: /apps/easybuild-2022/easybuild/software/Compiler/GCCcore/11.3.0/GLib/2.72.1/share/CCCorp/CloudCompare/plugins
[Plugin] Searching: /apps/easybuild-2022/easybuild/software/Compiler/GCCcore/11.3.0/util-linux/2.38/share/CCCorp/CloudCompare/plugins
[Plugin] Searching: /apps/easybuild-2022/easybuild/software/Compiler/GCCcore/11.3.0/PCRE/8.45/share/CCCorp/CloudCompare/plugins
[Plugin] Searching: /apps/easybuild-2022/easybuild/software/Compiler/GCCcore/11.3.0/gettext/0.21/share/CCCorp/CloudCompare/plugins
[Plugin] Searching: /apps/easybuild-2022/easybuild/software/Compiler/GCCcore/11.3.0/ncurses/6.3/share/CCCorp/CloudCompare/plugins
[Plugin] Searching: /apps/easybuild-2022/easybuild/software/Compiler/GCCcore/11.3.0/libffi/3.4.2/share/CCCorp/CloudCompare/plugins
[Plugin][Additional I/O] New file extensions registered: ICM OUT PN POLY POV PV SOI SX
[Plugin][Core I/O] New file extensions registered:  GEOREF MA OBJ OFF PDMS PTX SBF STL VTK
[Plugin][CSV Matrix I/O] New file extensions registered: CSV
[Plugin][Photoscan I/O] New file extensions registered: PSZ
Auto-save is disabled
Output export format (clouds) set to: ASC
[LOADING]
Opening file: 'Dataset/Mesh/Pot_A/Pot_A_Piece_06_Mesh.obj'
[OBJ] Dataset/Mesh/Pot_A/Pot_A_Piece_06_Mesh.obj
[OBJ] Material file: 18-0702-03-06.mtl
[OBJ] Failed to load material file! (should be in '/data/gpfs/projects/punim2657/sfs_preprocessing/Dataset/Mesh/Pot_A/18-0702-03-06.mtl')
[OBJ::Load::MTL parser] Error reading file: 18-0702-03-06.mtl
[OBJ] 29184 points, 58364 faces
[OBJ] 175092 tex. coords, 29184 normals
[OBJ] Texture coordinates were defined but no material could be loaded!
[OBJ] 1 mesh loaded - 1 group(s)
[I/O] Fil✅ CloudCompare sampling with normals successful for piece 06
⚠️  No normals detected in PCD file for piece 06
# .PCD v0.7 - Point Cloud Data file format
VERSION 0.7
FIELDS x y z
SIZE 4 4 4
TYPE F F F
COUNT 1 1 1
WIDTH 29184
HEIGHT 1
VIEWPOINT 0 0 0 1 0 0 0
POINTS 29184
DATA ascii
-8.604020 -54.117900 440.646000
-8.524990 -54.117800 440.422000
-8.502790 -54.342800 440.496000
-5.616480 15.894200 432.184000
-rw-r--r-- 1 zhuojiat punim2657 914085 Sep  1 12:22 Dataset/Point/Pot_A/Pot_A_Piece_06_Point.pcd
=== Sampling Pot_A_Piece_07 with Normals ===
[Global Shift] Max abs. coord = 1e+04 / max abs. diag = 1e+06
[ccColorScalesManager] Found 0 custom scale(s) in persistent settings
[Plugin] Searching: /apps/easybuild-2022/easybuild/software/MPI/GCC/11.3.0/OpenMPI/4.1.4/CloudCompare/2.12.4/lib/cloudcompare/plugins
	Plugin found: Additional I/O (libQADDITIONAL_IO_PLUGIN.so)
	Plugin found: CEA Virtual Broom (libQBROOM_PLUGIN.so)
	Plugin found: Compass (libQCOMPASS_PLUGIN.so)
	Plugin found: Core I/O (libQCORE_IO_PLUGIN.so)
	Plugin found: CSF Filter (libQCSF_PLUGIN.so)
	Plugin found: CSV Matrix I/O (libQCSV_MATRIX_IO_PLUGIN.so)
	Plugin found: EDL Shader (libQEDL_GL_PLUGIN.so)
	Plugin found: Facet/fracture detection (libQFACETS_PLUGIN.so)
	Plugin found: Hough Normals Computation (libQHOUGH_NORMALS_PLUGIN.so)
	Plugin found: Hidden Point Removal (libQHPR_PLUGIN.so)
	Plugin found: M3C2 Distance (libQM3C2_PLUGIN.so)
	Plugin found: PCV / ShadeVis (libQPCV_PLUGIN.so)
	Plugin found: Photoscan I/O (libQPHOTOSCAN_IO_PLUGIN.so)
	Plugin found: RANSAC Shape Detection (libQRANSAC_SD_PLUGIN.so)
	Plugin found: Surface of Revolution Analysis (libQSRA_PLUGIN.so)
	Plugin found: SSAO Shader (libQSSAO_GL_PLUGIN.so)
[Plugin] Searching: /home/zhuojiat/.local/share/CCCorp/CloudCompare/plugins
[Plugin] Searching: /apps/easybuild-2022/easybuild/software/MPI/GCC/11.3.0/OpenMPI/4.1.4/CloudCompare/2.12.4/share/CCCorp/CloudCompare/plugins
[Plugin] Searching: /apps/easybuild-2022/easybuild/software/Compiler/GCCcore/11.3.0/Eigen/3.4.0/share/CCCorp/CloudCompare/plugins
[Plugin] Searching: /apps/easybuild-2022/easybuild/software/MPI/GCC/11.3.0/OpenMPI/4.1.4/GDAL/3.5.0/share/CCCorp/CloudCompare/plugins
[Plugin] Searching: /apps/easybuild-2022/easybuild/software/Compiler/GCCcore/11.3.0/HDF/4.2.15/share/CCCorp/CloudCompare/plugins
[Plugin] Searching: /apps/easybuild-2022/easybuild/software/Compiler/GCCcore/11.3.0/libtirpc/1.3.2/share/CCCorp/CloudCompare/plugins
[Plugin] Searching: /apps/easybuild-2022/easybuild/software/Compiler/GCCcore/11.3.0/pybind11/2.9.2/share/CCCorp/CloudCompare/plugins
[Plugin] Searching: /apps/easybuild-2022/easybuild/software/Compiler/GCCcore/11.3.0/libgeotiff/1.7.1/share/CCCorp/CloudCompare/plugins
[Plugin] Searching: /apps/easybuild-2022/easybuild/software/Compiler/GCCcore/11.3.0/PROJ/9.0.0/share/CCCorp/CloudCompare/plugins
[Plugin] Searching: /apps/easybuild-2022/easybuild/software/Compiler/GCCcore/11.3.0/LibTIFF/4.3.0/share/CCCorp/CloudCompare/plugins
[Plugin] Searching: /apps/easybuild-2022/easybuild/software/MPI/GCC/11.3.0/OpenMPI/4.1.4/netCDF/4.9.0/share/CCCorp/CloudCompare/plugins
[Plugin] Searching: /apps/easybuild-2022/easybuild/software/Compiler/GCCcore/11.3.0/cURL/7.83.0/share/CCCorp/CloudCompare/plugins
[Plugin] Searching: /apps/easybuild-2022/easybuild/software/MPI/GCC/11.3.0/OpenMPI/4.1.4/HDF5/1.12.2/share/CCCorp/CloudCompare/plugins
[Plugin] Searching: /apps/easybuild-2022/easybuild/software/Compiler/GCCcore/11.3.0/Python/3.10.4/share/CCCorp/CloudCompare/plugins
[Plugin] Searching: /apps/easybuild-2022/easybuild/software/Compiler/GCCcore/11.3.0/GMP/6.2.1/share/CCCorp/CloudCompare/plugins
[Plugin] Searching: /apps/easybuild-2022/easybuild/software/Compiler/GCCcore/11.3.0/SQLite/3.38.3/share/CCCorp/CloudCompare/plugins
[Plugin] Searching: /apps/easybuild-2022/easybuild/software/Compiler/GCCcore/11.3.0/Tcl/8.6.12/share/CCCorp/CloudCompare/plugins
[Plugin] Searching: /apps/easybuild-2022/easybuild/software/Compiler/GCCcore/11.3.0/libreadline/8.1.2/share/CCCorp/CloudCompare/plugins
[Plugin] Searching: /apps/easybuild-2022/easybuild/software/Compiler/GCCcore/11.3.0/nodejs/16.15.1/share/CCCorp/CloudCompare/plugins
[Plugin] Searching: /apps/easybuild-2022/easybuild/software/Core/OpenSSL/1.1/share/CCCorp/CloudCompare/plugins
[Plugin] Searching: /apps/easybuild-2022/easybuild/software/Compiler/GCCcore/11.3.0/JasPer/2.0.33/share/CCCorp/CloudCompare/plugins
[Plugin] Searching: /apps/easybuild-2022/easybuild/software/Compiler/GCCcore/11.3.0/NSPR/4.34/share/CCCorp/CloudCompare/plugins
[Plugin] Searching: /apps/easybuild-2022/easybuild/software/Compiler/GCCcore/11.3.0/libjpeg-turbo/2.1.3/share/CCCorp/CloudCompare/plugins
[Plugin] Searching: /apps/easybuild-2022/easybuild/software/Compiler/GCCcore/11.3.0/NASM/2.15.05/share/CCCorp/CloudCompare/plugins
[Plugin] Searching: /apps/easybuild-2022/easybuild/software/Compiler/GCCcore/11.3.0/Mesa/22.0.3/share/CCCorp/CloudCompare/plugins
[Plugin] Searching: /apps/easybuild-2022/easybuild/software/Compiler/GCCcore/11.3.0/LLVM/14.0.3/share/CCCorp/CloudCompare/plugins
[Plugin] Searching: /apps/easybuild-2022/easybuild/software/Compiler/GCCcore/11.3.0/libdrm/2.4.110/share/CCCorp/CloudCompare/plugins
[Plugin] Searching: /apps/easybuild-2022/easybuild/software/Compiler/GCCcore/11.3.0/zstd/1.5.2/share/CCCorp/CloudCompare/plugins
[Plugin] Searching: /apps/easybuild-2022/easybuild/software/Compiler/GCCcore/11.3.0/lz4/1.9.3/share/CCCorp/CloudCompare/plugins
[Plugin] Searching: /apps/easybuild-2022/easybuild/software/Compiler/GCCcore/11.3.0/gzip/1.12/share/CCCorp/CloudCompare/plugins
[Plugin] Searching: /apps/easybuild-2022/easybuild/software/Compiler/GCCcore/11.3.0/DBus/1.14.0/share/CCCorp/CloudCompare/plugins
[Plugin] Searching: /apps/easybuild-2022/easybuild/software/Compiler/GCCcore/11.3.0/graphite2/1.3.14/share/CCCorp/CloudCompare/plugins
[Plugin] Searching: /apps/easybuild-2022/easybuild/software/Compiler/GCCcore/11.3.0/HarfBuzz/4.2.1/share/CCCorp/CloudCompare/plugins
[Plugin] Searching: /apps/easybuild-2022/easybuild/software/Compiler/GCCcore/11.3.0/cairo/1.17.4/share/CCCorp/CloudCompare/plugins
[Plugin] Searching: /apps/easybuild-2022/easybuild/software/Compiler/GCCcore/11.3.0/X11/20220504/share/CCCorp/CloudCompare/plugins
[Plugin] Searching: /apps/easybuild-2022/easybuild/software/Compiler/GCCcore/11.3.0/xorg-macros/1.19.3/share/CCCorp/CloudCompare/plugins
[Plugin] Searching: /apps/easybuild-2022/easybuild/software/Compiler/GCCcore/11.3.0/fontconfig/2.14.0/share/CCCorp/CloudCompare/plugins
[Plugin] Searching: /apps/easybuild-2022/easybuild/software/Compiler/GCCcore/11.3.0/expat/2.4.8/share/CCCorp/CloudCompare/plugins
[Plugin] Searching: /apps/easybuild-2022/easybuild/software/Compiler/GCCcore/11.3.0/freetype/2.12.1/share/CCCorp/CloudCompare/plugins
[Plugin] Searching: /apps/easybuild-2022/easybuild/software/Compiler/GCCcore/11.3.0/libpng/1.6.37/share/CCCorp/CloudCompare/plugins
[Plugin] Searching: /apps/easybuild-2022/easybuild/software/Compiler/GCCcore/11.3.0/PCRE2/10.40/share/CCCorp/CloudCompare/plugins
[Plugin] Searching: /apps/easybuild-2022/easybuild/software/Compiler/GCCcore/11.3.0/GLib/2.72.1/share/CCCorp/CloudCompare/plugins
[Plugin] Searching: /apps/easybuild-2022/easybuild/software/Compiler/GCCcore/11.3.0/util-linux/2.38/share/CCCorp/CloudCompare/plugins
[Plugin] Searching: /apps/easybuild-2022/easybuild/software/Compiler/GCCcore/11.3.0/PCRE/8.45/share/CCCorp/CloudCompare/plugins
[Plugin] Searching: /apps/easybuild-2022/easybuild/software/Compiler/GCCcore/11.3.0/gettext/0.21/share/CCCorp/CloudCompare/plugins
[Plugin] Searching: /apps/easybuild-2022/easybuild/software/Compiler/GCCcore/11.3.0/ncurses/6.3/share/CCCorp/CloudCompare/plugins
[Plugin] Searching: /apps/easybuild-2022/easybuild/software/Compiler/GCCcore/11.3.0/libffi/3.4.2/share/CCCorp/CloudCompare/plugins
[Plugin][Additional I/O] New file extensions registered: ICM OUT PN POLY POV PV SOI SX
[Plugin][Core I/O] New file extensions registered:  GEOREF MA OBJ OFF PDMS PTX SBF STL VTK
[Plugin][CSV Matrix I/O] New file extensions registered: CSV
[Plugin][Photoscan I/O] New file extensions registered: PSZ
Auto-save is disabled
Output export format (clouds) set to: ASC
[LOADING]
Opening file: 'Dataset/Mesh/Pot_A/Pot_A_Piece_07_Mesh.obj'
[OBJ] Dataset/Mesh/Pot_A/Pot_A_Piece_07_Mesh.obj
[OBJ] Material file: 18-0702-03-07.mtl
[OBJ] Failed to load material file! (should be in '/data/gpfs/projects/punim2657/sfs_preprocessing/Dataset/Mesh/Pot_A/18-0702-03-07.mtl')
[OBJ::Load::MTL parser] Error reading file: 18-0702-03-07.mtl
[OBJ] 10593 points, 21174 faces
[OBJ] 63522 tex. coords, 10593 normals
[OBJ] Texture coordinates were defined but no material could be loaded!
[OBJ] 1 mesh loaded - 1 group(s)
[I/O] File✅ CloudCompare sampling with normals successful for piece 07
⚠️  No normals detected in PCD file for piece 07
# .PCD v0.7 - Point Cloud Data file format
VERSION 0.7
FIELDS x y z
SIZE 4 4 4
TYPE F F F
COUNT 1 1 1
WIDTH 10593
HEIGHT 1
VIEWPOINT 0 0 0 1 0 0 0
POINTS 10593
DATA ascii
0.944077 54.963800 331.171000
0.944298 54.958200 331.312000
1.091110 54.914200 331.167000
-9.540610 55.366300 332.353000
-rw-r--r-- 1 zhuojiat punim2657 325677 Sep  1 12:23 Dataset/Point/Pot_A/Pot_A_Piece_07_Point.pcd
=== Sampling Pot_A_Piece_08 with Normals ===
[Global Shift] Max abs. coord = 1e+04 / max abs. diag = 1e+06
[ccColorScalesManager] Found 0 custom scale(s) in persistent settings
[Plugin] Searching: /apps/easybuild-2022/easybuild/software/MPI/GCC/11.3.0/OpenMPI/4.1.4/CloudCompare/2.12.4/lib/cloudcompare/plugins
	Plugin found: Additional I/O (libQADDITIONAL_IO_PLUGIN.so)
	Plugin found: CEA Virtual Broom (libQBROOM_PLUGIN.so)
	Plugin found: Compass (libQCOMPASS_PLUGIN.so)
	Plugin found: Core I/O (libQCORE_IO_PLUGIN.so)
	Plugin found: CSF Filter (libQCSF_PLUGIN.so)
	Plugin found: CSV Matrix I/O (libQCSV_MATRIX_IO_PLUGIN.so)
	Plugin found: EDL Shader (libQEDL_GL_PLUGIN.so)
	Plugin found: Facet/fracture detection (libQFACETS_PLUGIN.so)
	Plugin found: Hough Normals Computation (libQHOUGH_NORMALS_PLUGIN.so)
	Plugin found: Hidden Point Removal (libQHPR_PLUGIN.so)
	Plugin found: M3C2 Distance (libQM3C2_PLUGIN.so)
	Plugin found: PCV / ShadeVis (libQPCV_PLUGIN.so)
	Plugin found: Photoscan I/O (libQPHOTOSCAN_IO_PLUGIN.so)
	Plugin found: RANSAC Shape Detection (libQRANSAC_SD_PLUGIN.so)
	Plugin found: Surface of Revolution Analysis (libQSRA_PLUGIN.so)
	Plugin found: SSAO Shader (libQSSAO_GL_PLUGIN.so)
[Plugin] Searching: /home/zhuojiat/.local/share/CCCorp/CloudCompare/plugins
[Plugin] Searching: /apps/easybuild-2022/easybuild/software/MPI/GCC/11.3.0/OpenMPI/4.1.4/CloudCompare/2.12.4/share/CCCorp/CloudCompare/plugins
[Plugin] Searching: /apps/easybuild-2022/easybuild/software/Compiler/GCCcore/11.3.0/Eigen/3.4.0/share/CCCorp/CloudCompare/plugins
[Plugin] Searching: /apps/easybuild-2022/easybuild/software/MPI/GCC/11.3.0/OpenMPI/4.1.4/GDAL/3.5.0/share/CCCorp/CloudCompare/plugins
[Plugin] Searching: /apps/easybuild-2022/easybuild/software/Compiler/GCCcore/11.3.0/HDF/4.2.15/share/CCCorp/CloudCompare/plugins
[Plugin] Searching: /apps/easybuild-2022/easybuild/software/Compiler/GCCcore/11.3.0/libtirpc/1.3.2/share/CCCorp/CloudCompare/plugins
[Plugin] Searching: /apps/easybuild-2022/easybuild/software/Compiler/GCCcore/11.3.0/pybind11/2.9.2/share/CCCorp/CloudCompare/plugins
[Plugin] Searching: /apps/easybuild-2022/easybuild/software/Compiler/GCCcore/11.3.0/libgeotiff/1.7.1/share/CCCorp/CloudCompare/plugins
[Plugin] Searching: /apps/easybuild-2022/easybuild/software/Compiler/GCCcore/11.3.0/PROJ/9.0.0/share/CCCorp/CloudCompare/plugins
[Plugin] Searching: /apps/easybuild-2022/easybuild/software/Compiler/GCCcore/11.3.0/LibTIFF/4.3.0/share/CCCorp/CloudCompare/plugins
[Plugin] Searching: /apps/easybuild-2022/easybuild/software/MPI/GCC/11.3.0/OpenMPI/4.1.4/netCDF/4.9.0/share/CCCorp/CloudCompare/plugins
[Plugin] Searching: /apps/easybuild-2022/easybuild/software/Compiler/GCCcore/11.3.0/cURL/7.83.0/share/CCCorp/CloudCompare/plugins
[Plugin] Searching: /apps/easybuild-2022/easybuild/software/MPI/GCC/11.3.0/OpenMPI/4.1.4/HDF5/1.12.2/share/CCCorp/CloudCompare/plugins
[Plugin] Searching: /apps/easybuild-2022/easybuild/software/Compiler/GCCcore/11.3.0/Python/3.10.4/share/CCCorp/CloudCompare/plugins
[Plugin] Searching: /apps/easybuild-2022/easybuild/software/Compiler/GCCcore/11.3.0/GMP/6.2.1/share/CCCorp/CloudCompare/plugins
[Plugin] Searching: /apps/easybuild-2022/easybuild/software/Compiler/GCCcore/11.3.0/SQLite/3.38.3/share/CCCorp/CloudCompare/plugins
[Plugin] Searching: /apps/easybuild-2022/easybuild/software/Compiler/GCCcore/11.3.0/Tcl/8.6.12/share/CCCorp/CloudCompare/plugins
[Plugin] Searching: /apps/easybuild-2022/easybuild/software/Compiler/GCCcore/11.3.0/libreadline/8.1.2/share/CCCorp/CloudCompare/plugins
[Plugin] Searching: /apps/easybuild-2022/easybuild/software/Compiler/GCCcore/11.3.0/nodejs/16.15.1/share/CCCorp/CloudCompare/plugins
[Plugin] Searching: /apps/easybuild-2022/easybuild/software/Core/OpenSSL/1.1/share/CCCorp/CloudCompare/plugins
[Plugin] Searching: /apps/easybuild-2022/easybuild/software/Compiler/GCCcore/11.3.0/JasPer/2.0.33/share/CCCorp/CloudCompare/plugins
[Plugin] Searching: /apps/easybuild-2022/easybuild/software/Compiler/GCCcore/11.3.0/NSPR/4.34/share/CCCorp/CloudCompare/plugins
[Plugin] Searching: /apps/easybuild-2022/easybuild/software/Compiler/GCCcore/11.3.0/libjpeg-turbo/2.1.3/share/CCCorp/CloudCompare/plugins
[Plugin] Searching: /apps/easybuild-2022/easybuild/software/Compiler/GCCcore/11.3.0/NASM/2.15.05/share/CCCorp/CloudCompare/plugins
[Plugin] Searching: /apps/easybuild-2022/easybuild/software/Compiler/GCCcore/11.3.0/Mesa/22.0.3/share/CCCorp/CloudCompare/plugins
[Plugin] Searching: /apps/easybuild-2022/easybuild/software/Compiler/GCCcore/11.3.0/LLVM/14.0.3/share/CCCorp/CloudCompare/plugins
[Plugin] Searching: /apps/easybuild-2022/easybuild/software/Compiler/GCCcore/11.3.0/libdrm/2.4.110/share/CCCorp/CloudCompare/plugins
[Plugin] Searching: /apps/easybuild-2022/easybuild/software/Compiler/GCCcore/11.3.0/zstd/1.5.2/share/CCCorp/CloudCompare/plugins
[Plugin] Searching: /apps/easybuild-2022/easybuild/software/Compiler/GCCcore/11.3.0/lz4/1.9.3/share/CCCorp/CloudCompare/plugins
[Plugin] Searching: /apps/easybuild-2022/easybuild/software/Compiler/GCCcore/11.3.0/gzip/1.12/share/CCCorp/CloudCompare/plugins
[Plugin] Searching: /apps/easybuild-2022/easybuild/software/Compiler/GCCcore/11.3.0/DBus/1.14.0/share/CCCorp/CloudCompare/plugins
[Plugin] Searching: /apps/easybuild-2022/easybuild/software/Compiler/GCCcore/11.3.0/graphite2/1.3.14/share/CCCorp/CloudCompare/plugins
[Plugin] Searching: /apps/easybuild-2022/easybuild/software/Compiler/GCCcore/11.3.0/HarfBuzz/4.2.1/share/CCCorp/CloudCompare/plugins
[Plugin] Searching: /apps/easybuild-2022/easybuild/software/Compiler/GCCcore/11.3.0/cairo/1.17.4/share/CCCorp/CloudCompare/plugins
[Plugin] Searching: /apps/easybuild-2022/easybuild/software/Compiler/GCCcore/11.3.0/X11/20220504/share/CCCorp/CloudCompare/plugins
[Plugin] Searching: /apps/easybuild-2022/easybuild/software/Compiler/GCCcore/11.3.0/xorg-macros/1.19.3/share/CCCorp/CloudCompare/plugins
[Plugin] Searching: /apps/easybuild-2022/easybuild/software/Compiler/GCCcore/11.3.0/fontconfig/2.14.0/share/CCCorp/CloudCompare/plugins
[Plugin] Searching: /apps/easybuild-2022/easybuild/software/Compiler/GCCcore/11.3.0/expat/2.4.8/share/CCCorp/CloudCompare/plugins
[Plugin] Searching: /apps/easybuild-2022/easybuild/software/Compiler/GCCcore/11.3.0/freetype/2.12.1/share/CCCorp/CloudCompare/plugins
[Plugin] Searching: /apps/easybuild-2022/easybuild/software/Compiler/GCCcore/11.3.0/libpng/1.6.37/share/CCCorp/CloudCompare/plugins
[Plugin] Searching: /apps/easybuild-2022/easybuild/software/Compiler/GCCcore/11.3.0/PCRE2/10.40/share/CCCorp/CloudCompare/plugins
[Plugin] Searching: /apps/easybuild-2022/easybuild/software/Compiler/GCCcore/11.3.0/GLib/2.72.1/share/CCCorp/CloudCompare/plugins
[Plugin] Searching: /apps/easybuild-2022/easybuild/software/Compiler/GCCcore/11.3.0/util-linux/2.38/share/CCCorp/CloudCompare/plugins
[Plugin] Searching: /apps/easybuild-2022/easybuild/software/Compiler/GCCcore/11.3.0/PCRE/8.45/share/CCCorp/CloudCompare/plugins
[Plugin] Searching: /apps/easybuild-2022/easybuild/software/Compiler/GCCcore/11.3.0/gettext/0.21/share/CCCorp/CloudCompare/plugins
[Plugin] Searching: /apps/easybuild-2022/easybuild/software/Compiler/GCCcore/11.3.0/ncurses/6.3/share/CCCorp/CloudCompare/plugins
[Plugin] Searching: /apps/easybuild-2022/easybuild/software/Compiler/GCCcore/11.3.0/libffi/3.4.2/share/CCCorp/CloudCompare/plugins
[Plugin][Additional I/O] New file extensions registered: ICM OUT PN POLY POV PV SOI SX
[Plugin][Core I/O] New file extensions registered:  GEOREF MA OBJ OFF PDMS PTX SBF STL VTK
[Plugin][CSV Matrix I/O] New file extensions registered: CSV
[Plugin][Photoscan I/O] New file extensions registered: PSZ
Auto-save is disabled
Output export format (clouds) set to: ASC
[LOADING]
Opening file: 'Dataset/Mesh/Pot_A/Pot_A_Piece_08_Mesh.obj'
[OBJ] Dataset/Mesh/Pot_A/Pot_A_Piece_08_Mesh.obj
[OBJ] Material file: 18-0702-03-08.mtl
[OBJ] Failed to load material file! (should be in '/data/gpfs/projects/punim2657/sfs_preprocessing/Dataset/Mesh/Pot_A/18-0702-03-08.mtl')
[OBJ::Load::MTL parser] Error reading file: 18-0702-03-08.mtl
[OBJ] 10366 points, 20728 faces
[OBJ] 62184 tex. coords, 10366 normals
[OBJ] Texture coordinates were defined but no material could be loaded!
[OBJ] 1 mesh loaded - 1 group(s)
[I/O] File✅ CloudCompare sampling with normals successful for piece 08
⚠️  No normals detected in PCD file for piece 08
# .PCD v0.7 - Point Cloud Data file format
VERSION 0.7
FIELDS x y z
SIZE 4 4 4
TYPE F F F
COUNT 1 1 1
WIDTH 10366
HEIGHT 1
VIEWPOINT 0 0 0 1 0 0 0
POINTS 10366
DATA ascii
-35.203600 2.372630 308.779000
-35.293700 2.221490 309.007000
-35.230000 2.728630 308.952000
-32.988100 1.024820 307.986000
-rw-r--r-- 1 zhuojiat punim2657 326949 Sep  1 12:23 Dataset/Point/Pot_A/Pot_A_Piece_08_Point.pcd
=== CloudCompare with normals completed at: Mon 01 Sep 2025 21:40:32 AEST ===
Sep  1 21:35:03 spartan-bm170 kernel: Memory cgroup stats for /system.slice/slurmstepd.scope/job_15096568:
Sep  1 21:35:04 spartan-bm170 kernel: oom-kill:constraint=CONSTRAINT_MEMCG,nodemask=(null),cpuset=task_0,mems_allowed=0-3,oom_memcg=/system.slice/slurmstepd.scope/job_15096568,task_memcg=/system.slice/slurmstepd.scope/job_15096568/step_batch/user/task_0,task=CloudCompare,pid=189557,uid=18130
Sep  1 21:35:04 spartan-bm170 kernel: Memory cgroup out of memory: Killed process 189557 (CloudCompare) total-vm:68110648kB, anon-rss:33480164kB, file-rss:16384kB, shmem-rss:0kB, UID:18130 pgtables:66036kB oom_score_adj:0
Sep  1 21:35:51 spartan-bm170 kernel: Memory cgroup stats for /system.slice/slurmstepd.scope/job_15096568:
Sep  1 21:35:51 spartan-bm170 kernel: oom-kill:constraint=CONSTRAINT_MEMCG,nodemask=(null),cpuset=task_0,mems_allowed=0-3,oom_memcg=/system.slice/slurmstepd.scope/job_15096568,task_memcg=/system.slice/slurmstepd.scope/job_15096568/step_batch/user/task_0,task=CloudCompare,pid=190619,uid=18130
Sep  1 21:35:51 spartan-bm170 kernel: Memory cgroup out of memory: Killed process 190619 (CloudCompare) total-vm:68103124kB, anon-rss:33479768kB, file-rss:16384kB, shmem-rss:0kB, UID:18130 pgtables:66028kB oom_score_adj:0
Sep  1 21:36:39 spartan-bm170 kernel: Memory cgroup stats for /system.slice/slurmstepd.scope/job_15096568:
Sep  1 21:36:40 spartan-bm170 kernel: oom-kill:constraint=CONSTRAINT_MEMCG,nodemask=(null),cpuset=task_0,mems_allowed=0-3,oom_memcg=/system.slice/slurmstepd.scope/job_15096568,task_memcg=/system.slice/slurmstepd.scope/job_15096568/step_batch/user/task_0,task=CloudCompare,pid=191749,uid=18130
Sep  1 21:36:40 spartan-bm170 kernel: Memory cgroup out of memory: Killed process 191749 (CloudCompare) total-vm:68101972kB, anon-rss:33480524kB, file-rss:16384kB, shmem-rss:0kB, UID:18130 pgtables:66036kB oom_score_adj:0
Sep  1 21:37:26 spartan-bm170 kernel: Memory cgroup stats for /system.slice/slurmstepd.scope/job_15096568:
Sep  1 21:37:26 spartan-bm170 kernel: oom-kill:constraint=CONSTRAINT_MEMCG,nodemask=(null),cpuset=task_0,mems_allowed=0-3,oom_memcg=/system.slice/slurmstepd.scope/job_15096568,task_memcg=/system.slice/slurmstepd.scope/job_15096568/step_batch/user/task_0,task=CloudCompare,pid=193009,uid=18130
Sep  1 21:37:26 spartan-bm170 kernel: Memory cgroup out of memory: Killed process 193009 (CloudCompare) total-vm:68101344kB, anon-rss:33479460kB, file-rss:16384kB, shmem-rss:0kB, UID:18130 pgtables:66040kB oom_score_adj:0
Sep  1 21:38:14 spartan-bm170 kernel: Memory cgroup stats for /system.slice/slurmstepd.scope/job_15096568:
Sep  1 21:38:14 spartan-bm170 kernel: oom-kill:constraint=CONSTRAINT_MEMCG,nodemask=(null),cpuset=task_0,mems_allowed=0-3,oom_memcg=/system.slice/slurmstepd.scope/job_15096568,task_memcg=/system.slice/slurmstepd.scope/job_15096568/step_batch/user/task_0,task=CloudCompare,pid=194042,uid=18130
Sep  1 21:38:14 spartan-bm170 kernel: Memory cgroup out of memory: Killed process 194042 (CloudCompare) total-vm:68101952kB, anon-rss:33479180kB, file-rss:16384kB, shmem-rss:0kB, UID:18130 pgtables:66028kB oom_score_adj:0
Sep  1 21:39:01 spartan-bm170 kernel: Memory cgroup stats for /system.slice/slurmstepd.scope/job_15096568:
Sep  1 21:39:01 spartan-bm170 kernel: oom-kill:constraint=CONSTRAINT_MEMCG,nodemask=(null),cpuset=task_0,mems_allowed=0-3,oom_memcg=/system.slice/slurmstepd.scope/job_15096568,task_memcg=/system.slice/slurmstepd.scope/job_15096568/step_batch/user/task_0,task=CloudCompare,pid=195142,uid=18130
Sep  1 21:39:01 spartan-bm170 kernel: Memory cgroup out of memory: Killed process 195142 (CloudCompare) total-vm:68100816kB, anon-rss:33479888kB, file-rss:17408kB, shmem-rss:0kB, UID:18130 pgtables:66028kB oom_score_adj:0
Sep  1 21:39:47 spartan-bm170 kernel: Memory cgroup stats for /system.slice/slurmstepd.scope/job_15096568:
Sep  1 21:39:47 spartan-bm170 kernel: oom-kill:constraint=CONSTRAINT_MEMCG,nodemask=(null),cpuset=task_0,mems_allowed=0-3,oom_memcg=/system.slice/slurmstepd.scope/job_15096568,task_memcg=/system.slice/slurmstepd.scope/job_15096568/step_batch/user/task_0,task=CloudCompare,pid=196109,uid=18130
Sep  1 21:39:47 spartan-bm170 kernel: Memory cgroup out of memory: Killed process 196109 (CloudCompare) total-vm:55819472kB, anon-rss:33479680kB, file-rss:17408kB, shmem-rss:0kB, UID:18130 pgtables:66036kB oom_score_adj:0
Sep  1 21:40:30 spartan-bm170 kernel: Memory cgroup stats for /system.slice/slurmstepd.scope/job_15096568:
Sep  1 21:40:30 spartan-bm170 kernel: oom-kill:constraint=CONSTRAINT_MEMCG,nodemask=(null),cpuset=task_0,mems_allowed=0-3,oom_memcg=/system.slice/slurmstepd.scope/job_15096568,task_memcg=/system.slice/slurmstepd.scope/job_15096568/step_batch/user/task_0,task=CloudCompare,pid=197290,uid=18130
Sep  1 21:40:30 spartan-bm170 kernel: Memory cgroup out of memory: Killed process 197290 (CloudCompare) total-vm:51219164kB, anon-rss:33480704kB, file-rss:17408kB, shmem-rss:0kB, UID:18130 pgtables:66028kB oom_score_adj:0
