
The following have been reloaded with a version change:
  1) OpenSSL/3 => OpenSSL/1.1     2) nodejs/20.13.1 => nodejs/16.15.1

QSocketNotifier: Can only be used with threads started with QThread
QStandardPaths: XDG_RUNTIME_DIR not set, defaulting to '/tmp/runtime-zhuojiat'
/var/spool/slurm/job15096568/slurm_script: line 20: 189557 Killed                  /apps/easybuild-2022/easybuild/software/MPI/GCC/11.3.0/OpenMPI/4.1.4/CloudCompare/2.12.4/bin/CloudCompare -SILENT -AUTO_SAVE OFF -C_EXPORT_FMT ASC -PREC 6 -SEP SPACE -O Dataset/Mesh/Pot_A/Pot_A_Piece_${piece}_Mesh.obj -SAMPLE_MESH DENSITY 1000000 -OCTREE_NORMALS 0.5 -ORIENT_NORMS_MST 6 -SAVE_CLOUDS FILE "temp_piece_${piece}_with_normals.asc"
QSocketNotifier: Can only be used with threads started with QThread
QStandardPaths: XDG_RUNTIME_DIR not set, defaulting to '/tmp/runtime-zhuojiat'
/var/spool/slurm/job15096568/slurm_script: line 20: 190619 Killed                  /apps/easybuild-2022/easybuild/software/MPI/GCC/11.3.0/OpenMPI/4.1.4/CloudCompare/2.12.4/bin/CloudCompare -SILENT -AUTO_SAVE OFF -C_EXPORT_FMT ASC -PREC 6 -SEP SPACE -O Dataset/Mesh/Pot_A/Pot_A_Piece_${piece}_Mesh.obj -SAMPLE_MESH DENSITY 1000000 -OCTREE_NORMALS 0.5 -ORIENT_NORMS_MST 6 -SAVE_CLOUDS FILE "temp_piece_${piece}_with_normals.asc"
QSocketNotifier: Can only be used with threads started with QThread
QStandardPaths: XDG_RUNTIME_DIR not set, defaulting to '/tmp/runtime-zhuojiat'
/var/spool/slurm/job15096568/slurm_script: line 20: 191749 Killed                  /apps/easybuild-2022/easybuild/software/MPI/GCC/11.3.0/OpenMPI/4.1.4/CloudCompare/2.12.4/bin/CloudCompare -SILENT -AUTO_SAVE OFF -C_EXPORT_FMT ASC -PREC 6 -SEP SPACE -O Dataset/Mesh/Pot_A/Pot_A_Piece_${piece}_Mesh.obj -SAMPLE_MESH DENSITY 1000000 -OCTREE_NORMALS 0.5 -ORIENT_NORMS_MST 6 -SAVE_CLOUDS FILE "temp_piece_${piece}_with_normals.asc"
QSocketNotifier: Can only be used with threads started with QThread
QStandardPaths: XDG_RUNTIME_DIR not set, defaulting to '/tmp/runtime-zhuojiat'
/var/spool/slurm/job15096568/slurm_script: line 20: 193009 Killed                  /apps/easybuild-2022/easybuild/software/MPI/GCC/11.3.0/OpenMPI/4.1.4/CloudCompare/2.12.4/bin/CloudCompare -SILENT -AUTO_SAVE OFF -C_EXPORT_FMT ASC -PREC 6 -SEP SPACE -O Dataset/Mesh/Pot_A/Pot_A_Piece_${piece}_Mesh.obj -SAMPLE_MESH DENSITY 1000000 -OCTREE_NORMALS 0.5 -ORIENT_NORMS_MST 6 -SAVE_CLOUDS FILE "temp_piece_${piece}_with_normals.asc"
QSocketNotifier: Can only be used with threads started with QThread
QStandardPaths: XDG_RUNTIME_DIR not set, defaulting to '/tmp/runtime-zhuojiat'
/var/spool/slurm/job15096568/slurm_script: line 20: 194042 Killed                  /apps/easybuild-2022/easybuild/software/MPI/GCC/11.3.0/OpenMPI/4.1.4/CloudCompare/2.12.4/bin/CloudCompare -SILENT -AUTO_SAVE OFF -C_EXPORT_FMT ASC -PREC 6 -SEP SPACE -O Dataset/Mesh/Pot_A/Pot_A_Piece_${piece}_Mesh.obj -SAMPLE_MESH DENSITY 1000000 -OCTREE_NORMALS 0.5 -ORIENT_NORMS_MST 6 -SAVE_CLOUDS FILE "temp_piece_${piece}_with_normals.asc"
QSocketNotifier: Can only be used with threads started with QThread
QStandardPaths: XDG_RUNTIME_DIR not set, defaulting to '/tmp/runtime-zhuojiat'
/var/spool/slurm/job15096568/slurm_script: line 20: 195142 Killed                  /apps/easybuild-2022/easybuild/software/MPI/GCC/11.3.0/OpenMPI/4.1.4/CloudCompare/2.12.4/bin/CloudCompare -SILENT -AUTO_SAVE OFF -C_EXPORT_FMT ASC -PREC 6 -SEP SPACE -O Dataset/Mesh/Pot_A/Pot_A_Piece_${piece}_Mesh.obj -SAMPLE_MESH DENSITY 1000000 -OCTREE_NORMALS 0.5 -ORIENT_NORMS_MST 6 -SAVE_CLOUDS FILE "temp_piece_${piece}_with_normals.asc"
QSocketNotifier: Can only be used with threads started with QThread
QStandardPaths: XDG_RUNTIME_DIR not set, defaulting to '/tmp/runtime-zhuojiat'
/var/spool/slurm/job15096568/slurm_script: line 20: 196109 Killed                  /apps/easybuild-2022/easybuild/software/MPI/GCC/11.3.0/OpenMPI/4.1.4/CloudCompare/2.12.4/bin/CloudCompare -SILENT -AUTO_SAVE OFF -C_EXPORT_FMT ASC -PREC 6 -SEP SPACE -O Dataset/Mesh/Pot_A/Pot_A_Piece_${piece}_Mesh.obj -SAMPLE_MESH DENSITY 1000000 -OCTREE_NORMALS 0.5 -ORIENT_NORMS_MST 6 -SAVE_CLOUDS FILE "temp_piece_${piece}_with_normals.asc"
QSocketNotifier: Can only be used with threads started with QThread
QStandardPaths: XDG_RUNTIME_DIR not set, defaulting to '/tmp/runtime-zhuojiat'
/var/spool/slurm/job15096568/slurm_script: line 20: 197290 Killed                  /apps/easybuild-2022/easybuild/software/MPI/GCC/11.3.0/OpenMPI/4.1.4/CloudCompare/2.12.4/bin/CloudCompare -SILENT -AUTO_SAVE OFF -C_EXPORT_FMT ASC -PREC 6 -SEP SPACE -O Dataset/Mesh/Pot_A/Pot_A_Piece_${piece}_Mesh.obj -SAMPLE_MESH DENSITY 1000000 -OCTREE_NORMALS 0.5 -ORIENT_NORMS_MST 6 -SAVE_CLOUDS FILE "temp_piece_${piece}_with_normals.asc"
slurmstepd: error: Detected 8 oom_kill events in StepId=15096568.batch. Some of the step tasks have been OOM Killed.
