INFO:    gocryptfs not found, will not be able to use gocryptfs
[1;33m[pcl::PLYReader] ./Temp/Data/Pot_A/Pot_A_Piece_01_unclustered.ply:25: property 'float32 focal' of element 'camera' is not handled
[0;m[1;33m[pcl::PLYReader] ./Temp/Data/Pot_A/Pot_A_Piece_01_unclustered.ply:26: property 'float32 scalex' of element 'camera' is not handled
[0;m[1;33m[pcl::PLYReader] ./Temp/Data/Pot_A/Pot_A_Piece_01_unclustered.ply:27: property 'float32 scaley' of element 'camera' is not handled
[0;m[1;33m[pcl::PLYReader] ./Temp/Data/Pot_A/Pot_A_Piece_01_unclustered.ply:28: property 'float32 centerx' of element 'camera' is not handled
[0;m[1;33m[pcl::PLYReader] ./Temp/Data/Pot_A/Pot_A_Piece_01_unclustered.ply:29: property 'float32 centery' of element 'camera' is not handled
[0;m[1;33m[pcl::PLYReader] ./Temp/Data/Pot_A/Pot_A_Piece_01_unclustered.ply:32: property 'float32 k1' of element 'camera' is not handled
[0;m[1;33m[pcl::PLYReader] ./Temp/Data/Pot_A/Pot_A_Piece_01_unclustered.ply:33: property 'float32 k2' of element 'camera' is not handled
[0;m[1;33m[pcl::PLYReader] ../Temp/Temp_edge/Pot_A/_breakLineFromConcaveHull.ply:21: property 'float32 focal' of element 'camera' is not handled
[0;m[1;33m[pcl::PLYReader] ../Temp/Temp_edge/Pot_A/_breakLineFromConcaveHull.ply:22: property 'float32 scalex' of element 'camera' is not handled
[0;m[1;33m[pcl::PLYReader] ../Temp/Temp_edge/Pot_A/_breakLineFromConcaveHull.ply:23: property 'float32 scaley' of element 'camera' is not handled
[0;m[1;33m[pcl::PLYReader] ../Temp/Temp_edge/Pot_A/_breakLineFromConcaveHull.ply:24: property 'float32 centerx' of element 'camera' is not handled
[0;m[1;33m[pcl::PLYReader] ../Temp/Temp_edge/Pot_A/_breakLineFromConcaveHull.ply:25: property 'float32 centery' of element 'camera' is not handled
[0;m[1;33m[pcl::PLYReader] ../Temp/Temp_edge/Pot_A/_breakLineFromConcaveHull.ply:28: property 'float32 k1' of element 'camera' is not handled
[0;m[1;33m[pcl::PLYReader] ../Temp/Temp_edge/Pot_A/_breakLineFromConcaveHull.ply:29: property 'float32 k2' of element 'camera' is not handled
[0;m[1;33mFailed to find match for field 'normal_x'.
[0;m[1;33mFailed to find match for field 'normal_y'.
[0;m[1;33mFailed to find match for field 'normal_z'.
[0;m[1;33mFailed to find match for field 'curvature'.
[0;m[1;33m[pcl::PLYReader] ./Temp/Data/Pot_A/Pot_A_Piece_01_SampledWithNormals.ply:25: property 'float32 focal' of element 'camera' is not handled
[0;m[1;33m[pcl::PLYReader] ./Temp/Data/Pot_A/Pot_A_Piece_01_SampledWithNormals.ply:26: property 'float32 scalex' of element 'camera' is not handled
[0;m[1;33m[pcl::PLYReader] ./Temp/Data/Pot_A/Pot_A_Piece_01_SampledWithNormals.ply:27: property 'float32 scaley' of element 'camera' is not handled
[0;m[1;33m[pcl::PLYReader] ./Temp/Data/Pot_A/Pot_A_Piece_01_SampledWithNormals.ply:28: property 'float32 centerx' of element 'camera' is not handled
[0;m[1;33m[pcl::PLYReader] ./Temp/Data/Pot_A/Pot_A_Piece_01_SampledWithNormals.ply:29: property 'float32 centery' of element 'camera' is not handled
[0;m[1;33m[pcl::PLYReader] ./Temp/Data/Pot_A/Pot_A_Piece_01_SampledWithNormals.ply:32: property 'float32 k1' of element 'camera' is not handled
[0;m[1;33m[pcl::PLYReader] ./Temp/Data/Pot_A/Pot_A_Piece_01_SampledWithNormals.ply:33: property 'float32 k2' of element 'camera' is not handled
[0;mEdgeLineExtraction: /usr/include/eigen3/Eigen/src/Core/Transpose.h:434: static void Eigen::internal::checkTransposeAliasing_impl<Derived, OtherDerived, MightHaveTransposeAliasing>::run(const Derived&, const OtherDerived&) [with Derived = Eigen::Matrix<double, -1, -1>; OtherDerived = Eigen::Transpose<Eigen::Matrix<double, -1, -1> >; bool MightHaveTransposeAliasing = true]: Assertion `(!check_transpose_aliasing_run_time_selector <typename Derived::Scalar,blas_traits<Derived>::IsTransposed,OtherDerived> ::run(extract_data(dst), other)) && "aliasing detected during transposition, use transposeInPlace() " "or evaluate the rhs into a temporary using .eval()"' failed.
