=== EdgeLine Extraction for TPS Breaklines ===
Job ID: 15195559
Start time: Wed 03 Sep 2025 21:53:27 AEST

Running edgeline extraction for Pot A (8 pieces)...

EdgeLine extraction completed at: Wed 03 Sep 2025 21:53:33 AEST
=== Generated Files ===
Breakline: ./NURBS_Dataset_20250831/SfS_pp/Breaklines/Pot_A_Piece_05_Breakline_0.pcd
Breakline: ./NURBS_Dataset_20250831/SfS_pp/Breaklines/Pot_A_Piece_04_Breakline_0.pcd
Breakline: ./NURBS_Dataset_20250831/SfS_pp/Breaklines/Pot_A_Piece_04_Breakline_1.pcd
Breakline: ./NURBS_Dataset_20250831/SfS_pp/Breaklines/Pot_A_Piece_01_Breakline_1.pcd
Breakline: ./NURBS_Dataset_20250831/SfS_pp/Breaklines/Pot_A_Piece_06_Breakline_0.pcd
Breakline: ./NURBS_Dataset_20250831/SfS_pp/Breaklines/Pot_A_Piece_08_Breakline_1.pcd
Breakline: ./NURBS_Dataset_20250831/SfS_pp/Breaklines/Pot_A_Piece_07_Breakline_0.pcd
Breakline: ./NURBS_Dataset_20250831/SfS_pp/Breaklines/Pot_A_Piece_03_Breakline_1.pcd
Breakline: ./NURBS_Dataset_20250831/SfS_pp/Breaklines/Pot_A_Piece_03_Breakline_0.pcd
Breakline: ./NURBS_Dataset_20250831/SfS_pp/Breaklines/Pot_A_Piece_02_Breakline_0.pcd
Breakline: ./NURBS_Dataset_20250831/SfS_pp/Breaklines/Pot_A_Piece_02_Breakline_1.pcd
Breakline: ./NURBS_Dataset_20250831/SfS_pp/Breaklines/Pot_A_Piece_01_Breakline_0.pcd
Breakline: ./NURBS_Dataset_20250831/SfS_pp/Breaklines/Pot_A_Piece_07_Breakline_1.pcd
Breakline: ./NURBS_Dataset_20250831/SfS_pp/Breaklines/Pot_A_Piece_05_Breakline_1.pcd
Breakline: ./NURBS_Dataset_20250831/SfS_pp/Breaklines/Pot_A_Piece_08_Breakline_0.pcd
Breakline: ./NURBS_Dataset_20250831/SfS_pp/Breaklines/Pot_A_Piece_06_Breakline_1.pcd
Breakline: ./Pot_A_Piece_02_Surface_1_IntExtSurfacePtsNearBreakline.pcd
Breakline: ./Pot_A_Piece_08_Surface_1_IntExtSurfacePtsNearBreakline.pcd
Breakline: ./Pot_A_Piece_08_Surface_0_IntExtSurfacePtsNearBreakline.pcd
Breakline: ./Pot_A_Piece_05_Surface_0_IntExtSurfacePtsNearBreakline.pcd
Breakline: ./Pot_A_Piece_04_Surface_0_IntExtSurfacePtsNearBreakline.pcd
Breakline: ./Pot_A_Piece_02_Surface_0_IntExtSurfacePtsNearBreakline.pcd
Breakline: ./Dataset/Breaklines/Pot_A/Pot_A_Piece_05_Breakline_0.pcd
Breakline: ./Dataset/Breaklines/Pot_A/Pot_A_Piece_04_Breakline_0.pcd
Breakline: ./Dataset/Breaklines/Pot_A/Pot_A_Piece_04_Breakline_1.pcd
Breakline: ./Dataset/Breaklines/Pot_A/Pot_A_Piece_01_Breakline_1.pcd
Breakline: ./Dataset/Breaklines/Pot_A/Pot_A_Piece_06_Breakline_0.pcd
Breakline: ./Dataset/Breaklines/Pot_A/Pot_A_Piece_08_Breakline_1.pcd
Breakline: ./Dataset/Breaklines/Pot_A/Pot_A_Piece_07_Breakline_0.pcd
Breakline: ./Dataset/Breaklines/Pot_A/Pot_A_Piece_03_Breakline_1.pcd
Breakline: ./Dataset/Breaklines/Pot_A/Pot_A_Piece_03_Breakline_0.pcd
Breakline: ./Dataset/Breaklines/Pot_A/Pot_A_Piece_02_Breakline_0.pcd
Breakline: ./Dataset/Breaklines/Pot_A/Pot_A_Piece_02_Breakline_1.pcd
Breakline: ./Dataset/Breaklines/Pot_A/Pot_A_Piece_01_Breakline_0.pcd
Breakline: ./Dataset/Breaklines/Pot_A/Pot_A_Piece_07_Breakline_1.pcd
Breakline: ./Dataset/Breaklines/Pot_A/Pot_A_Piece_05_Breakline_1.pcd
Breakline: ./Dataset/Breaklines/Pot_A/Pot_A_Piece_08_Breakline_0.pcd
Breakline: ./Dataset/Breaklines/Pot_A/Pot_A_Piece_06_Breakline_1.pcd
Breakline: ./Pot_A_Piece_06_Surface_0_IntExtSurfacePtsNearBreakline.pcd
Breakline: ./Pot_A_Piece_03_Surface_1_IntExtSurfacePtsNearBreakline.pcd
Breakline: ./Pot_A_Piece_07_Surface_1_IntExtSurfacePtsNearBreakline.pcd
Breakline: ./NURBS_Dataset_20250903/SfS_pp/Breaklines_backup_artificial/Pot_A_Piece_05_Breakline_0.pcd
Breakline: ./NURBS_Dataset_20250903/SfS_pp/Breaklines_backup_artificial/Pot_A_Piece_04_Breakline_0.pcd
Breakline: ./NURBS_Dataset_20250903/SfS_pp/Breaklines_backup_artificial/Pot_A_Piece_04_Breakline_1.pcd
Breakline: ./NURBS_Dataset_20250903/SfS_pp/Breaklines_backup_artificial/Pot_A_Piece_01_Breakline_1.pcd
Breakline: ./NURBS_Dataset_20250903/SfS_pp/Breaklines_backup_artificial/Pot_A_Piece_06_Breakline_0.pcd
Breakline: ./NURBS_Dataset_20250903/SfS_pp/Breaklines_backup_artificial/Pot_A_Piece_08_Breakline_1.pcd
Breakline: ./NURBS_Dataset_20250903/SfS_pp/Breaklines_backup_artificial/Pot_A_Piece_07_Breakline_0.pcd
Breakline: ./NURBS_Dataset_20250903/SfS_pp/Breaklines_backup_artificial/Pot_A_Piece_03_Breakline_1.pcd
Breakline: ./NURBS_Dataset_20250903/SfS_pp/Breaklines_backup_artificial/Pot_A_Piece_03_Breakline_0.pcd
Breakline: ./NURBS_Dataset_20250903/SfS_pp/Breaklines_backup_artificial/Pot_A_Piece_02_Breakline_0.pcd
Breakline: ./NURBS_Dataset_20250903/SfS_pp/Breaklines_backup_artificial/Pot_A_Piece_02_Breakline_1.pcd
Breakline: ./NURBS_Dataset_20250903/SfS_pp/Breaklines_backup_artificial/Pot_A_Piece_01_Breakline_0.pcd
Breakline: ./NURBS_Dataset_20250903/SfS_pp/Breaklines_backup_artificial/Pot_A_Piece_07_Breakline_1.pcd
Breakline: ./NURBS_Dataset_20250903/SfS_pp/Breaklines_backup_artificial/Pot_A_Piece_05_Breakline_1.pcd
Breakline: ./NURBS_Dataset_20250903/SfS_pp/Breaklines_backup_artificial/Pot_A_Piece_08_Breakline_0.pcd
Breakline: ./NURBS_Dataset_20250903/SfS_pp/Breaklines_backup_artificial/Pot_A_Piece_06_Breakline_1.pcd
Breakline: ./NURBS_Dataset_20250903/SfS_pp/Breaklines/Pot_A_Piece_05_Breakline_0.pcd
Breakline: ./NURBS_Dataset_20250903/SfS_pp/Breaklines/Pot_A_Piece_04_Breakline_0.pcd
Breakline: ./NURBS_Dataset_20250903/SfS_pp/Breaklines/Pot_A_Piece_04_Breakline_1.pcd
Breakline: ./NURBS_Dataset_20250903/SfS_pp/Breaklines/Pot_A_Piece_01_Breakline_1.pcd
Breakline: ./NURBS_Dataset_20250903/SfS_pp/Breaklines/Pot_A_Piece_06_Breakline_0.pcd
Breakline: ./NURBS_Dataset_20250903/SfS_pp/Breaklines/Pot_A_Piece_08_Breakline_1.pcd
Breakline: ./NURBS_Dataset_20250903/SfS_pp/Breaklines/Pot_A_Piece_07_Breakline_0.pcd
Breakline: ./NURBS_Dataset_20250903/SfS_pp/Breaklines/Pot_A_Piece_03_Breakline_1.pcd
Breakline: ./NURBS_Dataset_20250903/SfS_pp/Breaklines/Pot_A_Piece_03_Breakline_0.pcd
Breakline: ./NURBS_Dataset_20250903/SfS_pp/Breaklines/Pot_A_Piece_02_Breakline_0.pcd
Breakline: ./NURBS_Dataset_20250903/SfS_pp/Breaklines/Pot_A_Piece_02_Breakline_1.pcd
Breakline: ./NURBS_Dataset_20250903/SfS_pp/Breaklines/Pot_A_Piece_01_Breakline_0.pcd
Breakline: ./NURBS_Dataset_20250903/SfS_pp/Breaklines/Pot_A_Piece_07_Breakline_1.pcd
Breakline: ./NURBS_Dataset_20250903/SfS_pp/Breaklines/Pot_A_Piece_05_Breakline_1.pcd
Breakline: ./NURBS_Dataset_20250903/SfS_pp/Breaklines/Pot_A_Piece_08_Breakline_0.pcd
Breakline: ./NURBS_Dataset_20250903/SfS_pp/Breaklines/Pot_A_Piece_06_Breakline_1.pcd
Breakline: ./Pot_A_Piece_07_Surface_0_IntExtSurfacePtsNearBreakline.pcd
Breakline: ./Pot_A_Piece_03_Surface_0_IntExtSurfacePtsNearBreakline.pcd
Breakline: ./Pot_A_Piece_04_Surface_1_IntExtSurfacePtsNearBreakline.pcd
Breakline: ./TPS_Dataset_20250829/SfS_pp/Breaklines/Pot_A_Piece_05_Breakline_0.pcd
Breakline: ./TPS_Dataset_20250829/SfS_pp/Breaklines/Pot_A_Piece_04_Breakline_0.pcd
Breakline: ./TPS_Dataset_20250829/SfS_pp/Breaklines/Pot_A_Piece_04_Breakline_1.pcd
Breakline: ./TPS_Dataset_20250829/SfS_pp/Breaklines/Pot_A_Piece_01_Breakline_1.pcd
Breakline: ./TPS_Dataset_20250829/SfS_pp/Breaklines/Pot_A_Piece_06_Breakline_0.pcd
Breakline: ./TPS_Dataset_20250829/SfS_pp/Breaklines/Pot_A_Piece_08_Breakline_1.pcd
Breakline: ./TPS_Dataset_20250829/SfS_pp/Breaklines/Pot_A_Piece_07_Breakline_0.pcd
Breakline: ./TPS_Dataset_20250829/SfS_pp/Breaklines/Pot_A_Piece_03_Breakline_1.pcd
Breakline: ./TPS_Dataset_20250829/SfS_pp/Breaklines/Pot_A_Piece_03_Breakline_0.pcd
Breakline: ./TPS_Dataset_20250829/SfS_pp/Breaklines/Pot_A_Piece_02_Breakline_0.pcd
Breakline: ./TPS_Dataset_20250829/SfS_pp/Breaklines/Pot_A_Piece_02_Breakline_1.pcd
Breakline: ./TPS_Dataset_20250829/SfS_pp/Breaklines/Pot_A_Piece_01_Breakline_0.pcd
Breakline: ./TPS_Dataset_20250829/SfS_pp/Breaklines/Pot_A_Piece_07_Breakline_1.pcd
Breakline: ./TPS_Dataset_20250829/SfS_pp/Breaklines/Pot_A_Piece_05_Breakline_1.pcd
Breakline: ./TPS_Dataset_20250829/SfS_pp/Breaklines/Pot_A_Piece_08_Breakline_0.pcd
Breakline: ./TPS_Dataset_20250829/SfS_pp/Breaklines/Pot_A_Piece_06_Breakline_1.pcd
Breakline: ./Pot_A_Piece_01_Surface_0_IntExtSurfacePtsNearBreakline.pcd
Breakline: ./original_nurbs_preprocessing/Dataset/SfS_pp/Breaklines_backup_artificial/Pot_A_Piece_05_Breakline_0.pcd
Breakline: ./original_nurbs_preprocessing/Dataset/SfS_pp/Breaklines_backup_artificial/Pot_A_Piece_04_Breakline_0.pcd
Breakline: ./original_nurbs_preprocessing/Dataset/SfS_pp/Breaklines_backup_artificial/Pot_A_Piece_04_Breakline_1.pcd
Breakline: ./original_nurbs_preprocessing/Dataset/SfS_pp/Breaklines_backup_artificial/Pot_A_Piece_01_Breakline_1.pcd
Breakline: ./original_nurbs_preprocessing/Dataset/SfS_pp/Breaklines_backup_artificial/Pot_A_Piece_06_Breakline_0.pcd
Breakline: ./original_nurbs_preprocessing/Dataset/SfS_pp/Breaklines_backup_artificial/Pot_A_Piece_08_Breakline_1.pcd
Breakline: ./original_nurbs_preprocessing/Dataset/SfS_pp/Breaklines_backup_artificial/Pot_A_Piece_07_Breakline_0.pcd
Breakline: ./original_nurbs_preprocessing/Dataset/SfS_pp/Breaklines_backup_artificial/Pot_A_Piece_03_Breakline_1.pcd
Breakline: ./original_nurbs_preprocessing/Dataset/SfS_pp/Breaklines_backup_artificial/Pot_A_Piece_03_Breakline_0.pcd
Breakline: ./original_nurbs_preprocessing/Dataset/SfS_pp/Breaklines_backup_artificial/Pot_A_Piece_02_Breakline_0.pcd
Breakline: ./original_nurbs_preprocessing/Dataset/SfS_pp/Breaklines_backup_artificial/Pot_A_Piece_02_Breakline_1.pcd
Breakline: ./original_nurbs_preprocessing/Dataset/SfS_pp/Breaklines_backup_artificial/Pot_A_Piece_01_Breakline_0.pcd
Breakline: ./original_nurbs_preprocessing/Dataset/SfS_pp/Breaklines_backup_artificial/Pot_A_Piece_07_Breakline_1.pcd
Breakline: ./original_nurbs_preprocessing/Dataset/SfS_pp/Breaklines_backup_artificial/Pot_A_Piece_05_Breakline_1.pcd
Breakline: ./original_nurbs_preprocessing/Dataset/SfS_pp/Breaklines_backup_artificial/Pot_A_Piece_08_Breakline_0.pcd
Breakline: ./original_nurbs_preprocessing/Dataset/SfS_pp/Breaklines_backup_artificial/Pot_A_Piece_06_Breakline_1.pcd
Breakline: ./original_nurbs_preprocessing/Dataset/SfS_pp/Breaklines/Pot_A_Piece_05_Breakline_0.pcd
Breakline: ./original_nurbs_preprocessing/Dataset/SfS_pp/Breaklines/Pot_A_Piece_04_Breakline_0.pcd
Breakline: ./original_nurbs_preprocessing/Dataset/SfS_pp/Breaklines/Pot_A_Piece_04_Breakline_1.pcd
Breakline: ./original_nurbs_preprocessing/Dataset/SfS_pp/Breaklines/Pot_A_Piece_01_Breakline_1.pcd
Breakline: ./original_nurbs_preprocessing/Dataset/SfS_pp/Breaklines/Pot_A_Piece_06_Breakline_0.pcd
Breakline: ./original_nurbs_preprocessing/Dataset/SfS_pp/Breaklines/Pot_A_Piece_08_Breakline_1.pcd
Breakline: ./original_nurbs_preprocessing/Dataset/SfS_pp/Breaklines/Pot_A_Piece_07_Breakline_0.pcd
Breakline: ./original_nurbs_preprocessing/Dataset/SfS_pp/Breaklines/Pot_A_Piece_03_Breakline_1.pcd
Breakline: ./original_nurbs_preprocessing/Dataset/SfS_pp/Breaklines/Pot_A_Piece_03_Breakline_0.pcd
Breakline: ./original_nurbs_preprocessing/Dataset/SfS_pp/Breaklines/Pot_A_Piece_02_Breakline_0.pcd
Breakline: ./original_nurbs_preprocessing/Dataset/SfS_pp/Breaklines/Pot_A_Piece_02_Breakline_1.pcd
Breakline: ./original_nurbs_preprocessing/Dataset/SfS_pp/Breaklines/Pot_A_Piece_01_Breakline_0.pcd
Breakline: ./original_nurbs_preprocessing/Dataset/SfS_pp/Breaklines/Pot_A_Piece_07_Breakline_1.pcd
Breakline: ./original_nurbs_preprocessing/Dataset/SfS_pp/Breaklines/Pot_A_Piece_05_Breakline_1.pcd
Breakline: ./original_nurbs_preprocessing/Dataset/SfS_pp/Breaklines/Pot_A_Piece_08_Breakline_0.pcd
Breakline: ./original_nurbs_preprocessing/Dataset/SfS_pp/Breaklines/Pot_A_Piece_06_Breakline_1.pcd
Breakline: ./original_nurbs_preprocessing/Dataset/Breaklines/Pot_A/Pot_A_Piece_05_Breakline_0.pcd
Breakline: ./original_nurbs_preprocessing/Dataset/Breaklines/Pot_A/Pot_A_Piece_04_Breakline_0.pcd
Breakline: ./original_nurbs_preprocessing/Dataset/Breaklines/Pot_A/Pot_A_Piece_04_Breakline_1.pcd
Breakline: ./original_nurbs_preprocessing/Dataset/Breaklines/Pot_A/Pot_A_Piece_01_Breakline_1.pcd
Breakline: ./original_nurbs_preprocessing/Dataset/Breaklines/Pot_A/Pot_A_Piece_06_Breakline_0.pcd
Breakline: ./original_nurbs_preprocessing/Dataset/Breaklines/Pot_A/Pot_A_Piece_08_Breakline_1.pcd
Breakline: ./original_nurbs_preprocessing/Dataset/Breaklines/Pot_A/Pot_A_Piece_07_Breakline_0.pcd
Breakline: ./original_nurbs_preprocessing/Dataset/Breaklines/Pot_A/Pot_A_Piece_03_Breakline_1.pcd
Breakline: ./original_nurbs_preprocessing/Dataset/Breaklines/Pot_A/Pot_A_Piece_03_Breakline_0.pcd
Breakline: ./original_nurbs_preprocessing/Dataset/Breaklines/Pot_A/Pot_A_Piece_02_Breakline_0.pcd
Breakline: ./original_nurbs_preprocessing/Dataset/Breaklines/Pot_A/Pot_A_Piece_02_Breakline_1.pcd
Breakline: ./original_nurbs_preprocessing/Dataset/Breaklines/Pot_A/Pot_A_Piece_01_Breakline_0.pcd
Breakline: ./original_nurbs_preprocessing/Dataset/Breaklines/Pot_A/Pot_A_Piece_07_Breakline_1.pcd
Breakline: ./original_nurbs_preprocessing/Dataset/Breaklines/Pot_A/Pot_A_Piece_05_Breakline_1.pcd
Breakline: ./original_nurbs_preprocessing/Dataset/Breaklines/Pot_A/Pot_A_Piece_08_Breakline_0.pcd
Breakline: ./original_nurbs_preprocessing/Dataset/Breaklines/Pot_A/Pot_A_Piece_06_Breakline_1.pcd
Breakline: ./Pot_A_Piece_05_Surface_1_IntExtSurfacePtsNearBreakline.pcd
Breakline: ./Pot_A_Piece_01_Surface_1_IntExtSurfacePtsNearBreakline.pcd
Breakline: ./Pot_A_Piece_06_Surface_1_IntExtSurfacePtsNearBreakline.pcd
Surface_F: ./Pot_A_Piece_07_Surface_F.pcd
Surface_F: ./Pot_A_Piece_05_Surface_F.pcd
Surface_F: ./Pot_A_Piece_08_Surface_F.pcd
Surface_F: ./TPS_Complete_Dataset/Surface_F/Pot_A_Piece_07_Surface_F.pcd
Surface_F: ./TPS_Complete_Dataset/Surface_F/Pot_A_Piece_05_Surface_F.pcd
Surface_F: ./TPS_Complete_Dataset/Surface_F/Pot_A_Piece_08_Surface_F.pcd
Surface_F: ./TPS_Complete_Dataset/Surface_F/Pot_A_Piece_01_Surface_F.pcd
Surface_F: ./TPS_Complete_Dataset/Surface_F/Pot_A_Piece_03_Surface_F.pcd
Surface_F: ./TPS_Complete_Dataset/Surface_F/Pot_A_Piece_06_Surface_F.pcd
Surface_F: ./TPS_Complete_Dataset/Surface_F/Pot_A_Piece_02_Surface_F.pcd
Surface_F: ./TPS_Complete_Dataset/Surface_F/Pot_A_Piece_04_Surface_F.pcd
Surface_F: ./Pot_A_Piece_01_Surface_F.pcd
Surface_F: ./Pot_A_Piece_03_Surface_F.pcd
Surface_F: ./Pot_A_Piece_06_Surface_F.pcd
Surface_F: ./Pot_A_Piece_02_Surface_F.pcd
Surface_F: ./Pot_A_Piece_04_Surface_F.pcd
Surface_F: ./TPS_Dataset_20250829/SfS_pp/Surfaces/Pot_A_Piece_07_Surface_F.pcd
Surface_F: ./TPS_Dataset_20250829/SfS_pp/Surfaces/Pot_A_Piece_05_Surface_F.pcd
Surface_F: ./TPS_Dataset_20250829/SfS_pp/Surfaces/Pot_A_Piece_08_Surface_F.pcd
Surface_F: ./TPS_Dataset_20250829/SfS_pp/Surfaces/Pot_A_Piece_01_Surface_F.pcd
Surface_F: ./TPS_Dataset_20250829/SfS_pp/Surfaces/Pot_A_Piece_03_Surface_F.pcd
Surface_F: ./TPS_Dataset_20250829/SfS_pp/Surfaces/Pot_A_Piece_06_Surface_F.pcd
Surface_F: ./TPS_Dataset_20250829/SfS_pp/Surfaces/Pot_A_Piece_02_Surface_F.pcd
Surface_F: ./TPS_Dataset_20250829/SfS_pp/Surfaces/Pot_A_Piece_04_Surface_F.pcd
Surface_F: ./TPS_Dataset_20250831/SfS_pp/Surfaces/Pot_A_Piece_07_Surface_F.pcd
Surface_F: ./TPS_Dataset_20250831/SfS_pp/Surfaces/Pot_A_Piece_05_Surface_F.pcd
Surface_F: ./TPS_Dataset_20250831/SfS_pp/Surfaces/Pot_A_Piece_08_Surface_F.pcd
Surface_F: ./TPS_Dataset_20250831/SfS_pp/Surfaces/Pot_A_Piece_01_Surface_F.pcd
Surface_F: ./TPS_Dataset_20250831/SfS_pp/Surfaces/Pot_A_Piece_03_Surface_F.pcd
Surface_F: ./TPS_Dataset_20250831/SfS_pp/Surfaces/Pot_A_Piece_06_Surface_F.pcd
Surface_F: ./TPS_Dataset_20250831/SfS_pp/Surfaces/Pot_A_Piece_02_Surface_F.pcd
Surface_F: ./TPS_Dataset_20250831/SfS_pp/Surfaces/Pot_A_Piece_04_Surface_F.pcd
=== Job Finished ===
