=== EdgeLine Extraction for TPS Breaklines ===
Job ID: 15050343
Start time: Sun 31 Aug 2025 23:30:11 AEST

Running edgeline extraction for Pot A (8 pieces)...
Processing Pot A with 8 pieces
Processing directory: ./Temp/
Surface 0 point cloud file: ./Temp/Data/Pot_A/Pot_A_Piece_01_Surface_0.xyz
Surface 1 point cloud file: ./Temp/Data/Pot_A/Pot_A_Piece_01_Surface_1.xyz
Fragment: ./Temp/Data/Pot_A/Pot_A_Piece_01_Mesh.obj

Cleaning surface point cloud...
Estimating patch normals and breaklines...
Getting the inital boundary...
Initiating uniform sampling and smoothing of breakline segments...
  loading ../Temp/Temp_edge/Pot_A/cloudForSpline.pcd
  10000 points in data set
  TPS surface fitting ...
  TPS surface building...
  Building TPS surface from 10000 points...\n  Subsampled to 1000 points for TPS fitting\n  TPS surface fitted with 1000 control points\nTPS surface fitted with C2 continuity
TPS surface fitting completed
Evaluating points on surface
95
CountClock Wise - Right
Detecting separate line segments...
ted segments = 
Detecting rim...
C1 0.0943363 C2 0.0478774
Mean = 0.0711068
C1 0.0726185 C2 0.0627194
Mean = 0.067669
C1 0.0741157 C2 0.0549961
Mean = 0.0645559
C1 0.0860173 C2 0.0664193
Mean = 0.0762183
C1 0.0815405 C2 0.0736763
Mean = 0.0776084
Axis information is not available.
Saved PCD with custom segment headers: ../Dataset/Breaklines/Pot_A/Pot_A_Piece_01_Breakline_0.pcd (4 segments, 210 points)
Getting points on fractured surface...
C1 0.0902612 C2 0.0457586
Mean = 0.0680099
C1 0.0727433 C2 0.0609808
Mean = 0.066862
C1 0.0742416 C2 0.054256
Mean = 0.0642488
C1 0.0846806 C2 0.0669683
Mean = 0.0758245
C1 0.0816048 C2 0.0736268
Mean = 0.0776158
  Saving fracture surface file: Pot_A_Piece_01_Surface_F.pcd
Fragment: ./Temp/Data/Pot_A/Pot_A_Piece_01_Mesh.obj

Cleaning surface point cloud...
Estimating patch normals and breaklines...
Getting the inital boundary...
Initiating uniform sampling and smoothing of breakline segments...
  loading ../Temp/Temp_edge/Pot_A/cloudForSpline.pcd
  10000 points in data set
  TPS surface fitting ...
  TPS surface building...
  Building TPS surface from 10000 points...\n  Subsampled to 1000 points for TPS fitting\n  TPS surface fitted with 1000 control points\nTPS surface fitted with C2 continuity
TPS surface fitting completed
Evaluating points on surface
-46
Clock Wise - Changing sequence
Detecting separate line segments...
cted segments = 
Detecting rim...
C1 0.0662675 C2 0.0643291
Mean = 0.0652983
C1 0.0650274 C2 0.055873
Mean = 0.0604502
C1 0.0474527 C2 0.0492177
Mean = 0.0483352
C1 0.0544409 C2 0.0554852
Mean = 0.054963
Axis information is not available.
Saved PCD with custom segment headers: ../Dataset/Breaklines/Pot_A/Pot_A_Piece_01_Breakline_1.pcd (1 segments, 93 points)
Getting points on fractured surface...
C1 0.0665568 C2 0.0655387
Mean = 0.0660478
C1 0.0640827 C2 0.0564183
Mean = 0.0602505
C1 0.0473388 C2 0.0493267
Mean = 0.0483328
C1 0.0585591 C2 0.0570133
Mean = 0.0577862
  Saving fracture surface file: Pot_A_Piece_01_Surface_F.pcd

Processing time for Pot_A_Piece_01: 138.534 seconds
Surface 0 point cloud file: ./Temp/Data/Pot_A/Pot_A_Piece_02_Surface_0.xyz
Surface 1 point cloud file: ./Temp/Data/Pot_A/Pot_A_Piece_02_Surface_1.xyz
Fragment: ./Temp/Data/Pot_A/Pot_A_Piece_02_Mesh.obj

Cleaning surface point cloud...
Estimating patch normals and breaklines...
Getting the inital boundary...
Initiating uniform sampling and smoothing of breakline segments...
  loading ../Temp/Temp_edge/Pot_A/cloudForSpline.pcd
  10000 points in data set
  TPS surface fitting ...
  TPS surface building...
  Building TPS surface from 10000 points...\n  Subsampled to 1000 points for TPS fitting\n  TPS surface fitted with 1000 control points\nTPS surface fitted with C2 continuity
TPS surface fitting completed
Evaluating points on surface
-86
Clock Wise - Changing sequence
Detecting separate line segments...
ected segments = 
Detecting rim...
C1 0.133532 C2 0.131687
Mean = 0.13261
C1 0.109895 C2 0.0893567
Mean = 0.0996257
C1 0.063157 C2 0.0601076
Mean = 0.0616323
Axis information is not available.
Saved PCD with custom segment headers: ../Dataset/Breaklines/Pot_A/Pot_A_Piece_02_Breakline_0.pcd (3 segments, 172 points)
Getting points on fractured surface...
C1 0.133263 C2 0.132105
Mean = 0.132684
C1 0.108401 C2 0.0881267
Mean = 0.0982638
C1 0.0630636 C2 0.0603658
Mean = 0.0617147
  Saving fracture surface file: Pot_A_Piece_02_Surface_F.pcd
Fragment: ./Temp/Data/Pot_A/Pot_A_Piece_02_Mesh.obj

Cleaning surface point cloud...
Estimating patch normals and breaklines...
Getting the inital boundary...
Initiating uniform sampling and smoothing of breakline segments...
  loading ../Temp/Temp_edge/Pot_A/cloudForSpline.pcd
  10000 points in data set
  TPS surface fitting ...
  TPS surface building...
  Building TPS surface from 10000 points...\n  Subsampled to 1000 points for TPS fitting\n  TPS surface fitted with 1000 control points\nTPS surface fitted with C2 continuity
TPS surface fitting completed
Evaluating points on surface
81
CountClock Wise - Right
Detecting separate line segments...
ected segments = 
Detecting rim...
C1 0.186677 C2 0.160795
Mean = 0.173736
C1 0.0656536 C2 0.0606382
Mean = 0.0631459
C1 0.0705369 C2 0.0787353
Mean = 0.0746361
Axis information is not available.
Saved PCD with custom segment headers: ../Dataset/Breaklines/Pot_A/Pot_A_Piece_02_Breakline_1.pcd (3 segments, 167 points)
Getting points on fractured surface...
C1 0.185387 C2 0.159746
Mean = 0.172567
C1 0.0655121 C2 0.0601404
Mean = 0.0628262
C1 0.0738147 C2 0.0779834
Mean = 0.075899
  Saving fracture surface file: Pot_A_Piece_02_Surface_F.pcd

Processing time for Pot_A_Piece_02: 134.955 seconds
Surface 0 point cloud file: ./Temp/Data/Pot_A/Pot_A_Piece_03_Surface_0.xyz
Surface 1 point cloud file: ./Temp/Data/Pot_A/Pot_A_Piece_03_Surface_1.xyz
Fragment: ./Temp/Data/Pot_A/Pot_A_Piece_03_Mesh.obj

Cleaning surface point cloud...
Estimating patch normals and breaklines...
Getting the inital boundary...
Initiating uniform sampling and smoothing of breakline segments...
  loading ../Temp/Temp_edge/Pot_A/cloudForSpline.pcd
  10000 points in data set
  TPS surface fitting ...
  TPS surface building...
  Building TPS surface from 10000 points...\n  Subsampled to 1000 points for TPS fitting\n  TPS surface fitted with 1000 control points\nTPS surface fitted with C2 continuity
TPS surface fitting completed
Evaluating points on surface
78
CountClock Wise - Right
Detecting separate line segments...
cted segments = 
Detecting rim...
C1 0.153746 C2 0.133091
Mean = 0.143419
C1 0.0636268 C2 0.0580201
Mean = 0.0608235
C1 0.0668477 C2 0.0631499
Mean = 0.0649988
C1 0.11543 C2 0.0958532
Mean = 0.105641
Axis information is not available.
Saved PCD with custom segment headers: ../Dataset/Breaklines/Pot_A/Pot_A_Piece_03_Breakline_0.pcd (3 segments, 161 points)
Getting points on fractured surface...
C1 0.153771 C2 0.133841
Mean = 0.143806
C1 0.0641735 C2 0.0589689
Mean = 0.0615712
C1 0.0675474 C2 0.0631604
Mean = 0.0653539
C1 0.110889 C2 0.0963377
Mean = 0.103614
  Saving fracture surface file: Pot_A_Piece_03_Surface_F.pcd
Fragment: ./Temp/Data/Pot_A/Pot_A_Piece_03_Mesh.obj

Cleaning surface point cloud...
Estimating patch normals and breaklines...
Getting the inital boundary...
Initiating uniform sampling and smoothing of breakline segments...
  loading ../Temp/Temp_edge/Pot_A/cloudForSpline.pcd
  10000 points in data set
  TPS surface fitting ...
  TPS surface building...
  Building TPS surface from 10000 points...\n  Subsampled to 1000 points for TPS fitting\n  TPS surface fitted with 1000 control points\nTPS surface fitted with C2 continuity
TPS surface fitting completed
Evaluating points on surface
-70
Clock Wise - Changing sequence
Detecting separate line segments...
cted segments = 
Detecting rim...
C1 0.161394 C2 0.158313
Mean = 0.159853
C1 0.0889269 C2 0.074702
Mean = 0.0818144
C1 0.0764994 C2 0.0624968
Mean = 0.0694981
C1 0.0575771 C2 0.0594311
Mean = 0.0585041
Axis information is not available.
Saved PCD with custom segment headers: ../Dataset/Breaklines/Pot_A/Pot_A_Piece_03_Breakline_1.pcd (3 segments, 157 points)
Getting points on fractured surface...
C1 0.160311 C2 0.159547
Mean = 0.159929
C1 0.0902067 C2 0.0761067
Mean = 0.0831567
C1 0.0760434 C2 0.0626341
Mean = 0.0693387
C1 0.0571963 C2 0.0612253
Mean = 0.0592108
  Saving fracture surface file: Pot_A_Piece_03_Surface_F.pcd

Processing time for Pot_A_Piece_03: 136.158 seconds
Surface 0 point cloud file: ./Temp/Data/Pot_A/Pot_A_Piece_04_Surface_0.xyz
Surface 1 point cloud file: ./Temp/Data/Pot_A/Pot_A_Piece_04_Surface_1.xyz
Fragment: ./Temp/Data/Pot_A/Pot_A_Piece_04_Mesh.obj

Cleaning surface point cloud...
Estimating patch normals and breaklines...
Getting the inital boundary...
Initiating uniform sampling and smoothing of breakline segments...
  loading ../Temp/Temp_edge/Pot_A/cloudForSpline.pcd
  10000 points in data set
  TPS surface fitting ...
  TPS surface building...
  Building TPS surface from 10000 points...\n  Subsampled to 1000 points for TPS fitting\n  TPS surface fitted with 1000 control points\nTPS surface fitted with C2 continuity
TPS surface fitting completed
Evaluating points on surface
71
CountClock Wise - Right
Detecting separate line segments...
cted segments = 
Detecting rim...
C1 0.0697806 C2 0.0612393
Mean = 0.06551
C1 0.0434969 C2 0.0462633
Mean = 0.0448801
C1 0.151915 C2 0.149467
Mean = 0.150691
C1 0.066863 C2 0.0539803
Mean = 0.0604216
Axis information is not available.
Saved PCD with custom segment headers: ../Dataset/Breaklines/Pot_A/Pot_A_Piece_04_Breakline_0.pcd (3 segments, 150 points)
Getting points on fractured surface...
C1 0.0693643 C2 0.0607876
Mean = 0.0650759
C1 0.0449974 C2 0.0463376
Mean = 0.0456675
C1 0.152126 C2 0.151042
Mean = 0.151584
C1 0.0684217 C2 0.056748
Mean = 0.0625849
  Saving fracture surface file: Pot_A_Piece_04_Surface_F.pcd
Fragment: ./Temp/Data/Pot_A/Pot_A_Piece_04_Mesh.obj

Cleaning surface point cloud...
Estimating patch normals and breaklines...
Getting the inital boundary...
Initiating uniform sampling and smoothing of breakline segments...
  loading ../Temp/Temp_edge/Pot_A/cloudForSpline.pcd
  10000 points in data set
  TPS surface fitting ...
  TPS surface building...
  Building TPS surface from 10000 points...\n  Subsampled to 1000 points for TPS fitting\n  TPS surface fitted with 1000 control points\nTPS surface fitted with C2 continuity
TPS surface fitting completed
Evaluating points on surface
76
CountClock Wise - Right
Detecting separate line segments...
cted segments = 
Detecting rim...
C1 0.0679124 C2 0.0650224
Mean = 0.0664674
C1 0.0703276 C2 0.0608802
Mean = 0.0656039
C1 0.121788 C2 0.119914
Mean = 0.120851
C1 0.0628866 C2 0.0567473
Mean = 0.0598169
Axis information is not available.
Saved PCD with custom segment headers: ../Dataset/Breaklines/Pot_A/Pot_A_Piece_04_Breakline_1.pcd (3 segments, 156 points)
Getting points on fractured surface...
C1 0.0676173 C2 0.0650095
Mean = 0.0663134
C1 0.0694985 C2 0.0623265
Mean = 0.0659125
C1 0.122357 C2 0.119686
Mean = 0.121022
C1 0.0659224 C2 0.0563384
Mean = 0.0611304
  Saving fracture surface file: Pot_A_Piece_04_Surface_F.pcd

Processing time for Pot_A_Piece_04: 137.223 seconds
Surface 0 point cloud file: ./Temp/Data/Pot_A/Pot_A_Piece_05_Surface_0.xyz
Surface 1 point cloud file: ./Temp/Data/Pot_A/Pot_A_Piece_05_Surface_1.xyz
Fragment: ./Temp/Data/Pot_A/Pot_A_Piece_05_Mesh.obj

Cleaning surface point cloud...
Estimating patch normals and breaklines...
Getting the inital boundary...
Initiating uniform sampling and smoothing of breakline segments...
  loading ../Temp/Temp_edge/Pot_A/cloudForSpline.pcd
  10000 points in data set
  TPS surface fitting ...
  TPS surface building...
  Building TPS surface from 10000 points...\n  Subsampled to 1000 points for TPS fitting\n  TPS surface fitted with 1000 control points\nTPS surface fitted with C2 continuity
TPS surface fitting completed
Evaluating points on surface
-73
Clock Wise - Changing sequence
Detecting separate line segments...
cted segments = 
Detecting rim...
C1 0.147574 C2 0.151866
Mean = 0.14972
C1 0.0687236 C2 0.0705737
Mean = 0.0696487
C1 0.08024 C2 0.083154
Mean = 0.081697
C1 0.0591642 C2 0.0567192
Mean = 0.0579417
Axis information is not available.
Saved PCD with custom segment headers: ../Dataset/Breaklines/Pot_A/Pot_A_Piece_05_Breakline_0.pcd (2 segments, 147 points)
Getting points on fractured surface...
C1 0.14795 C2 0.151429
Mean = 0.14969
C1 0.0698179 C2 0.0719147
Mean = 0.0708663
C1 0.0811561 C2 0.081498
Mean = 0.0813271
C1 0.0591175 C2 0.057845
Mean = 0.0584812
  Saving fracture surface file: Pot_A_Piece_05_Surface_F.pcd
Fragment: ./Temp/Data/Pot_A/Pot_A_Piece_05_Mesh.obj

Cleaning surface point cloud...
Estimating patch normals and breaklines...
Getting the inital boundary...
Initiating uniform sampling and smoothing of breakline segments...
  loading ../Temp/Temp_edge/Pot_A/cloudForSpline.pcd
  10000 points in data set
  TPS surface fitting ...
  TPS surface building...
  Building TPS surface from 10000 points...\n  Subsampled to 1000 points for TPS fitting\n  TPS surface fitted with 1000 control points\nTPS surface fitted with C2 continuity
TPS surface fitting completed
Evaluating points on surface
-76
Clock Wise - Changing sequence
Detecting separate line segments...
cted segments = 
Detecting rim...
C1 0.0525925 C2 0.0509073
Mean = 0.0517499
C1 0.128927 C2 0.132769
Mean = 0.130848
C1 0.0603164 C2 0.0616273
Mean = 0.0609719
C1 0.0611863 C2 0.0575725
Mean = 0.0593794
Axis information is not available.
Saved PCD with custom segment headers: ../Dataset/Breaklines/Pot_A/Pot_A_Piece_05_Breakline_1.pcd (3 segments, 152 points)
Getting points on fractured surface...
C1 0.0525027 C2 0.0522245
Mean = 0.0523636
C1 0.128754 C2 0.131326
Mean = 0.13004
C1 0.0612494 C2 0.061354
Mean = 0.0613017
C1 0.0633653 C2 0.0574726
Mean = 0.060419
  Saving fracture surface file: Pot_A_Piece_05_Surface_F.pcd

Processing time for Pot_A_Piece_05: 137.183 seconds
Surface 0 point cloud file: ./Temp/Data/Pot_A/Pot_A_Piece_06_Surface_0.xyz
Surface 1 point cloud file: ./Temp/Data/Pot_A/Pot_A_Piece_06_Surface_1.xyz
Fragment: ./Temp/Data/Pot_A/Pot_A_Piece_06_Mesh.obj

Cleaning surface point cloud...
Estimating patch normals and breaklines...
Getting the inital boundary...
Initiating uniform sampling and smoothing of breakline segments...
  loading ../Temp/Temp_edge/Pot_A/cloudForSpline.pcd
  10000 points in data set
  TPS surface fitting ...
  TPS surface building...
  Building TPS surface from 10000 points...\n  Subsampled to 1000 points for TPS fitting\n  TPS surface fitted with 1000 control points\nTPS surface fitted with C2 continuity
TPS surface fitting completed
Evaluating points on surface
-67
Clock Wise - Changing sequence
Detecting separate line segments...
tected segments = 
Detecting rim...
C1 0.188942 C2 0.1746
Mean = 0.181771
C1 0.0770507 C2 0.075556
Mean = 0.0763034
Axis information is not available.
Saved PCD with custom segment headers: ../Dataset/Breaklines/Pot_A/Pot_A_Piece_06_Breakline_0.pcd (3 segments, 150 points)
Getting points on fractured surface...
C1 0.188806 C2 0.17545
Mean = 0.182128
C1 0.0767775 C2 0.0754292
Mean = 0.0761034
  Saving fracture surface file: Pot_A_Piece_06_Surface_F.pcd
Fragment: ./Temp/Data/Pot_A/Pot_A_Piece_06_Mesh.obj

Cleaning surface point cloud...
Estimating patch normals and breaklines...
Getting the inital boundary...
Initiating uniform sampling and smoothing of breakline segments...
  loading ../Temp/Temp_edge/Pot_A/cloudForSpline.pcd
  10000 points in data set
  TPS surface fitting ...
  TPS surface building...
  Building TPS surface from 10000 points...\n  Subsampled to 1000 points for TPS fitting\n  TPS surface fitted with 1000 control points\nTPS surface fitted with C2 continuity
TPS surface fitting completed
Evaluating points on surface
-77
Clock Wise - Changing sequence
Detecting separate line segments...
tected segments = 
Detecting rim...
C1 0.132124 C2 0.133739
Mean = 0.132932
C1 0.0876341 C2 0.0635915
Mean = 0.0756128
Axis information is not available.
Saved PCD with custom segment headers: ../Dataset/Breaklines/Pot_A/Pot_A_Piece_06_Breakline_1.pcd (3 segments, 154 points)
Getting points on fractured surface...
C1 0.131719 C2 0.134431
Mean = 0.133075
C1 0.0872703 C2 0.0632095
Mean = 0.0752399
  Saving fracture surface file: Pot_A_Piece_06_Surface_F.pcd

Processing time for Pot_A_Piece_06: 132.791 seconds
Surface 0 point cloud file: ./Temp/Data/Pot_A/Pot_A_Piece_07_Surface_0.xyz
Surface 1 point cloud file: ./Temp/Data/Pot_A/Pot_A_Piece_07_Surface_1.xyz
Fragment: ./Temp/Data/Pot_A/Pot_A_Piece_07_Mesh.obj

Cleaning surface point cloud...
Estimating patch normals and breaklines...
Getting the inital boundary...
Initiating uniform sampling and smoothing of breakline segments...
  loading ../Temp/Temp_edge/Pot_A/cloudForSpline.pcd
  2093 points in data set
  TPS surface fitting ...
  TPS surface building...
  Building TPS surface from 2093 points...\n  Subsampled to 1000 points for TPS fitting\n  TPS surface fitted with 1000 control points\nTPS surface fitted with C2 continuity
TPS surface fitting completed
Evaluating points on surface
25
CountClock Wise - Right
Detecting separate line segments...
ected segments = 
Detecting rim...
C1 0.061436 C2 0.0647954
Mean = 0.0631157
C1 0.0604678 C2 0.0777234
Mean = 0.0690956
C1 0.0840597 C2 0.0501022
Mean = 0.067081
Axis information is not available.
Saved PCD with custom segment headers: ../Dataset/Breaklines/Pot_A/Pot_A_Piece_07_Breakline_0.pcd (1 segments, 67 points)
Getting points on fractured surface...
C1 0.0677377 C2 0.0655746
Mean = 0.0666562
C1 0.0606394 C2 0.0785746
Mean = 0.069607
C1 0.0834772 C2 0.049628
Mean = 0.0665526
  Saving fracture surface file: Pot_A_Piece_07_Surface_F.pcd
Fragment: ./Temp/Data/Pot_A/Pot_A_Piece_07_Mesh.obj

Cleaning surface point cloud...
Estimating patch normals and breaklines...
Getting the inital boundary...
Initiating uniform sampling and smoothing of breakline segments...
  loading ../Temp/Temp_edge/Pot_A/cloudForSpline.pcd
  1833 points in data set
  TPS surface fitting ...
  TPS surface building...
  Building TPS surface from 1833 points...\n  Subsampled to 1000 points for TPS fitting\n  TPS surface fitted with 1000 control points\nTPS surface fitted with C2 continuity
TPS surface fitting completed
Evaluating points on surface
31
CountClock Wise - Right
Detecting separate line segments...
ected segments = 
Detecting rim...
C1 0.0664539 C2 0.0581808
Mean = 0.0623174
C1 0.0898797 C2 0.0893226
Mean = 0.0896011
C1 0.0492456 C2 0.0514171
Mean = 0.0503313
Axis information is not available.
Saved PCD with custom segment headers: ../Dataset/Breaklines/Pot_A/Pot_A_Piece_07_Breakline_1.pcd (1 segments, 67 points)
Getting points on fractured surface...
C1 0.070293 C2 0.0573878
Mean = 0.0638404
C1 0.0884622 C2 0.0888371
Mean = 0.0886496
C1 0.0489053 C2 0.0502157
Mean = 0.0495605
  Saving fracture surface file: Pot_A_Piece_07_Surface_F.pcd

Processing time for Pot_A_Piece_07: 85.9368 seconds
Surface 0 point cloud file: ./Temp/Data/Pot_A/Pot_A_Piece_08_Surface_0.xyz
Surface 1 point cloud file: ./Temp/Data/Pot_A/Pot_A_Piece_08_Surface_1.xyz
Fragment: ./Temp/Data/Pot_A/Pot_A_Piece_08_Mesh.obj

Cleaning surface point cloud...
Estimating patch normals and breaklines...
Getting the inital boundary...
Initiating uniform sampling and smoothing of breakline segments...
  loading ../Temp/Temp_edge/Pot_A/cloudForSpline.pcd
  2598 points in data set
  TPS surface fitting ...
  TPS surface building...
  Building TPS surface from 2598 points...\n  Subsampled to 1000 points for TPS fitting\n  TPS surface fitted with 1000 control points\nTPS surface fitted with C2 continuity
TPS surface fitting completed
Evaluating points on surface
24
CountClock Wise - Right
Detecting separate line segments...
ected segments = 
Detecting rim...
C1 0.183308 C2 0.174811
Mean = 0.17906
C1 0.0595038 C2 0.0546144
Mean = 0.0570591
C1 0.0718296 C2 0.064026
Mean = 0.0679278
Axis information is not available.
Saved PCD with custom segment headers: ../Dataset/Breaklines/Pot_A/Pot_A_Piece_08_Breakline_0.pcd (1 segments, 60 points)
Getting points on fractured surface...
C1 0.183694 C2 0.177302
Mean = 0.180498
C1 0.0575708 C2 0.0557194
Mean = 0.0566451
C1 0.0713757 C2 0.06571
Mean = 0.0685429
  Saving fracture surface file: Pot_A_Piece_08_Surface_F.pcd
Fragment: ./Temp/Data/Pot_A/Pot_A_Piece_08_Mesh.obj

Cleaning surface point cloud...
Estimating patch normals and breaklines...
Getting the inital boundary...
Initiating uniform sampling and smoothing of breakline segments...
  loading ../Temp/Temp_edge/Pot_A/cloudForSpline.pcd
  2569 points in data set
  TPS surface fitting ...
  TPS surface building...
  Building TPS surface from 2569 points...\n  Subsampled to 1000 points for TPS fitting\n  TPS surface fitted with 1000 control points\nTPS surface fitted with C2 continuity
TPS surface fitting completed
Evaluating points on surface
-32
Clock Wise - Changing sequence
Detecting separate line segments...
ected segments = 
Detecting rim...
C1 0.0635598 C2 0.054027
Mean = 0.0587934
C1 0.0599296 C2 0.0603703
Mean = 0.0601499
C1 0.146871 C2 0.132219
Mean = 0.139545
Axis information is not available.
Saved PCD with custom segment headers: ../Dataset/Breaklines/Pot_A/Pot_A_Piece_08_Breakline_1.pcd (1 segments, 65 points)
Getting points on fractured surface...
C1 0.064563 C2 0.0548002
Mean = 0.0596816
C1 0.0624048 C2 0.0617582
Mean = 0.0620815
C1 0.147323 C2 0.130569
Mean = 0.138946
  Saving fracture surface file: Pot_A_Piece_08_Surface_F.pcd

Processing time for Pot_A_Piece_08: 91.2386 seconds
Total processing time: 994.022 seconds

EdgeLine extraction completed at: Sun 31 Aug 2025 23:46:49 AEST
=== Generated Files ===
Breakline: ./NURBS_Dataset_20250831/SfS_pp/Breaklines/Pot_A_Piece_05_Breakline_0.pcd
Breakline: ./NURBS_Dataset_20250831/SfS_pp/Breaklines/Pot_A_Piece_04_Breakline_0.pcd
Breakline: ./NURBS_Dataset_20250831/SfS_pp/Breaklines/Pot_A_Piece_04_Breakline_1.pcd
Breakline: ./NURBS_Dataset_20250831/SfS_pp/Breaklines/Pot_A_Piece_01_Breakline_1.pcd
Breakline: ./NURBS_Dataset_20250831/SfS_pp/Breaklines/Pot_A_Piece_06_Breakline_0.pcd
Breakline: ./NURBS_Dataset_20250831/SfS_pp/Breaklines/Pot_A_Piece_08_Breakline_1.pcd
Breakline: ./NURBS_Dataset_20250831/SfS_pp/Breaklines/Pot_A_Piece_07_Breakline_0.pcd
Breakline: ./NURBS_Dataset_20250831/SfS_pp/Breaklines/Pot_A_Piece_03_Breakline_1.pcd
Breakline: ./NURBS_Dataset_20250831/SfS_pp/Breaklines/Pot_A_Piece_03_Breakline_0.pcd
Breakline: ./NURBS_Dataset_20250831/SfS_pp/Breaklines/Pot_A_Piece_02_Breakline_0.pcd
Breakline: ./NURBS_Dataset_20250831/SfS_pp/Breaklines/Pot_A_Piece_02_Breakline_1.pcd
Breakline: ./NURBS_Dataset_20250831/SfS_pp/Breaklines/Pot_A_Piece_01_Breakline_0.pcd
Breakline: ./NURBS_Dataset_20250831/SfS_pp/Breaklines/Pot_A_Piece_07_Breakline_1.pcd
Breakline: ./NURBS_Dataset_20250831/SfS_pp/Breaklines/Pot_A_Piece_05_Breakline_1.pcd
Breakline: ./NURBS_Dataset_20250831/SfS_pp/Breaklines/Pot_A_Piece_08_Breakline_0.pcd
Breakline: ./NURBS_Dataset_20250831/SfS_pp/Breaklines/Pot_A_Piece_06_Breakline_1.pcd
Breakline: ./Pot_A_Piece_02_Surface_1_IntExtSurfacePtsNearBreakline.pcd
Breakline: ./Pot_A_Piece_08_Surface_1_IntExtSurfacePtsNearBreakline.pcd
Breakline: ./Pot_A_Piece_08_Surface_0_IntExtSurfacePtsNearBreakline.pcd
Breakline: ./Pot_A_Piece_05_Surface_0_IntExtSurfacePtsNearBreakline.pcd
Breakline: ./Pot_A_Piece_04_Surface_0_IntExtSurfacePtsNearBreakline.pcd
Breakline: ./Pot_A_Piece_02_Surface_0_IntExtSurfacePtsNearBreakline.pcd
Breakline: ./Dataset/Breaklines/Pot_A/Pot_A_Piece_05_Breakline_0.pcd
Breakline: ./Dataset/Breaklines/Pot_A/Pot_A_Piece_04_Breakline_0.pcd
Breakline: ./Dataset/Breaklines/Pot_A/Pot_A_Piece_04_Breakline_1.pcd
Breakline: ./Dataset/Breaklines/Pot_A/Pot_A_Piece_01_Breakline_1.pcd
Breakline: ./Dataset/Breaklines/Pot_A/Pot_A_Piece_06_Breakline_0.pcd
Breakline: ./Dataset/Breaklines/Pot_A/Pot_A_Piece_08_Breakline_1.pcd
Breakline: ./Dataset/Breaklines/Pot_A/Pot_A_Piece_07_Breakline_0.pcd
Breakline: ./Dataset/Breaklines/Pot_A/Pot_A_Piece_03_Breakline_1.pcd
Breakline: ./Dataset/Breaklines/Pot_A/Pot_A_Piece_03_Breakline_0.pcd
Breakline: ./Dataset/Breaklines/Pot_A/Pot_A_Piece_02_Breakline_0.pcd
Breakline: ./Dataset/Breaklines/Pot_A/Pot_A_Piece_02_Breakline_1.pcd
Breakline: ./Dataset/Breaklines/Pot_A/Pot_A_Piece_01_Breakline_0.pcd
Breakline: ./Dataset/Breaklines/Pot_A/Pot_A_Piece_07_Breakline_1.pcd
Breakline: ./Dataset/Breaklines/Pot_A/Pot_A_Piece_05_Breakline_1.pcd
Breakline: ./Dataset/Breaklines/Pot_A/Pot_A_Piece_08_Breakline_0.pcd
Breakline: ./Dataset/Breaklines/Pot_A/Pot_A_Piece_06_Breakline_1.pcd
Breakline: ./Pot_A_Piece_06_Surface_0_IntExtSurfacePtsNearBreakline.pcd
Breakline: ./Pot_A_Piece_03_Surface_1_IntExtSurfacePtsNearBreakline.pcd
Breakline: ./Pot_A_Piece_07_Surface_1_IntExtSurfacePtsNearBreakline.pcd
Breakline: ./Pot_A_Piece_07_Surface_0_IntExtSurfacePtsNearBreakline.pcd
Breakline: ./Pot_A_Piece_03_Surface_0_IntExtSurfacePtsNearBreakline.pcd
Breakline: ./Pot_A_Piece_04_Surface_1_IntExtSurfacePtsNearBreakline.pcd
Breakline: ./TPS_Dataset_20250829/SfS_pp/Breaklines/Pot_A_Piece_05_Breakline_0.pcd
Breakline: ./TPS_Dataset_20250829/SfS_pp/Breaklines/Pot_A_Piece_04_Breakline_0.pcd
Breakline: ./TPS_Dataset_20250829/SfS_pp/Breaklines/Pot_A_Piece_04_Breakline_1.pcd
Breakline: ./TPS_Dataset_20250829/SfS_pp/Breaklines/Pot_A_Piece_01_Breakline_1.pcd
Breakline: ./TPS_Dataset_20250829/SfS_pp/Breaklines/Pot_A_Piece_06_Breakline_0.pcd
Breakline: ./TPS_Dataset_20250829/SfS_pp/Breaklines/Pot_A_Piece_08_Breakline_1.pcd
Breakline: ./TPS_Dataset_20250829/SfS_pp/Breaklines/Pot_A_Piece_07_Breakline_0.pcd
Breakline: ./TPS_Dataset_20250829/SfS_pp/Breaklines/Pot_A_Piece_03_Breakline_1.pcd
Breakline: ./TPS_Dataset_20250829/SfS_pp/Breaklines/Pot_A_Piece_03_Breakline_0.pcd
Breakline: ./TPS_Dataset_20250829/SfS_pp/Breaklines/Pot_A_Piece_02_Breakline_0.pcd
Breakline: ./TPS_Dataset_20250829/SfS_pp/Breaklines/Pot_A_Piece_02_Breakline_1.pcd
Breakline: ./TPS_Dataset_20250829/SfS_pp/Breaklines/Pot_A_Piece_01_Breakline_0.pcd
Breakline: ./TPS_Dataset_20250829/SfS_pp/Breaklines/Pot_A_Piece_07_Breakline_1.pcd
Breakline: ./TPS_Dataset_20250829/SfS_pp/Breaklines/Pot_A_Piece_05_Breakline_1.pcd
Breakline: ./TPS_Dataset_20250829/SfS_pp/Breaklines/Pot_A_Piece_08_Breakline_0.pcd
Breakline: ./TPS_Dataset_20250829/SfS_pp/Breaklines/Pot_A_Piece_06_Breakline_1.pcd
Breakline: ./Pot_A_Piece_01_Surface_0_IntExtSurfacePtsNearBreakline.pcd
Breakline: ./original_nurbs_preprocessing/Dataset/Breaklines/Pot_A/Pot_A_Piece_05_Breakline_0.pcd
Breakline: ./original_nurbs_preprocessing/Dataset/Breaklines/Pot_A/Pot_A_Piece_04_Breakline_0.pcd
Breakline: ./original_nurbs_preprocessing/Dataset/Breaklines/Pot_A/Pot_A_Piece_04_Breakline_1.pcd
Breakline: ./original_nurbs_preprocessing/Dataset/Breaklines/Pot_A/Pot_A_Piece_01_Breakline_1.pcd
Breakline: ./original_nurbs_preprocessing/Dataset/Breaklines/Pot_A/Pot_A_Piece_06_Breakline_0.pcd
Breakline: ./original_nurbs_preprocessing/Dataset/Breaklines/Pot_A/Pot_A_Piece_08_Breakline_1.pcd
Breakline: ./original_nurbs_preprocessing/Dataset/Breaklines/Pot_A/Pot_A_Piece_07_Breakline_0.pcd
Breakline: ./original_nurbs_preprocessing/Dataset/Breaklines/Pot_A/Pot_A_Piece_03_Breakline_1.pcd
Breakline: ./original_nurbs_preprocessing/Dataset/Breaklines/Pot_A/Pot_A_Piece_03_Breakline_0.pcd
Breakline: ./original_nurbs_preprocessing/Dataset/Breaklines/Pot_A/Pot_A_Piece_02_Breakline_0.pcd
Breakline: ./original_nurbs_preprocessing/Dataset/Breaklines/Pot_A/Pot_A_Piece_02_Breakline_1.pcd
Breakline: ./original_nurbs_preprocessing/Dataset/Breaklines/Pot_A/Pot_A_Piece_01_Breakline_0.pcd
Breakline: ./original_nurbs_preprocessing/Dataset/Breaklines/Pot_A/Pot_A_Piece_07_Breakline_1.pcd
Breakline: ./original_nurbs_preprocessing/Dataset/Breaklines/Pot_A/Pot_A_Piece_05_Breakline_1.pcd
Breakline: ./original_nurbs_preprocessing/Dataset/Breaklines/Pot_A/Pot_A_Piece_08_Breakline_0.pcd
Breakline: ./original_nurbs_preprocessing/Dataset/Breaklines/Pot_A/Pot_A_Piece_06_Breakline_1.pcd
Breakline: ./original_nurbs_preprocessing/Temp/Temp_edge/Pot_A/cloudBreaklinePointsOnBSplineSurface.pcd
Breakline: ./original_nurbs_preprocessing/Temp/Temp_edge/Pot_A/CompleteBreakline.pcd
Breakline: ./Pot_A_Piece_05_Surface_1_IntExtSurfacePtsNearBreakline.pcd
Breakline: ./Pot_A_Piece_01_Surface_1_IntExtSurfacePtsNearBreakline.pcd
Breakline: ./Pot_A_Piece_06_Surface_1_IntExtSurfacePtsNearBreakline.pcd
Surface_F: ./Pot_A_Piece_07_Surface_F.pcd
Surface_F: ./Pot_A_Piece_05_Surface_F.pcd
Surface_F: ./Pot_A_Piece_08_Surface_F.pcd
Surface_F: ./TPS_Complete_Dataset/Surface_F/Pot_A_Piece_07_Surface_F.pcd
Surface_F: ./TPS_Complete_Dataset/Surface_F/Pot_A_Piece_05_Surface_F.pcd
Surface_F: ./TPS_Complete_Dataset/Surface_F/Pot_A_Piece_08_Surface_F.pcd
Surface_F: ./TPS_Complete_Dataset/Surface_F/Pot_A_Piece_01_Surface_F.pcd
Surface_F: ./TPS_Complete_Dataset/Surface_F/Pot_A_Piece_03_Surface_F.pcd
Surface_F: ./TPS_Complete_Dataset/Surface_F/Pot_A_Piece_06_Surface_F.pcd
Surface_F: ./TPS_Complete_Dataset/Surface_F/Pot_A_Piece_02_Surface_F.pcd
Surface_F: ./TPS_Complete_Dataset/Surface_F/Pot_A_Piece_04_Surface_F.pcd
Surface_F: ./Pot_A_Piece_01_Surface_F.pcd
Surface_F: ./Pot_A_Piece_03_Surface_F.pcd
Surface_F: ./Pot_A_Piece_06_Surface_F.pcd
Surface_F: ./Pot_A_Piece_02_Surface_F.pcd
Surface_F: ./Pot_A_Piece_04_Surface_F.pcd
Surface_F: ./TPS_Dataset_20250829/SfS_pp/Surfaces/Pot_A_Piece_07_Surface_F.pcd
Surface_F: ./TPS_Dataset_20250829/SfS_pp/Surfaces/Pot_A_Piece_05_Surface_F.pcd
Surface_F: ./TPS_Dataset_20250829/SfS_pp/Surfaces/Pot_A_Piece_08_Surface_F.pcd
Surface_F: ./TPS_Dataset_20250829/SfS_pp/Surfaces/Pot_A_Piece_01_Surface_F.pcd
Surface_F: ./TPS_Dataset_20250829/SfS_pp/Surfaces/Pot_A_Piece_03_Surface_F.pcd
Surface_F: ./TPS_Dataset_20250829/SfS_pp/Surfaces/Pot_A_Piece_06_Surface_F.pcd
Surface_F: ./TPS_Dataset_20250829/SfS_pp/Surfaces/Pot_A_Piece_02_Surface_F.pcd
Surface_F: ./TPS_Dataset_20250829/SfS_pp/Surfaces/Pot_A_Piece_04_Surface_F.pcd
Surface_F: ./TPS_Dataset_20250831/SfS_pp/Surfaces/Pot_A_Piece_07_Surface_F.pcd
Surface_F: ./TPS_Dataset_20250831/SfS_pp/Surfaces/Pot_A_Piece_05_Surface_F.pcd
Surface_F: ./TPS_Dataset_20250831/SfS_pp/Surfaces/Pot_A_Piece_08_Surface_F.pcd
Surface_F: ./TPS_Dataset_20250831/SfS_pp/Surfaces/Pot_A_Piece_01_Surface_F.pcd
Surface_F: ./TPS_Dataset_20250831/SfS_pp/Surfaces/Pot_A_Piece_03_Surface_F.pcd
Surface_F: ./TPS_Dataset_20250831/SfS_pp/Surfaces/Pot_A_Piece_06_Surface_F.pcd
Surface_F: ./TPS_Dataset_20250831/SfS_pp/Surfaces/Pot_A_Piece_02_Surface_F.pcd
Surface_F: ./TPS_Dataset_20250831/SfS_pp/Surfaces/Pot_A_Piece_04_Surface_F.pcd
=== Job Finished ===
