INFO:    gocryptfs not found, will not be able to use gocryptfs
CMake Warning (dev) at CMakeLists.txt:12 (find_package):
  Policy CMP0074 is not set: find_package uses <PackageName>_ROOT variables.
  Run "cmake --help-policy CMP0074" for policy details.  Use the cmake_policy
  command to set the policy and suppress this warning.

  Environment variable PCL_ROOT is set to:

    /usr/local

  For compatibility, CMake is ignoring the variable.
This warning is for project developers.  Use -Wno-dev to suppress it.

CMake Deprecation Warning at /usr/local/share/pcl-1.9/PCLConfig.cmake:38 (cmake_policy):
  The OLD behavior for policy CMP0074 will be removed from a future version
  of CMake.

  The cmake-policies(7) manual explains that the OLD behaviors of all
  policies are deprecated and that a policy should be set to OLD only under
  specific short-term circumstances.  Projects should be ported to the NEW
  behavior and not rely on setting a policy to OLD.
Call Stack (most recent call first):
  CMakeLists.txt:12 (find_package)


** WARNING ** io features related to pcap will be disabled
** WARNING ** io features related to png will be disabled
CMake Warning (dev) at /usr/share/cmake/Modules/FindPackageHandleStandardArgs.cmake:438 (message):
  The package name passed to `find_package_handle_standard_args` (libusb-1.0)
  does not match the name of the calling package (PCL).  This can lead to
  problems in calling code that expects `find_package` result variables
  (e.g., `_FOUND`) to follow a certain pattern.
Call Stack (most recent call first):
  /usr/local/share/pcl-1.9/PCLConfig.cmake:281 (find_package_handle_standard_args)
  /usr/local/share/pcl-1.9/PCLConfig.cmake:326 (find_libusb)
  /usr/local/share/pcl-1.9/PCLConfig.cmake:526 (find_external_library)
  CMakeLists.txt:12 (find_package)
This warning is for project developers.  Use -Wno-dev to suppress it.

** WARNING ** io features related to libusb-1.0 will be disabled
CMake Warning (dev) at /usr/share/cmake/Modules/FindPackageHandleStandardArgs.cmake:438 (message):
  The package name passed to `find_package_handle_standard_args` (PCL_COMMON)
  does not match the name of the calling package (PCL).  This can lead to
  problems in calling code that expects `find_package` result variables
  (e.g., `_FOUND`) to follow a certain pattern.
Call Stack (most recent call first):
  /usr/local/share/pcl-1.9/PCLConfig.cmake:594 (find_package_handle_standard_args)
  CMakeLists.txt:12 (find_package)
This warning is for project developers.  Use -Wno-dev to suppress it.

CMake Warning (dev) at /usr/share/cmake/Modules/FindPackageHandleStandardArgs.cmake:438 (message):
  The package name passed to `find_package_handle_standard_args` (PCL_KDTREE)
  does not match the name of the calling package (PCL).  This can lead to
  problems in calling code that expects `find_package` result variables
  (e.g., `_FOUND`) to follow a certain pattern.
Call Stack (most recent call first):
  /usr/local/share/pcl-1.9/PCLConfig.cmake:594 (find_package_handle_standard_args)
  CMakeLists.txt:12 (find_package)
This warning is for project developers.  Use -Wno-dev to suppress it.

CMake Warning (dev) at /usr/share/cmake/Modules/FindPackageHandleStandardArgs.cmake:438 (message):
  The package name passed to `find_package_handle_standard_args` (PCL_OCTREE)
  does not match the name of the calling package (PCL).  This can lead to
  problems in calling code that expects `find_package` result variables
  (e.g., `_FOUND`) to follow a certain pattern.
Call Stack (most recent call first):
  /usr/local/share/pcl-1.9/PCLConfig.cmake:594 (find_package_handle_standard_args)
  CMakeLists.txt:12 (find_package)
This warning is for project developers.  Use -Wno-dev to suppress it.

CMake Warning (dev) at /usr/share/cmake/Modules/FindPackageHandleStandardArgs.cmake:438 (message):
  The package name passed to `find_package_handle_standard_args` (PCL_SEARCH)
  does not match the name of the calling package (PCL).  This can lead to
  problems in calling code that expects `find_package` result variables
  (e.g., `_FOUND`) to follow a certain pattern.
Call Stack (most recent call first):
  /usr/local/share/pcl-1.9/PCLConfig.cmake:594 (find_package_handle_standard_args)
  CMakeLists.txt:12 (find_package)
This warning is for project developers.  Use -Wno-dev to suppress it.

CMake Warning (dev) at /usr/share/cmake/Modules/FindPackageHandleStandardArgs.cmake:438 (message):
  The package name passed to `find_package_handle_standard_args`
  (PCL_SAMPLE_CONSENSUS) does not match the name of the calling package
  (PCL).  This can lead to problems in calling code that expects
  `find_package` result variables (e.g., `_FOUND`) to follow a certain
  pattern.
Call Stack (most recent call first):
  /usr/local/share/pcl-1.9/PCLConfig.cmake:594 (find_package_handle_standard_args)
  CMakeLists.txt:12 (find_package)
This warning is for project developers.  Use -Wno-dev to suppress it.

CMake Warning (dev) at /usr/share/cmake/Modules/FindPackageHandleStandardArgs.cmake:438 (message):
  The package name passed to `find_package_handle_standard_args`
  (PCL_FILTERS) does not match the name of the calling package (PCL).  This
  can lead to problems in calling code that expects `find_package` result
  variables (e.g., `_FOUND`) to follow a certain pattern.
Call Stack (most recent call first):
  /usr/local/share/pcl-1.9/PCLConfig.cmake:594 (find_package_handle_standard_args)
  CMakeLists.txt:12 (find_package)
This warning is for project developers.  Use -Wno-dev to suppress it.

CMake Warning (dev) at /usr/share/cmake/Modules/FindPackageHandleStandardArgs.cmake:438 (message):
  The package name passed to `find_package_handle_standard_args` (PCL_2D)
  does not match the name of the calling package (PCL).  This can lead to
  problems in calling code that expects `find_package` result variables
  (e.g., `_FOUND`) to follow a certain pattern.
Call Stack (most recent call first):
  /usr/local/share/pcl-1.9/PCLConfig.cmake:597 (find_package_handle_standard_args)
  CMakeLists.txt:12 (find_package)
This warning is for project developers.  Use -Wno-dev to suppress it.

CMake Warning (dev) at /usr/share/cmake/Modules/FindPackageHandleStandardArgs.cmake:438 (message):
  The package name passed to `find_package_handle_standard_args`
  (PCL_GEOMETRY) does not match the name of the calling package (PCL).  This
  can lead to problems in calling code that expects `find_package` result
  variables (e.g., `_FOUND`) to follow a certain pattern.
Call Stack (most recent call first):
  /usr/local/share/pcl-1.9/PCLConfig.cmake:597 (find_package_handle_standard_args)
  CMakeLists.txt:12 (find_package)
This warning is for project developers.  Use -Wno-dev to suppress it.

CMake Warning (dev) at /usr/share/cmake/Modules/FindPackageHandleStandardArgs.cmake:438 (message):
  The package name passed to `find_package_handle_standard_args` (PCL_IO)
  does not match the name of the calling package (PCL).  This can lead to
  problems in calling code that expects `find_package` result variables
  (e.g., `_FOUND`) to follow a certain pattern.
Call Stack (most recent call first):
  /usr/local/share/pcl-1.9/PCLConfig.cmake:594 (find_package_handle_standard_args)
  CMakeLists.txt:12 (find_package)
This warning is for project developers.  Use -Wno-dev to suppress it.

CMake Warning (dev) at /usr/share/cmake/Modules/FindPackageHandleStandardArgs.cmake:438 (message):
  The package name passed to `find_package_handle_standard_args`
  (PCL_FEATURES) does not match the name of the calling package (PCL).  This
  can lead to problems in calling code that expects `find_package` result
  variables (e.g., `_FOUND`) to follow a certain pattern.
Call Stack (most recent call first):
  /usr/local/share/pcl-1.9/PCLConfig.cmake:594 (find_package_handle_standard_args)
  CMakeLists.txt:12 (find_package)
This warning is for project developers.  Use -Wno-dev to suppress it.

CMake Warning (dev) at /usr/share/cmake/Modules/FindPackageHandleStandardArgs.cmake:438 (message):
  The package name passed to `find_package_handle_standard_args` (PCL_ML)
  does not match the name of the calling package (PCL).  This can lead to
  problems in calling code that expects `find_package` result variables
  (e.g., `_FOUND`) to follow a certain pattern.
Call Stack (most recent call first):
  /usr/local/share/pcl-1.9/PCLConfig.cmake:594 (find_package_handle_standard_args)
  CMakeLists.txt:12 (find_package)
This warning is for project developers.  Use -Wno-dev to suppress it.

CMake Warning (dev) at /usr/share/cmake/Modules/FindPackageHandleStandardArgs.cmake:438 (message):
  The package name passed to `find_package_handle_standard_args`
  (PCL_SEGMENTATION) does not match the name of the calling package (PCL).
  This can lead to problems in calling code that expects `find_package`
  result variables (e.g., `_FOUND`) to follow a certain pattern.
Call Stack (most recent call first):
  /usr/local/share/pcl-1.9/PCLConfig.cmake:594 (find_package_handle_standard_args)
  CMakeLists.txt:12 (find_package)
This warning is for project developers.  Use -Wno-dev to suppress it.

CMake Warning (dev) at /usr/share/cmake/Modules/FindPackageHandleStandardArgs.cmake:438 (message):
  The package name passed to `find_package_handle_standard_args`
  (PCL_SURFACE) does not match the name of the calling package (PCL).  This
  can lead to problems in calling code that expects `find_package` result
  variables (e.g., `_FOUND`) to follow a certain pattern.
Call Stack (most recent call first):
  /usr/local/share/pcl-1.9/PCLConfig.cmake:594 (find_package_handle_standard_args)
  CMakeLists.txt:12 (find_package)
This warning is for project developers.  Use -Wno-dev to suppress it.

CMake Warning (dev) at /usr/share/cmake/Modules/FindPackageHandleStandardArgs.cmake:438 (message):
  The package name passed to `find_package_handle_standard_args`
  (PCL_REGISTRATION) does not match the name of the calling package (PCL).
  This can lead to problems in calling code that expects `find_package`
  result variables (e.g., `_FOUND`) to follow a certain pattern.
Call Stack (most recent call first):
  /usr/local/share/pcl-1.9/PCLConfig.cmake:594 (find_package_handle_standard_args)
  CMakeLists.txt:12 (find_package)
This warning is for project developers.  Use -Wno-dev to suppress it.

CMake Warning (dev) at /usr/share/cmake/Modules/FindPackageHandleStandardArgs.cmake:438 (message):
  The package name passed to `find_package_handle_standard_args`
  (PCL_KEYPOINTS) does not match the name of the calling package (PCL).  This
  can lead to problems in calling code that expects `find_package` result
  variables (e.g., `_FOUND`) to follow a certain pattern.
Call Stack (most recent call first):
  /usr/local/share/pcl-1.9/PCLConfig.cmake:594 (find_package_handle_standard_args)
  CMakeLists.txt:12 (find_package)
This warning is for project developers.  Use -Wno-dev to suppress it.

CMake Warning (dev) at /usr/share/cmake/Modules/FindPackageHandleStandardArgs.cmake:438 (message):
  The package name passed to `find_package_handle_standard_args`
  (PCL_TRACKING) does not match the name of the calling package (PCL).  This
  can lead to problems in calling code that expects `find_package` result
  variables (e.g., `_FOUND`) to follow a certain pattern.
Call Stack (most recent call first):
  /usr/local/share/pcl-1.9/PCLConfig.cmake:594 (find_package_handle_standard_args)
  CMakeLists.txt:12 (find_package)
This warning is for project developers.  Use -Wno-dev to suppress it.

CMake Warning (dev) at /usr/share/cmake/Modules/FindPackageHandleStandardArgs.cmake:438 (message):
  The package name passed to `find_package_handle_standard_args` (PCL_STEREO)
  does not match the name of the calling package (PCL).  This can lead to
  problems in calling code that expects `find_package` result variables
  (e.g., `_FOUND`) to follow a certain pattern.
Call Stack (most recent call first):
  /usr/local/share/pcl-1.9/PCLConfig.cmake:594 (find_package_handle_standard_args)
  CMakeLists.txt:12 (find_package)
This warning is for project developers.  Use -Wno-dev to suppress it.

CMake Deprecation Warning at /usr/local/share/pcl-1.9/PCLConfig.cmake:38 (cmake_policy):
  The OLD behavior for policy CMP0074 will be removed from a future version
  of CMake.

  The cmake-policies(7) manual explains that the OLD behaviors of all
  policies are deprecated and that a policy should be set to OLD only under
  specific short-term circumstances.  Projects should be ported to the NEW
  behavior and not rely on setting a policy to OLD.
Call Stack (most recent call first):
  CMakeLists.txt:13 (find_package)


CMake Warning at /usr/share/cmake/CGAL/CGAL_enable_end_of_configuration_hook.cmake:93 (message):
  =======================================================================

  CGAL performance notice:

  The variable CMAKE_BUILD_TYPE is set to "".  For performance reasons, you
  should set CMAKE_BUILD_TYPE to "Release".

  Set CGAL_DO_NOT_WARN_ABOUT_CMAKE_BUILD_TYPE to TRUE if you want to disable
  this warning.

  =======================================================================
Call Stack (most recent call first):
  /usr/share/cmake/CGAL/CGAL_enable_end_of_configuration_hook.cmake:163 (CGAL_hook_check_CMAKE_BUILD_TYPE)
  CMakeLists.txt:DEFERRED


In file included from /usr/include/CGAL/Polygon_mesh_processing/smooth_mesh.h:21,
                 from /workspace/original_nurbs_preprocessing/edgeline_extraction_headless.cpp:139:
/usr/include/CGAL/Installation/internal/deprecation_warning.h:80:6: warning: #warning "A deprecated header has been included." [-Wcpp]
   80 | #    warning "A deprecated header has been included."
      |      ^~~~~~~
In file included from /usr/include/boost/smart_ptr/detail/sp_thread_sleep.hpp:22,
                 from /usr/include/boost/smart_ptr/detail/yield_k.hpp:23,
                 from /usr/include/boost/smart_ptr/detail/spinlock_gcc_atomic.hpp:14,
                 from /usr/include/boost/smart_ptr/detail/spinlock.hpp:42,
                 from /usr/include/boost/smart_ptr/detail/spinlock_pool.hpp:25,
                 from /usr/include/boost/smart_ptr/shared_ptr.hpp:29,
                 from /usr/include/boost/shared_ptr.hpp:17,
                 from /usr/local/include/pcl-1.9/pcl/pcl_base.h:48,
                 from /usr/local/include/pcl-1.9/pcl/filters/filter.h:43,
                 from /usr/local/include/pcl-1.9/pcl/filters/uniform_sampling.h:43,
                 from /workspace/original_nurbs_preprocessing/edgeline_extraction_headless.cpp:22:
/usr/include/boost/bind.hpp:36:1: note: ‘#pragma message: The practice of declaring the Bind placeholders (_1, _2, ...) in the global namespace is deprecated. Please use <boost/bind/bind.hpp> + using namespace boost::placeholders, or define BOOST_BIND_GLOBAL_PLACEHOLDERS to retain the current behavior.’
   36 | BOOST_PRAGMA_MESSAGE(
      | ^~~~~~~~~~~~~~~~~~~~
/usr/include/boost/detail/iterator.hpp:13:1: note: ‘#pragma message: This header is deprecated. Use <iterator> instead.’
   13 | BOOST_HEADER_DEPRECATED("<iterator>")
      | ^~~~~~~~~~~~~~~~~~~~~~~
In file included from /usr/include/CGAL/Polygon_mesh_processing/smooth_mesh.h:21,
                 from /workspace/original_nurbs_preprocessing/edgeline_extraction_headless.cpp:139:
/usr/include/CGAL/Installation/internal/deprecation_warning.h:81:54: note: ‘#pragma message: Warning: The header `<CGAL/Polygon_mesh_processing/smooth_mesh.h>` is deprecated. Please use `<CGAL/Polygon_mesh_processing/angle_and_area_smoothing.h>` instead. ’
   81 | #    pragma message (CGAL_INTERNAL_DEPRECATED_MESSAGE)
      |                                                      ^
/workspace/original_nurbs_preprocessing/edgeline_extraction_headless.cpp: In function ‘Eigen::MatrixXd smoothAndSampleBreaklinesVer4UsingBSpline(Eigen::MatrixXd&)’:
/workspace/original_nurbs_preprocessing/edgeline_extraction_headless.cpp:558:50: warning: use of old-style cast to ‘int’ [-Wold-style-cast]
  558 |         for (int j = 0; j < std::min((int)P.rows() - 1, 20); j++) {
      |                                                  ^
      |                                      -------------
      |                                      static_cast<int> (P.rows())
/workspace/original_nurbs_preprocessing/edgeline_extraction_headless.cpp:654:114: warning: use of old-style cast to ‘int’ [-Wold-style-cast]
  654 |                         int points_per_segment = std::max(1, (int)(points_to_add / (smoothedBreakLine.rows() - 1)));
      |                                                                                                                  ^
      |                                                              -----
      |                                                              static_cast<int> (                                   )
/workspace/original_nurbs_preprocessing/edgeline_extraction_headless.cpp:663:136: warning: use of old-style cast to ‘int’ [-Wold-style-cast]
  663 |                                 int interp_count = (i == 0) ? points_per_segment + (int)(points_to_add % (smoothedBreakLine.rows() - 1))
      |                                                                                                                                        ^
      |                                                                                    -----
      |                                                                                    static_cast<int> (                                   )
/workspace/original_nurbs_preprocessing/edgeline_extraction_headless.cpp:666:96: warning: use of old-style cast to ‘int’ [-Wold-style-cast]
  666 |                                 for (int j = 1; j <= interp_count && (int)densifiedPoints.size() < min_safe - 1; j++) {
      |                                                                                                ^
      |                                                                      -----
      |                                                                      static_cast<int> (         )
/workspace/original_nurbs_preprocessing/edgeline_extraction_headless.cpp:667:81: warning: use of old-style cast to ‘double’ [-Wold-style-cast]
  667 |                                         double t = j / (double)(interp_count + 1);
      |                                                                                 ^
      |                                                        --------
      |                                                        static_cast<double> (     )
/workspace/original_nurbs_preprocessing/edgeline_extraction_headless.cpp:681:71: warning: use of old-style cast to ‘int’ [-Wold-style-cast]
  681 |                         for (int i = 0; i < (int)densifiedPoints.size(); i++) {
      |                                                                       ^
      |                                             -----
      |                                             static_cast<int> (         )
/workspace/original_nurbs_preprocessing/edgeline_extraction_headless.cpp: In function ‘std::vector<int> detectSeparateLineSegments(std::string, int)’:
/workspace/original_nurbs_preprocessing/edgeline_extraction_headless.cpp:1562:67: warning: use of old-style cast to ‘int’ [-Wold-style-cast]
 1562 |             int i0 = std::max(0, i-1), i1 = std::min((int)b1.rows()-1, i+1);
      |                                                                   ^
      |                                                      --------------
      |                                                      static_cast<int> (b1.rows())
/workspace/original_nurbs_preprocessing/edgeline_extraction_headless.cpp:1595:44: warning: use of old-style cast to ‘size_t’ {aka ‘long unsigned int’} [-Wold-style-cast]
 1595 |         if (i >= (size_t)dist_scoreB1.rows()) { std::cerr << "[EDGELINE DEBUG] OOB write dist_scoreB1 i=" << i << std::endl; break; }
      |                                            ^
      |                  --------
      |                  static_cast<size_t> (      )
/workspace/original_nurbs_preprocessing/edgeline_extraction_headless.cpp:1647:65: warning: use of old-style cast to ‘size_t’ {aka ‘long unsigned int’} [-Wold-style-cast]
 1647 |     for (size_t i = 0; i < (size_t)distScoreOriginalLength.rows(); i++)
      |                                                                 ^
      |                            --------
      |                            static_cast<size_t> (                 )
/workspace/original_nurbs_preprocessing/edgeline_extraction_headless.cpp:1649:34: warning: use of old-style cast to ‘size_t’ {aka ‘long unsigned int’} [-Wold-style-cast]
 1649 |         size_t src = i + (size_t)len;
      |                                  ^~~
      |                          -----------
      |                          static_cast<size_t> (len)
/workspace/original_nurbs_preprocessing/edgeline_extraction_headless.cpp:1650:46: warning: use of old-style cast to ‘size_t’ {aka ‘long unsigned int’} [-Wold-style-cast]
 1650 |         if (src >= (size_t)dist_scoreB1.rows()) src = dist_scoreB1.rows() - 1;
      |                                              ^
      |                    --------
      |                    static_cast<size_t> (      )
INFO:    gocryptfs not found, will not be able to use gocryptfs
Error occurred: filesystem error: cannot copy file: No such file or directory [Temp/Data/Pot_A/Pot_A_Piece_01_Surface_0.xyz] [Dataset/Surfaces/Pot_A/Pot_A_Piece_01_Surface_0.xyz]
Time until error: 0.0206116 seconds
