=== Building EdgeLineExtraction inside container environment ===
=== Building Preprocessing Tools in Working SFS Container ===
Container found: /data/gpfs/projects/punim2657/sfs_main/sfspreproc.sif
Container size: 815M
Some files may not exist
Starting build inside container...
INFO:    gocryptfs not found, will not be able to use gocryptfs
Container environment check:
OS: 
PRETTY_NAME="Ubuntu 22.04.5 LTS"
CMake: 
cmake version 3.22.1
G++: 
g++ (Ubuntu 11.4.0-1ubuntu1~22.04) 11.4.0

Library paths:
	libvtkverdict-9.1.so.1 (libc6,x86-64) => /lib/x86_64-linux-gnu/libvtkverdict-9.1.so.1
	libvtkverdict-9.1.so (libc6,x86-64) => /lib/x86_64-linux-gnu/libvtkverdict-9.1.so
	libvtksys-9.1.so.1 (libc6,x86-64) => /lib/x86_64-linux-gnu/libvtksys-9.1.so.1
	libvtksys-9.1.so (libc6,x86-64) => /lib/x86_64-linux-gnu/libvtksys-9.1.so
	libvtkpugixml-9.1.so.1 (libc6,x86-64) => /lib/x86_64-linux-gnu/libvtkpugixml-9.1.so.1

PCL headers:

VTK headers:

Starting compilation...
Configuring with CMake...
CMake Error: Unknown argument -f
CMake Error: Run 'cmake --help' for all supported options.
✗ Container build failed!
Last 20 lines of build log:
CMake: 
cmake version 3.22.1
G++: 
g++ (Ubuntu 11.4.0-1ubuntu1~22.04) 11.4.0

Library paths:
	libvtkverdict-9.1.so.1 (libc6,x86-64) => /lib/x86_64-linux-gnu/libvtkverdict-9.1.so.1
	libvtkverdict-9.1.so (libc6,x86-64) => /lib/x86_64-linux-gnu/libvtkverdict-9.1.so
	libvtksys-9.1.so.1 (libc6,x86-64) => /lib/x86_64-linux-gnu/libvtksys-9.1.so.1
	libvtksys-9.1.so (libc6,x86-64) => /lib/x86_64-linux-gnu/libvtksys-9.1.so
	libvtkpugixml-9.1.so.1 (libc6,x86-64) => /lib/x86_64-linux-gnu/libvtkpugixml-9.1.so.1

PCL headers:

VTK headers:

Starting compilation...
Configuring with CMake...
CMake Error: Unknown argument -f
CMake Error: Run 'cmake --help' for all supported options.
=== Container build completed ===
