
                            < M A T L A B (R) >
                  Copyright 1984-2024 The MathWorks, Inc.
             R2024b Update 3 (24.2.0.2806996) 64-bit (glnxa64)
                             November 26, 2024

 
To get started, type doc.
For product information, visit www.mathworks.com.
 
Starting axis extraction for Pot A, Fragment 3
📐 Resampled surfaces to 16178 points each
[iter][eval] cost actual_cost_change |grad| |TR| MQ
[0000][0000] 2.726399e+05 0.000e+00 1.05e+06 1.00e+01 1.00e+00
[0001][0001] 2.417034e+05 3.094e+04 1.05e+06 1.00e+01 1.40e+00
[0002][0002] 2.276327e+05 1.407e+04 6.29e+05 3.00e+01 1.52e+00
[0003][0003] 2.255837e+05 2.049e+03 3.05e+05 9.00e+01 1.44e+00
[0004][0004] 2.247490e+05 8.347e+02 1.59e+05 2.70e+02 1.29e+00
[0005][0005] 2.246439e+05 1.051e+02 5.59e+04 8.10e+02 1.47e+00
[iter][eval] cost actual_cost_change |grad| |TR| MQ
[0000][0000] 2.969822e+05 0.000e+00 1.28e+06 1.00e+01 1.00e+00
[0001][0001] 2.463899e+05 5.059e+04 1.28e+06 1.00e+01 1.40e+00
[0002][0002] 2.351805e+05 1.121e+04 6.27e+05 3.00e+01 1.20e+00
[0003][0003] 2.314950e+05 3.686e+03 5.65e+05 9.00e+01 1.76e+00
[0004][0004] 2.300589e+05 1.436e+03 5.81e+05 2.70e+02 8.09e-01
[0005][0005] 2.273482e+05 2.711e+03 8.50e+05 3.54e+02 1.14e+00
[0006][0006] 2.252753e+05 2.073e+03 3.91e+05 1.06e+03 1.27e+00
[0007][0007] 2.247485e+05 5.267e+02 1.70e+05 3.18e+03 1.36e+00
[0008][0008] 2.246447e+05 1.039e+02 7.88e+04 9.55e+03 1.46e+00
[iter][eval] cost actual_cost_change |grad| |TR| MQ
[0000][0000] 2.758127e+05 0.000e+00 1.12e+06 1.00e+01 1.00e+00
[0001][0001] 2.549599e+05 2.085e+04 1.12e+06 1.00e+01 1.49e+00
[0002][0002] 2.410714e+05 1.389e+04 5.96e+05 3.00e+01 1.88e+00
[0003][0003] 2.340719e+05 7.000e+03 5.10e+05 9.00e+01 1.85e+00
[0004][0004] 2.324810e+05 1.591e+03 3.45e+05 2.70e+02 1.59e+00
[0005][0005] 2.311153e+05 1.366e+03 2.04e+05 8.10e+02 1.69e+00
[0006][0006] 2.292142e+05 1.901e+03 1.92e+05 2.43e+03 2.84e+00
[0007][0007] 2.277807e+05 1.434e+03 1.81e+05 7.29e+03 6.05e-01
[0008][0008] 2.268569e+05 9.238e+02 2.25e+05 7.36e+03 1.11e+00
[0009][0009] 2.266626e+05 1.943e+02 9.61e+04 2.21e+04 1.76e+00
[iter][eval] cost actual_cost_change |grad| |TR| MQ
[0000][0000] 3.202980e+05 0.000e+00 1.62e+06 1.00e+01 1.00e+00
[0001][0001] 2.576791e+05 6.262e+04 1.62e+06 1.00e+01 1.43e+00
[0002][0002] 2.342182e+05 2.346e+04 9.18e+05 3.00e+01 1.49e+00
[0003][0003] 2.270543e+05 7.164e+03 5.60e+05 9.00e+01 1.47e+00
[0004][0004] 2.253438e+05 1.711e+03 3.03e+05 2.70e+02 1.49e+00
[0005][0005] 2.248358e+05 5.080e+02 1.66e+05 8.10e+02 1.51e+00
[0006][0006] 2.246812e+05 1.546e+02 9.22e+04 2.43e+03 1.55e+00
[iter][eval] cost actual_cost_change |grad| |TR| MQ
[0000][0000] 2.334995e+05 0.000e+00 2.97e+05 1.00e+01 1.00e+00
[0001][0001] 2.267178e+05 6.782e+03 2.97e+05 1.00e+01 1.51e+00
[0002][0002] 2.262578e+05 4.600e+02 1.16e+05 3.00e+01 8.88e-01
[0003][0003] 2.261001e+05 1.577e+02 2.81e+05 5.62e+01 9.40e-01
[iter][eval] cost actual_cost_change |grad| |TR| MQ
[0000][0000] 2.737809e+05 0.000e+00 1.26e+06 1.00e+01 1.00e+00
[0001][0001] 2.397696e+05 3.401e+04 1.26e+06 1.00e+01 1.46e+00
[0002][0002] 2.290965e+05 1.067e+04 7.57e+05 3.00e+01 1.52e+00
[0003][0003] 2.282890e+05 8.075e+02 1.44e+05 9.00e+01 1.40e+00
[0004][0004] 2.281364e+05 1.526e+02 6.60e+04 2.70e+02 1.46e+00
[iter][eval] cost actual_cost_change |grad| |TR| MQ
[0000][0000] 2.370531e+05 0.000e+00 6.40e+05 1.00e+01 1.00e+00
[0001][0001] 2.270139e+05 1.004e+04 6.40e+05 1.00e+01 1.43e+00
[0002][0002] 2.247824e+05 2.232e+03 2.99e+05 3.00e+01 1.45e+00
[0003][0003] 2.242290e+05 5.534e+02 1.39e+05 9.00e+01 1.47e+00
[0004][0004] 2.240939e+05 1.351e+02 6.36e+04 2.70e+02 1.47e+00
[iter][eval] cost actual_cost_change |grad| |TR| MQ
[0000][0000] 2.731906e+05 0.000e+00 7.35e+05 1.00e+01 1.00e+00
[0001][0001] 2.449010e+05 2.829e+04 7.35e+05 1.00e+01 1.55e+00
[0002][0002] 2.337457e+05 1.116e+04 6.64e+05 3.00e+01 1.64e+00
[0003][0003] 2.331430e+05 6.027e+02 8.30e+04 9.00e+01 1.34e+00
[0004][0004] 2.328975e+05 2.455e+02 1.14e+05 2.70e+02 1.67e+00
[0005][0005] 2.327140e+05 1.834e+02 8.41e+04 8.10e+02 1.81e+00
[iter][eval] cost actual_cost_change |grad| |TR| MQ
[0000][0000] 5.369871e+05 0.000e+00 2.07e+06 1.00e+01 1.00e+00
[0001][0001] 3.911907e+05 1.458e+05 2.07e+06 1.00e+01 1.44e+00
[0002][0002] 3.566803e+05 3.451e+04 1.13e+06 3.00e+01 1.55e+00
[0003][0003] 3.441348e+05 1.255e+04 1.25e+06 9.00e+01 1.40e+00
[0004][0004] 3.407403e+05 3.395e+03 6.63e+05 2.70e+02 1.73e+00
[0005][0005] 3.390646e+05 1.676e+03 6.17e+05 8.10e+02 1.64e+00
[0006][0006] 3.381285e+05 9.361e+02 4.94e+05 2.43e+03 1.70e+00
[0007][0007] 3.374781e+05 6.504e+02 3.56e+05 7.29e+03 2.09e+00
[0008][0008] 3.368415e+05 6.367e+02 4.29e+05 2.19e+04 2.28e+00
[0009][0009] 3.366571e+05 1.843e+02 5.13e+05 6.56e+04 1.77e+00
[iter][eval] cost actual_cost_change |grad| |TR| MQ
[0000][0000] 2.418510e+05 0.000e+00 1.13e+05 1.00e+01 1.00e+00
[0001][0001] 2.309268e+05 1.092e+04 1.13e+05 1.00e+01 1.45e+00
[0002][0002] 2.283936e+05 2.533e+03 1.37e+05 3.00e+01 1.54e+00
[0003][0003] 2.275135e+05 8.800e+02 1.33e+05 9.00e+01 1.67e+00
[0004][0004] 2.270647e+05 4.488e+02 1.17e+05 2.70e+02 1.77e+00
[0005][0005] 2.267978e+05 2.669e+02 9.85e+04 8.10e+02 1.82e+00
[0006][0006] 2.266244e+05 1.734e+02 8.26e+04 2.43e+03 1.86e+00
[iter][eval] cost actual_cost_change |grad| |TR| MQ
[0000][0000] 2.180840e+06 0.000e+00 1.11e+06 1.00e+01 1.00e+00
[0001][0001] 2.170431e+06 1.041e+04 1.11e+06 1.00e+01 1.68e+00
[0002][0002] 2.167759e+06 2.672e+03 6.40e+05 3.00e+01 1.37e+00
[0003][0003] 2.167366e+06 3.925e+02 2.55e+05 9.00e+01 1.40e+00
[0004][0004] 2.167298e+06 6.836e+01 1.16e+05 2.70e+02 1.45e+00
[0005][0005] 2.167282e+06 1.573e+01 6.27e+04 8.10e+02 1.52e+00
[0006][0006] 2.167278e+06 4.563e+00 3.72e+04 2.43e+03 1.56e+00
[0007][0007] 2.167276e+06 1.512e+00 2.28e+04 7.29e+03 1.59e+00
[0008][0008] 2.167276e+06 5.354e-01 1.41e+04 2.19e+04 1.60e+00
[0009][0009] 2.167275e+06 1.955e-01 8.70e+03 6.56e+04 1.61e+00
[0010][0010] 2.167275e+06 7.243e-02 5.37e+03 1.97e+05 1.61e+00
[0011][0011] 2.167275e+06 2.707e-02 3.32e+03 5.90e+05 1.61e+00
[0012][0012] 2.167275e+06 1.015e-02 2.04e+03 1.77e+06 1.61e+00
[0013][0013] 2.167275e+06 3.811e-03 1.26e+03 5.31e+06 1.61e+00
[0014][0014] 2.167275e+06 1.433e-03 7.74e+02 1.59e+07 1.61e+00
[iter][eval] cost actual_cost_change |grad| |TR| MQ
[0000][0000] 2.305000e+06 0.000e+00 8.20e+05 1.00e+01 1.00e+00
[0001][0001] 2.293583e+06 1.142e+04 8.20e+05 1.00e+01 2.20e+00
[0002][0002] 2.283575e+06 1.001e+04 6.99e+05 3.00e+01 1.37e+00
[0003][0003] 2.280915e+06 2.660e+03 3.55e+05 9.00e+01 1.37e+00
[0004][0004] 2.280343e+06 5.722e+02 1.88e+05 2.70e+02 1.40e+00
[0005][0005] 2.280229e+06 1.136e+02 1.03e+05 8.10e+02 1.44e+00
[0006][0006] 2.280202e+06 2.730e+01 5.86e+04 2.43e+03 1.49e+00
[0007][0007] 2.280195e+06 7.472e+00 3.43e+04 7.29e+03 1.54e+00
[0008][0008] 2.280192e+06 2.254e+00 2.02e+04 2.19e+04 1.56e+00
[0009][0009] 2.280192e+06 7.200e-01 1.19e+04 6.56e+04 1.57e+00
[0010][0010] 2.280191e+06 2.374e-01 6.92e+03 1.97e+05 1.58e+00
[0011][0011] 2.280191e+06 7.945e-02 4.03e+03 5.90e+05 1.58e+00
[0012][0012] 2.280191e+06 2.678e-02 2.35e+03 1.77e+06 1.58e+00
[0013][0013] 2.280191e+06 9.135e-03 1.37e+03 5.31e+06 1.60e+00
[0014][0014] 2.280191e+06 3.261e-03 8.12e+02 1.59e+07 1.60e+00
[0015][0015] 2.280191e+06 1.170e-03 4.84e+02 4.78e+07 1.60e+00
✅ Axis saved in SFS format: ../axis_output/Pot_A_Piece_03_Axis.xyz
   Position: [3.245124, -31.911130, 339.209069]
   Direction: [0.930117, 0.366373, 0.025568]
✅ Axis extraction completed successfully
📁 Results saved to: /data/gpfs/projects/punim2657/sfs_preprocessing/axis_output/Pot_A_Piece_03_Axis.txt
🎯 Found 2 axes
Best axis - Direction: [0.930117, 0.366373, 0.025568]
Best axis - Position:  [3.245124, -31.911130, 339.209069]
