
                            < M A T L A B (R) >
                  Copyright 1984-2024 The MathWorks, Inc.
             R2024b Update 3 (24.2.0.2806996) 64-bit (glnxa64)
                             November 26, 2024

 
To get started, type doc.
For product information, visit www.mathworks.com.
 
Starting axis extraction for Pot A, Fragment 4
📐 Resampled surfaces to 13028 points each
[iter][eval] cost actual_cost_change |grad| |TR| MQ
[0000][0000] 1.108576e+05 0.000e+00 8.21e+05 1.00e+01 1.00e+00
[0001][0001] 1.029212e+05 7.936e+03 8.21e+05 1.00e+01 1.37e+00
[0002][0002] 1.019551e+05 9.660e+02 2.98e+05 3.00e+01 1.40e+00
[0003][0003] 1.017986e+05 1.566e+02 1.20e+05 9.00e+01 1.43e+00
[0004][0004] 1.017680e+05 3.061e+01 5.26e+04 2.70e+02 1.47e+00
[iter][eval] cost actual_cost_change |grad| |TR| MQ
[0000][0000] 1.216475e+05 0.000e+00 7.37e+05 1.00e+01 1.00e+00
[0001][0001] 1.075604e+05 1.409e+04 7.37e+05 1.00e+01 1.37e+00
[0002][0002] 1.054766e+05 2.084e+03 3.02e+05 3.00e+01 1.39e+00
[0003][0003] 1.051173e+05 3.592e+02 1.26e+05 9.00e+01 1.44e+00
[0004][0004] 1.050423e+05 7.503e+01 5.48e+04 2.70e+02 1.49e+00
[iter][eval] cost actual_cost_change |grad| |TR| MQ
[0000][0000] 1.166730e+05 0.000e+00 6.29e+05 1.00e+01 1.00e+00
[0001][0001] 1.064052e+05 1.027e+04 6.29e+05 1.00e+01 1.40e+00
[0002][0002] 1.042126e+05 2.193e+03 1.98e+05 3.00e+01 1.51e+00
[0003][0003] 1.034322e+05 7.805e+02 5.49e+04 9.00e+01 1.60e+00
[0004][0004] 1.031018e+05 3.304e+02 2.29e+04 2.70e+02 1.64e+00
[0005][0005] 1.029372e+05 1.645e+02 2.51e+04 8.10e+02 1.63e+00
[0006][0006] 1.028818e+05 5.539e+01 2.30e+04 2.43e+03 1.66e+00
[iter][eval] cost actual_cost_change |grad| |TR| MQ
[0000][0000] 1.200990e+05 0.000e+00 1.01e+06 1.00e+01 1.00e+00
[0001][0001] 1.071947e+05 1.290e+04 1.01e+06 1.00e+01 1.38e+00
[0002][0002] 1.043273e+05 2.867e+03 4.86e+05 3.00e+01 1.37e+00
[0003][0003] 1.034064e+05 9.208e+02 2.40e+05 9.00e+01 1.47e+00
[0004][0004] 1.030628e+05 3.437e+02 1.25e+05 2.70e+02 1.55e+00
[0005][0005] 1.029299e+05 1.329e+02 6.75e+04 8.10e+02 1.59e+00
[0006][0006] 1.028775e+05 5.238e+01 3.79e+04 2.43e+03 1.61e+00
[iter][eval] cost actual_cost_change |grad| |TR| MQ
[0000][0000] 2.828669e+05 0.000e+00 1.97e+06 1.00e+01 1.00e+00
[0001][0001] 2.062561e+05 7.661e+04 1.97e+06 1.00e+01 1.44e+00
[0002][0002] 1.920130e+05 1.424e+04 2.38e+06 3.00e+01 1.42e+00
[0003][0003] 1.888220e+05 3.191e+03 3.30e+05 9.00e+01 1.57e+00
[0004][0004] 1.805503e+05 8.272e+03 1.31e+06 2.70e+02 1.54e+00
[0005][0005] 1.552500e+05 2.530e+04 9.77e+05 8.10e+02 2.08e+00
[0006][0006] 1.289119e+05 2.634e+04 1.08e+06 2.43e+03 1.62e+00
[0007][0007] 1.172150e+05 1.170e+04 6.86e+05 7.29e+03 1.56e+00
[0008][0008] 1.112630e+05 5.952e+03 4.34e+05 2.19e+04 1.84e+00
[0009][0009] 1.043442e+05 6.919e+03 4.04e+05 6.56e+04 1.56e+00
[0010][0010] 1.026116e+05 1.733e+03 2.24e+05 1.97e+05 1.41e+00
[0011][0011] 1.022031e+05 4.085e+02 9.57e+04 5.90e+05 1.70e+00
[0012][0012] 1.019938e+05 2.093e+02 7.64e+04 1.77e+06 1.72e+00
[0013][0013] 1.018829e+05 1.109e+02 5.95e+04 5.31e+06 1.73e+00
[0014][0014] 1.018234e+05 5.950e+01 4.48e+04 1.59e+07 1.73e+00
[iter][eval] cost actual_cost_change |grad| |TR| MQ
[0000][0000] 1.944815e+05 0.000e+00 4.01e+06 1.00e+01 1.00e+00
[0001][0001] 1.634826e+05 3.100e+04 4.01e+06 1.00e+01 1.37e+00
[0002][0002] 1.550174e+05 8.465e+03 1.41e+06 3.00e+01 1.33e+00
[0003][0003] 1.453859e+05 9.632e+03 9.11e+05 9.00e+01 1.81e+00
[0004][0004] 1.428331e+05 2.553e+03 1.21e+06 2.70e+02 1.49e+00
[0005][0005] 1.354354e+05 7.398e+03 1.81e+06 8.10e+02 1.51e+00
[0006][0006] 1.221963e+05 1.324e+04 1.47e+06 2.43e+03 1.55e+00
[0007][0007] 1.132597e+05 8.937e+03 1.21e+06 7.29e+03 1.35e+00
[0008][0008] 1.091462e+05 4.113e+03 5.41e+05 2.19e+04 1.11e+00
[0009][0009] 1.090328e+05 1.134e+02 8.48e+04 6.56e+04 9.92e-01
[0010][0010] 1.090327e+05 1.033e-01 6.71e+03 1.97e+05 1.39e+00
[iter][eval] cost actual_cost_change |grad| |TR| MQ
[0000][0000] 2.287475e+05 0.000e+00 1.07e+06 1.00e+01 1.00e+00
[0001][0001] 1.856067e+05 4.314e+04 1.07e+06 1.00e+01 1.39e+00
[0002][0002] 1.775079e+05 8.099e+03 6.18e+05 3.00e+01 1.60e+00
[0003][0003] 1.709251e+05 6.583e+03 1.49e+06 9.00e+01 1.38e+00
[0004][0004] 1.608252e+05 1.010e+04 8.28e+05 2.70e+02 2.66e+00
[0005][0005] 1.565479e+05 4.277e+03 8.45e+05 8.10e+02 1.94e+00
[0006][0006] 1.524224e+05 4.126e+03 1.40e+06 2.43e+03 1.78e+00
[0007][0007] 1.413596e+05 1.106e+04 1.18e+06 7.29e+03 1.89e+00
[0008][0008] 1.296668e+05 1.169e+04 1.39e+06 2.19e+04 1.29e+00
[0009][0009] 1.151404e+05 1.453e+04 1.29e+06 6.56e+04 1.36e+00
[0010][0010] 1.099991e+05 5.141e+03 5.38e+05 1.97e+05 1.37e+00
[0011][0011] 1.092653e+05 7.338e+02 1.86e+05 5.90e+05 1.20e+00
[0012][0012] 1.091558e+05 1.095e+02 4.20e+04 1.77e+06 1.64e+00
[0013][0013] 1.091025e+05 5.332e+01 3.64e+04 5.31e+06 1.74e+00
[iter][eval] cost actual_cost_change |grad| |TR| MQ
[0000][0000] 1.177578e+05 0.000e+00 1.23e+06 1.00e+01 1.00e+00
[0001][0001] 1.042130e+05 1.354e+04 1.23e+06 1.00e+01 1.39e+00
[0002][0002] 1.021218e+05 2.091e+03 4.85e+05 3.00e+01 1.38e+00
[0003][0003] 1.018277e+05 2.941e+02 1.57e+05 9.00e+01 1.42e+00
[0004][0004] 1.017738e+05 5.384e+01 5.46e+04 2.70e+02 1.45e+00
[iter][eval] cost actual_cost_change |grad| |TR| MQ
[0000][0000] 1.301801e+05 0.000e+00 1.08e+06 1.00e+01 1.00e+00
[0001][0001] 1.100550e+05 2.013e+04 1.08e+06 1.00e+01 1.39e+00
[0002][0002] 1.044075e+05 5.648e+03 7.13e+05 3.00e+01 1.40e+00
[0003][0003] 1.030308e+05 1.377e+03 1.38e+05 9.00e+01 1.58e+00
[0004][0004] 1.024261e+05 6.046e+02 9.81e+04 2.70e+02 1.67e+00
[0005][0005] 1.021032e+05 3.229e+02 8.40e+04 8.10e+02 1.70e+00
[0006][0006] 1.019419e+05 1.613e+02 6.74e+04 2.43e+03 1.73e+00
[0007][0007] 1.018551e+05 8.676e+01 5.21e+04 7.29e+03 1.72e+00
[iter][eval] cost actual_cost_change |grad| |TR| MQ
[0000][0000] 1.228645e+05 0.000e+00 1.06e+06 1.00e+01 1.00e+00
[0001][0001] 1.062844e+05 1.658e+04 1.06e+06 1.00e+01 1.40e+00
[0002][0002] 1.033065e+05 2.978e+03 4.29e+05 3.00e+01 1.36e+00
[0003][0003] 1.029134e+05 3.931e+02 1.49e+05 9.00e+01 1.39e+00
[0004][0004] 1.028546e+05 5.885e+01 5.79e+04 2.70e+02 1.41e+00
[iter][eval] cost actual_cost_change |grad| |TR| MQ
[0000][0000] 1.240643e+06 0.000e+00 2.74e+06 1.00e+01 1.00e+00
[0001][0001] 1.234567e+06 6.077e+03 2.74e+06 1.00e+01 1.52e+00
[0002][0002] 1.234079e+06 4.874e+02 1.53e+06 3.00e+01 8.98e-01
[0003][0003] 1.233697e+06 3.820e+02 7.06e+06 6.03e+01 1.51e+00
[0004][0004] 1.233614e+06 8.275e+01 3.51e+06 1.81e+02 1.15e+00
[0005][0005] 1.233554e+06 6.082e+01 1.64e+06 5.43e+02 1.44e+00
[0006][0006] 1.233523e+06 3.105e+01 9.07e+05 1.63e+03 1.62e+00
[0007][0007] 1.233494e+06 2.886e+01 5.25e+05 4.89e+03 9.66e-01
[0008][0008] 1.233488e+06 5.779e+00 5.55e+04 1.47e+04 1.16e+00
[0009][0009] 1.233487e+06 5.527e-01 5.66e+04 4.40e+04 1.59e+00
[0010][0010] 1.233487e+06 2.207e-01 4.25e+04 1.32e+05 1.63e+00
[0011][0011] 1.233487e+06 9.151e-02 2.80e+04 3.96e+05 1.64e+00
[0012][0012] 1.233487e+06 3.804e-02 1.81e+04 1.19e+06 1.64e+00
[0013][0013] 1.233487e+06 1.582e-02 1.17e+04 3.56e+06 1.64e+00
[0014][0014] 1.233487e+06 6.583e-03 7.57e+03 1.07e+07 1.64e+00
[0015][0015] 1.233487e+06 2.738e-03 4.89e+03 3.21e+07 1.64e+00
[0016][0016] 1.233487e+06 1.138e-03 3.15e+03 9.62e+07 1.64e+00
✅ Axis saved in SFS format: ../axis_output/Pot_A_Piece_04_Axis.xyz
   Position: [105.977118, -60.899323, 95.977300]
   Direction: [-0.541964, 0.296297, 0.786437]
✅ Axis extraction completed successfully
📁 Results saved to: /data/gpfs/projects/punim2657/sfs_preprocessing/axis_output/Pot_A_Piece_04_Axis.txt
🎯 Found 1 axes
Best axis - Direction: [-0.541964, 0.296297, 0.786437]
Best axis - Position:  [105.977118, -60.899323, 95.977300]
