Lmod has detected the following error: The following module(s) are unknown:
"CMake/3.24.3-GCCcore-11.3.0"

Please check the spelling or version number. Also try "module spider ..."
It is also possible your cache file is out-of-date; it may help to try:
  $ module --ignore_cache load "CMake/3.24.3-GCCcore-11.3.0"

Also make sure that all modulefiles written in TCL start with the string
#%Module



Lmod has detected the following error: The following module(s) are unknown:
"Eigen/3.4.0-GCCcore-11.3.0"

Please check the spelling or version number. Also try "module spider ..."
It is also possible your cache file is out-of-date; it may help to try:
  $ module --ignore_cache load "Eigen/3.4.0-GCCcore-11.3.0"

Also make sure that all modulefiles written in TCL start with the string
#%Module



Lmod has detected the following error: The following module(s) are unknown:
"Boost/1.79.0-GCC-11.3.0"

Please check the spelling or version number. Also try "module spider ..."
It is also possible your cache file is out-of-date; it may help to try:
  $ module --ignore_cache load "Boost/1.79.0-GCC-11.3.0"

Also make sure that all modulefiles written in TCL start with the string
#%Module



slurmstepd: error: *** JOB 14425016 ON spartan-bm022 CANCELLED AT 2025-08-17T23:44:25 DUE TO TIME LIMIT ***
