=== NURBS EdgeLine Extraction with Proper Geometric Curvature ===
Job ID: 15209896
Start time: Thu 04 Sep 2025 11:06:49 AEST
Using EdgeLineExtractionHeadless with NURBS surface derivative computation

Running NURBS EdgeLine extraction with proper curvature computation...

EdgeLine extraction completed at: Thu 04 Sep 2025 11:06:50 AEST
=== Generated NURBS Breakline Files with Proper Curvature ===
NURBS Breakline: ./Dataset/SfS_pp/Breaklines_backup_artificial/Pot_A_Piece_05_Breakline_0.pcd
NURBS Breakline: ./Dataset/SfS_pp/Breaklines_backup_artificial/Pot_A_Piece_04_Breakline_0.pcd
NURBS Breakline: ./Dataset/SfS_pp/Breaklines_backup_artificial/Pot_A_Piece_04_Breakline_1.pcd
NURBS Breakline: ./Dataset/SfS_pp/Breaklines_backup_artificial/Pot_A_Piece_01_Breakline_1.pcd
NURBS Breakline: ./Dataset/SfS_pp/Breaklines_backup_artificial/Pot_A_Piece_06_Breakline_0.pcd
NURBS Breakline: ./Dataset/SfS_pp/Breaklines_backup_artificial/Pot_A_Piece_08_Breakline_1.pcd
NURBS Breakline: ./Dataset/SfS_pp/Breaklines_backup_artificial/Pot_A_Piece_07_Breakline_0.pcd
NURBS Breakline: ./Dataset/SfS_pp/Breaklines_backup_artificial/Pot_A_Piece_03_Breakline_1.pcd
NURBS Breakline: ./Dataset/SfS_pp/Breaklines_backup_artificial/Pot_A_Piece_03_Breakline_0.pcd
NURBS Breakline: ./Dataset/SfS_pp/Breaklines_backup_artificial/Pot_A_Piece_02_Breakline_0.pcd
NURBS Breakline: ./Dataset/SfS_pp/Breaklines_backup_artificial/Pot_A_Piece_02_Breakline_1.pcd
NURBS Breakline: ./Dataset/SfS_pp/Breaklines_backup_artificial/Pot_A_Piece_01_Breakline_0.pcd
NURBS Breakline: ./Dataset/SfS_pp/Breaklines_backup_artificial/Pot_A_Piece_07_Breakline_1.pcd
NURBS Breakline: ./Dataset/SfS_pp/Breaklines_backup_artificial/Pot_A_Piece_05_Breakline_1.pcd
NURBS Breakline: ./Dataset/SfS_pp/Breaklines_backup_artificial/Pot_A_Piece_08_Breakline_0.pcd
NURBS Breakline: ./Dataset/SfS_pp/Breaklines_backup_artificial/Pot_A_Piece_06_Breakline_1.pcd
NURBS Breakline: ./Dataset/SfS_pp/Breaklines/Pot_A_Piece_05_Breakline_0.pcd
NURBS Breakline: ./Dataset/SfS_pp/Breaklines/Pot_A_Piece_04_Breakline_0.pcd
NURBS Breakline: ./Dataset/SfS_pp/Breaklines/Pot_A_Piece_04_Breakline_1.pcd
NURBS Breakline: ./Dataset/SfS_pp/Breaklines/Pot_A_Piece_01_Breakline_1.pcd
NURBS Breakline: ./Dataset/SfS_pp/Breaklines/Pot_A_Piece_06_Breakline_0.pcd
NURBS Breakline: ./Dataset/SfS_pp/Breaklines/Pot_A_Piece_08_Breakline_1.pcd
NURBS Breakline: ./Dataset/SfS_pp/Breaklines/Pot_A_Piece_07_Breakline_0.pcd
NURBS Breakline: ./Dataset/SfS_pp/Breaklines/Pot_A_Piece_03_Breakline_1.pcd
NURBS Breakline: ./Dataset/SfS_pp/Breaklines/Pot_A_Piece_03_Breakline_0.pcd
NURBS Breakline: ./Dataset/SfS_pp/Breaklines/Pot_A_Piece_02_Breakline_0.pcd
NURBS Breakline: ./Dataset/SfS_pp/Breaklines/Pot_A_Piece_02_Breakline_1.pcd
NURBS Breakline: ./Dataset/SfS_pp/Breaklines/Pot_A_Piece_01_Breakline_0.pcd
NURBS Breakline: ./Dataset/SfS_pp/Breaklines/Pot_A_Piece_07_Breakline_1.pcd
NURBS Breakline: ./Dataset/SfS_pp/Breaklines/Pot_A_Piece_05_Breakline_1.pcd
NURBS Breakline: ./Dataset/SfS_pp/Breaklines/Pot_A_Piece_08_Breakline_0.pcd
NURBS Breakline: ./Dataset/SfS_pp/Breaklines/Pot_A_Piece_06_Breakline_1.pcd
NURBS Breakline: ./Dataset/Breaklines/Pot_A/Pot_A_Piece_05_Breakline_0.pcd
NURBS Breakline: ./Dataset/Breaklines/Pot_A/Pot_A_Piece_04_Breakline_0.pcd
NURBS Breakline: ./Dataset/Breaklines/Pot_A/Pot_A_Piece_04_Breakline_1.pcd
NURBS Breakline: ./Dataset/Breaklines/Pot_A/Pot_A_Piece_01_Breakline_1.pcd
NURBS Breakline: ./Dataset/Breaklines/Pot_A/Pot_A_Piece_06_Breakline_0.pcd
NURBS Breakline: ./Dataset/Breaklines/Pot_A/Pot_A_Piece_08_Breakline_1.pcd
NURBS Breakline: ./Dataset/Breaklines/Pot_A/Pot_A_Piece_07_Breakline_0.pcd
NURBS Breakline: ./Dataset/Breaklines/Pot_A/Pot_A_Piece_03_Breakline_1.pcd
NURBS Breakline: ./Dataset/Breaklines/Pot_A/Pot_A_Piece_03_Breakline_0.pcd
NURBS Breakline: ./Dataset/Breaklines/Pot_A/Pot_A_Piece_02_Breakline_0.pcd
NURBS Breakline: ./Dataset/Breaklines/Pot_A/Pot_A_Piece_02_Breakline_1.pcd
NURBS Breakline: ./Dataset/Breaklines/Pot_A/Pot_A_Piece_01_Breakline_0.pcd
NURBS Breakline: ./Dataset/Breaklines/Pot_A/Pot_A_Piece_07_Breakline_1.pcd
NURBS Breakline: ./Dataset/Breaklines/Pot_A/Pot_A_Piece_05_Breakline_1.pcd
NURBS Breakline: ./Dataset/Breaklines/Pot_A/Pot_A_Piece_08_Breakline_0.pcd
NURBS Breakline: ./Dataset/Breaklines/Pot_A/Pot_A_Piece_06_Breakline_1.pcd

=== Verifying Proper Curvature Values (should show geometric values, not 2e+26) ===

=== Organizing Results into Dataset Structure ===
Original NURBS surfaces copied to dataset
=== Dataset Organization Complete ===
NURBS dataset with proper curvature available at: /data/gpfs/projects/punim2657/sfs_preprocessing/NURBS_Dataset_20250904_ProperCurvature
=== Job Finished ===
