=== Complete NURBS Pipeline with All Fixes ===
Job ID: 15233276
Start time: Fri 05 Sep 2025 00:42:47 AEST

=== Step 1: MeshPreprocessing A 8 (Fixed Infinite Loop Issue) ===
Copied Point file: Pot_A_Piece_01_Point.pcd
Copied Mesh file: Pot_A_Piece_01_Mesh.obj

Selected file: ../Dataset/Point/Pot_A/Pot_A_Piece_01_Point.pcd
Starting processing on: ../Dataset/Point/Pot_A/Pot_A_Piece_01_Point.pcd
Starting surface segmentation on: ../Temp/Data/Pot_A/Pot_A_Piece_01_SampledWithNormals.ply

Total points: 47349
Number of clusters is equal to 20
Points in 
Cluster 1 : 15273
Cluster 2 : 13630
Cluster 3 : 2070
Cluster 4 : 1886
Cluster 5 : 610
Cluster 6 : 546
Cluster 7 : 418
Cluster 8 : 343
Cluster 9 : 322
Cluster 10 : 270
Cluster 11 : 249
Cluster 12 : 233
Cluster 13 : 202
Cluster 14 : 132
Cluster 15 : 125
Cluster 16 : 102
Cluster 17 : 85
Cluster 18 : 79
Cluster 19 : 62
Cluster 20 : 51
Points in two clusters / Total Points in Pointcloud: 61.04%
Points in two clusters / Total Points in all clusters: 78.78%
Calling mergeClusters function.
mergeClusters function called.
Condition 1 (closest point pairs) passed for clusters 0 and 8
Condition 2 (normal vector similarity) passed for clusters 0 and 8
Condition 3 (boundary curvature similarity) passed for clusters 0 and 8
Verification failed (innerPoint selection) for clusters 0 and 8
Condition 1 (closest point pairs) passed for clusters 0 and 10
Condition 2 (normal vector similarity) passed for clusters 0 and 10
Condition 3 (boundary curvature similarity) passed for clusters 0 and 10
Verification failed (innerPoint selection) for clusters 0 and 10
Condition 1 (closest point pairs) passed for clusters 0 and 12
Condition 2 (normal vector similarity) passed for clusters 0 and 12
Condition 3 (boundary curvature similarity) passed for clusters 0 and 12
Verification failed (innerPoint selection) for clusters 0 and 12
Condition 1 (closest point pairs) passed for clusters 0 and 15
Condition 2 (normal vector similarity) passed for clusters 0 and 15
Condition 3 (boundary curvature similarity) passed for clusters 0 and 15
Verification failed (innerPoint selection) for clusters 0 and 15
Condition 1 (closest point pairs) passed for clusters 1 and 3
Condition 2 (normal vector similarity) passed for clusters 1 and 3
Condition 3 (boundary curvature similarity) passed for clusters 1 and 3
Verification failed (innerPoint selection) for clusters 1 and 3
Condition 1 (closest point pairs) passed for clusters 1 and 19
Condition 2 (normal vector similarity) passed for clusters 1 and 19
Condition 3 (boundary curvature similarity) passed for clusters 1 and 19
Verification failed (innerPoint selection) for clusters 1 and 19
Condition 1 (closest point pairs) passed for clusters 2 and 6
Condition 2 (normal vector similarity) passed for clusters 2 and 6
Condition 3 (boundary curvature similarity) passed for clusters 2 and 6
Verification failed (innerPoint selection) for clusters 2 and 6
Condition 1 (closest point pairs) passed for clusters 2 and 9
Condition 2 (normal vector similarity) passed for clusters 2 and 9
Condition 3 (boundary curvature similarity) passed for clusters 2 and 9
Verification failed (innerPoint selection) for clusters 2 and 9
Condition 1 (closest point pairs) passed for clusters 3 and 16
Condition 2 (normal vector similarity) passed for clusters 3 and 16
Condition 3 (boundary curvature similarity) passed for clusters 3 and 16
Verification failed (innerPoint selection) for clusters 3 and 16
Condition 1 (closest point pairs) passed for clusters 4 and 13
Condition 2 (normal vector similarity) passed for clusters 4 and 13
Condition 3 (boundary curvature similarity) passed for clusters 4 and 13
Verification failed (innerPoint selection) for clusters 4 and 13
Condition 1 (closest point pairs) passed for clusters 6 and 9
Condition 2 (normal vector similarity) passed for clusters 6 and 9
Condition 3 (boundary curvature similarity) passed for clusters 6 and 9
Verification failed (innerPoint selection) for clusters 6 and 9
Condition 1 (closest point pairs) passed for clusters 7 and 11
Condition 2 (normal vector similarity) passed for clusters 7 and 11
Condition 3 (boundary curvature similarity) passed for clusters 7 and 11
Verification failed (innerPoint selection) for clusters 7 and 11
Condition 1 (closest point pairs) passed for clusters 8 and 14
Condition 2 (normal vector similarity) passed for clusters 8 and 14
Condition 3 (boundary curvature similarity) passed for clusters 8 and 14
Verification failed (innerPoint selection) for clusters 8 and 14
Sampled indices: 6748 5067 7792 6056 1261 684 5285 9748 7397 14671 8388 5395 10722 3582 3910 14016 768 4907 1248 12930 7259 8645 12080 14984 11331 11603 1124 2841 9435 5785 
Normals flipped: false
  loading cloudForSpline.pcd
  10000 points in data set
  surface fitting ...
  loading cloudForSpline.pcd
  10000 points in data set
  surface fitting ...
PointCloud representing the Cluster: 4287 data points.
PointCloud representing the Cluster: 2588 data points.
PointCloud representing the Cluster: 2530 data points.
PointCloud representing the Cluster: 673 data points.
PointCloud representing the Cluster: 90 data points.
PointCloud representing the Cluster: 81 data points.
PointCloud representing the Cluster: 71 data points.
Successfully found 20 clusters after 1 iterations.
Ply to XYZ start

Time after processing: 10.63 seconds
Copied Point file: Pot_A_Piece_02_Point.pcd
Copied Mesh file: Pot_A_Piece_02_Mesh.obj

Selected file: ../Dataset/Point/Pot_A/Pot_A_Piece_02_Point.pcd
Starting processing on: ../Dataset/Point/Pot_A/Pot_A_Piece_02_Point.pcd
Starting surface segmentation on: ../Temp/Data/Pot_A/Pot_A_Piece_02_SampledWithNormals.ply

Total points: 28054
Number of clusters is equal to 7
Points in 
Cluster 1 : 12088
Cluster 2 : 10663
Cluster 3 : 797
Cluster 4 : 144
Cluster 5 : 64
Cluster 6 : 52
Cluster 7 : 50
Points in two clusters / Total Points in Pointcloud: 81.1%
Points in two clusters / Total Points in all clusters: 95.36%
Calling mergeClusters function.
mergeClusters function called.
Condition 1 (closest point pairs) passed for clusters 0 and 2
Condition 2 (normal vector similarity) passed for clusters 0 and 2
Condition 3 (boundary curvature similarity) passed for clusters 0 and 2
Verification failed (innerPoint selection) for clusters 0 and 2
Condition 1 (closest point pairs) passed for clusters 1 and 2
Condition 2 (normal vector similarity) passed for clusters 1 and 2
Condition 3 (boundary curvature similarity) passed for clusters 1 and 2
Verification failed (innerPoint selection) for clusters 1 and 2
Condition 1 (closest point pairs) passed for clusters 1 and 3
Condition 2 (normal vector similarity) passed for clusters 1 and 3
Condition 3 (boundary curvature similarity) passed for clusters 1 and 3
Verification failed (innerPoint selection) for clusters 1 and 3
Condition 1 (closest point pairs) passed for clusters 1 and 5
Condition 2 (normal vector similarity) failed for clusters 1 and 5
Condition 1 (closest point pairs) passed for clusters 4 and 5
Condition 2 (normal vector similarity) passed for clusters 4 and 5
Condition 3 (boundary curvature similarity) passed for clusters 4 and 5
Verification failed (innerPoint selection) for clusters 4 and 5
Condition 1 (closest point pairs) passed for clusters 4 and 6
Condition 2 (normal vector similarity) passed for clusters 4 and 6
Condition 3 (boundary curvature similarity) passed for clusters 4 and 6
Verification failed (innerPoint selection) for clusters 4 and 6
Sampled indices: 726 1621 7629 6093 4251 10125 6703 9679 7346 3198 6756 4616 3491 5995 4005 5375 2906 3779 2514 328 8708 4203 6327 8714 8705 1737 11212 2514 792 9642 
Normals flipped: false
  loading cloudForSpline.pcd
  10000 points in data set
  surface fitting ...
  loading cloudForSpline.pcd
  10000 points in data set
  surface fitting ...
PointCloud representing the Cluster: 4111 data points.
Successfully found 7 clusters after 1 iterations.
Ply to XYZ start

Time after processing: 3.25 seconds
Copied Point file: Pot_A_Piece_03_Point.pcd
Copied Mesh file: Pot_A_Piece_03_Mesh.obj

Selected file: ../Dataset/Point/Pot_A/Pot_A_Piece_03_Point.pcd
Starting processing on: ../Dataset/Point/Pot_A/Pot_A_Piece_03_Point.pcd
Starting surface segmentation on: ../Temp/Data/Pot_A/Pot_A_Piece_03_SampledWithNormals.ply

Total points: 21129
Number of clusters is equal to 8
Points in 
Cluster 1 : 8596
Cluster 2 : 7717
Cluster 3 : 378
Cluster 4 : 158
Cluster 5 : 150
Cluster 6 : 103
Cluster 7 : 77
Cluster 8 : 57
Points in two clusters / Total Points in Pointcloud: 77.21%
Points in two clusters / Total Points in all clusters: 94.64%
Calling mergeClusters function.
mergeClusters function called.
Condition 1 (closest point pairs) passed for clusters 0 and 7
Condition 2 (normal vector similarity) passed for clusters 0 and 7
Condition 3 (boundary curvature similarity) passed for clusters 0 and 7
Verification failed (innerPoint selection) for clusters 0 and 7
Condition 1 (closest point pairs) passed for clusters 1 and 5
Condition 2 (normal vector similarity) passed for clusters 1 and 5
Condition 3 (boundary curvature similarity) passed for clusters 1 and 5
Verification failed (innerPoint selection) for clusters 1 and 5
Condition 1 (closest point pairs) passed for clusters 2 and 3
Condition 2 (normal vector similarity) passed for clusters 2 and 3
Condition 3 (boundary curvature similarity) passed for clusters 2 and 3
Verification failed (innerPoint selection) for clusters 2 and 3
Condition 1 (closest point pairs) passed for clusters 2 and 4
Condition 2 (normal vector similarity) passed for clusters 2 and 4
Condition 3 (boundary curvature similarity) passed for clusters 2 and 4
Verification failed (innerPoint selection) for clusters 2 and 4
Condition 1 (closest point pairs) passed for clusters 5 and 7
Condition 2 (normal vector similarity) passed for clusters 5 and 7
Condition 3 (boundary curvature similarity) passed for clusters 5 and 7
Verification failed (innerPoint selection) for clusters 5 and 7
Sampled indices: 7685 1688 5061 6545 2367 6237 8450 7769 6685 6264 7592 6481 8532 8409 1394 3400 5506 2041 2941 6209 657 4451 8241 5203 5950 8300 2165 4114 847 682 
Normals flipped: false
  loading cloudForSpline.pcd
  8596 points in data set
  surface fitting ...
  loading cloudForSpline.pcd
  7717 points in data set
  surface fitting ...
PointCloud representing the Cluster: 3822 data points.
Successfully found 8 clusters after 1 iterations.
Ply to XYZ start

Time after processing: 2.289 seconds
Copied Point file: Pot_A_Piece_04_Point.pcd
Copied Mesh file: Pot_A_Piece_04_Mesh.obj

Selected file: ../Dataset/Point/Pot_A/Pot_A_Piece_04_Point.pcd
Starting processing on: ../Dataset/Point/Pot_A/Pot_A_Piece_04_Point.pcd
Starting surface segmentation on: ../Temp/Data/Pot_A/Pot_A_Piece_04_SampledWithNormals.ply

Total points: 16832
Number of clusters is equal to 9
Points in 
Cluster 1 : 6256
Cluster 2 : 6221
Cluster 3 : 234
Cluster 4 : 213
Cluster 5 : 173
Cluster 6 : 141
Cluster 7 : 141
Cluster 8 : 120
Cluster 9 : 85
Points in two clusters / Total Points in Pointcloud: 74.13%
Points in two clusters / Total Points in all clusters: 91.85%
Calling mergeClusters function.
mergeClusters function called.
Condition 1 (closest point pairs) passed for clusters 0 and 2
Condition 2 (normal vector similarity) passed for clusters 0 and 2
Condition 3 (boundary curvature similarity) passed for clusters 0 and 2
Verification failed (innerPoint selection) for clusters 0 and 2
Condition 1 (closest point pairs) passed for clusters 0 and 5
Condition 2 (normal vector similarity) failed for clusters 0 and 5
Condition 1 (closest point pairs) passed for clusters 0 and 7
Condition 2 (normal vector similarity) passed for clusters 0 and 7
Condition 3 (boundary curvature similarity) passed for clusters 0 and 7
Verification failed (innerPoint selection) for clusters 0 and 7
Condition 1 (closest point pairs) passed for clusters 1 and 2
Condition 2 (normal vector similarity) passed for clusters 1 and 2
Condition 3 (boundary curvature similarity) passed for clusters 1 and 2
Verification failed (innerPoint selection) for clusters 1 and 2
Condition 1 (closest point pairs) passed for clusters 4 and 6
Condition 2 (normal vector similarity) passed for clusters 4 and 6
Condition 3 (boundary curvature similarity) passed for clusters 4 and 6
Verification failed (innerPoint selection) for clusters 4 and 6
Sampled indices: 5194 613 2373 4870 4656 2324 1103 4069 3935 67 1264 249 2498 5123 4011 2754 5040 4036 3946 5298 5574 251 3243 6012 2468 4423 4323 5160 5516 393 
Normals flipped: false
  loading cloudForSpline.pcd
  6256 points in data set
  surface fitting ...
  loading cloudForSpline.pcd
  6221 points in data set
  surface fitting ...
PointCloud representing the Cluster: 3219 data points.
Successfully found 9 clusters after 1 iterations.
Ply to XYZ start

Time after processing: 1.784 seconds
Copied Point file: Pot_A_Piece_05_Point.pcd
Copied Mesh file: Pot_A_Piece_05_Mesh.obj

Selected file: ../Dataset/Point/Pot_A/Pot_A_Piece_05_Point.pcd
Starting processing on: ../Dataset/Point/Pot_A/Pot_A_Piece_05_Point.pcd
Starting surface segmentation on: ../Temp/Data/Pot_A/Pot_A_Piece_05_SampledWithNormals.ply

Total points: 17438
Number of clusters is equal to 6
Points in 
Cluster 1 : 6474
Cluster 2 : 6301
Cluster 3 : 318
Cluster 4 : 292
Cluster 5 : 267
Cluster 6 : 97
Points in two clusters / Total Points in Pointcloud: 73.26%
Points in two clusters / Total Points in all clusters: 92.92%
Calling mergeClusters function.
mergeClusters function called.
Condition 1 (closest point pairs) passed for clusters 0 and 4
Condition 2 (normal vector similarity) passed for clusters 0 and 4
Condition 3 (boundary curvature similarity) passed for clusters 0 and 4
Verification failed (innerPoint selection) for clusters 0 and 4
Condition 1 (closest point pairs) passed for clusters 1 and 2
Condition 2 (normal vector similarity) passed for clusters 1 and 2
Condition 3 (boundary curvature similarity) passed for clusters 1 and 2
Verification failed (innerPoint selection) for clusters 1 and 2
Sampled indices: 4783 1973 2566 4899 4332 691 2689 3921 5598 4734 2911 2001 5041 1706 4332 1975 2803 936 6129 21 58 3996 3772 3645 1120 6322 859 5146 1862 4588 
Normals flipped: false
  loading cloudForSpline.pcd
  6474 points in data set
  surface fitting ...
  loading cloudForSpline.pcd
  6301 points in data set
  surface fitting ...
PointCloud representing the Cluster: 3677 data points.
Successfully found 6 clusters after 1 iterations.
Ply to XYZ start

Time after processing: 1.652 seconds
Copied Point file: Pot_A_Piece_06_Point.pcd
Copied Mesh file: Pot_A_Piece_06_Mesh.obj

Selected file: ../Dataset/Point/Pot_A/Pot_A_Piece_06_Point.pcd
Starting processing on: ../Dataset/Point/Pot_A/Pot_A_Piece_06_Point.pcd
Starting surface segmentation on: ../Temp/Data/Pot_A/Pot_A_Piece_06_SampledWithNormals.ply

Total points: 13846
Number of clusters is equal to 7
Points in 
Cluster 1 : 4962
Cluster 2 : 4908
Cluster 3 : 226
Cluster 4 : 122
Cluster 5 : 98
Cluster 6 : 89
Cluster 7 : 56
Points in two clusters / Total Points in Pointcloud: 71.28%
Points in two clusters / Total Points in all clusters: 94.35%
Calling mergeClusters function.
mergeClusters function called.
Condition 1 (closest point pairs) passed for clusters 0 and 2
Condition 2 (normal vector similarity) passed for clusters 0 and 2
Condition 3 (boundary curvature similarity) passed for clusters 0 and 2
Verification failed (innerPoint selection) for clusters 0 and 2
Condition 1 (closest point pairs) passed for clusters 0 and 3
Condition 2 (normal vector similarity) passed for clusters 0 and 3
Condition 3 (boundary curvature similarity) passed for clusters 0 and 3
Verification failed (innerPoint selection) for clusters 0 and 3
Condition 1 (closest point pairs) passed for clusters 1 and 2
Condition 2 (normal vector similarity) passed for clusters 1 and 2
Condition 3 (boundary curvature similarity) passed for clusters 1 and 2
Verification failed (innerPoint selection) for clusters 1 and 2
Sampled indices: 2013 727 1067 2497 886 4081 1606 550 4380 2618 2908 3936 3927 2385 1301 4894 3291 168 2884 300 3369 1942 560 1637 3614 911 3372 4358 3889 4362 
Normals flipped: false
  loading cloudForSpline.pcd
  4962 points in data set
  surface fitting ...
  loading cloudForSpline.pcd
  4908 points in data set
  surface fitting ...
PointCloud representing the Cluster: 3362 data points.
Successfully found 7 clusters after 1 iterations.
Ply to XYZ start

Time after processing: 1.371 seconds
Copied Point file: Pot_A_Piece_07_Point.pcd
Copied Mesh file: Pot_A_Piece_07_Mesh.obj

Selected file: ../Dataset/Point/Pot_A/Pot_A_Piece_07_Point.pcd
Starting processing on: ../Dataset/Point/Pot_A/Pot_A_Piece_07_Point.pcd
Starting surface segmentation on: ../Temp/Data/Pot_A/Pot_A_Piece_07_SampledWithNormals.ply

Total points: 3767
Number of clusters is equal to 8
Points in 
Cluster 1 : 884
Cluster 2 : 793
Cluster 3 : 78
Cluster 4 : 67
Cluster 5 : 61
Cluster 6 : 58
Cluster 7 : 57
Cluster 8 : 55
Points in two clusters / Total Points in Pointcloud: 44.52%
Points in two clusters / Total Points in all clusters: 81.69%
Calling mergeClusters function.
mergeClusters function called.
Condition 1 (closest point pairs) passed for clusters 2 and 5
Condition 2 (normal vector similarity) passed for clusters 2 and 5
Condition 3 (boundary curvature similarity) passed for clusters 2 and 5
Verification failed (innerPoint selection) for clusters 2 and 5
Condition 1 (closest point pairs) passed for clusters 3 and 7
Condition 2 (normal vector similarity) passed for clusters 3 and 7
Condition 3 (boundary curvature similarity) passed for clusters 3 and 7
Verification failed (innerPoint selection) for clusters 3 and 7
Sampled indices: 866 598 603 184 330 267 636 760 307 37 300 209 336 296 452 115 436 828 840 518 748 468 45 560 498 875 540 319 812 784 
Normals flipped: false
  loading cloudForSpline.pcd
  884 points in data set
  surface fitting ...
  loading cloudForSpline.pcd
  793 points in data set
  surface fitting ...
PointCloud representing the Cluster: 1714 data points.
Successfully found 8 clusters after 1 iterations.
Ply to XYZ start

Time after processing: 0.405 seconds
Copied Point file: Pot_A_Piece_08_Point.pcd
Copied Mesh file: Pot_A_Piece_08_Mesh.obj

Selected file: ../Dataset/Point/Pot_A/Pot_A_Piece_08_Point.pcd
Starting processing on: ../Dataset/Point/Pot_A/Pot_A_Piece_08_Point.pcd
Starting surface segmentation on: ../Temp/Data/Pot_A/Pot_A_Piece_08_SampledWithNormals.ply

Total points: 4053
Number of clusters is equal to 5
Points in 
Cluster 1 : 1167
Cluster 2 : 1138
Cluster 3 : 136
Cluster 4 : 122
Cluster 5 : 55
Points in two clusters / Total Points in Pointcloud: 56.87%
Points in two clusters / Total Points in all clusters: 88.04%
Calling mergeClusters function.
mergeClusters function called.
Condition 1 (closest point pairs) passed for clusters 3 and 4
Condition 2 (normal vector similarity) passed for clusters 3 and 4
Condition 3 (boundary curvature similarity) passed for clusters 3 and 4
Verification failed (innerPoint selection) for clusters 3 and 4
Sampled indices: 32 877 1124 817 288 951 1117 394 272 479 693 472 980 864 1053 1086 1036 587 773 324 1025 12 123 6 15 629 616 735 1165 1160 
Normals flipped: false
  loading cloudForSpline.pcd
  1167 points in data set
  surface fitting ...
  loading cloudForSpline.pcd
  1138 points in data set
  surface fitting ...
PointCloud representing the Cluster: 1434 data points.
Successfully found 5 clusters after 1 iterations.
Ply to XYZ start

Time after processing: 0.4131 seconds
Total time elapsed: 24.57 seconds

=== Step 1 Completed - Checking generated PLY files ===
0
PLY files generated successfully

=== Step 2: EdgeLineExtraction A 8 (Fixed NURBS Curvature Computation) ===
Processing directory: ../Temp/
Surface 0 point cloud file: ../Temp/Data/Pot_A/Pot_A_Piece_01_Surface_0.xyz
Surface 1 point cloud file: ../Temp/Data/Pot_A/Pot_A_Piece_01_Surface_1.xyz
Fragment: ../Temp/Pot_A_Piece_01_Mesh.obj

Cleaning surface point cloud...
Estimating patch normals and breaklines...
Getting the inital boundary...
Initiating uniform sampling and smoothing of breakline segments...
  loading ../Temp/Temp_edge/Pot_A/cloudForSpline.pcd
  10000 points in data set
  surface fitting ...
Surface refinement
Surface fitting with final refinement level
Evaluating points on surface
104
CountClock Wise - Right
Detecting separate line segments...
ted segments = 
Detecting rim...
C1 0.0850143 C2 0.0688547
Mean = 0.0769345
C1 0.0791985 C2 0.0707757
Mean = 0.0749871
C1 0.0749519 C2 0.0509304
Mean = 0.0629412
C1 0.0718787 C2 0.0673048
Mean = 0.0695918
C1 0.072992 C2 0.0538697
Mean = 0.0634308
Axis information is not available.
Getting points on fractured surface...
C1 0.0850551 C2 0.067977
Mean = 0.076516
C1 0.0792484 C2 0.0705854
Mean = 0.0749169
C1 0.0717525 C2 0.0482555
Mean = 0.060004
C1 0.0724094 C2 0.065587
Mean = 0.0689982
C1 0.0731464 C2 0.0531829
Mean = 0.0631647
Fragment: ../Temp/Pot_A_Piece_01_Mesh.obj

Cleaning surface point cloud...
Estimating patch normals and breaklines...
Getting the inital boundary...
Initiating uniform sampling and smoothing of breakline segments...
  loading ../Temp/Temp_edge/Pot_A/cloudForSpline.pcd
  10000 points in data set
  surface fitting ...
Surface refinement
Surface fitting with final refinement level
Evaluating points on surface
-46
Clock Wise - Changing sequence
Detecting separate line segments...
ted segments = 
Detecting rim...
C1 0.0633053 C2 0.0607336
Mean = 0.0620195
C1 0.0712398 C2 0.0691662
Mean = 0.070203
C1 0.0642064 C2 0.0730119
Mean = 0.0686092
C1 0.0602928 C2 0.0563348
Mean = 0.0583138
C1 0.0547329 C2 0.0504287
Mean = 0.0525808
Axis information is not available.
Getting points on fractured surface...
C1 0.0630908 C2 0.0611547
Mean = 0.0621228
C1 0.0686744 C2 0.0721376
Mean = 0.070406
C1 0.0649419 C2 0.0722358
Mean = 0.0685888
C1 0.0588726 C2 0.0565442
Mean = 0.0577084
C1 0.0539622 C2 0.0514979
Mean = 0.05273

Processing time for Pot_A_Piece_01: 6.20692 seconds
Surface 0 point cloud file: ../Temp/Data/Pot_A/Pot_A_Piece_01_Surface_0.xyz
Surface 1 point cloud file: ../Temp/Data/Pot_A/Pot_A_Piece_01_Surface_1.xyz
Fragment: ../Temp/Data/Pot_A/Pot_A_Piece_01_Mesh.obj

Cleaning surface point cloud...
Estimating patch normals and breaklines...
Getting the inital boundary...
Initiating uniform sampling and smoothing of breakline segments...
  loading ../Temp/Temp_edge/Pot_A/cloudForSpline.pcd
  10000 points in data set
  surface fitting ...
Surface refinement
Surface fitting with final refinement level
Evaluating points on surface
104
CountClock Wise - Right
Detecting separate line segments...
ted segments = 
Detecting rim...
C1 0.0850143 C2 0.0688547
Mean = 0.0769345
C1 0.0791985 C2 0.0707757
Mean = 0.0749871
C1 0.0749519 C2 0.0509304
Mean = 0.0629412
C1 0.0718787 C2 0.0673048
Mean = 0.0695918
C1 0.072992 C2 0.0538697
Mean = 0.0634308
Axis information is not available.
Getting points on fractured surface...
C1 0.0850551 C2 0.067977
Mean = 0.076516
C1 0.0792484 C2 0.0705854
Mean = 0.0749169
C1 0.0717525 C2 0.0482555
Mean = 0.060004
C1 0.0724094 C2 0.065587
Mean = 0.0689982
C1 0.0731464 C2 0.0531829
Mean = 0.0631647
Fragment: ../Temp/Data/Pot_A/Pot_A_Piece_01_Mesh.obj

Cleaning surface point cloud...
Estimating patch normals and breaklines...
Getting the inital boundary...
Initiating uniform sampling and smoothing of breakline segments...
  loading ../Temp/Temp_edge/Pot_A/cloudForSpline.pcd
  10000 points in data set
  surface fitting ...
Surface refinement
Surface fitting with final refinement level
Evaluating points on surface
-46
Clock Wise - Changing sequence
Detecting separate line segments...
ted segments = 
Detecting rim...
C1 0.0633053 C2 0.0607336
Mean = 0.0620195
C1 0.0712398 C2 0.0691662
Mean = 0.070203
C1 0.0642064 C2 0.0730119
Mean = 0.0686092
C1 0.0602928 C2 0.0563348
Mean = 0.0583138
C1 0.0547329 C2 0.0504287
Mean = 0.0525808
Axis information is not available.
Getting points on fractured surface...
C1 0.0630908 C2 0.0611547
Mean = 0.0621228
C1 0.0686744 C2 0.0721376
Mean = 0.070406
C1 0.0649419 C2 0.0722358
Mean = 0.0685888
C1 0.0588726 C2 0.0565442
Mean = 0.0577084
C1 0.0539622 C2 0.0514979
Mean = 0.05273

Processing time for Pot_A_Piece_01: 6.20285 seconds
Surface 0 point cloud file: ../Temp/Data/Pot_A/Pot_A_Piece_02_Surface_0.xyz
Surface 1 point cloud file: ../Temp/Data/Pot_A/Pot_A_Piece_02_Surface_1.xyz
Fragment: ../Temp/Pot_A_Piece_02_Mesh.obj

Cleaning surface point cloud...
Estimating patch normals and breaklines...
Getting the inital boundary...
Initiating uniform sampling and smoothing of breakline segments...
  loading ../Temp/Temp_edge/Pot_A/cloudForSpline.pcd
  10000 points in data set
  surface fitting ...
Surface refinement
Surface fitting with final refinement level
Evaluating points on surface
84
CountClock Wise - Right
Detecting separate line segments...
ected segments = 
Detecting rim...
C1 0.137993 C2 0.129235
Mean = 0.133614
C1 0.102233 C2 0.093422
Mean = 0.0978274
C1 0.0662412 C2 0.0569504
Mean = 0.0615958
Axis information is not available.
Getting points on fractured surface...
C1 0.138096 C2 0.129093
Mean = 0.133595
C1 0.101952 C2 0.0946138
Mean = 0.0982829
C1 0.0664755 C2 0.0569927
Mean = 0.0617341
Fragment: ../Temp/Pot_A_Piece_02_Mesh.obj

Cleaning surface point cloud...
Estimating patch normals and breaklines...
Getting the inital boundary...
Initiating uniform sampling and smoothing of breakline segments...
  loading ../Temp/Temp_edge/Pot_A/cloudForSpline.pcd
  10000 points in data set
  surface fitting ...
Surface refinement
Surface fitting with final refinement level
Evaluating points on surface
83
CountClock Wise - Right
Detecting separate line segments...
ected segments = 
Detecting rim...
C1 0.17933 C2 0.169535
Mean = 0.174433
C1 0.0669202 C2 0.0587092
Mean = 0.0628147
C1 0.0715644 C2 0.0695067
Mean = 0.0705355
Axis information is not available.
Getting points on fractured surface...
C1 0.178024 C2 0.168604
Mean = 0.173314
C1 0.0667746 C2 0.0582377
Mean = 0.0625062
C1 0.0757596 C2 0.0704248
Mean = 0.0730922

Processing time for Pot_A_Piece_02: 3.95245 seconds
Surface 0 point cloud file: ../Temp/Data/Pot_A/Pot_A_Piece_02_Surface_0.xyz
Surface 1 point cloud file: ../Temp/Data/Pot_A/Pot_A_Piece_02_Surface_1.xyz
Fragment: ../Temp/Data/Pot_A/Pot_A_Piece_02_Mesh.obj

Cleaning surface point cloud...
Estimating patch normals and breaklines...
Getting the inital boundary...
Initiating uniform sampling and smoothing of breakline segments...
  loading ../Temp/Temp_edge/Pot_A/cloudForSpline.pcd
  10000 points in data set
  surface fitting ...
Surface refinement
Surface fitting with final refinement level
Evaluating points on surface
84
CountClock Wise - Right
Detecting separate line segments...
ected segments = 
Detecting rim...
C1 0.137993 C2 0.129235
Mean = 0.133614
C1 0.102233 C2 0.093422
Mean = 0.0978274
C1 0.0662412 C2 0.0569504
Mean = 0.0615958
Axis information is not available.
Getting points on fractured surface...
C1 0.138096 C2 0.129093
Mean = 0.133595
C1 0.101952 C2 0.0946138
Mean = 0.0982829
C1 0.0664755 C2 0.0569927
Mean = 0.0617341
Fragment: ../Temp/Data/Pot_A/Pot_A_Piece_02_Mesh.obj

Cleaning surface point cloud...
Estimating patch normals and breaklines...
Getting the inital boundary...
Initiating uniform sampling and smoothing of breakline segments...
  loading ../Temp/Temp_edge/Pot_A/cloudForSpline.pcd
  10000 points in data set
  surface fitting ...
Surface refinement
Surface fitting with final refinement level
Evaluating points on surface
83
CountClock Wise - Right
Detecting separate line segments...
ected segments = 
Detecting rim...
C1 0.17933 C2 0.169535
Mean = 0.174433
C1 0.0669202 C2 0.0587092
Mean = 0.0628147
C1 0.0715644 C2 0.0695067
Mean = 0.0705355
Axis information is not available.
Getting points on fractured surface...
C1 0.178024 C2 0.168604
Mean = 0.173314
C1 0.0667746 C2 0.0582377
Mean = 0.0625062
C1 0.0757596 C2 0.0704248
Mean = 0.0730922

Processing time for Pot_A_Piece_02: 3.9965 seconds
Surface 0 point cloud file: ../Temp/Data/Pot_A/Pot_A_Piece_03_Surface_0.xyz
Surface 1 point cloud file: ../Temp/Data/Pot_A/Pot_A_Piece_03_Surface_1.xyz
Fragment: ../Temp/Pot_A_Piece_03_Mesh.obj

Cleaning surface point cloud...
Estimating patch normals and breaklines...
Getting the inital boundary...
Initiating uniform sampling and smoothing of breakline segments...
  loading ../Temp/Temp_edge/Pot_A/cloudForSpline.pcd
  10000 points in data set
  surface fitting ...
Surface refinement
Surface fitting with final refinement level
Evaluating points on surface
78
CountClock Wise - Right
Detecting separate line segments...
cted segments = 
Detecting rim...
C1 0.144612 C2 0.144477
Mean = 0.144544
C1 0.065067 C2 0.0570659
Mean = 0.0610665
C1 0.0679084 C2 0.0623038
Mean = 0.0651061
C1 0.100528 C2 0.11452
Mean = 0.107524
Axis information is not available.
Getting points on fractured surface...
C1 0.144806 C2 0.145015
Mean = 0.14491
C1 0.0661686 C2 0.0577385
Mean = 0.0619536
C1 0.0686819 C2 0.0620299
Mean = 0.0653559
C1 0.0972296 C2 0.113449
Mean = 0.105339
Fragment: ../Temp/Pot_A_Piece_03_Mesh.obj

Cleaning surface point cloud...
Estimating patch normals and breaklines...
Getting the inital boundary...
Initiating uniform sampling and smoothing of breakline segments...
  loading ../Temp/Temp_edge/Pot_A/cloudForSpline.pcd
  10000 points in data set
  surface fitting ...
Surface refinement
Surface fitting with final refinement level
Evaluating points on surface
74
CountClock Wise - Right
Detecting separate line segments...
cted segments = 
Detecting rim...
C1 0.159989 C2 0.151337
Mean = 0.155663
C1 0.0721989 C2 0.0909083
Mean = 0.0815536
C1 0.0682819 C2 0.0635514
Mean = 0.0659166
C1 0.0577625 C2 0.0571341
Mean = 0.0574483
Axis information is not available.
Getting points on fractured surface...
C1 0.160955 C2 0.151557
Mean = 0.156256
C1 0.0744315 C2 0.100137
Mean = 0.0872843
C1 0.0686967 C2 0.0631811
Mean = 0.0659389
C1 0.0598755 C2 0.0569207
Mean = 0.0583981

Processing time for Pot_A_Piece_03: 3.40028 seconds
Surface 0 point cloud file: ../Temp/Data/Pot_A/Pot_A_Piece_03_Surface_0.xyz
Surface 1 point cloud file: ../Temp/Data/Pot_A/Pot_A_Piece_03_Surface_1.xyz
Fragment: ../Temp/Data/Pot_A/Pot_A_Piece_03_Mesh.obj

Cleaning surface point cloud...
Estimating patch normals and breaklines...
Getting the inital boundary...
Initiating uniform sampling and smoothing of breakline segments...
  loading ../Temp/Temp_edge/Pot_A/cloudForSpline.pcd
  10000 points in data set
  surface fitting ...
Surface refinement
Surface fitting with final refinement level
Evaluating points on surface
78
CountClock Wise - Right
Detecting separate line segments...
cted segments = 
Detecting rim...
C1 0.144612 C2 0.144477
Mean = 0.144544
C1 0.065067 C2 0.0570659
Mean = 0.0610665
C1 0.0679084 C2 0.0623038
Mean = 0.0651061
C1 0.100528 C2 0.11452
Mean = 0.107524
Axis information is not available.
Getting points on fractured surface...
C1 0.144806 C2 0.145015
Mean = 0.14491
C1 0.0661686 C2 0.0577385
Mean = 0.0619536
C1 0.0686819 C2 0.0620299
Mean = 0.0653559
C1 0.0972296 C2 0.113449
Mean = 0.105339
Fragment: ../Temp/Data/Pot_A/Pot_A_Piece_03_Mesh.obj

Cleaning surface point cloud...
Estimating patch normals and breaklines...
Getting the inital boundary...
Initiating uniform sampling and smoothing of breakline segments...
  loading ../Temp/Temp_edge/Pot_A/cloudForSpline.pcd
  10000 points in data set
  surface fitting ...
Surface refinement
Surface fitting with final refinement level
Evaluating points on surface
74
CountClock Wise - Right
Detecting separate line segments...
cted segments = 
Detecting rim...
C1 0.159989 C2 0.151337
Mean = 0.155663
C1 0.0721989 C2 0.0909083
Mean = 0.0815536
C1 0.0682819 C2 0.0635514
Mean = 0.0659166
C1 0.0577625 C2 0.0571341
Mean = 0.0574483
Axis information is not available.
Getting points on fractured surface...
C1 0.160955 C2 0.151557
Mean = 0.156256
C1 0.0744315 C2 0.100137
Mean = 0.0872843
C1 0.0686967 C2 0.0631811
Mean = 0.0659389
C1 0.0598755 C2 0.0569207
Mean = 0.0583981

Processing time for Pot_A_Piece_03: 3.38183 seconds
Surface 0 point cloud file: ../Temp/Data/Pot_A/Pot_A_Piece_04_Surface_0.xyz
Surface 1 point cloud file: ../Temp/Data/Pot_A/Pot_A_Piece_04_Surface_1.xyz
Fragment: ../Temp/Pot_A_Piece_04_Mesh.obj

Cleaning surface point cloud...
Estimating patch normals and breaklines...
Getting the inital boundary...
Initiating uniform sampling and smoothing of breakline segments...
  loading ../Temp/Temp_edge/Pot_A/cloudForSpline.pcd
  10000 points in data set
  surface fitting ...
Surface refinement
Surface fitting with final refinement level
Evaluating points on surface
-75
Clock Wise - Changing sequence
Detecting separate line segments...
cted segments = 
Detecting rim...
C1 0.0717124 C2 0.0598241
Mean = 0.0657682
C1 0.0413661 C2 0.043497
Mean = 0.0424316
C1 0.147996 C2 0.154633
Mean = 0.151314
C1 0.0646377 C2 0.0593313
Mean = 0.0619845
Axis information is not available.
Getting points on fractured surface...
C1 0.0712931 C2 0.0594716
Mean = 0.0653823
C1 0.0426054 C2 0.0448655
Mean = 0.0437355
C1 0.150285 C2 0.155953
Mean = 0.153119
C1 0.0662415 C2 0.0608705
Mean = 0.063556
Fragment: ../Temp/Pot_A_Piece_04_Mesh.obj

Cleaning surface point cloud...
Estimating patch normals and breaklines...
Getting the inital boundary...
Initiating uniform sampling and smoothing of breakline segments...
  loading ../Temp/Temp_edge/Pot_A/cloudForSpline.pcd
  10000 points in data set
  surface fitting ...
Surface refinement
Surface fitting with final refinement level
Evaluating points on surface
-78
Clock Wise - Changing sequence
Detecting separate line segments...
cted segments = 
Detecting rim...
C1 0.0684913 C2 0.0628713
Mean = 0.0656813
C1 0.120292 C2 0.119954
Mean = 0.120123
C1 0.0637496 C2 0.0557111
Mean = 0.0597303
C1 0.0704957 C2 0.0596702
Mean = 0.065083
Axis information is not available.
Getting points on fractured surface...
C1 0.0699225 C2 0.0623094
Mean = 0.0661159
C1 0.119883 C2 0.120514
Mean = 0.120199
C1 0.0661146 C2 0.0544025
Mean = 0.0602585
C1 0.0702776 C2 0.059361
Mean = 0.0648193

Processing time for Pot_A_Piece_04: 2.85367 seconds
Surface 0 point cloud file: ../Temp/Data/Pot_A/Pot_A_Piece_04_Surface_0.xyz
Surface 1 point cloud file: ../Temp/Data/Pot_A/Pot_A_Piece_04_Surface_1.xyz
Fragment: ../Temp/Data/Pot_A/Pot_A_Piece_04_Mesh.obj

Cleaning surface point cloud...
Estimating patch normals and breaklines...
Getting the inital boundary...
Initiating uniform sampling and smoothing of breakline segments...
  loading ../Temp/Temp_edge/Pot_A/cloudForSpline.pcd
  10000 points in data set
  surface fitting ...
Surface refinement
Surface fitting with final refinement level
Evaluating points on surface
-75
Clock Wise - Changing sequence
Detecting separate line segments...
cted segments = 
Detecting rim...
C1 0.0717124 C2 0.0598241
Mean = 0.0657682
C1 0.0413661 C2 0.043497
Mean = 0.0424316
C1 0.147996 C2 0.154633
Mean = 0.151314
C1 0.0646377 C2 0.0593313
Mean = 0.0619845
Axis information is not available.
Getting points on fractured surface...
C1 0.0712931 C2 0.0594716
Mean = 0.0653823
C1 0.0426054 C2 0.0448655
Mean = 0.0437355
C1 0.150285 C2 0.155953
Mean = 0.153119
C1 0.0662415 C2 0.0608705
Mean = 0.063556
Fragment: ../Temp/Data/Pot_A/Pot_A_Piece_04_Mesh.obj

Cleaning surface point cloud...
Estimating patch normals and breaklines...
Getting the inital boundary...
Initiating uniform sampling and smoothing of breakline segments...
  loading ../Temp/Temp_edge/Pot_A/cloudForSpline.pcd
  10000 points in data set
  surface fitting ...
Surface refinement
Surface fitting with final refinement level
Evaluating points on surface
-78
Clock Wise - Changing sequence
Detecting separate line segments...
cted segments = 
Detecting rim...
C1 0.0684913 C2 0.0628713
Mean = 0.0656813
C1 0.120292 C2 0.119954
Mean = 0.120123
C1 0.0637496 C2 0.0557111
Mean = 0.0597303
C1 0.0704957 C2 0.0596702
Mean = 0.065083
Axis information is not available.
Getting points on fractured surface...
C1 0.0699225 C2 0.0623094
Mean = 0.0661159
C1 0.119883 C2 0.120514
Mean = 0.120199
C1 0.0661146 C2 0.0544025
Mean = 0.0602585
C1 0.0702776 C2 0.059361
Mean = 0.0648193

Processing time for Pot_A_Piece_04: 2.85311 seconds
Surface 0 point cloud file: ../Temp/Data/Pot_A/Pot_A_Piece_05_Surface_0.xyz
Surface 1 point cloud file: ../Temp/Data/Pot_A/Pot_A_Piece_05_Surface_1.xyz
Fragment: ../Temp/Pot_A_Piece_05_Mesh.obj

Cleaning surface point cloud...
Estimating patch normals and breaklines...
Getting the inital boundary...
Initiating uniform sampling and smoothing of breakline segments...
  loading ../Temp/Temp_edge/Pot_A/cloudForSpline.pcd
  10000 points in data set
  surface fitting ...
Surface refinement
Surface fitting with final refinement level
Evaluating points on surface
74
CountClock Wise - Right
Detecting separate line segments...
cted segments = 
Detecting rim...
C1 0.147219 C2 0.131271
Mean = 0.139245
C1 0.0685142 C2 0.0688096
Mean = 0.0686619
C1 0.0847262 C2 0.0773957
Mean = 0.0810609
C1 0.0602429 C2 0.0591613
Mean = 0.0597021
Axis information is not available.
Getting points on fractured surface...
C1 0.147116 C2 0.131004
Mean = 0.13906
C1 0.0694226 C2 0.0713401
Mean = 0.0703814
C1 0.0851555 C2 0.0763233
Mean = 0.0807394
C1 0.0608927 C2 0.0592506
Mean = 0.0600717
Fragment: ../Temp/Pot_A_Piece_05_Mesh.obj

Cleaning surface point cloud...
Estimating patch normals and breaklines...
Getting the inital boundary...
Initiating uniform sampling and smoothing of breakline segments...
  loading ../Temp/Temp_edge/Pot_A/cloudForSpline.pcd
  10000 points in data set
  surface fitting ...
Surface refinement
Surface fitting with final refinement level
Evaluating points on surface
-74
Clock Wise - Changing sequence
Detecting separate line segments...
cted segments = 
Detecting rim...
C1 0.050654 C2 0.0548942
Mean = 0.0527741
C1 0.136441 C2 0.125895
Mean = 0.131168
C1 0.0694437 C2 0.0524966
Mean = 0.0609701
C1 0.066789 C2 0.0520148
Mean = 0.0594019
Axis information is not available.
Getting points on fractured surface...
C1 0.051905 C2 0.0550272
Mean = 0.0534661
C1 0.134889 C2 0.124731
Mean = 0.12981
C1 0.0694863 C2 0.0524718
Mean = 0.060979
C1 0.0687678 C2 0.0521135
Mean = 0.0604407

Processing time for Pot_A_Piece_05: 2.88535 seconds
Surface 0 point cloud file: ../Temp/Data/Pot_A/Pot_A_Piece_05_Surface_0.xyz
Surface 1 point cloud file: ../Temp/Data/Pot_A/Pot_A_Piece_05_Surface_1.xyz
Fragment: ../Temp/Data/Pot_A/Pot_A_Piece_05_Mesh.obj

Cleaning surface point cloud...
Estimating patch normals and breaklines...
Getting the inital boundary...
Initiating uniform sampling and smoothing of breakline segments...
  loading ../Temp/Temp_edge/Pot_A/cloudForSpline.pcd
  10000 points in data set
  surface fitting ...
Surface refinement
Surface fitting with final refinement level
Evaluating points on surface
74
CountClock Wise - Right
Detecting separate line segments...
cted segments = 
Detecting rim...
C1 0.147219 C2 0.131271
Mean = 0.139245
C1 0.0685142 C2 0.0688096
Mean = 0.0686619
C1 0.0847262 C2 0.0773957
Mean = 0.0810609
C1 0.0602429 C2 0.0591613
Mean = 0.0597021
Axis information is not available.
Getting points on fractured surface...
C1 0.147116 C2 0.131004
Mean = 0.13906
C1 0.0694226 C2 0.0713401
Mean = 0.0703814
C1 0.0851555 C2 0.0763233
Mean = 0.0807394
C1 0.0608927 C2 0.0592506
Mean = 0.0600717
Fragment: ../Temp/Data/Pot_A/Pot_A_Piece_05_Mesh.obj

Cleaning surface point cloud...
Estimating patch normals and breaklines...
Getting the inital boundary...
Initiating uniform sampling and smoothing of breakline segments...
  loading ../Temp/Temp_edge/Pot_A/cloudForSpline.pcd
  10000 points in data set
  surface fitting ...
Surface refinement
Surface fitting with final refinement level
Evaluating points on surface
-74
Clock Wise - Changing sequence
Detecting separate line segments...
cted segments = 
Detecting rim...
C1 0.050654 C2 0.0548942
Mean = 0.0527741
C1 0.136441 C2 0.125895
Mean = 0.131168
C1 0.0694437 C2 0.0524966
Mean = 0.0609701
C1 0.066789 C2 0.0520148
Mean = 0.0594019
Axis information is not available.
Getting points on fractured surface...
C1 0.051905 C2 0.0550272
Mean = 0.0534661
C1 0.134889 C2 0.124731
Mean = 0.12981
C1 0.0694863 C2 0.0524718
Mean = 0.060979
C1 0.0687678 C2 0.0521135
Mean = 0.0604407

Processing time for Pot_A_Piece_05: 2.91735 seconds
Surface 0 point cloud file: ../Temp/Data/Pot_A/Pot_A_Piece_06_Surface_0.xyz
Surface 1 point cloud file: ../Temp/Data/Pot_A/Pot_A_Piece_06_Surface_1.xyz
Fragment: ../Temp/Pot_A_Piece_06_Mesh.obj

Cleaning surface point cloud...
Estimating patch normals and breaklines...
Getting the inital boundary...
Initiating uniform sampling and smoothing of breakline segments...
  loading ../Temp/Temp_edge/Pot_A/cloudForSpline.pcd
  10000 points in data set
  surface fitting ...
Surface refinement
Surface fitting with final refinement level
Evaluating points on surface
73
CountClock Wise - Right
Detecting separate line segments...
tected segments = 
Detecting rim...
C1 0.0733901 C2 0.0719748
Mean = 0.0726825
C1 0.18785 C2 0.183361
Mean = 0.185606
Axis information is not available.
Getting points on fractured surface...
C1 0.0732929 C2 0.0717927
Mean = 0.0725428
C1 0.188546 C2 0.182962
Mean = 0.185754
Fragment: ../Temp/Pot_A_Piece_06_Mesh.obj

Cleaning surface point cloud...
Estimating patch normals and breaklines...
Getting the inital boundary...
Initiating uniform sampling and smoothing of breakline segments...
  loading ../Temp/Temp_edge/Pot_A/cloudForSpline.pcd
  10000 points in data set
  surface fitting ...
Surface refinement
Surface fitting with final refinement level
Evaluating points on surface
-75
Clock Wise - Changing sequence
Detecting separate line segments...
tected segments = 
Detecting rim...
C1 0.0764219 C2 0.0750105
Mean = 0.0757162
C1 0.128899 C2 0.134466
Mean = 0.131683
Axis information is not available.
Getting points on fractured surface...
C1 0.0762125 C2 0.0744813
Mean = 0.0753469
C1 0.128535 C2 0.135158
Mean = 0.131846

Processing time for Pot_A_Piece_06: 2.24725 seconds
Surface 0 point cloud file: ../Temp/Data/Pot_A/Pot_A_Piece_06_Surface_0.xyz
Surface 1 point cloud file: ../Temp/Data/Pot_A/Pot_A_Piece_06_Surface_1.xyz
Fragment: ../Temp/Data/Pot_A/Pot_A_Piece_06_Mesh.obj

Cleaning surface point cloud...
Estimating patch normals and breaklines...
Getting the inital boundary...
Initiating uniform sampling and smoothing of breakline segments...
  loading ../Temp/Temp_edge/Pot_A/cloudForSpline.pcd
  10000 points in data set
  surface fitting ...
Surface refinement
Surface fitting with final refinement level
Evaluating points on surface
73
CountClock Wise - Right
Detecting separate line segments...
tected segments = 
Detecting rim...
C1 0.0733901 C2 0.0719748
Mean = 0.0726825
C1 0.18785 C2 0.183361
Mean = 0.185606
Axis information is not available.
Getting points on fractured surface...
C1 0.0732929 C2 0.0717927
Mean = 0.0725428
C1 0.188546 C2 0.182962
Mean = 0.185754
Fragment: ../Temp/Data/Pot_A/Pot_A_Piece_06_Mesh.obj

Cleaning surface point cloud...
Estimating patch normals and breaklines...
Getting the inital boundary...
Initiating uniform sampling and smoothing of breakline segments...
  loading ../Temp/Temp_edge/Pot_A/cloudForSpline.pcd
  10000 points in data set
  surface fitting ...
Surface refinement
Surface fitting with final refinement level
Evaluating points on surface
-75
Clock Wise - Changing sequence
Detecting separate line segments...
tected segments = 
Detecting rim...
C1 0.0764219 C2 0.0750105
Mean = 0.0757162
C1 0.128899 C2 0.134466
Mean = 0.131683
Axis information is not available.
Getting points on fractured surface...
C1 0.0762125 C2 0.0744813
Mean = 0.0753469
C1 0.128535 C2 0.135158
Mean = 0.131846

Processing time for Pot_A_Piece_06: 2.22476 seconds
Surface 0 point cloud file: ../Temp/Data/Pot_A/Pot_A_Piece_07_Surface_0.xyz
Surface 1 point cloud file: ../Temp/Data/Pot_A/Pot_A_Piece_07_Surface_1.xyz
Fragment: ../Temp/Pot_A_Piece_07_Mesh.obj

Cleaning surface point cloud...
Estimating patch normals and breaklines...
Getting the inital boundary...
Initiating uniform sampling and smoothing of breakline segments...
  loading ../Temp/Temp_edge/Pot_A/cloudForSpline.pcd
  2079 points in data set
  surface fitting ...
Surface refinement
Surface fitting with final refinement level
Evaluating points on surface
25
CountClock Wise - Right
Detecting separate line segments...
ected segments = 
Detecting rim...
C1 0.061436 C2 0.0647954
Mean = 0.0631157
C1 0.0604678 C2 0.0777234
Mean = 0.0690956
C1 0.0721648 C2 0.0615648
Mean = 0.0668648
Axis information is not available.
Getting points on fractured surface...
C1 0.0677377 C2 0.0655746
Mean = 0.0666562
C1 0.0606394 C2 0.0785746
Mean = 0.069607
C1 0.0720994 C2 0.0605923
Mean = 0.0663458
Fragment: ../Temp/Pot_A_Piece_07_Mesh.obj

Cleaning surface point cloud...
Estimating patch normals and breaklines...
Getting the inital boundary...
Initiating uniform sampling and smoothing of breakline segments...
  loading ../Temp/Temp_edge/Pot_A/cloudForSpline.pcd
  1813 points in data set
  surface fitting ...
Surface refinement
Surface fitting with final refinement level
Evaluating points on surface
33
CountClock Wise - Right
Detecting separate line segments...
ected segments = 
Detecting rim...
C1 0.0624305 C2 0.0605989
Mean = 0.0615147
C1 0.0826509 C2 0.0957986
Mean = 0.0892247
C1 0.0498664 C2 0.0489208
Mean = 0.0493936
Axis information is not available.
Getting points on fractured surface...
C1 0.0664813 C2 0.0596786
Mean = 0.0630799
C1 0.082406 C2 0.0941146
Mean = 0.0882603
C1 0.0496316 C2 0.0481101
Mean = 0.0488708

Processing time for Pot_A_Piece_07: 0.93873 seconds
Surface 0 point cloud file: ../Temp/Data/Pot_A/Pot_A_Piece_07_Surface_0.xyz
Surface 1 point cloud file: ../Temp/Data/Pot_A/Pot_A_Piece_07_Surface_1.xyz
Fragment: ../Temp/Data/Pot_A/Pot_A_Piece_07_Mesh.obj

Cleaning surface point cloud...
Estimating patch normals and breaklines...
Getting the inital boundary...
Initiating uniform sampling and smoothing of breakline segments...
  loading ../Temp/Temp_edge/Pot_A/cloudForSpline.pcd
  2079 points in data set
  surface fitting ...
Surface refinement
Surface fitting with final refinement level
Evaluating points on surface
25
CountClock Wise - Right
Detecting separate line segments...
ected segments = 
Detecting rim...
C1 0.061436 C2 0.0647954
Mean = 0.0631157
C1 0.0604678 C2 0.0777234
Mean = 0.0690956
C1 0.0721648 C2 0.0615648
Mean = 0.0668648
Axis information is not available.
Getting points on fractured surface...
C1 0.0677377 C2 0.0655746
Mean = 0.0666562
C1 0.0606394 C2 0.0785746
Mean = 0.069607
C1 0.0720994 C2 0.0605923
Mean = 0.0663458
Fragment: ../Temp/Data/Pot_A/Pot_A_Piece_07_Mesh.obj

Cleaning surface point cloud...
Estimating patch normals and breaklines...
Getting the inital boundary...
Initiating uniform sampling and smoothing of breakline segments...
  loading ../Temp/Temp_edge/Pot_A/cloudForSpline.pcd
  1813 points in data set
  surface fitting ...
Surface refinement
Surface fitting with final refinement level
Evaluating points on surface
33
CountClock Wise - Right
Detecting separate line segments...
ected segments = 
Detecting rim...
C1 0.0624305 C2 0.0605989
Mean = 0.0615147
C1 0.0826509 C2 0.0957986
Mean = 0.0892247
C1 0.0498664 C2 0.0489208
Mean = 0.0493936
Axis information is not available.
Getting points on fractured surface...
C1 0.0664813 C2 0.0596786
Mean = 0.0630799
C1 0.082406 C2 0.0941146
Mean = 0.0882603
C1 0.0496316 C2 0.0481101
Mean = 0.0488708

Processing time for Pot_A_Piece_07: 0.9287 seconds
Surface 0 point cloud file: ../Temp/Data/Pot_A/Pot_A_Piece_08_Surface_0.xyz
Surface 1 point cloud file: ../Temp/Data/Pot_A/Pot_A_Piece_08_Surface_1.xyz
Fragment: ../Temp/Pot_A_Piece_08_Mesh.obj

Cleaning surface point cloud...
Estimating patch normals and breaklines...
Getting the inital boundary...
Initiating uniform sampling and smoothing of breakline segments...
  loading ../Temp/Temp_edge/Pot_A/cloudForSpline.pcd
  2578 points in data set
  surface fitting ...
Surface refinement
Surface fitting with final refinement level
Evaluating points on surface
26
CountClock Wise - Right
Detecting separate line segments...
ected segments = 
Detecting rim...
C1 0.168093 C2 0.136903
Mean = 0.152498
C1 0.0531462 C2 0.0548897
Mean = 0.0540179
C1 0.0753493 C2 0.0599627
Mean = 0.067656
Axis information is not available.
Getting points on fractured surface...
C1 0.17281 C2 0.138169
Mean = 0.15549
C1 0.0517087 C2 0.0557539
Mean = 0.0537313
C1 0.0746769 C2 0.0618956
Mean = 0.0682862
Fragment: ../Temp/Pot_A_Piece_08_Mesh.obj

Cleaning surface point cloud...
Estimating patch normals and breaklines...
Getting the inital boundary...
Initiating uniform sampling and smoothing of breakline segments...
  loading ../Temp/Temp_edge/Pot_A/cloudForSpline.pcd
  2550 points in data set
  surface fitting ...
Surface refinement
Surface fitting with final refinement level
Evaluating points on surface
-32
Clock Wise - Changing sequence
Detecting separate line segments...
ected segments = 
Detecting rim...
C1 0.0590357 C2 0.0589695
Mean = 0.0590026
C1 0.0599743 C2 0.0603891
Mean = 0.0601817
C1 0.135998 C2 0.132984
Mean = 0.134491
Axis information is not available.
Getting points on fractured surface...
C1 0.0604725 C2 0.0584921
Mean = 0.0594823
C1 0.0624468 C2 0.0617759
Mean = 0.0621114
C1 0.137291 C2 0.131067
Mean = 0.134179

Processing time for Pot_A_Piece_08: 1.02802 seconds
Surface 0 point cloud file: ../Temp/Data/Pot_A/Pot_A_Piece_08_Surface_0.xyz
Surface 1 point cloud file: ../Temp/Data/Pot_A/Pot_A_Piece_08_Surface_1.xyz
Fragment: ../Temp/Data/Pot_A/Pot_A_Piece_08_Mesh.obj

Cleaning surface point cloud...
Estimating patch normals and breaklines...
Getting the inital boundary...
Initiating uniform sampling and smoothing of breakline segments...
  loading ../Temp/Temp_edge/Pot_A/cloudForSpline.pcd
  2578 points in data set
  surface fitting ...
Surface refinement
Surface fitting with final refinement level
Evaluating points on surface
26
CountClock Wise - Right
Detecting separate line segments...
ected segments = 
Detecting rim...
C1 0.168093 C2 0.136903
Mean = 0.152498
C1 0.0531462 C2 0.0548897
Mean = 0.0540179
C1 0.0753493 C2 0.0599627
Mean = 0.067656
Axis information is not available.
Getting points on fractured surface...
C1 0.17281 C2 0.138169
Mean = 0.15549
C1 0.0517087 C2 0.0557539
Mean = 0.0537313
C1 0.0746769 C2 0.0618956
Mean = 0.0682862
Fragment: ../Temp/Data/Pot_A/Pot_A_Piece_08_Mesh.obj

Cleaning surface point cloud...
Estimating patch normals and breaklines...
Getting the inital boundary...
Initiating uniform sampling and smoothing of breakline segments...
  loading ../Temp/Temp_edge/Pot_A/cloudForSpline.pcd
  2550 points in data set
  surface fitting ...
Surface refinement
Surface fitting with final refinement level
Evaluating points on surface
-32
Clock Wise - Changing sequence
Detecting separate line segments...
ected segments = 
Detecting rim...
C1 0.0590357 C2 0.0589695
Mean = 0.0590026
C1 0.0599743 C2 0.0603891
Mean = 0.0601817
C1 0.135998 C2 0.132984
Mean = 0.134491
Axis information is not available.
Getting points on fractured surface...
C1 0.0604725 C2 0.0584921
Mean = 0.0594823
C1 0.0624468 C2 0.0617759
Mean = 0.0621114
C1 0.137291 C2 0.131067
Mean = 0.134179

Processing time for Pot_A_Piece_08: 1.02091 seconds
Total processing time: 47.0391 seconds

=== Complete Pipeline Finished at: Fri 05 Sep 2025 00:43:59 AEST ===
=== Verification: Fixed Curvature Values ===
Sample curvature values from: /data/gpfs/projects/punim2657/sfs_preprocessing/original_nurbs_preprocessing/Dataset/Breaklines/Pot_A/Pot_A_Piece_05_Breakline_0.pcd
First 3 breakline points:
  Point: 35.618 -23.987 389.410 | Curvature: 6.125888e-37
  Point: 36.062 -22.610 388.339 | Curvature: 6.125888e-37
  Point: 35.466 -23.913 389.429 | Curvature: 6.125888e-37
Curvature value range check:
  Min: 6.125888e-37, Max: 6.125888e-37, Average: 6.125888e-37, Count: 103
  ✓ CURVATURE FIX VERIFIED: No massive corrupted values
=== Generated Dataset Summary ===
Breakline files:
18
Surface files:
32
=== ✅ NURBS Pipeline Complete with All Fixes ===
✅ Infinite Loop Issue: FIXED
✅ NURBS Curvature Computation: FIXED
✅ Dataset Ready for SFS Reconstruction
