==========================================
  NURBS PREPROCESSING - COMPLETE DATASET
  WITH ALL FIXES APPLIED
==========================================
Job ID: 18670344
Node: spartan-bm176
Start time: Sun 16 Nov 2025 03:56:59 AEDT

=== Cleaning old outputs ===
✓ Cleaned all output directories

=== Verifying input files ===
❌ ERROR: Input files missing!
   Surface files: 0 (expected: 8)
   Mesh files: 8 (expected: 8)

Copying from NURBS_Dataset_20251103...
✓ Input files copied successfully
✓ Surface files: 8
✓ Mesh files: 8

==========================================
  STEP 1: EDGELINE/BREAKLINE EXTRACTION
==========================================
Container: pcl_191_nurbs.sif
Executable: build_new/EdgeLineExtractionHeadless
Processing: All Pot_A pieces (01-08)

Applied Fixes:
  ✅ Fix #1: Fixed peak detection (divisor=5)
  ✅ Fix #2: Adaptive radius formula (400mm²)
  ✅ Fix #3: Fracture surface generation
  ✅ Fix #4: Empty point cloud handling
  ✅ Fix #5: Cross-filesystem compatibility
  ✅ Fix #6: Debug logging optimization

INFO:    gocryptfs not found, will not be able to use gocryptfs
Processing directory: Temp/
Surface 0 point cloud file: Temp/Data/Pot_A/Pot_A_Piece_01_Surface_0.xyz
Surface 1 point cloud file: Temp/Data/Pot_A/Pot_A_Piece_01_Surface_1.xyz
Error occurred: filesystem error: cannot copy file: No such file or directory [Temp/Data/Pot_A/Pot_A_Piece_01_Surface_0.xyz] [Dataset/Surfaces/Pot_A/Pot_A_Piece_01_Surface_0.xyz]
Time until error: 0.00626596 seconds

Edgeline extraction completed in 1 seconds

==========================================
  STEP 2: AXIS EXTRACTION (MATLAB POTSAC)
==========================================
Loading MATLAB module...
Running PotSAC axis extraction on NURBS surfaces...
Opening log file:  /home/zhuojiat/java.log.45911
=== NURBS AXIS EXTRACTION FOR ALL POT A PIECES ===

--- Processing Pot A Piece 01 ---
  ⏭️  Skipping piece 01 - NURBS surfaces not found
      Missing: Dataset/SfS_pp/Surfaces/Pot_A_Piece_01_Surface_0.xyz or Dataset/SfS_pp/Surfaces/Pot_A_Piece_01_Surface_1.xyz

--- Processing Pot A Piece 02 ---
  ⏭️  Skipping piece 02 - NURBS surfaces not found
      Missing: Dataset/SfS_pp/Surfaces/Pot_A_Piece_02_Surface_0.xyz or Dataset/SfS_pp/Surfaces/Pot_A_Piece_02_Surface_1.xyz

--- Processing Pot A Piece 03 ---
  ⏭️  Skipping piece 03 - NURBS surfaces not found
      Missing: Dataset/SfS_pp/Surfaces/Pot_A_Piece_03_Surface_0.xyz or Dataset/SfS_pp/Surfaces/Pot_A_Piece_03_Surface_1.xyz

--- Processing Pot A Piece 04 ---
  ⏭️  Skipping piece 04 - NURBS surfaces not found
      Missing: Dataset/SfS_pp/Surfaces/Pot_A_Piece_04_Surface_0.xyz or Dataset/SfS_pp/Surfaces/Pot_A_Piece_04_Surface_1.xyz

--- Processing Pot A Piece 05 ---
  ⏭️  Skipping piece 05 - NURBS surfaces not found
      Missing: Dataset/SfS_pp/Surfaces/Pot_A_Piece_05_Surface_0.xyz or Dataset/SfS_pp/Surfaces/Pot_A_Piece_05_Surface_1.xyz

--- Processing Pot A Piece 06 ---
  ⏭️  Skipping piece 06 - NURBS surfaces not found
      Missing: Dataset/SfS_pp/Surfaces/Pot_A_Piece_06_Surface_0.xyz or Dataset/SfS_pp/Surfaces/Pot_A_Piece_06_Surface_1.xyz

--- Processing Pot A Piece 07 ---
  ⏭️  Skipping piece 07 - NURBS surfaces not found
      Missing: Dataset/SfS_pp/Surfaces/Pot_A_Piece_07_Surface_0.xyz or Dataset/SfS_pp/Surfaces/Pot_A_Piece_07_Surface_1.xyz

--- Processing Pot A Piece 08 ---
  ⏭️  Skipping piece 08 - NURBS surfaces not found
      Missing: Dataset/SfS_pp/Surfaces/Pot_A_Piece_08_Surface_0.xyz or Dataset/SfS_pp/Surfaces/Pot_A_Piece_08_Surface_1.xyz

=== NURBS AXIS EXTRACTION SUMMARY ===
Successfully processed: 0/8 pieces
Output directory: NURBS_Output/Axes/

❌ No axes extracted. Check NURBS preprocessing output.

Axis extraction completed in 32 seconds

✓ Copied 40 axis files to Dataset/Axes/

==========================================
  PROCESSING COMPLETED
==========================================
Exit code: 255
Total processing time: 33 seconds (0 minutes)
  - Edgeline extraction: 1 seconds
  - Axis extraction: 32 seconds

==========================================
          OUTPUT FILE SUMMARY
==========================================

## Surface Files (Dataset/Surfaces/Pot_A/)
  Interior surfaces (*_Surface_0.xyz): 8 / 8
  Exterior surfaces (*_Surface_1.xyz): 8 / 8
  Fracture surfaces (*_Surface_F.pcd): 0 / 8

## Breakline Files (Dataset/Breaklines/Pot_A/)
  Interior breaklines (*_Breakline_0.pcd): 0 / 8
  Exterior breaklines (*_Breakline_1.pcd): 0 / 8
  XYZ format: 0 files
  PLY format: 0 files

## Axis Files (Dataset/Axes/)
  Axis files (*_Axis.xyz): 40 / 8

## Input Files
  Mesh files (*.obj): 8
  Surface files (*.xyz): 16

==========================================
          VALIDATION RESULTS
==========================================

✅ Interior surfaces: 8/8
✅ Exterior surfaces: 8/8
❌ Interior breaklines: 0/8 (MISMATCH)
❌ Exterior breaklines: 0/8 (MISMATCH)
❌ Axis files: 40/8 (MISMATCH)
⚠️  Fracture surfaces: 0/8 (below 75% threshold)
    Note: Some pieces may have insufficient point density near breaklines

==========================================
      FIX VERIFICATION (FROM LOG)
==========================================

## Fix #1: Fixed Peak Detection
❌ NOT FOUND in log

## Fix #2: Adaptive Radius Formula
❌ NOT FOUND in log

## Fix #3: Fracture Surface Generation
❌ NOT FOUND in log

⚠️  WARNING: 1 error(s) detected in log
Last error:
Error occurred: filesystem error: cannot copy file: No such file or directory [Temp/Data/Pot_A/Pot_A_Piece_01_Surface_0.xyz] [Dataset/Surfaces/Pot_A/Pot_A_Piece_01_Surface_0.xyz]

==========================================
          FINAL SUMMARY
==========================================

❌ ISSUES DETECTED

Validation: false
Exit code: 255
Check log file for details: Complete_Dataset_Output/Logs/edgeline_20251116_035702.log

End time: Sun 16 Nov 2025 03:57:35 AEDT
==========================================
