=== NURBS Preprocessing From OBJ Directory ===
Started: Mon 20 Oct 2025 19:58:51 AEDT
Job ID: 16940399
Dataset name: Tray-000
Input OBJ directory: /data/gpfs/projects/punim2657/GARF/input/Tray-000
Preparing project directories...
=== Step 1: Sampling OBJ -> PCD and staging meshes ===
Processing sherd01.obj -> piece 01
  Generated: Dataset/Point/Pot_A/Pot_A_Piece_01_Point.pcd
Processing sherd02.obj -> piece 02
  Generated: Dataset/Point/Pot_A/Pot_A_Piece_02_Point.pcd
Processing sherd03.obj -> piece 03
  Generated: Dataset/Point/Pot_A/Pot_A_Piece_03_Point.pcd
Processing sherd04.obj -> piece 04
  Generated: Dataset/Point/Pot_A/Pot_A_Piece_04_Point.pcd
Processing sherd05.obj -> piece 05
  Generated: Dataset/Point/Pot_A/Pot_A_Piece_05_Point.pcd
Processing sherd06.obj -> piece 06
  Generated: Dataset/Point/Pot_A/Pot_A_Piece_06_Point.pcd
Processing sherd07.obj -> piece 07
  Generated: Dataset/Point/Pot_A/Pot_A_Piece_07_Point.pcd
Processing sherd08.obj -> piece 08
  Generated: Dataset/Point/Pot_A/Pot_A_Piece_08_Point.pcd
Processing sherd09.obj -> piece 09
  WARNING: Missing PCD for sherd09.obj
Processing sherd10.obj -> piece 10
  WARNING: Missing PCD for sherd10.obj
Processing sherd11.obj -> piece 11
  WARNING: Missing PCD for sherd11.obj
Processing sherd12.obj -> piece 12
  WARNING: Missing PCD for sherd12.obj
Processing sherd13.obj -> piece 13
  WARNING: Missing PCD for sherd13.obj
Processing sherd14.obj -> piece 14
  WARNING: Missing PCD for sherd14.obj
Processing sherd15.obj -> piece 15
  WARNING: Missing PCD for sherd15.obj
Processing sherd16.obj -> piece 16
  WARNING: Missing PCD for sherd16.obj
Processing sherd17.obj -> piece 17
  WARNING: Missing PCD for sherd17.obj
Processing sherd18.obj -> piece 18
  WARNING: Missing PCD for sherd18.obj
Processing sherd19.obj -> piece 19
  WARNING: Missing PCD for sherd19.obj
Processing sherd20.obj -> piece 20
  WARNING: Missing PCD for sherd20.obj
Processing sherd21.obj -> piece 21
  WARNING: Missing PCD for sherd21.obj
Processing sherd22.obj -> piece 22
  WARNING: Missing PCD for sherd22.obj
Processing sherd23.obj -> piece 23
  WARNING: Missing PCD for sherd23.obj
Processing sherd24.obj -> piece 24
  WARNING: Missing PCD for sherd24.obj
Processing sherd25.obj -> piece 25
  WARNING: Missing PCD for sherd25.obj
Processing sherd26.obj -> piece 26
  WARNING: Missing PCD for sherd26.obj
Processing sherd27.obj -> piece 27
  WARNING: Missing PCD for sherd27.obj
Processing sherd28.obj -> piece 28
  WARNING: Missing PCD for sherd28.obj
Processing sherd29.obj -> piece 29
  WARNING: Missing PCD for sherd29.obj
Processing sherd30.obj -> piece 30
  WARNING: Missing PCD for sherd30.obj
Processing sherd31.obj -> piece 31
  WARNING: Missing PCD for sherd31.obj
Processing sherd32.obj -> piece 32
  WARNING: Missing PCD for sherd32.obj
Processing sherd33.obj -> piece 33
  WARNING: Missing PCD for sherd33.obj
Processing sherd34.obj -> piece 34
  WARNING: Missing PCD for sherd34.obj
Processing sherd35.obj -> piece 35
  WARNING: Missing PCD for sherd35.obj
Processing sherd36.obj -> piece 36
  WARNING: Missing PCD for sherd36.obj
Processing sherd37.obj -> piece 37
  WARNING: Missing PCD for sherd37.obj
Processing sherd38.obj -> piece 38
  WARNING: Missing PCD for sherd38.obj
Processing sherd39.obj -> piece 39
  WARNING: Missing PCD for sherd39.obj
Processing sherd40.obj -> piece 40
  WARNING: Missing PCD for sherd40.obj
Sampling complete at: Mon 20 Oct 2025 19:58:59 AEDT
=== Step 2: NURBS Surface Generation ===
Copied Point file: Pot_A_Piece_01_Point.pcd
Copied Mesh file: Pot_A_Piece_01_Mesh.obj

Selected file: Dataset/Point/Pot_A/Pot_A_Piece_01_Point.pcd
Starting processing on: Dataset/Point/Pot_A/Pot_A_Piece_01_Point.pcd
Starting surface segmentation on: Temp/Data/Pot_A/Pot_A_Piece_01_SampledWithNormals.ply

Total points: 47349
Number of clusters is equal to 20
Points in 
Cluster 1 : 15273
Cluster 2 : 13630
Cluster 3 : 2070
Cluster 4 : 1886
Cluster 5 : 610
Cluster 6 : 546
Cluster 7 : 418
Cluster 8 : 343
Cluster 9 : 322
Cluster 10 : 270
Cluster 11 : 233
Cluster 12 : 202
Cluster 13 : 202
Cluster 14 : 132
Cluster 15 : 125
Cluster 16 : 102
Cluster 17 : 85
Cluster 18 : 79
Cluster 19 : 62
Cluster 20 : 51
Points in two clusters / Total Points in Pointcloud: 61.04%
Points in two clusters / Total Points in all clusters: 78.88%
Calling mergeClusters function.
mergeClusters function called.
Condition 1 (closest point pairs) passed for clusters 0 and 8
Condition 2 (normal vector similarity) passed for clusters 0 and 8
Condition 3 (boundary curvature similarity) passed for clusters 0 and 8
Verification failed (innerPoint selection) for clusters 0 and 8
Condition 1 (closest point pairs) passed for clusters 0 and 11
Condition 2 (normal vector similarity) passed for clusters 0 and 11
Condition 3 (boundary curvature similarity) passed for clusters 0 and 11
Verification failed (innerPoint selection) for clusters 0 and 11
Condition 1 (closest point pairs) passed for clusters 0 and 12
Condition 2 (normal vector similarity) passed for clusters 0 and 12
Condition 3 (boundary curvature similarity) passed for clusters 0 and 12
Verification failed (innerPoint selection) for clusters 0 and 12
Condition 1 (closest point pairs) passed for clusters 0 and 15
Condition 2 (normal vector similarity) passed for clusters 0 and 15
Condition 3 (boundary curvature similarity) passed for clusters 0 and 15
Verification failed (innerPoint selection) for clusters 0 and 15
Condition 1 (closest point pairs) passed for clusters 1 and 3
Condition 2 (normal vector similarity) passed for clusters 1 and 3
Condition 3 (boundary curvature similarity) passed for clusters 1 and 3
Verification failed (innerPoint selection) for clusters 1 and 3
Condition 1 (closest point pairs) passed for clusters 1 and 19
Condition 2 (normal vector similarity) passed for clusters 1 and 19
Condition 3 (boundary curvature similarity) passed for clusters 1 and 19
Verification failed (innerPoint selection) for clusters 1 and 19
Condition 1 (closest point pairs) passed for clusters 2 and 6
Condition 2 (normal vector similarity) passed for clusters 2 and 6
Condition 3 (boundary curvature similarity) passed for clusters 2 and 6
Verification failed (innerPoint selection) for clusters 2 and 6
Condition 1 (closest point pairs) passed for clusters 2 and 9
Condition 2 (normal vector similarity) passed for clusters 2 and 9
Condition 3 (boundary curvature similarity) passed for clusters 2 and 9
Verification failed (innerPoint selection) for clusters 2 and 9
Condition 1 (closest point pairs) passed for clusters 3 and 16
Condition 2 (normal vector similarity) passed for clusters 3 and 16
Condition 3 (boundary curvature similarity) passed for clusters 3 and 16
Verification failed (innerPoint selection) for clusters 3 and 16
Condition 1 (closest point pairs) passed for clusters 4 and 13
Condition 2 (normal vector similarity) passed for clusters 4 and 13
Condition 3 (boundary curvature similarity) passed for clusters 4 and 13
Verification failed (innerPoint selection) for clusters 4 and 13
Condition 1 (closest point pairs) passed for clusters 6 and 9
Condition 2 (normal vector similarity) passed for clusters 6 and 9
Condition 3 (boundary curvature similarity) passed for clusters 6 and 9
Verification failed (innerPoint selection) for clusters 6 and 9
Condition 1 (closest point pairs) passed for clusters 7 and 10
Condition 2 (normal vector similarity) passed for clusters 7 and 10
Condition 3 (boundary curvature similarity) passed for clusters 7 and 10
Verification failed (innerPoint selection) for clusters 7 and 10
Condition 1 (closest point pairs) passed for clusters 8 and 14
Condition 2 (normal vector similarity) passed for clusters 8 and 14
Condition 3 (boundary curvature similarity) passed for clusters 8 and 14
Verification failed (innerPoint selection) for clusters 8 and 14
Sampled indices: 5616 13261 4237 4788 13630 5034 2118 14385 9565 5450 5295 8522 3356 4787 3603 9901 8655 5776 13371 15210 4807 12470 208 6289 4734 7726 2047 10345 12707 1515 
Normals flipped: false
  loading cloudForSpline.pcd
  10000 points in data set
  surface fitting ...
  loading cloudForSpline.pcd
  10000 points in data set
  surface fitting ...
PointCloud representing the Cluster: 4334 data points.
PointCloud representing the Cluster: 2588 data points.
PointCloud representing the Cluster: 2530 data points.
PointCloud representing the Cluster: 673 data points.
PointCloud representing the Cluster: 90 data points.
PointCloud representing the Cluster: 81 data points.
PointCloud representing the Cluster: 71 data points.
Successfully found 20 clusters after 1 iterations.
Ply to XYZ start

Time after processing: 12.36 seconds
Copied Point file: Pot_A_Piece_02_Point.pcd
Copied Mesh file: Pot_A_Piece_02_Mesh.obj

Selected file: Dataset/Point/Pot_A/Pot_A_Piece_02_Point.pcd
Starting processing on: Dataset/Point/Pot_A/Pot_A_Piece_02_Point.pcd
Starting surface segmentation on: Temp/Data/Pot_A/Pot_A_Piece_02_SampledWithNormals.ply

Total points: 28054
Number of clusters is equal to 8
Points in 
Cluster 1 : 12089
Cluster 2 : 10663
Cluster 3 : 646
Cluster 4 : 151
Cluster 5 : 122
Cluster 6 : 64
Cluster 7 : 56
Cluster 8 : 52
Points in two clusters / Total Points in Pointcloud: 81.1%
Points in two clusters / Total Points in all clusters: 95.42%
Calling mergeClusters function.
mergeClusters function called.
Condition 1 (closest point pairs) passed for clusters 0 and 2
Condition 2 (normal vector similarity) passed for clusters 0 and 2
Condition 3 (boundary curvature similarity) passed for clusters 0 and 2
Verification failed (innerPoint selection) for clusters 0 and 2
Condition 1 (closest point pairs) passed for clusters 1 and 2
Condition 2 (normal vector similarity) passed for clusters 1 and 2
Condition 3 (boundary curvature similarity) passed for clusters 1 and 2
Verification failed (innerPoint selection) for clusters 1 and 2
Condition 1 (closest point pairs) passed for clusters 1 and 4
Condition 2 (normal vector similarity) passed for clusters 1 and 4
Condition 3 (boundary curvature similarity) passed for clusters 1 and 4
Verification failed (innerPoint selection) for clusters 1 and 4
Condition 1 (closest point pairs) passed for clusters 1 and 7
Condition 2 (normal vector similarity) failed for clusters 1 and 7
Condition 1 (closest point pairs) passed for clusters 2 and 3
Condition 2 (normal vector similarity) passed for clusters 2 and 3
Condition 3 (boundary curvature similarity) passed for clusters 2 and 3
Verification failed (innerPoint selection) for clusters 2 and 3
Condition 1 (closest point pairs) passed for clusters 5 and 7
Condition 2 (normal vector similarity) passed for clusters 5 and 7
Condition 3 (boundary curvature similarity) passed for clusters 5 and 7
Verification failed (innerPoint selection) for clusters 5 and 7
Sampled indices: 6668 8146 10976 10122 10299 11009 8549 8825 9330 4729 10024 849 9234 7574 10486 5542 9447 10072 4445 4894 6405 2332 9060 4499 7156 6495 8449 444 5345 3709 
Normals flipped: false
  loading cloudForSpline.pcd
  10000 points in data set
  surface fitting ...
  loading cloudForSpline.pcd
  10000 points in data set
  surface fitting ...
PointCloud representing the Cluster: 4126 data points.
Successfully found 8 clusters after 1 iterations.
Ply to XYZ start

Time after processing: 3.894 seconds
Copied Point file: Pot_A_Piece_03_Point.pcd
Copied Mesh file: Pot_A_Piece_03_Mesh.obj

Selected file: Dataset/Point/Pot_A/Pot_A_Piece_03_Point.pcd
Starting processing on: Dataset/Point/Pot_A/Pot_A_Piece_03_Point.pcd
Starting surface segmentation on: Temp/Data/Pot_A/Pot_A_Piece_03_SampledWithNormals.ply

Total points: 21129
Number of clusters is equal to 6
Points in 
Cluster 1 : 8635
Cluster 2 : 7742
Cluster 3 : 545
Cluster 4 : 166
Cluster 5 : 153
Cluster 6 : 77
Points in two clusters / Total Points in Pointcloud: 77.51%
Points in two clusters / Total Points in all clusters: 94.57%
Calling mergeClusters function.
mergeClusters function called.
Condition 1 (closest point pairs) passed for clusters 0 and 3
Condition 2 (normal vector similarity) passed for clusters 0 and 3
Condition 3 (boundary curvature similarity) passed for clusters 0 and 3
Verification failed (innerPoint selection) for clusters 0 and 3
Condition 1 (closest point pairs) passed for clusters 1 and 3
Condition 2 (normal vector similarity) passed for clusters 1 and 3
Condition 3 (boundary curvature similarity) passed for clusters 1 and 3
Verification failed (innerPoint selection) for clusters 1 and 3
Condition 1 (closest point pairs) passed for clusters 2 and 4
Condition 2 (normal vector similarity) passed for clusters 2 and 4
Condition 3 (boundary curvature similarity) passed for clusters 2 and 4
Verification failed (innerPoint selection) for clusters 2 and 4
Sampled indices: 4734 2715 8531 6300 494 7015 7180 7232 1384 8437 2724 3939 6398 30 4882 8368 6306 8098 3099 364 656 2588 3322 7078 5945 1009 8004 379 2153 3700 
Normals flipped: false
  loading cloudForSpline.pcd
  8635 points in data set
  surface fitting ...
  loading cloudForSpline.pcd
  7742 points in data set
  surface fitting ...
PointCloud representing the Cluster: 3748 data points.
Successfully found 6 clusters after 1 iterations.
Ply to XYZ start

Time after processing: 2.423 seconds
Copied Point file: Pot_A_Piece_04_Point.pcd
Copied Mesh file: Pot_A_Piece_04_Mesh.obj

Selected file: Dataset/Point/Pot_A/Pot_A_Piece_04_Point.pcd
Starting processing on: Dataset/Point/Pot_A/Pot_A_Piece_04_Point.pcd
Starting surface segmentation on: Temp/Data/Pot_A/Pot_A_Piece_04_SampledWithNormals.ply

Total points: 16832
Number of clusters is equal to 8
Points in 
Cluster 1 : 6233
Cluster 2 : 6217
Cluster 3 : 312
Cluster 4 : 235
Cluster 5 : 143
Cluster 6 : 120
Cluster 7 : 116
Cluster 8 : 82
Points in two clusters / Total Points in Pointcloud: 73.97%
Points in two clusters / Total Points in all clusters: 92.51%
Calling mergeClusters function.
mergeClusters function called.
Condition 1 (closest point pairs) passed for clusters 0 and 4
Condition 2 (normal vector similarity) failed for clusters 0 and 4
Condition 1 (closest point pairs) passed for clusters 0 and 5
Condition 2 (normal vector similarity) passed for clusters 0 and 5
Condition 3 (boundary curvature similarity) passed for clusters 0 and 5
Verification failed (innerPoint selection) for clusters 0 and 5
Condition 1 (closest point pairs) passed for clusters 1 and 2
Condition 2 (normal vector similarity) passed for clusters 1 and 2
Condition 3 (boundary curvature similarity) passed for clusters 1 and 2
Verification failed (innerPoint selection) for clusters 1 and 2
Condition 1 (closest point pairs) passed for clusters 3 and 5
Condition 2 (normal vector similarity) passed for clusters 3 and 5
Condition 3 (boundary curvature similarity) passed for clusters 3 and 5
Verification failed (innerPoint selection) for clusters 3 and 5
Sampled indices: 1678 3056 1447 1096 611 2172 5622 3878 3774 5901 1655 5033 5930 3079 3708 5550 1710 6111 1055 1055 570 6100 784 73 4071 5987 2186 5294 2154 6189 
Normals flipped: false
  loading cloudForSpline.pcd
  6233 points in data set
  surface fitting ...
  loading cloudForSpline.pcd
  6217 points in data set
  surface fitting ...
PointCloud representing the Cluster: 3324 data points.
Successfully found 8 clusters after 1 iterations.
Ply to XYZ start

Time after processing: 1.961 seconds
Copied Point file: Pot_A_Piece_05_Point.pcd
Copied Mesh file: Pot_A_Piece_05_Mesh.obj

Selected file: Dataset/Point/Pot_A/Pot_A_Piece_05_Point.pcd
Starting processing on: Dataset/Point/Pot_A/Pot_A_Piece_05_Point.pcd
Starting surface segmentation on: Temp/Data/Pot_A/Pot_A_Piece_05_SampledWithNormals.ply

Total points: 17438
Number of clusters is equal to 8
Points in 
Cluster 1 : 6423
Cluster 2 : 6289
Cluster 3 : 313
Cluster 4 : 194
Cluster 5 : 150
Cluster 6 : 88
Cluster 7 : 75
Cluster 8 : 71
Points in two clusters / Total Points in Pointcloud: 72.9%
Points in two clusters / Total Points in all clusters: 93.45%
Calling mergeClusters function.
mergeClusters function called.
Condition 1 (closest point pairs) passed for clusters 1 and 2
Condition 2 (normal vector similarity) passed for clusters 1 and 2
Condition 3 (boundary curvature similarity) passed for clusters 1 and 2
Verification failed (innerPoint selection) for clusters 1 and 2
Condition 1 (closest point pairs) passed for clusters 3 and 6
Condition 2 (normal vector similarity) passed for clusters 3 and 6
Condition 3 (boundary curvature similarity) passed for clusters 3 and 6
Verification failed (innerPoint selection) for clusters 3 and 6
Condition 1 (closest point pairs) passed for clusters 4 and 5
Condition 2 (normal vector similarity) passed for clusters 4 and 5
Condition 3 (boundary curvature similarity) passed for clusters 4 and 5
Verification failed (innerPoint selection) for clusters 4 and 5
Sampled indices: 5037 5407 3196 3546 2687 1836 5242 1421 3827 5537 3017 207 5019 3226 3669 6197 394 3376 3397 3125 3326 3290 736 890 4468 2030 5558 3247 182 2659 
Normals flipped: false
  loading cloudForSpline.pcd
  6423 points in data set
  surface fitting ...
  loading cloudForSpline.pcd
  6289 points in data set
  surface fitting ...
PointCloud representing the Cluster: 3815 data points.
Successfully found 8 clusters after 1 iterations.
Ply to XYZ start

Time after processing: 2.073 seconds
Copied Point file: Pot_A_Piece_06_Point.pcd
Copied Mesh file: Pot_A_Piece_06_Mesh.obj

Selected file: Dataset/Point/Pot_A/Pot_A_Piece_06_Point.pcd
Starting processing on: Dataset/Point/Pot_A/Pot_A_Piece_06_Point.pcd
Starting surface segmentation on: Temp/Data/Pot_A/Pot_A_Piece_06_SampledWithNormals.ply

Total points: 13846
Number of clusters is equal to 6
Points in 
Cluster 1 : 4962
Cluster 2 : 4903
Cluster 3 : 231
Cluster 4 : 224
Cluster 5 : 88
Cluster 6 : 56
Points in two clusters / Total Points in Pointcloud: 71.25%
Points in two clusters / Total Points in all clusters: 94.28%
Calling mergeClusters function.
mergeClusters function called.
Condition 1 (closest point pairs) passed for clusters 0 and 2
Condition 2 (normal vector similarity) passed for clusters 0 and 2
Condition 3 (boundary curvature similarity) passed for clusters 0 and 2
Verification failed (innerPoint selection) for clusters 0 and 2
Condition 1 (closest point pairs) passed for clusters 0 and 3
Condition 2 (normal vector similarity) passed for clusters 0 and 3
Condition 3 (boundary curvature similarity) passed for clusters 0 and 3
Verification failed (innerPoint selection) for clusters 0 and 3
Condition 1 (closest point pairs) passed for clusters 1 and 3
Condition 2 (normal vector similarity) passed for clusters 1 and 3
Condition 3 (boundary curvature similarity) passed for clusters 1 and 3
Verification failed (innerPoint selection) for clusters 1 and 3
Sampled indices: 1750 2060 4223 1131 4622 4192 3573 3716 3880 3570 1345 3631 4060 3596 761 4530 2635 1016 3627 2328 3635 2556 2828 1706 4399 3381 3191 4643 3760 1726 
Normals flipped: false
  loading cloudForSpline.pcd
  4962 points in data set
  surface fitting ...
  loading cloudForSpline.pcd
  4903 points in data set
  surface fitting ...
PointCloud representing the Cluster: 3369 data points.
Successfully found 6 clusters after 1 iterations.
Ply to XYZ start

Time after processing: 1.541 seconds
Copied Point file: Pot_A_Piece_07_Point.pcd
Copied Mesh file: Pot_A_Piece_07_Mesh.obj

Selected file: Dataset/Point/Pot_A/Pot_A_Piece_07_Point.pcd
Starting processing on: Dataset/Point/Pot_A/Pot_A_Piece_07_Point.pcd
Starting surface segmentation on: Temp/Data/Pot_A/Pot_A_Piece_07_SampledWithNormals.ply

Total points: 3767
Number of clusters is equal to 6
Points in 
Cluster 1 : 897
Cluster 2 : 807
Cluster 3 : 179
Cluster 4 : 166
Cluster 5 : 138
Cluster 6 : 79
Points in two clusters / Total Points in Pointcloud: 45.23%
Points in two clusters / Total Points in all clusters: 75.2%
Calling mergeClusters function.
mergeClusters function called.
Sampled indices: 9 92 827 493 872 885 719 583 563 456 164 144 297 218 754 29 120 843 822 27 549 648 146 186 86 58 134 532 444 770 
Normals flipped: false
  loading cloudForSpline.pcd
  897 points in data set
  surface fitting ...
  loading cloudForSpline.pcd
  807 points in data set
  surface fitting ...
PointCloud representing the Cluster: 1501 data points.
Successfully found 6 clusters after 1 iterations.
Ply to XYZ start

Time after processing: 0.42 seconds
Copied Point file: Pot_A_Piece_08_Point.pcd
Copied Mesh file: Pot_A_Piece_08_Mesh.obj

Selected file: Dataset/Point/Pot_A/Pot_A_Piece_08_Point.pcd
Starting processing on: Dataset/Point/Pot_A/Pot_A_Piece_08_Point.pcd
Starting surface segmentation on: Temp/Data/Pot_A/Pot_A_Piece_08_SampledWithNormals.ply

Total points: 4053
Number of clusters is equal to 5
Points in 
Cluster 1 : 1167
Cluster 2 : 1138
Cluster 3 : 136
Cluster 4 : 122
Cluster 5 : 55
Points in two clusters / Total Points in Pointcloud: 56.87%
Points in two clusters / Total Points in all clusters: 88.04%
Calling mergeClusters function.
mergeClusters function called.
Condition 1 (closest point pairs) passed for clusters 3 and 4
Condition 2 (normal vector similarity) passed for clusters 3 and 4
Condition 3 (boundary curvature similarity) passed for clusters 3 and 4
Verification failed (innerPoint selection) for clusters 3 and 4
Sampled indices: 846 418 542 743 434 922 426 805 493 117 12 620 774 904 805 782 68 695 354 1017 439 1078 903 393 797 492 279 268 324 260 
Normals flipped: false
  loading cloudForSpline.pcd
  1167 points in data set
  surface fitting ...
  loading cloudForSpline.pcd
  1138 points in data set
  surface fitting ...
PointCloud representing the Cluster: 1434 data points.
Successfully found 5 clusters after 1 iterations.
Ply to XYZ start

Time after processing: 0.4696 seconds
Total time elapsed: 28.95 seconds
Surface generation finished at: Mon 20 Oct 2025 19:59:30 AEDT
-rw-rw-r-- 1 zhuojiat punim2657 1745371 Oct 20 19:59 Temp/Data/Pot_A/Pot_A_Piece_01_Surface_0.xyz
-rw-rw-r-- 1 zhuojiat punim2657 1523329 Oct 20 19:59 Temp/Data/Pot_A/Pot_A_Piece_01_Surface_1.xyz
-rw-rw-r-- 1 zhuojiat punim2657 1354099 Oct 20 19:59 Temp/Data/Pot_A/Pot_A_Piece_02_Surface_0.xyz
-rw-rw-r-- 1 zhuojiat punim2657 1214222 Oct 20 19:59 Temp/Data/Pot_A/Pot_A_Piece_02_Surface_1.xyz
-rw-rw-r-- 1 zhuojiat punim2657  956103 Oct 20 19:59 Temp/Data/Pot_A/Pot_A_Piece_03_Surface_0.xyz
-rw-rw-r-- 1 zhuojiat punim2657  867202 Oct 20 19:59 Temp/Data/Pot_A/Pot_A_Piece_03_Surface_1.xyz
-rw-rw-r-- 1 zhuojiat punim2657  714745 Oct 20 19:59 Temp/Data/Pot_A/Pot_A_Piece_04_Surface_0.xyz
-rw-rw-r-- 1 zhuojiat punim2657  693574 Oct 20 19:59 Temp/Data/Pot_A/Pot_A_Piece_04_Surface_1.xyz
-rw-rw-r-- 1 zhuojiat punim2657  721980 Oct 20 19:59 Temp/Data/Pot_A/Pot_A_Piece_05_Surface_0.xyz
-rw-rw-r-- 1 zhuojiat punim2657  725857 Oct 20 19:59 Temp/Data/Pot_A/Pot_A_Piece_05_Surface_1.xyz
-rw-rw-r-- 1 zhuojiat punim2657  595783 Oct 20 19:59 Temp/Data/Pot_A/Pot_A_Piece_06_Surface_0.xyz
-rw-rw-r-- 1 zhuojiat punim2657  556401 Oct 20 19:59 Temp/Data/Pot_A/Pot_A_Piece_06_Surface_1.xyz
-rw-rw-r-- 1 zhuojiat punim2657  108306 Oct 20 19:59 Temp/Data/Pot_A/Pot_A_Piece_07_Surface_0.xyz
-rw-rw-r-- 1 zhuojiat punim2657  100091 Oct 20 19:59 Temp/Data/Pot_A/Pot_A_Piece_07_Surface_1.xyz
-rw-rw-r-- 1 zhuojiat punim2657  143492 Oct 20 19:59 Temp/Data/Pot_A/Pot_A_Piece_08_Surface_0.xyz
-rw-rw-r-- 1 zhuojiat punim2657  134852 Oct 20 19:59 Temp/Data/Pot_A/Pot_A_Piece_08_Surface_1.xyz
=== Step 3: Prepare surfaces for MATLAB axis extraction ===
=== Step 4: MATLAB PotSAC Axis Extraction ===
Opening log file:  /home/zhuojiat/java.log.18162
=== Dynamic NURBS Axis Extraction ===
Surface dir: /data/gpfs/projects/punim2657/sfs_preprocessing/Temp/Data/Pot_A
Unrecognized function or variable 'dir'.

Error in extract_axes_for_surfaces (line 16)
files = dir(fullfile(surfaces_dir, '*_Surface_0.xyz'));
        ^^^^^^^^^^^^^^^^^^^^^^^^^^^^^^^^^^^^^^^^^^^^^^
