INFO:    gocryptfs not found, will not be able to use gocryptfs
[1;33m[pcl::PLYReader] Temp/Data/Pot_A/Pot_A_Piece_01_SampledWithNormals.ply:25: property 'float32 focal' of element 'camera' is not handled
[0;m[1;33m[pcl::PLYReader] Temp/Data/Pot_A/Pot_A_Piece_01_SampledWithNormals.ply:26: property 'float32 scalex' of element 'camera' is not handled
[0;m[1;33m[pcl::PLYReader] Temp/Data/Pot_A/Pot_A_Piece_01_SampledWithNormals.ply:27: property 'float32 scaley' of element 'camera' is not handled
[0;m[1;33m[pcl::PLYReader] Temp/Data/Pot_A/Pot_A_Piece_01_SampledWithNormals.ply:28: property 'float32 centerx' of element 'camera' is not handled
[0;m[1;33m[pcl::PLYReader] Temp/Data/Pot_A/Pot_A_Piece_01_SampledWithNormals.ply:29: property 'float32 centery' of element 'camera' is not handled
[0;m[1;33m[pcl::PLYReader] Temp/Data/Pot_A/Pot_A_Piece_01_SampledWithNormals.ply:32: property 'float32 k1' of element 'camera' is not handled
[0;m[1;33m[pcl::PLYReader] Temp/Data/Pot_A/Pot_A_Piece_01_SampledWithNormals.ply:33: property 'float32 k2' of element 'camera' is not handled
[0;m[1;33m[pcl::PLYReader] Temp/Data/Pot_A/Pot_A_Piece_01_unclustered.ply:25: property 'float32 focal' of element 'camera' is not handled
[0;m[1;33m[pcl::PLYReader] Temp/Data/Pot_A/Pot_A_Piece_01_unclustered.ply:26: property 'float32 scalex' of element 'camera' is not handled
[0;m[1;33m[pcl::PLYReader] Temp/Data/Pot_A/Pot_A_Piece_01_unclustered.ply:27: property 'float32 scaley' of element 'camera' is not handled
[0;m[1;33m[pcl::PLYReader] Temp/Data/Pot_A/Pot_A_Piece_01_unclustered.ply:28: property 'float32 centerx' of element 'camera' is not handled
[0;m[1;33m[pcl::PLYReader] Temp/Data/Pot_A/Pot_A_Piece_01_unclustered.ply:29: property 'float32 centery' of element 'camera' is not handled
[0;m[1;33m[pcl::PLYReader] Temp/Data/Pot_A/Pot_A_Piece_01_unclustered.ply:32: property 'float32 k1' of element 'camera' is not handled
[0;m[1;33m[pcl::PLYReader] Temp/Data/Pot_A/Pot_A_Piece_01_unclustered.ply:33: property 'float32 k2' of element 'camera' is not handled
[0;m[1;33m[pcl::PLYReader] Temp/Data/Pot_A/Pot_A_Piece_01_Surface_0.ply:25: property 'float32 focal' of element 'camera' is not handled
[0;m[1;33m[pcl::PLYReader] Temp/Data/Pot_A/Pot_A_Piece_01_Surface_0.ply:26: property 'float32 scalex' of element 'camera' is not handled
[0;m[1;33m[pcl::PLYReader] Temp/Data/Pot_A/Pot_A_Piece_01_Surface_0.ply:27: property 'float32 scaley' of element 'camera' is not handled
[0;m[1;33m[pcl::PLYReader] Temp/Data/Pot_A/Pot_A_Piece_01_Surface_0.ply:28: property 'float32 centerx' of element 'camera' is not handled
[0;m[1;33m[pcl::PLYReader] Temp/Data/Pot_A/Pot_A_Piece_01_Surface_0.ply:29: property 'float32 centery' of element 'camera' is not handled
[0;m[1;33m[pcl::PLYReader] Temp/Data/Pot_A/Pot_A_Piece_01_Surface_0.ply:32: property 'float32 k1' of element 'camera' is not handled
[0;m[1;33m[pcl::PLYReader] Temp/Data/Pot_A/Pot_A_Piece_01_Surface_0.ply:33: property 'float32 k2' of element 'camera' is not handled
[0;m[1;33m[pcl::PLYReader] Temp/Data/Pot_A/Pot_A_Piece_01_Surface_1.ply:25: property 'float32 focal' of element 'camera' is not handled
[0;m[1;33m[pcl::PLYReader] Temp/Data/Pot_A/Pot_A_Piece_01_Surface_1.ply:26: property 'float32 scalex' of element 'camera' is not handled
[0;m[1;33m[pcl::PLYReader] Temp/Data/Pot_A/Pot_A_Piece_01_Surface_1.ply:27: property 'float32 scaley' of element 'camera' is not handled
[0;m[1;33m[pcl::PLYReader] Temp/Data/Pot_A/Pot_A_Piece_01_Surface_1.ply:28: property 'float32 centerx' of element 'camera' is not handled
[0;m[1;33m[pcl::PLYReader] Temp/Data/Pot_A/Pot_A_Piece_01_Surface_1.ply:29: property 'float32 centery' of element 'camera' is not handled
[0;m[1;33m[pcl::PLYReader] Temp/Data/Pot_A/Pot_A_Piece_01_Surface_1.ply:32: property 'float32 k1' of element 'camera' is not handled
[0;m[1;33m[pcl::PLYReader] Temp/Data/Pot_A/Pot_A_Piece_01_Surface_1.ply:33: property 'float32 k2' of element 'camera' is not handled
[0;m[1;33m[pcl::PLYReader] Temp/Data/Pot_A/Pot_A_Piece_02_SampledWithNormals.ply:25: property 'float32 focal' of element 'camera' is not handled
[0;m[1;33m[pcl::PLYReader] Temp/Data/Pot_A/Pot_A_Piece_02_SampledWithNormals.ply:26: property 'float32 scalex' of element 'camera' is not handled
[0;m[1;33m[pcl::PLYReader] Temp/Data/Pot_A/Pot_A_Piece_02_SampledWithNormals.ply:27: property 'float32 scaley' of element 'camera' is not handled
[0;m[1;33m[pcl::PLYReader] Temp/Data/Pot_A/Pot_A_Piece_02_SampledWithNormals.ply:28: property 'float32 centerx' of element 'camera' is not handled
[0;m[1;33m[pcl::PLYReader] Temp/Data/Pot_A/Pot_A_Piece_02_SampledWithNormals.ply:29: property 'float32 centery' of element 'camera' is not handled
[0;m[1;33m[pcl::PLYReader] Temp/Data/Pot_A/Pot_A_Piece_02_SampledWithNormals.ply:32: property 'float32 k1' of element 'camera' is not handled
[0;m[1;33m[pcl::PLYReader] Temp/Data/Pot_A/Pot_A_Piece_02_SampledWithNormals.ply:33: property 'float32 k2' of element 'camera' is not handled
[0;m[1;33m[pcl::PLYReader] Temp/Data/Pot_A/Pot_A_Piece_02_unclustered.ply:25: property 'float32 focal' of element 'camera' is not handled
[0;m[1;33m[pcl::PLYReader] Temp/Data/Pot_A/Pot_A_Piece_02_unclustered.ply:26: property 'float32 scalex' of element 'camera' is not handled
[0;m[1;33m[pcl::PLYReader] Temp/Data/Pot_A/Pot_A_Piece_02_unclustered.ply:27: property 'float32 scaley' of element 'camera' is not handled
[0;m[1;33m[pcl::PLYReader] Temp/Data/Pot_A/Pot_A_Piece_02_unclustered.ply:28: property 'float32 centerx' of element 'camera' is not handled
[0;m[1;33m[pcl::PLYReader] Temp/Data/Pot_A/Pot_A_Piece_02_unclustered.ply:29: property 'float32 centery' of element 'camera' is not handled
[0;m[1;33m[pcl::PLYReader] Temp/Data/Pot_A/Pot_A_Piece_02_unclustered.ply:32: property 'float32 k1' of element 'camera' is not handled
[0;m[1;33m[pcl::PLYReader] Temp/Data/Pot_A/Pot_A_Piece_02_unclustered.ply:33: property 'float32 k2' of element 'camera' is not handled
[0;m[1;33m[pcl::PLYReader] Temp/Data/Pot_A/Pot_A_Piece_02_Surface_0.ply:25: property 'float32 focal' of element 'camera' is not handled
[0;m[1;33m[pcl::PLYReader] Temp/Data/Pot_A/Pot_A_Piece_02_Surface_0.ply:26: property 'float32 scalex' of element 'camera' is not handled
[0;m[1;33m[pcl::PLYReader] Temp/Data/Pot_A/Pot_A_Piece_02_Surface_0.ply:27: property 'float32 scaley' of element 'camera' is not handled
[0;m[1;33m[pcl::PLYReader] Temp/Data/Pot_A/Pot_A_Piece_02_Surface_0.ply:28: property 'float32 centerx' of element 'camera' is not handled
[0;m[1;33m[pcl::PLYReader] Temp/Data/Pot_A/Pot_A_Piece_02_Surface_0.ply:29: property 'float32 centery' of element 'camera' is not handled
[0;m[1;33m[pcl::PLYReader] Temp/Data/Pot_A/Pot_A_Piece_02_Surface_0.ply:32: property 'float32 k1' of element 'camera' is not handled
[0;m[1;33m[pcl::PLYReader] Temp/Data/Pot_A/Pot_A_Piece_02_Surface_0.ply:33: property 'float32 k2' of element 'camera' is not handled
[0;m[1;33m[pcl::PLYReader] Temp/Data/Pot_A/Pot_A_Piece_02_Surface_1.ply:25: property 'float32 focal' of element 'camera' is not handled
[0;m[1;33m[pcl::PLYReader] Temp/Data/Pot_A/Pot_A_Piece_02_Surface_1.ply:26: property 'float32 scalex' of element 'camera' is not handled
[0;m[1;33m[pcl::PLYReader] Temp/Data/Pot_A/Pot_A_Piece_02_Surface_1.ply:27: property 'float32 scaley' of element 'camera' is not handled
[0;m[1;33m[pcl::PLYReader] Temp/Data/Pot_A/Pot_A_Piece_02_Surface_1.ply:28: property 'float32 centerx' of element 'camera' is not handled
[0;m[1;33m[pcl::PLYReader] Temp/Data/Pot_A/Pot_A_Piece_02_Surface_1.ply:29: property 'float32 centery' of element 'camera' is not handled
[0;m[1;33m[pcl::PLYReader] Temp/Data/Pot_A/Pot_A_Piece_02_Surface_1.ply:32: property 'float32 k1' of element 'camera' is not handled
[0;m[1;33m[pcl::PLYReader] Temp/Data/Pot_A/Pot_A_Piece_02_Surface_1.ply:33: property 'float32 k2' of element 'camera' is not handled
[0;m[1;33m[pcl::PLYReader] Temp/Data/Pot_A/Pot_A_Piece_03_SampledWithNormals.ply:25: property 'float32 focal' of element 'camera' is not handled
[0;m[1;33m[pcl::PLYReader] Temp/Data/Pot_A/Pot_A_Piece_03_SampledWithNormals.ply:26: property 'float32 scalex' of element 'camera' is not handled
[0;m[1;33m[pcl::PLYReader] Temp/Data/Pot_A/Pot_A_Piece_03_SampledWithNormals.ply:27: property 'float32 scaley' of element 'camera' is not handled
[0;m[1;33m[pcl::PLYReader] Temp/Data/Pot_A/Pot_A_Piece_03_SampledWithNormals.ply:28: property 'float32 centerx' of element 'camera' is not handled
[0;m[1;33m[pcl::PLYReader] Temp/Data/Pot_A/Pot_A_Piece_03_SampledWithNormals.ply:29: property 'float32 centery' of element 'camera' is not handled
[0;m[1;33m[pcl::PLYReader] Temp/Data/Pot_A/Pot_A_Piece_03_SampledWithNormals.ply:32: property 'float32 k1' of element 'camera' is not handled
[0;m[1;33m[pcl::PLYReader] Temp/Data/Pot_A/Pot_A_Piece_03_SampledWithNormals.ply:33: property 'float32 k2' of element 'camera' is not handled
[0;m[1;33m[pcl::PLYReader] Temp/Data/Pot_A/Pot_A_Piece_03_unclustered.ply:25: property 'float32 focal' of element 'camera' is not handled
[0;m[1;33m[pcl::PLYReader] Temp/Data/Pot_A/Pot_A_Piece_03_unclustered.ply:26: property 'float32 scalex' of element 'camera' is not handled
[0;m[1;33m[pcl::PLYReader] Temp/Data/Pot_A/Pot_A_Piece_03_unclustered.ply:27: property 'float32 scaley' of element 'camera' is not handled
[0;m[1;33m[pcl::PLYReader] Temp/Data/Pot_A/Pot_A_Piece_03_unclustered.ply:28: property 'float32 centerx' of element 'camera' is not handled
[0;m[1;33m[pcl::PLYReader] Temp/Data/Pot_A/Pot_A_Piece_03_unclustered.ply:29: property 'float32 centery' of element 'camera' is not handled
[0;m[1;33m[pcl::PLYReader] Temp/Data/Pot_A/Pot_A_Piece_03_unclustered.ply:32: property 'float32 k1' of element 'camera' is not handled
[0;m[1;33m[pcl::PLYReader] Temp/Data/Pot_A/Pot_A_Piece_03_unclustered.ply:33: property 'float32 k2' of element 'camera' is not handled
[0;m[1;33m[pcl::PLYReader] Temp/Data/Pot_A/Pot_A_Piece_03_Surface_0.ply:25: property 'float32 focal' of element 'camera' is not handled
[0;m[1;33m[pcl::PLYReader] Temp/Data/Pot_A/Pot_A_Piece_03_Surface_0.ply:26: property 'float32 scalex' of element 'camera' is not handled
[0;m[1;33m[pcl::PLYReader] Temp/Data/Pot_A/Pot_A_Piece_03_Surface_0.ply:27: property 'float32 scaley' of element 'camera' is not handled
[0;m[1;33m[pcl::PLYReader] Temp/Data/Pot_A/Pot_A_Piece_03_Surface_0.ply:28: property 'float32 centerx' of element 'camera' is not handled
[0;m[1;33m[pcl::PLYReader] Temp/Data/Pot_A/Pot_A_Piece_03_Surface_0.ply:29: property 'float32 centery' of element 'camera' is not handled
[0;m[1;33m[pcl::PLYReader] Temp/Data/Pot_A/Pot_A_Piece_03_Surface_0.ply:32: property 'float32 k1' of element 'camera' is not handled
[0;m[1;33m[pcl::PLYReader] Temp/Data/Pot_A/Pot_A_Piece_03_Surface_0.ply:33: property 'float32 k2' of element 'camera' is not handled
[0;m[1;33m[pcl::PLYReader] Temp/Data/Pot_A/Pot_A_Piece_03_Surface_1.ply:25: property 'float32 focal' of element 'camera' is not handled
[0;m[1;33m[pcl::PLYReader] Temp/Data/Pot_A/Pot_A_Piece_03_Surface_1.ply:26: property 'float32 scalex' of element 'camera' is not handled
[0;m[1;33m[pcl::PLYReader] Temp/Data/Pot_A/Pot_A_Piece_03_Surface_1.ply:27: property 'float32 scaley' of element 'camera' is not handled
[0;m[1;33m[pcl::PLYReader] Temp/Data/Pot_A/Pot_A_Piece_03_Surface_1.ply:28: property 'float32 centerx' of element 'camera' is not handled
[0;m[1;33m[pcl::PLYReader] Temp/Data/Pot_A/Pot_A_Piece_03_Surface_1.ply:29: property 'float32 centery' of element 'camera' is not handled
[0;m[1;33m[pcl::PLYReader] Temp/Data/Pot_A/Pot_A_Piece_03_Surface_1.ply:32: property 'float32 k1' of element 'camera' is not handled
[0;m[1;33m[pcl::PLYReader] Temp/Data/Pot_A/Pot_A_Piece_03_Surface_1.ply:33: property 'float32 k2' of element 'camera' is not handled
[0;m[1;33m[pcl::PLYReader] Temp/Data/Pot_A/Pot_A_Piece_04_SampledWithNormals.ply:25: property 'float32 focal' of element 'camera' is not handled
[0;m[1;33m[pcl::PLYReader] Temp/Data/Pot_A/Pot_A_Piece_04_SampledWithNormals.ply:26: property 'float32 scalex' of element 'camera' is not handled
[0;m[1;33m[pcl::PLYReader] Temp/Data/Pot_A/Pot_A_Piece_04_SampledWithNormals.ply:27: property 'float32 scaley' of element 'camera' is not handled
[0;m[1;33m[pcl::PLYReader] Temp/Data/Pot_A/Pot_A_Piece_04_SampledWithNormals.ply:28: property 'float32 centerx' of element 'camera' is not handled
[0;m[1;33m[pcl::PLYReader] Temp/Data/Pot_A/Pot_A_Piece_04_SampledWithNormals.ply:29: property 'float32 centery' of element 'camera' is not handled
[0;m[1;33m[pcl::PLYReader] Temp/Data/Pot_A/Pot_A_Piece_04_SampledWithNormals.ply:32: property 'float32 k1' of element 'camera' is not handled
[0;m[1;33m[pcl::PLYReader] Temp/Data/Pot_A/Pot_A_Piece_04_SampledWithNormals.ply:33: property 'float32 k2' of element 'camera' is not handled
[0;m[1;33m[pcl::PLYReader] Temp/Data/Pot_A/Pot_A_Piece_04_unclustered.ply:25: property 'float32 focal' of element 'camera' is not handled
[0;m[1;33m[pcl::PLYReader] Temp/Data/Pot_A/Pot_A_Piece_04_unclustered.ply:26: property 'float32 scalex' of element 'camera' is not handled
[0;m[1;33m[pcl::PLYReader] Temp/Data/Pot_A/Pot_A_Piece_04_unclustered.ply:27: property 'float32 scaley' of element 'camera' is not handled
[0;m[1;33m[pcl::PLYReader] Temp/Data/Pot_A/Pot_A_Piece_04_unclustered.ply:28: property 'float32 centerx' of element 'camera' is not handled
[0;m[1;33m[pcl::PLYReader] Temp/Data/Pot_A/Pot_A_Piece_04_unclustered.ply:29: property 'float32 centery' of element 'camera' is not handled
[0;m[1;33m[pcl::PLYReader] Temp/Data/Pot_A/Pot_A_Piece_04_unclustered.ply:32: property 'float32 k1' of element 'camera' is not handled
[0;m[1;33m[pcl::PLYReader] Temp/Data/Pot_A/Pot_A_Piece_04_unclustered.ply:33: property 'float32 k2' of element 'camera' is not handled
[0;m[1;33m[pcl::PLYReader] Temp/Data/Pot_A/Pot_A_Piece_04_Surface_0.ply:25: property 'float32 focal' of element 'camera' is not handled
[0;m[1;33m[pcl::PLYReader] Temp/Data/Pot_A/Pot_A_Piece_04_Surface_0.ply:26: property 'float32 scalex' of element 'camera' is not handled
[0;m[1;33m[pcl::PLYReader] Temp/Data/Pot_A/Pot_A_Piece_04_Surface_0.ply:27: property 'float32 scaley' of element 'camera' is not handled
[0;m[1;33m[pcl::PLYReader] Temp/Data/Pot_A/Pot_A_Piece_04_Surface_0.ply:28: property 'float32 centerx' of element 'camera' is not handled
[0;m[1;33m[pcl::PLYReader] Temp/Data/Pot_A/Pot_A_Piece_04_Surface_0.ply:29: property 'float32 centery' of element 'camera' is not handled
[0;m[1;33m[pcl::PLYReader] Temp/Data/Pot_A/Pot_A_Piece_04_Surface_0.ply:32: property 'float32 k1' of element 'camera' is not handled
[0;m[1;33m[pcl::PLYReader] Temp/Data/Pot_A/Pot_A_Piece_04_Surface_0.ply:33: property 'float32 k2' of element 'camera' is not handled
[0;m[1;33m[pcl::PLYReader] Temp/Data/Pot_A/Pot_A_Piece_04_Surface_1.ply:25: property 'float32 focal' of element 'camera' is not handled
[0;m[1;33m[pcl::PLYReader] Temp/Data/Pot_A/Pot_A_Piece_04_Surface_1.ply:26: property 'float32 scalex' of element 'camera' is not handled
[0;m[1;33m[pcl::PLYReader] Temp/Data/Pot_A/Pot_A_Piece_04_Surface_1.ply:27: property 'float32 scaley' of element 'camera' is not handled
[0;m[1;33m[pcl::PLYReader] Temp/Data/Pot_A/Pot_A_Piece_04_Surface_1.ply:28: property 'float32 centerx' of element 'camera' is not handled
[0;m[1;33m[pcl::PLYReader] Temp/Data/Pot_A/Pot_A_Piece_04_Surface_1.ply:29: property 'float32 centery' of element 'camera' is not handled
[0;m[1;33m[pcl::PLYReader] Temp/Data/Pot_A/Pot_A_Piece_04_Surface_1.ply:32: property 'float32 k1' of element 'camera' is not handled
[0;m[1;33m[pcl::PLYReader] Temp/Data/Pot_A/Pot_A_Piece_04_Surface_1.ply:33: property 'float32 k2' of element 'camera' is not handled
[0;m[1;33m[pcl::PLYReader] Temp/Data/Pot_A/Pot_A_Piece_05_SampledWithNormals.ply:25: property 'float32 focal' of element 'camera' is not handled
[0;m[1;33m[pcl::PLYReader] Temp/Data/Pot_A/Pot_A_Piece_05_SampledWithNormals.ply:26: property 'float32 scalex' of element 'camera' is not handled
[0;m[1;33m[pcl::PLYReader] Temp/Data/Pot_A/Pot_A_Piece_05_SampledWithNormals.ply:27: property 'float32 scaley' of element 'camera' is not handled
[0;m[1;33m[pcl::PLYReader] Temp/Data/Pot_A/Pot_A_Piece_05_SampledWithNormals.ply:28: property 'float32 centerx' of element 'camera' is not handled
[0;m[1;33m[pcl::PLYReader] Temp/Data/Pot_A/Pot_A_Piece_05_SampledWithNormals.ply:29: property 'float32 centery' of element 'camera' is not handled
[0;m[1;33m[pcl::PLYReader] Temp/Data/Pot_A/Pot_A_Piece_05_SampledWithNormals.ply:32: property 'float32 k1' of element 'camera' is not handled
[0;m[1;33m[pcl::PLYReader] Temp/Data/Pot_A/Pot_A_Piece_05_SampledWithNormals.ply:33: property 'float32 k2' of element 'camera' is not handled
[0;m[1;33m[pcl::PLYReader] Temp/Data/Pot_A/Pot_A_Piece_05_unclustered.ply:25: property 'float32 focal' of element 'camera' is not handled
[0;m[1;33m[pcl::PLYReader] Temp/Data/Pot_A/Pot_A_Piece_05_unclustered.ply:26: property 'float32 scalex' of element 'camera' is not handled
[0;m[1;33m[pcl::PLYReader] Temp/Data/Pot_A/Pot_A_Piece_05_unclustered.ply:27: property 'float32 scaley' of element 'camera' is not handled
[0;m[1;33m[pcl::PLYReader] Temp/Data/Pot_A/Pot_A_Piece_05_unclustered.ply:28: property 'float32 centerx' of element 'camera' is not handled
[0;m[1;33m[pcl::PLYReader] Temp/Data/Pot_A/Pot_A_Piece_05_unclustered.ply:29: property 'float32 centery' of element 'camera' is not handled
[0;m[1;33m[pcl::PLYReader] Temp/Data/Pot_A/Pot_A_Piece_05_unclustered.ply:32: property 'float32 k1' of element 'camera' is not handled
[0;m[1;33m[pcl::PLYReader] Temp/Data/Pot_A/Pot_A_Piece_05_unclustered.ply:33: property 'float32 k2' of element 'camera' is not handled
[0;m[1;33m[pcl::PLYReader] Temp/Data/Pot_A/Pot_A_Piece_05_Surface_0.ply:25: property 'float32 focal' of element 'camera' is not handled
[0;m[1;33m[pcl::PLYReader] Temp/Data/Pot_A/Pot_A_Piece_05_Surface_0.ply:26: property 'float32 scalex' of element 'camera' is not handled
[0;m[1;33m[pcl::PLYReader] Temp/Data/Pot_A/Pot_A_Piece_05_Surface_0.ply:27: property 'float32 scaley' of element 'camera' is not handled
[0;m[1;33m[pcl::PLYReader] Temp/Data/Pot_A/Pot_A_Piece_05_Surface_0.ply:28: property 'float32 centerx' of element 'camera' is not handled
[0;m[1;33m[pcl::PLYReader] Temp/Data/Pot_A/Pot_A_Piece_05_Surface_0.ply:29: property 'float32 centery' of element 'camera' is not handled
[0;m[1;33m[pcl::PLYReader] Temp/Data/Pot_A/Pot_A_Piece_05_Surface_0.ply:32: property 'float32 k1' of element 'camera' is not handled
[0;m[1;33m[pcl::PLYReader] Temp/Data/Pot_A/Pot_A_Piece_05_Surface_0.ply:33: property 'float32 k2' of element 'camera' is not handled
[0;m[1;33m[pcl::PLYReader] Temp/Data/Pot_A/Pot_A_Piece_05_Surface_1.ply:25: property 'float32 focal' of element 'camera' is not handled
[0;m[1;33m[pcl::PLYReader] Temp/Data/Pot_A/Pot_A_Piece_05_Surface_1.ply:26: property 'float32 scalex' of element 'camera' is not handled
[0;m[1;33m[pcl::PLYReader] Temp/Data/Pot_A/Pot_A_Piece_05_Surface_1.ply:27: property 'float32 scaley' of element 'camera' is not handled
[0;m[1;33m[pcl::PLYReader] Temp/Data/Pot_A/Pot_A_Piece_05_Surface_1.ply:28: property 'float32 centerx' of element 'camera' is not handled
[0;m[1;33m[pcl::PLYReader] Temp/Data/Pot_A/Pot_A_Piece_05_Surface_1.ply:29: property 'float32 centery' of element 'camera' is not handled
[0;m[1;33m[pcl::PLYReader] Temp/Data/Pot_A/Pot_A_Piece_05_Surface_1.ply:32: property 'float32 k1' of element 'camera' is not handled
[0;m[1;33m[pcl::PLYReader] Temp/Data/Pot_A/Pot_A_Piece_05_Surface_1.ply:33: property 'float32 k2' of element 'camera' is not handled
[0;m[1;33m[pcl::PLYReader] Temp/Data/Pot_A/Pot_A_Piece_06_SampledWithNormals.ply:25: property 'float32 focal' of element 'camera' is not handled
[0;m[1;33m[pcl::PLYReader] Temp/Data/Pot_A/Pot_A_Piece_06_SampledWithNormals.ply:26: property 'float32 scalex' of element 'camera' is not handled
[0;m[1;33m[pcl::PLYReader] Temp/Data/Pot_A/Pot_A_Piece_06_SampledWithNormals.ply:27: property 'float32 scaley' of element 'camera' is not handled
[0;m[1;33m[pcl::PLYReader] Temp/Data/Pot_A/Pot_A_Piece_06_SampledWithNormals.ply:28: property 'float32 centerx' of element 'camera' is not handled
[0;m[1;33m[pcl::PLYReader] Temp/Data/Pot_A/Pot_A_Piece_06_SampledWithNormals.ply:29: property 'float32 centery' of element 'camera' is not handled
[0;m[1;33m[pcl::PLYReader] Temp/Data/Pot_A/Pot_A_Piece_06_SampledWithNormals.ply:32: property 'float32 k1' of element 'camera' is not handled
[0;m[1;33m[pcl::PLYReader] Temp/Data/Pot_A/Pot_A_Piece_06_SampledWithNormals.ply:33: property 'float32 k2' of element 'camera' is not handled
[0;m[1;33m[pcl::PLYReader] Temp/Data/Pot_A/Pot_A_Piece_06_unclustered.ply:25: property 'float32 focal' of element 'camera' is not handled
[0;m[1;33m[pcl::PLYReader] Temp/Data/Pot_A/Pot_A_Piece_06_unclustered.ply:26: property 'float32 scalex' of element 'camera' is not handled
[0;m[1;33m[pcl::PLYReader] Temp/Data/Pot_A/Pot_A_Piece_06_unclustered.ply:27: property 'float32 scaley' of element 'camera' is not handled
[0;m[1;33m[pcl::PLYReader] Temp/Data/Pot_A/Pot_A_Piece_06_unclustered.ply:28: property 'float32 centerx' of element 'camera' is not handled
[0;m[1;33m[pcl::PLYReader] Temp/Data/Pot_A/Pot_A_Piece_06_unclustered.ply:29: property 'float32 centery' of element 'camera' is not handled
[0;m[1;33m[pcl::PLYReader] Temp/Data/Pot_A/Pot_A_Piece_06_unclustered.ply:32: property 'float32 k1' of element 'camera' is not handled
[0;m[1;33m[pcl::PLYReader] Temp/Data/Pot_A/Pot_A_Piece_06_unclustered.ply:33: property 'float32 k2' of element 'camera' is not handled
[0;m[1;33m[pcl::PLYReader] Temp/Data/Pot_A/Pot_A_Piece_06_Surface_0.ply:25: property 'float32 focal' of element 'camera' is not handled
[0;m[1;33m[pcl::PLYReader] Temp/Data/Pot_A/Pot_A_Piece_06_Surface_0.ply:26: property 'float32 scalex' of element 'camera' is not handled
[0;m[1;33m[pcl::PLYReader] Temp/Data/Pot_A/Pot_A_Piece_06_Surface_0.ply:27: property 'float32 scaley' of element 'camera' is not handled
[0;m[1;33m[pcl::PLYReader] Temp/Data/Pot_A/Pot_A_Piece_06_Surface_0.ply:28: property 'float32 centerx' of element 'camera' is not handled
[0;m[1;33m[pcl::PLYReader] Temp/Data/Pot_A/Pot_A_Piece_06_Surface_0.ply:29: property 'float32 centery' of element 'camera' is not handled
[0;m[1;33m[pcl::PLYReader] Temp/Data/Pot_A/Pot_A_Piece_06_Surface_0.ply:32: property 'float32 k1' of element 'camera' is not handled
[0;m[1;33m[pcl::PLYReader] Temp/Data/Pot_A/Pot_A_Piece_06_Surface_0.ply:33: property 'float32 k2' of element 'camera' is not handled
[0;m[1;33m[pcl::PLYReader] Temp/Data/Pot_A/Pot_A_Piece_06_Surface_1.ply:25: property 'float32 focal' of element 'camera' is not handled
[0;m[1;33m[pcl::PLYReader] Temp/Data/Pot_A/Pot_A_Piece_06_Surface_1.ply:26: property 'float32 scalex' of element 'camera' is not handled
[0;m[1;33m[pcl::PLYReader] Temp/Data/Pot_A/Pot_A_Piece_06_Surface_1.ply:27: property 'float32 scaley' of element 'camera' is not handled
[0;m[1;33m[pcl::PLYReader] Temp/Data/Pot_A/Pot_A_Piece_06_Surface_1.ply:28: property 'float32 centerx' of element 'camera' is not handled
[0;m[1;33m[pcl::PLYReader] Temp/Data/Pot_A/Pot_A_Piece_06_Surface_1.ply:29: property 'float32 centery' of element 'camera' is not handled
[0;m[1;33m[pcl::PLYReader] Temp/Data/Pot_A/Pot_A_Piece_06_Surface_1.ply:32: property 'float32 k1' of element 'camera' is not handled
[0;m[1;33m[pcl::PLYReader] Temp/Data/Pot_A/Pot_A_Piece_06_Surface_1.ply:33: property 'float32 k2' of element 'camera' is not handled
[0;m[1;33m[pcl::PLYReader] Temp/Data/Pot_A/Pot_A_Piece_07_SampledWithNormals.ply:25: property 'float32 focal' of element 'camera' is not handled
[0;m[1;33m[pcl::PLYReader] Temp/Data/Pot_A/Pot_A_Piece_07_SampledWithNormals.ply:26: property 'float32 scalex' of element 'camera' is not handled
[0;m[1;33m[pcl::PLYReader] Temp/Data/Pot_A/Pot_A_Piece_07_SampledWithNormals.ply:27: property 'float32 scaley' of element 'camera' is not handled
[0;m[1;33m[pcl::PLYReader] Temp/Data/Pot_A/Pot_A_Piece_07_SampledWithNormals.ply:28: property 'float32 centerx' of element 'camera' is not handled
[0;m[1;33m[pcl::PLYReader] Temp/Data/Pot_A/Pot_A_Piece_07_SampledWithNormals.ply:29: property 'float32 centery' of element 'camera' is not handled
[0;m[1;33m[pcl::PLYReader] Temp/Data/Pot_A/Pot_A_Piece_07_SampledWithNormals.ply:32: property 'float32 k1' of element 'camera' is not handled
[0;m[1;33m[pcl::PLYReader] Temp/Data/Pot_A/Pot_A_Piece_07_SampledWithNormals.ply:33: property 'float32 k2' of element 'camera' is not handled
[0;m[1;33m[pcl::PLYReader] Temp/Data/Pot_A/Pot_A_Piece_07_unclustered.ply:25: property 'float32 focal' of element 'camera' is not handled
[0;m[1;33m[pcl::PLYReader] Temp/Data/Pot_A/Pot_A_Piece_07_unclustered.ply:26: property 'float32 scalex' of element 'camera' is not handled
[0;m[1;33m[pcl::PLYReader] Temp/Data/Pot_A/Pot_A_Piece_07_unclustered.ply:27: property 'float32 scaley' of element 'camera' is not handled
[0;m[1;33m[pcl::PLYReader] Temp/Data/Pot_A/Pot_A_Piece_07_unclustered.ply:28: property 'float32 centerx' of element 'camera' is not handled
[0;m[1;33m[pcl::PLYReader] Temp/Data/Pot_A/Pot_A_Piece_07_unclustered.ply:29: property 'float32 centery' of element 'camera' is not handled
[0;m[1;33m[pcl::PLYReader] Temp/Data/Pot_A/Pot_A_Piece_07_unclustered.ply:32: property 'float32 k1' of element 'camera' is not handled
[0;m[1;33m[pcl::PLYReader] Temp/Data/Pot_A/Pot_A_Piece_07_unclustered.ply:33: property 'float32 k2' of element 'camera' is not handled
[0;m[1;33m[pcl::PLYReader] Temp/Data/Pot_A/Pot_A_Piece_07_Surface_0.ply:25: property 'float32 focal' of element 'camera' is not handled
[0;m[1;33m[pcl::PLYReader] Temp/Data/Pot_A/Pot_A_Piece_07_Surface_0.ply:26: property 'float32 scalex' of element 'camera' is not handled
[0;m[1;33m[pcl::PLYReader] Temp/Data/Pot_A/Pot_A_Piece_07_Surface_0.ply:27: property 'float32 scaley' of element 'camera' is not handled
[0;m[1;33m[pcl::PLYReader] Temp/Data/Pot_A/Pot_A_Piece_07_Surface_0.ply:28: property 'float32 centerx' of element 'camera' is not handled
[0;m[1;33m[pcl::PLYReader] Temp/Data/Pot_A/Pot_A_Piece_07_Surface_0.ply:29: property 'float32 centery' of element 'camera' is not handled
[0;m[1;33m[pcl::PLYReader] Temp/Data/Pot_A/Pot_A_Piece_07_Surface_0.ply:32: property 'float32 k1' of element 'camera' is not handled
[0;m[1;33m[pcl::PLYReader] Temp/Data/Pot_A/Pot_A_Piece_07_Surface_0.ply:33: property 'float32 k2' of element 'camera' is not handled
[0;m[1;33m[pcl::PLYReader] Temp/Data/Pot_A/Pot_A_Piece_07_Surface_1.ply:25: property 'float32 focal' of element 'camera' is not handled
[0;m[1;33m[pcl::PLYReader] Temp/Data/Pot_A/Pot_A_Piece_07_Surface_1.ply:26: property 'float32 scalex' of element 'camera' is not handled
[0;m[1;33m[pcl::PLYReader] Temp/Data/Pot_A/Pot_A_Piece_07_Surface_1.ply:27: property 'float32 scaley' of element 'camera' is not handled
[0;m[1;33m[pcl::PLYReader] Temp/Data/Pot_A/Pot_A_Piece_07_Surface_1.ply:28: property 'float32 centerx' of element 'camera' is not handled
[0;m[1;33m[pcl::PLYReader] Temp/Data/Pot_A/Pot_A_Piece_07_Surface_1.ply:29: property 'float32 centery' of element 'camera' is not handled
[0;m[1;33m[pcl::PLYReader] Temp/Data/Pot_A/Pot_A_Piece_07_Surface_1.ply:32: property 'float32 k1' of element 'camera' is not handled
[0;m[1;33m[pcl::PLYReader] Temp/Data/Pot_A/Pot_A_Piece_07_Surface_1.ply:33: property 'float32 k2' of element 'camera' is not handled
[0;m[1;33m[pcl::PLYReader] Temp/Data/Pot_A/Pot_A_Piece_08_SampledWithNormals.ply:25: property 'float32 focal' of element 'camera' is not handled
[0;m[1;33m[pcl::PLYReader] Temp/Data/Pot_A/Pot_A_Piece_08_SampledWithNormals.ply:26: property 'float32 scalex' of element 'camera' is not handled
[0;m[1;33m[pcl::PLYReader] Temp/Data/Pot_A/Pot_A_Piece_08_SampledWithNormals.ply:27: property 'float32 scaley' of element 'camera' is not handled
[0;m[1;33m[pcl::PLYReader] Temp/Data/Pot_A/Pot_A_Piece_08_SampledWithNormals.ply:28: property 'float32 centerx' of element 'camera' is not handled
[0;m[1;33m[pcl::PLYReader] Temp/Data/Pot_A/Pot_A_Piece_08_SampledWithNormals.ply:29: property 'float32 centery' of element 'camera' is not handled
[0;m[1;33m[pcl::PLYReader] Temp/Data/Pot_A/Pot_A_Piece_08_SampledWithNormals.ply:32: property 'float32 k1' of element 'camera' is not handled
[0;m[1;33m[pcl::PLYReader] Temp/Data/Pot_A/Pot_A_Piece_08_SampledWithNormals.ply:33: property 'float32 k2' of element 'camera' is not handled
[0;m[1;33m[pcl::PLYReader] Temp/Data/Pot_A/Pot_A_Piece_08_unclustered.ply:25: property 'float32 focal' of element 'camera' is not handled
[0;m[1;33m[pcl::PLYReader] Temp/Data/Pot_A/Pot_A_Piece_08_unclustered.ply:26: property 'float32 scalex' of element 'camera' is not handled
[0;m[1;33m[pcl::PLYReader] Temp/Data/Pot_A/Pot_A_Piece_08_unclustered.ply:27: property 'float32 scaley' of element 'camera' is not handled
[0;m[1;33m[pcl::PLYReader] Temp/Data/Pot_A/Pot_A_Piece_08_unclustered.ply:28: property 'float32 centerx' of element 'camera' is not handled
[0;m[1;33m[pcl::PLYReader] Temp/Data/Pot_A/Pot_A_Piece_08_unclustered.ply:29: property 'float32 centery' of element 'camera' is not handled
[0;m[1;33m[pcl::PLYReader] Temp/Data/Pot_A/Pot_A_Piece_08_unclustered.ply:32: property 'float32 k1' of element 'camera' is not handled
[0;m[1;33m[pcl::PLYReader] Temp/Data/Pot_A/Pot_A_Piece_08_unclustered.ply:33: property 'float32 k2' of element 'camera' is not handled
[0;m[WARNING] Cluster 0 has no boundary points! Skipping getPointsInSequence.
[WARNING] This may indicate the boundary radius (50mm) is too small for the point spacing.
[1;33m[pcl::PLYReader] Temp/Data/Pot_A/Pot_A_Piece_08_Surface_0.ply:25: property 'float32 focal' of element 'camera' is not handled
[0;m[1;33m[pcl::PLYReader] Temp/Data/Pot_A/Pot_A_Piece_08_Surface_0.ply:26: property 'float32 scalex' of element 'camera' is not handled
[0;m[1;33m[pcl::PLYReader] Temp/Data/Pot_A/Pot_A_Piece_08_Surface_0.ply:27: property 'float32 scaley' of element 'camera' is not handled
[0;m[1;33m[pcl::PLYReader] Temp/Data/Pot_A/Pot_A_Piece_08_Surface_0.ply:28: property 'float32 centerx' of element 'camera' is not handled
[0;m[1;33m[pcl::PLYReader] Temp/Data/Pot_A/Pot_A_Piece_08_Surface_0.ply:29: property 'float32 centery' of element 'camera' is not handled
[0;m[1;33m[pcl::PLYReader] Temp/Data/Pot_A/Pot_A_Piece_08_Surface_0.ply:32: property 'float32 k1' of element 'camera' is not handled
[0;m[1;33m[pcl::PLYReader] Temp/Data/Pot_A/Pot_A_Piece_08_Surface_0.ply:33: property 'float32 k2' of element 'camera' is not handled
[0;m[1;33m[pcl::PLYReader] Temp/Data/Pot_A/Pot_A_Piece_08_Surface_1.ply:25: property 'float32 focal' of element 'camera' is not handled
[0;m[1;33m[pcl::PLYReader] Temp/Data/Pot_A/Pot_A_Piece_08_Surface_1.ply:26: property 'float32 scalex' of element 'camera' is not handled
[0;m[1;33m[pcl::PLYReader] Temp/Data/Pot_A/Pot_A_Piece_08_Surface_1.ply:27: property 'float32 scaley' of element 'camera' is not handled
[0;m[1;33m[pcl::PLYReader] Temp/Data/Pot_A/Pot_A_Piece_08_Surface_1.ply:28: property 'float32 centerx' of element 'camera' is not handled
[0;m[1;33m[pcl::PLYReader] Temp/Data/Pot_A/Pot_A_Piece_08_Surface_1.ply:29: property 'float32 centery' of element 'camera' is not handled
[0;m[1;33m[pcl::PLYReader] Temp/Data/Pot_A/Pot_A_Piece_08_Surface_1.ply:32: property 'float32 k1' of element 'camera' is not handled
[0;m[1;33m[pcl::PLYReader] Temp/Data/Pot_A/Pot_A_Piece_08_Surface_1.ply:33: property 'float32 k2' of element 'camera' is not handled
[0;m
real	3m7.695s
user	3m2.558s
sys	0m1.649s
Lmod has detected the following error: The following module(s) are unknown:
"gdown"

Please check the spelling or version number. Also try "module spider ..."
It is also possible your cache file is out-of-date; it may help to try:
  $ module --ignore_cache load "gdown"

Also make sure that all modulefiles written in TCL start with the string
#%Module



/var/spool/slurm/job18056648/slurm_script: line 141: /apps/easybuild-2022/easybuild/software/Core/MATLAB/2024a/bin/matlab: No such file or directory

real	0m0.002s
user	0m0.001s
sys	0m0.000s
