=========================================================================
   NURBS Dataset Regeneration - WITH COORDINATE SCALING FIX
=========================================================================
Job ID: 17906180
Start time: Tue 04 Nov 2025 16:53:43 AEDT

=== CRITICAL BUG FIX APPLIED ===
Bug: convertToMM=true multiplied already-mm coordinates by 1000
Result: Coordinates became 52 million instead of 32mm
Fix: Added 'false' parameter to 4 locations in mesh_processing_headless.cpp:
  - Line 399: writeMatrix_to_XYZ(..., 3, false)
  - Line 1511: writeMatrix_to_XYZ(..., 6, false)
  - Line 2025: convertPLYtoXYZ(..., false)
  - Line 2032: convertPLYtoXYZ(..., false)

=== Verification ===
Checking fixed executable exists...
✓ Executable found: /data/gpfs/projects/punim2657/sfs_preprocessing/original_nurbs_preprocessing/build/MeshPreprocessingHeadless 5.5M
  Built: 2025-11-04 16:42:43

Checking input data exists...
✓ Input PCD files: 8/8
✓ Input OBJ files: 8/8

=== Step 1: Clean Previous Outputs ===
✓ Cleaned previous temporary files

=== Step 2: NURBS Surface Generation (WITH COORDINATE FIX) ===
Running: MeshPreprocessingHeadless
Start: Tue 04 Nov 2025 16:53:43 AEDT

Copied Point file: Pot_A_Piece_01_Point.pcd
Copied Mesh file: Pot_A_Piece_01_Mesh.obj

Selected file: Dataset/Point/Pot_A/Pot_A_Piece_01_Point.pcd
[DEBUG getNormalsOnSurface] Starting function. Input points: 8854
[DEBUG getNormalsOnSurface] Creating Eigen matrix...
[DEBUG getNormalsOnSurface] Writing matrix to XYZ file...
[DEBUG getNormalsOnSurface] Reading XYZ file: fileForNormalEst_Sampled.xyz
[DEBUG getNormalsOnSurface] XYZ file read successfully. Points loaded: 8854
[ADAPTIVE CGAL] Using 8 neighbors for 8854 points (density-aware)
[DEBUG getNormalsOnSurface] PCA normal estimation complete.
[DEBUG getNormalsOnSurface] Orienting normals with MST...
[DEBUG getNormalsOnSurface] MST orientation complete.
[DEBUG getNormalsOnSurface] Erased unoriented points. Remaining: 8854
[DEBUG getNormalsOnSurface] Computing curvature for 8854 points...
[ADAPTIVE CURVATURE] Using K=29 for 8854 points
[DEBUG getNormalsOnSurface] Curvature computation complete.
[DEBUG getNormalsOnSurface] Saving PLY in ASCII mode...
[DEBUG downsamplePointCloud] Saving PLY in ASCII mode to avoid camera data issues...
Starting processing on: Dataset/Point/Pot_A/Pot_A_Piece_01_Point.pcd
Starting surface segmentation on: Temp/Data/Pot_A/Pot_A_Piece_01_SampledWithNormals.ply
[DEBUG] Loading PLY file: Temp/Data/Pot_A/Pot_A_Piece_01_SampledWithNormals.ply
[DEBUG] PLY file loaded successfully. Points: 8854
[DEBUG] Converting PointNormal to PointXYZ...
[DEBUG] Conversion complete. Cloud size: 8854
[DEBUG] Calling getNormalsOnSurface...
[DEBUG] Input cloud size: 8854
[DEBUG getNormalsOnSurface] Starting function. Input points: 8854
[DEBUG getNormalsOnSurface] Creating Eigen matrix...
[DEBUG getNormalsOnSurface] Writing matrix to XYZ file...
[DEBUG getNormalsOnSurface] Reading XYZ file: fileForNormalEst_Sampled.xyz
[DEBUG getNormalsOnSurface] XYZ file read successfully. Points loaded: 8854
[ADAPTIVE CGAL] Using 8 neighbors for 8854 points (density-aware)
[DEBUG getNormalsOnSurface] PCA normal estimation complete.
[DEBUG getNormalsOnSurface] Orienting normals with MST...
[DEBUG getNormalsOnSurface] MST orientation complete.
[DEBUG getNormalsOnSurface] Erased unoriented points. Remaining: 8854
[DEBUG getNormalsOnSurface] Computing curvature for 8854 points...
[ADAPTIVE CURVATURE] Using K=29 for 8854 points
[DEBUG getNormalsOnSurface] Curvature computation complete.
[DEBUG getNormalsOnSurface] Saving PLY in ASCII mode...
[DEBUG] getNormalsOnSurface completed successfully. Result points: 8854
[DEBUG] Extracting normals from sampled cloud...

Total points: 8854
Number of clusters is equal to 6
Points in 
Cluster 1 : 3367
Cluster 2 : 2634
Cluster 3 : 179
Cluster 4 : 85
Cluster 5 : 73
Cluster 6 : 60
Points in two clusters / Total Points in Pointcloud: 67.78%
Points in two clusters / Total Points in all clusters: 93.79%
Calling mergeClusters function.
mergeClusters function called.
Sampled indices: 1089 1453 744 2298 2990 1621 2026 988 788 1604 3228 2498 3076 133 315 1442 2754 120 929 1211 569 2496 1154 2604 3264 2731 406 698 2978 174 
Normals flipped: false
  loading cloudForSpline.pcd
  3367 points in data set
  surface fitting ...
  loading cloudForSpline.pcd
  2634 points in data set
  surface fitting ...
[DEBUG] Saving surface cluster PLY files in ASCII mode...
[ADAPTIVE CLUSTER 1] N=2456, min=10, max=7368
PointCloud representing the Cluster: 406 data points.
PointCloud representing the Cluster: 285 data points.
PointCloud representing the Cluster: 143 data points.
PointCloud representing the Cluster: 135 data points.
PointCloud representing the Cluster: 120 data points.
PointCloud representing the Cluster: 112 data points.
PointCloud representing the Cluster: 101 data points.
PointCloud representing the Cluster: 96 data points.
PointCloud representing the Cluster: 92 data points.
PointCloud representing the Cluster: 72 data points.
PointCloud representing the Cluster: 68 data points.
PointCloud representing the Cluster: 67 data points.
PointCloud representing the Cluster: 64 data points.
PointCloud representing the Cluster: 49 data points.
PointCloud representing the Cluster: 49 data points.
PointCloud representing the Cluster: 44 data points.
PointCloud representing the Cluster: 33 data points.
PointCloud representing the Cluster: 30 data points.
PointCloud representing the Cluster: 25 data points.
PointCloud representing the Cluster: 22 data points.
PointCloud representing the Cluster: 19 data points.
PointCloud representing the Cluster: 18 data points.
PointCloud representing the Cluster: 17 data points.
PointCloud representing the Cluster: 17 data points.
PointCloud representing the Cluster: 16 data points.
PointCloud representing the Cluster: 16 data points.
PointCloud representing the Cluster: 15 data points.
PointCloud representing the Cluster: 15 data points.
PointCloud representing the Cluster: 11 data points.
PointCloud representing the Cluster: 10 data points.
[ADAPTIVE BOUNDARY] Cluster 0 has 406 points, spacing≈49.63mm, boundary_r=15mm

MeshPreprocessingHeadless exit code: 139
End: Tue 04 Nov 2025 16:54:06 AEDT

ERROR: NURBS surface generation failed!
