=== Generate PCD Files with Normals ===
Started: Mon 01 Sep 2025 12:57:02 AEST
Job ID: 15077919
=== Processing Pot_A_Piece_01 ===
❌ Failed to generate PCD with normals for piece 01
=== Processing Pot_A_Piece_02 ===
❌ Failed to generate PCD with normals for piece 02
=== Processing Pot_A_Piece_03 ===
❌ Failed to generate PCD with normals for piece 03
=== Processing Pot_A_Piece_04 ===
❌ Failed to generate PCD with normals for piece 04
=== Processing Pot_A_Piece_05 ===
❌ Failed to generate PCD with normals for piece 05
=== Processing Pot_A_Piece_06 ===
❌ Failed to generate PCD with normals for piece 06
=== Processing Pot_A_Piece_07 ===
❌ Failed to generate PCD with normals for piece 07
=== Processing Pot_A_Piece_08 ===
❌ Failed to generate PCD with normals for piece 08
=== PCD with normals generation completed at: Mon 01 Sep 2025 12:57:06 AEST ===
