INFO:    User not listed in /etc/subuid, trying root-mapped namespace
INFO:    The %post section will be run under fakeroot
INFO:    Starting build...
Copying blob sha256:216950d230057a9fb5f9890a3147b098c09acac05df07bed2aa34e580756740a
Copying config sha256:86beaeb08a93662c70ce13476bd835381e9002d19088312db06f7bc2cb21feaf
Writing manifest to image destination
2025/08/30 16:26:04  info unpack layer: sha256:216950d230057a9fb5f9890a3147b098c09acac05df07bed2aa34e580756740a
INFO:    Running post scriptlet
+ dnf update -y
+ dnf install -y epel-release
+ dnf config-manager --set-enabled crb
+ dnf install -y gcc-c++ cmake git wget pkgconfig libtool autoconf automake make patch
+ dnf install -y eigen3-devel flann-devel boost-devel qhull-devel libusb1-devel gtest-devel libpng-devel python3-devel python3-numpy python3-pip
Importing GPG key 0x3228467C:
 Userid     : "Fedora (epel9) <epel@fedoraproject.org>"
 Fingerprint: FF8A D134 4597 106E CE81 3B91 8A38 72BF 3228 467C
 From       : /etc/pki/rpm-gpg/RPM-GPG-KEY-EPEL-9
+ dnf install -y suitesparse-devel
+ dnf install -y CGAL-devel
+ cd /opt
+ wget https://github.com/PointCloudLibrary/pcl/archive/pcl-1.9.1.tar.gz
--2025-08-30 06:27:13--  https://github.com/PointCloudLibrary/pcl/archive/pcl-1.9.1.tar.gz
Resolving github.com (github.com)... 4.237.22.38
Connecting to github.com (github.com)|4.237.22.38|:443... connected.
HTTP request sent, awaiting response... 302 Found
Location: https://codeload.github.com/PointCloudLibrary/pcl/tar.gz/refs/tags/pcl-1.9.1 [following]
--2025-08-30 06:27:14--  https://codeload.github.com/PointCloudLibrary/pcl/tar.gz/refs/tags/pcl-1.9.1
Resolving codeload.github.com (codeload.github.com)... 4.237.22.35
Connecting to codeload.github.com (codeload.github.com)|4.237.22.35|:443... connected.
HTTP request sent, awaiting response... 200 OK
Length: unspecified [application/x-gzip]
Saving to: 'pcl-1.9.1.tar.gz'

     0K .......... .......... .......... .......... .......... 1.32M
    50K .......... .......... .......... .......... .......... 4.00M
   100K .......... .......... .......... .......... ..........  117M
   150K .......... .......... .......... .......... .......... 4.17M
   200K .......... .......... .......... .......... ..........  115M
   250K .......... .......... .......... .......... ..........  105M
   300K .......... .......... .......... .......... .......... 88.1M
   350K .......... .......... .......... .......... .......... 4.24M
   400K .......... .......... .......... .......... ..........  120M
   450K .......... .......... .......... .......... ..........  117M
   500K .......... .......... .......... .......... ..........  105M
   550K .......... .......... .......... .......... ..........  110M
   600K .......... .......... .......... .......... .......... 4.08M
   650K .......... .......... .......... .......... .......... 39.5M
   700K .......... .......... .......... .......... ..........  105M
   750K .......... .......... .......... .......... ..........  111M
   800K .......... .......... .......... .......... .......... 97.4M
   850K .......... .......... .......... .......... ..........  118M
   900K .......... .......... .......... .......... ..........  120M
   950K .......... .......... .......... .......... ..........  125M
  1000K .......... .......... .......... .......... ..........  115M
  1050K .......... .......... .......... .......... ..........  124M
  1100K .......... .......... .......... .......... .......... 7.85M
  1150K .......... .......... .......... .......... ..........  111M
  1200K .......... .......... .......... .......... ..........  116M
  1250K .......... .......... .......... .......... .......... 5.81M
  1300K .......... .......... .......... .......... .......... 97.1M
  1350K .......... .......... .......... .......... .......... 91.7M
  1400K .......... .......... .......... .......... .......... 98.5M
  1450K .......... .......... .......... .......... ..........  109M
  1500K .......... .......... .......... .......... .......... 3.62M
  1550K .......... .......... .......... .......... ..........  112M
  1600K .......... .......... .......... .......... ..........  111M
  1650K .......... .......... .......... .......... .......... 3.97M
  1700K .......... .......... .......... .......... ..........  115M
  1750K .......... .......... .......... .......... ..........  127M
  1800K .......... .......... .......... .......... ..........  121M
  1850K .......... .......... .......... .......... ..........  126M
  1900K .......... .......... .......... .......... ..........  124M
  1950K .......... .......... .......... .......... ..........  115M
  2000K .......... .......... .......... .......... ..........  122M
  2050K .......... .......... .......... .......... .......... 10.6M
  2100K .......... .......... .......... .......... .......... 60.2M
  2150K .......... .......... .......... .......... ..........  128M
  2200K .......... .......... .......... .......... .......... 12.1M
  2250K .......... .......... .......... .......... ..........  126M
  2300K .......... .......... .......... .......... .......... 8.93M
  2350K .......... .......... .......... .......... .......... 32.8M
  2400K .......... .......... .......... .......... .......... 43.4M
  2450K .......... .......... .......... .......... .......... 14.2M
  2500K .......... .......... .......... .......... ..........  114M
  2550K .......... .......... .......... .......... .......... 68.9M
  2600K .......... .......... .......... .......... .......... 7.86M
  2650K .......... .......... .......... .......... ..........  108M
  2700K .......... .......... .......... .......... .......... 21.3M
  2750K .......... .......... .......... .......... .......... 27.4M
  2800K .......... .......... .......... .......... ..........  116M
  2850K .......... .......... .......... .......... .......... 41.7M
  2900K .......... .......... .......... .......... .......... 8.28M
  2950K .......... .......... .......... .......... ..........  116M
  3000K .......... .......... .......... .......... .......... 29.6M
  3050K .......... .......... .......... .......... .......... 13.6M
  3100K .......... .......... .......... .......... ..........  108M
  3150K .......... .......... .......... .......... ..........  122M
  3200K .......... .......... .......... .......... .......... 8.32M
  3250K .......... .......... .......... .......... .......... 25.0M
  3300K .......... .......... .......... .......... ..........  101M
  3350K .......... .......... .......... .......... .......... 16.3M
  3400K .......... .......... .......... .......... ..........  121M
  3450K .......... .......... .......... .......... ..........  128M
  3500K .......... .......... .......... .......... .......... 7.64M
  3550K .......... .......... .......... .......... .......... 27.5M
  3600K .......... .......... .......... .......... ..........  119M
  3650K .......... .......... .......... .......... .......... 14.9M
  3700K .......... .......... .......... .......... ..........  102M
  3750K .......... .......... .......... .......... ..........  126M
  3800K .......... .......... .......... .......... .......... 7.98M
  3850K .......... .......... .......... .......... .......... 35.5M
  3900K .......... .......... .......... .......... ..........  112M
  3950K .......... .......... .......... .......... .......... 14.4M
  4000K .......... .......... .......... .......... ..........  114M
  4050K .......... .......... .......... .......... .......... 31.2M
  4100K .......... .......... .......... .......... .......... 9.67M
  4150K .......... .......... .......... .......... .......... 42.7M
  4200K .......... .......... .......... .......... ..........  112M
  4250K .......... .......... .......... .......... .......... 13.8M
  4300K .......... .......... .......... .......... ..........  127M
  4350K .......... .......... .......... .......... .......... 39.0M
  4400K .......... .......... .......... .......... .......... 9.41M
  4450K .......... .......... .......... .......... .......... 40.0M
  4500K .......... .......... .......... .......... .......... 8.70M
  4550K .......... .......... .......... .......... .......... 38.0M
  4600K .......... .......... .......... .......... .......... 12.6M
  4650K .......... .......... .......... .......... .......... 1.48M
  4700K .......... .......... .......... .......... ..........  109M
  4750K .......... .......... .......... .......... .......... 38.6M
  4800K .......... .......... .......... .......... ..........  121M
  4850K .......... .......... .......... .......... ..........  134M
  4900K .......... .......... .......... .......... ..........  122M
  4950K .......... .......... .......... .......... .......... 5.16M
  5000K .......... .......... .......... .......... ..........  114M
  5050K .......... .......... .......... .......... ..........  129M
  5100K .......... .......... .......... .......... .......... 77.2M
  5150K .......... .......... .......... .......... ..........  130M
  5200K .......... .......... .......... .......... ..........  123M
  5250K .......... .......... .......... .......... .......... 4.95M
  5300K .......... .......... .......... .......... ..........  109M
  5350K .......... .......... .......... .......... ..........  134M
  5400K .......... .......... .......... .......... .......... 6.47M
  5450K .......... .......... .......... .......... ..........  125M
  5500K .......... .......... .......... .......... ..........  101M
  5550K .......... .......... .......... .......... .......... 18.2M
  5600K .......... .......... .......... .......... ..........  119M
  5650K .......... .......... .......... .......... .......... 11.0M
  5700K .......... .......... .......... .......... .......... 13.2M
  5750K .......... .......... .......... .......... ..........  109M
  5800K .......... .......... .......... .......... ..........  118M
  5850K .......... .......... .......... .......... .......... 14.6M
  5900K .......... .......... .......... .......... .......... 39.4M
  5950K .......... .......... .......... .......... .......... 13.8M
  6000K .......... .......... .......... .......... .......... 14.6M
  6050K .......... .......... .......... .......... ..........  110M
  6100K .......... .......... .......... .......... .......... 18.0M
  6150K .......... .......... .......... .......... .......... 45.3M
  6200K .......... .......... .......... .......... .......... 36.2M
  6250K .......... .......... .......... .......... .......... 15.8M
  6300K .......... .......... .......... .......... .......... 14.1M
  6350K .......... .......... .......... .......... .......... 55.1M
  6400K .......... .......... .......... .......... .......... 16.5M
  6450K .......... .......... .......... .......... ..........  125M
  6500K .......... .......... .......... .......... .......... 12.9M
  6550K .......... .......... .......... .......... .......... 36.4M
  6600K .......... .......... .......... .......... .......... 19.3M
  6650K .......... .......... .......... .......... .......... 50.9M
  6700K .......... .......... .......... .......... .......... 11.7M
  6750K .......... .......... .......... .......... ..........  120M
  6800K .......... .......... .......... .......... .......... 25.0M
  6850K .......... .......... .......... .......... .......... 14.7M
  6900K .......... .......... .......... .......... .......... 42.0M
  6950K .......... .......... .......... .......... .......... 39.1M
  7000K .......... .......... .......... .......... .......... 16.7M
  7050K .......... .......... .......... .......... .......... 34.5M
  7100K .......... .......... .......... .......... .......... 19.0M
  7150K .......... .......... .......... .......... .......... 17.0M
  7200K .......... .......... .......... .......... .......... 44.3M
  7250K .......... .......... .......... .......... .......... 45.7M
  7300K .......... .......... .......... .......... .......... 11.5M
  7350K .......... .......... .......... .......... ..........  120M
  7400K .......... .......... .......... .......... .......... 47.2M
  7450K .......... .......... .......... .......... .......... 12.6M
  7500K .......... .......... .......... .......... .......... 37.3M
  7550K .......... .......... .......... .......... .......... 43.9M
  7600K .......... .......... .......... .......... .......... 10.0M
  7650K .......... .......... .......... .......... ..........  127M
  7700K .......... .......... .......... .......... ..........  116M
  7750K .......... .......... .......... .......... .......... 11.7M
  7800K .......... .......... .......... .......... .......... 40.1M
  7850K .......... .......... .......... .......... .......... 51.9M
  7900K .......... .......... .......... .......... .......... 10.2M
  7950K .......... .......... .......... .......... ..........  116M
  8000K .......... .......... .......... .......... ..........  110M
  8050K .......... .......... .......... .......... .......... 11.6M
  8100K .......... .......... .......... .......... .......... 44.8M
  8150K .......... .......... .......... .......... .......... 47.9M
  8200K .......... .......... .......... .......... .......... 14.8M
  8250K .......... .......... .......... .......... .......... 25.4M
  8300K .......... .......... .......... .......... .......... 34.3M
  8350K .......... .......... .......... .......... .......... 15.4M
  8400K .......... .......... .......... .......... .......... 45.0M
  8450K .......... .......... .......... .......... .......... 14.9M
  8500K .......... .......... .......... .......... .......... 18.9M
  8550K .......... .......... .......... .......... .......... 8.75M
  8600K .......... .......... .......... .......... ..........  133M
  8650K .......... .......... .......... .......... .......... 1.55M
  8700K .......... .......... .......... .......... .......... 71.0M
  8750K .......... .......... .......... .......... .......... 94.9M
  8800K .......... .......... .......... .......... ..........  131M
  8850K .......... .......... .......... .......... .......... 42.9M
  8900K .......... .......... .......... .......... ..........  127M
  8950K .......... .......... .......... .......... .......... 4.96M
  9000K .......... .......... .......... .......... ..........  117M
  9050K .......... .......... .......... .......... ..........  138M
  9100K .......... .......... .......... .......... ..........  129M
  9150K .......... .......... .......... .......... ..........  134M
  9200K .......... .......... .......... .......... .......... 86.3M
  9250K .......... .......... .......... .......... ..........  121M
  9300K .......... .......... .......... .......... .......... 4.87M
  9350K .......... .......... .......... .......... .......... 6.52M
  9400K .......... .......... .......... .......... .......... 63.0M
  9450K .......... .......... .......... .......... ..........  112M
  9500K .......... .......... .......... .......... .......... 80.5M
  9550K .......... .......... .......... .......... .......... 42.8M
  9600K .......... .......... .......... .......... .......... 8.46M
  9650K .......... .......... .......... .......... .......... 89.3M
  9700K .......... .......... .......... .......... .......... 12.4M
  9750K .......... .......... .......... .......... .......... 57.7M
  9800K .......... .......... .......... .......... .......... 26.2M
  9850K .......... .......... .......... .......... .......... 71.3M
  9900K .......... .......... .......... .......... .......... 27.3M
  9950K .......... .......... .......... .......... .......... 3.25M
 10000K .......... .......... .......... .......... ..........  123M
 10050K .......... .......... .......... .......... ..........  129M
 10100K .......... .......... .......... .......... ..........  123M
 10150K .......... .......... .......... .......... ..........  132M
 10200K .......... .......... .......... .......... ..........  126M
 10250K .......... .......... .......... .......... .......... 23.3M
 10300K .......... .......... .......... .......... .......... 12.8M
 10350K .......... .......... .......... .......... ..........  131M
 10400K .......... .......... .......... .......... .......... 15.4M
 10450K .......... .......... .......... .......... .......... 27.1M
 10500K .......... .......... .......... .......... .......... 6.43M
 10550K .......... .......... .......... .......... ..........  120M
 10600K .......... .......... .......... .......... .......... 38.1M
 10650K .......... .......... .......... .......... .......... 16.4M
 10700K .......... .......... .......... .......... .......... 7.21M
 10750K .......... .......... .......... .......... .......... 75.6M
 10800K .......... .......... .......... .......... .......... 52.1M
 10850K .......... .......... .......... .......... .......... 19.3M
 10900K .......... .......... .......... .......... .......... 8.67M
 10950K .......... .......... .......... .......... .......... 16.2M
 11000K .......... .......... .......... .......... ..........  127M
 11050K .......... .......... .......... .......... .......... 21.9M
 11100K .......... .......... .......... .......... .......... 11.3M
 11150K .......... .......... .......... .......... .......... 8.71M
 11200K .......... .......... .......... .......... ..........  117M
 11250K .......... .......... .......... .......... .......... 20.6M
 11300K .......... .......... .......... .......... .......... 10.5M
 11350K .......... .......... .......... .......... .......... 32.5M
 11400K .......... .......... .......... .......... .......... 14.3M
 11450K .......... .......... .......... .......... ..........  130M
 11500K .......... .......... .......... .......... .......... 13.2M
 11550K .......... .......... .......... .......... .......... 10.5M
 11600K .......... .......... .......... .......... .......... 15.7M
 11650K .......... .......... .......... .......... ..........  134M
 11700K .......... .......... .......... .......... .......... 10.5M
 11750K .......... .......... .......... .......... .......... 12.4M
 11800K .......... .......... .......... .......... .......... 23.5M
 11850K .......... .......... .......... .......... .......... 29.4M
 11900K .......... .......... .......... .......... .......... 40.4M
 11950K .......... .......... .......... .......... .......... 6.99M
 12000K .......... .......... .......... .......... .......... 27.8M
 12050K .......... .......... .......... .......... .......... 17.8M
 12100K .......... .......... .......... .......... ..........  134M
 12150K .......... .......... .......... .......... .......... 10.9M
 12200K .......... .......... .......... .......... .......... 10.9M
 12250K .......... .......... .......... .......... .......... 13.3M
 12300K .......... .......... .......... .......... ..........  115M
 12350K .......... .......... .......... .......... .......... 16.3M
 12400K .......... .......... .......... .......... .......... 8.96M
 12450K .......... .......... .......... .......... .......... 27.2M
 12500K .......... .......... .......... .......... .......... 21.2M
 12550K .......... .......... .......... .......... .......... 93.6M
 12600K .......... .......... .......... .......... .......... 8.24M
 12650K .......... .......... .......... .......... .......... 18.7M
 12700K .......... .......... .......... .......... .......... 15.6M
 12750K .......... .......... .......... .......... ..........  128M
 12800K .......... .......... .......... .......... .......... 19.5M
 12850K .......... .......... .......... .......... .......... 7.83M
 12900K .......... .......... .......... .......... .......... 15.5M
 12950K .......... .......... .......... .......... .......... 38.8M
 13000K .......... .......... .......... .......... .......... 23.0M
 13050K .......... .......... .......... .......... .......... 11.5M
 13100K .......... .......... .......... .......... .......... 18.5M
 13150K .......... .......... .......... .......... .......... 21.5M
 13200K .......... .......... .......... .......... ..........  122M
 13250K .......... .......... .......... .......... .......... 9.59M
 13300K .......... .......... .......... .......... .......... 17.7M
 13350K .......... .......... .......... .......... .......... 11.2M
 13400K .......... .......... .......... .......... ..........  121M
 13450K .......... .......... .......... .......... .......... 19.6M
 13500K .......... .......... .......... .......... .......... 9.76M
 13550K .......... .......... .......... .......... .......... 21.4M
 13600K .......... .......... .......... .......... .......... 16.3M
 13650K .......... .......... .......... .......... .......... 47.9M
 13700K .......... .......... .......... .......... .......... 14.8M
 13750K .......... .......... .......... .......... .......... 15.0M
 13800K .......... .......... .......... .......... .......... 10.8M
 13850K .......... .......... .......... .......... ..........  125M
 13900K .......... .......... .......... .......... .......... 17.9M
 13950K .......... .......... .......... .......... .......... 13.6M
 14000K .......... .......... .......... .......... .......... 19.5M
 14050K .......... .......... .......... .......... .......... 15.2M
 14100K .......... .......... .......... .......... .......... 81.7M
 14150K .......... .......... .......... .......... .......... 15.3M
 14200K .......... .......... .......... .......... .......... 10.4M
 14250K .......... .......... .......... .......... .......... 15.3M
 14300K .......... .......... .......... .......... ..........  126M
 14350K .......... .......... .......... .......... .......... 17.9M
 14400K .......... .......... .......... .......... .......... 13.5M
 14450K .......... .......... .......... .......... .......... 20.3M
 14500K .......... .......... .......... .......... .......... 16.5M
 14550K .......... .......... .......... .......... .......... 17.7M
 14600K .......... .......... .......... .......... .......... 23.4M
 14650K .......... .......... .......... .......... .......... 12.0M
 14700K .......... .......... .......... .......... .......... 16.2M
 14750K .......... .......... .......... .......... .......... 67.9M
 14800K .......... .......... .......... .......... .......... 12.8M
 14850K .......... .......... .......... .......... .......... 16.0M
 14900K .......... .......... .......... .......... .......... 9.59M
 14950K .......... .......... .......... .......... .......... 32.9M
 15000K .......... .......... .......... .......... .......... 3.88M
 15050K .......... .......... .......... .......... ..........  130M
 15100K .......... .......... .......... .......... ..........  124M
 15150K .......... .......... .......... .......... ..........  133M
 15200K .......... .......... .......... .......... ..........  125M
 15250K .......... .......... .......... .......... .......... 11.1M
 15300K .......... .......... .......... .......... .......... 7.97M
 15350K .......... .......... .......... .......... ..........  125M
 15400K .......... .......... .......... .......... .......... 8.31M
 15450K .......... .......... .......... .......... .......... 7.00M
 15500K .......... .......... .......... .......... ..........  125M
 15550K .......... .......... .......... .......... .......... 8.69M
 15600K .......... .......... .......... .......... .......... 8.30M
 15650K .......... .......... .......... .......... .......... 3.60M
 15700K .......... .......... .......... .......... ..........  122M
 15750K .......... .......... .......... .......... .......... 6.83M
 15800K .......... .......... .......... .......... ..........  126M
 15850K .......... .......... .......... .......... ..........  129M
 15900K .......... .......... .......... .......... .......... 7.31M
 15950K .......... .......... .......... .......... .......... 11.1M
 16000K .......... .......... .......... .......... .......... 8.89M
 16050K .......... .......... .......... .......... .......... 7.74M
 16100K .......... .......... .......... .......... .......... 8.64M
 16150K .......... .......... .......... .......... .......... 7.91M
 16200K .......... .......... .......... .......... .......... 3.91M
 16250K .......... .......... .......... .......... ..........  122M
 16300K .......... .......... .......... .......... .......... 7.85M
 16350K .......... .......... .......... .......... .......... 7.20M
 16400K .......... .......... .......... .......... .......... 4.12M
 16450K .......... .......... .......... .......... .......... 7.70M
 16500K .......... .......... .......... .......... .......... 7.56M
 16550K .......... .......... .......... .......... .......... 4.85M
 16600K .......... .......... .......... .......... .......... 6.01M
 16650K .......... .......... .......... .......... .......... 6.31M
 16700K .......... .......... .......... .......... .......... 5.30M
 16750K .......... .......... .......... .......... .......... 16.2M
 16800K .......... .......... .......... .......... .......... 4.13M
 16850K .......... .......... .......... .......... .......... 9.11M
 16900K .......... .......... .......... .......... .......... 6.96M
 16950K .......... .......... .......... .......... .......... 4.04M
 17000K .......... .......... .......... .......... .......... 31.3M
 17050K .......... .......... .......... .......... .......... 4.36M
 17100K .......... .......... .......... .......... .......... 9.26M
 17150K .......... .......... .......... .......... .......... 6.36M
 17200K .......... .......... .......... .......... .......... 4.17M
 17250K .......... .......... .......... .......... .......... 3.87M
 17300K .......... .......... .......... .......... ..........  108M
 17350K .......... .......... .......... .......... .......... 4.35M
 17400K .......... .......... .......... .......... .......... 4.84M
 17450K .......... .......... .......... .......... .......... 4.03M
 17500K .......... .......... .......... .......... .......... 6.73M
 17550K .......... .......... .......... .......... .......... 4.08M
 17600K .......... .......... .......... .......... .......... 6.70M
 17650K .......... .......... .......... .......... .......... 4.17M
 17700K .......... .......... .......... .......... .......... 4.14M
 17750K .......... .......... .......... .......... .......... 4.65M
 17800K .......... .......... .......... .......... .......... 6.30M
 17850K .......... .......... .......... .......... .......... 4.85M
 17900K .......... .......... .......... .......... .......... 4.12M
 17950K .......... .......... .......... .......... .......... 3.94M
 18000K .......... .......... .......... .......... .......... 4.09M
 18050K .......... .......... .......... .......... .......... 17.3M
 18100K .......... .......... .......... .......... .......... 2.14M
 18150K .......... .......... .......... .......... .......... 50.4M
 18200K .......... .......... .......... .......... .......... 3.63M
 18250K .......... .......... .......... .......... .......... 4.06M
 18300K .......... .......... .......... .......... .......... 3.77M
 18350K .......... .......... .......... .......... .......... 3.59M
 18400K .......... .......... .......... .......... .......... 3.73M
 18450K .......... .......... .......... .......... .......... 2.04M
 18500K .......... .......... .......... .......... .......... 62.2M
 18550K .......... .......... .......... .......... .......... 2.33M
 18600K .......... .......... .......... .......... .......... 3.01M
 18650K .......... .......... .......... .......... .......... 2.29M
 18700K .......... .......... .......... .......... .......... 2.88M
 18750K .......... .......... .......... .......... .......... 2.43M
 18800K .......... .......... .......... .......... .......... 3.98M
 18850K .......... .......... .......... .......... .......... 3.04M
 18900K .......... .......... .......... .......... .......... 1.89M
 18950K .......... .......... .......... .......... .......... 4.34M
 19000K .......... .......... .......... .......... .......... 2.35M
 19050K .......... .......... .......... .......... .......... 3.08M
 19100K .......... .......... .......... .......... .......... 2.07M
 19150K .......... .......... .......... .......... .......... 2.36M
 19200K .......... .......... .......... .......... .......... 3.12M
 19250K .......... .......... .......... .......... .......... 2.05M
 19300K .......... .......... .......... .......... .......... 1.32M
 19350K .......... .......... .......... .......... .......... 1.46M
 19400K .......... .......... .......... .......... ..........  951K
 19450K .......... .......... .......... .......... .......... 1.35M
 19500K .......... .......... .......... .......... .......... 1.29M
 19550K .......... .......... .......... .......... .......... 1.01M
 19600K .......... .......... .......... .......... .......... 1.30M
 19650K .......... .......... .......... .......... .......... 1.30M
 19700K .......... .......... .......... .......... .......... 1.03M
 19750K .......... .......... .......... .......... .......... 1.80M
 19800K .......... .......... .......... .......... .......... 1.47M
 19850K .......... .......... .......... .......... .......... 1.97M
 19900K .......... .......... .......... .......... .......... 1.78M
 19950K .......... .......... .......... .......... .......... 2.01M
 20000K .......... .......... .......... .......... .......... 2.03M
 20050K .......... .......... .......... .......... .......... 2.25M
 20100K .......... .......... .......... .......... .......... 1.95M
 20150K .......... .......... .......... .......... .......... 3.08M
 20200K .......... .......... .......... .......... .......... 1.95M
 20250K .......... .......... .......... .......... .......... 2.23M
 20300K .......... .......... .......... .......... .......... 2.89M
 20350K .......... .......... .......... .......... .......... 2.44M
 20400K .......... .......... .......... .......... .......... 2.87M
 20450K .......... .......... .......... .......... .......... 4.00M
 20500K .......... .......... .......... .......... .......... 2.50M
 20550K .......... .......... .......... .......... .......... 3.04M
 20600K .......... .......... .......... .......... .......... 3.62M
 20650K .......... .......... .......... .......... .......... 2.12M
 20700K .......... .......... .......... .......... .......... 2.29M
 20750K .......... .......... .......... .......... .......... 3.27M
 20800K .......... .......... .......... .......... .......... 2.19M
 20850K .......... .......... .......... .......... .......... 2.03M
 20900K .......... .......... .......... .......... .......... 3.48M
 20950K .......... .......... .......... .......... .......... 2.03M
 21000K .......... .......... .......... .......... .......... 3.43M
 21050K .......... .......... .......... .......... .......... 2.06M
 21100K .......... .......... .......... .......... .......... 3.92M
 21150K .......... .......... .......... .......... .......... 3.31M
 21200K .......... .......... .......... .......... .......... 2.15M
 21250K .......... .......... .......... .......... .......... 3.88M
 21300K .......... .......... .......... .......... .......... 3.55M
 21350K .......... .......... .......... .......... .......... 2.04M
 21400K .......... .......... .......... .......... .......... 1.99M
 21450K .......... .......... .......... .......... .......... 3.66M
 21500K .......... .......... .......... .......... .......... 1.95M
 21550K .......... .......... .......... .......... .......... 3.58M
 21600K .......... .......... .......... .......... .......... 2.00M
 21650K .......... .......... .......... .......... .......... 1.96M
 21700K .......... .......... .......... .......... .......... 3.64M
 21750K .......... .......... .......... .......... .......... 3.95M
 21800K .......... .......... .......... .......... .......... 2.11M
 21850K .......... .......... .......... .......... .......... 3.83M
 21900K .......... .......... .......... .......... .......... 4.03M
 21950K .......... .......... .......... .......... .......... 2.09M
 22000K .......... .......... .......... .......... .......... 3.88M
 22050K .......... .......... .......... .......... .......... 4.03M
 22100K .......... .......... .......... .......... .......... 3.95M
 22150K .......... .......... .......... .......... .......... 2.07M
 22200K .......... .......... .......... .......... .......... 3.61M
 22250K .......... .......... .......... .......... .......... 4.03M
 22300K .......... .......... .......... .......... .......... 4.07M
 22350K .......... .......... .......... .......... .......... 4.01M
 22400K .......... .......... .......... .......... .......... 4.02M
 22450K .......... .......... .......... .......... .......... 4.08M
 22500K .......... .......... .......... .......... .......... 1.93M
 22550K .......... .......... .......... .......... .......... 4.00M
 22600K .......... .......... .......... .......... .......... 4.06M
 22650K .......... .......... .......... .......... .......... 4.06M
 22700K .......... .......... .......... .......... .......... 4.01M
 22750K .......... .......... .......... .......... .......... 3.84M
 22800K .......... .......... .......... .......... .......... 3.92M
 22850K .......... .......... .......... .......... .......... 3.92M
 22900K .......... .......... .......... .......... .......... 3.74M
 22950K .......... .......... .......... .......... .......... 1.96M
 23000K .......... .......... .......... .......... .......... 4.02M
 23050K .......... .......... .......... .......... .......... 4.00M
 23100K .......... .......... .......... .......... .......... 2.04M
 23150K .......... .......... .......... .......... .......... 4.04M
 23200K .......... .......... .......... .......... .......... 3.78M
 23250K .......... .......... .......... .......... .......... 2.01M
 23300K .......... .......... .......... .......... .......... 3.68M
 23350K .......... .......... .......... .......... .......... 4.03M
 23400K .......... .......... .......... .......... .......... 3.83M
 23450K .......... .......... .......... .......... .......... 3.87M
 23500K .......... .......... .......... .......... .......... 3.76M
 23550K .......... .......... .......... .......... .......... 4.00M
 23600K .......... .......... .......... .......... .......... 2.15M
 23650K .......... .......... .......... .......... .......... 2.01M
 23700K .......... .......... .......... .......... .......... 33.7M
 23750K .......... .......... .......... .......... .......... 3.86M
 23800K .......... .......... .......... .......... .......... 2.08M
 23850K .......... .......... .......... .......... .......... 3.80M
 23900K .......... .......... .......... .......... .......... 2.04M
 23950K .......... .......... .......... .......... .......... 3.95M
 24000K .......... .......... .......... .......... .......... 3.94M
 24050K .......... .......... .......... .......... .......... 2.10M
 24100K .......... .......... .......... .......... .......... 3.14M
 24150K .......... .......... .......... .......... .......... 2.17M
 24200K .......... .......... .......... .......... .......... 1.84M
 24250K .......... .......... .......... .......... .......... 1.30M
 24300K .......... .......... .......... .......... .......... 1.85M
 24350K .......... .......... .......... .......... .......... 1.42M
 24400K .......... .......... .......... .......... .......... 1.86M
 24450K .......... .......... .......... .......... .......... 2.02M
 24500K .......... .......... .......... .......... .......... 1.97M
 24550K .......... .......... .......... .......... .......... 3.87M
 24600K .......... .......... .......... .......... .......... 2.03M
 24650K .......... .......... .......... .......... .......... 2.05M
 24700K .......... .......... .......... .......... .......... 3.62M
 24750K .......... .......... .......... .......... .......... 1.96M
 24800K .......... .......... .......... .......... .......... 3.84M
 24850K .......... .......... .......... .......... .......... 1.91M
 24900K .......... .......... .......... .......... .......... 3.92M
 24950K .......... .......... .......... .......... .......... 2.05M
 25000K .......... .......... .......... .......... .......... 3.75M
 25050K .......... .......... .......... .......... .......... 1.99M
 25100K .......... .......... .......... .......... .......... 2.04M
 25150K .......... .......... .......... .......... .......... 2.02M
 25200K .......... .......... .......... .......... .......... 3.85M
 25250K .......... .......... .......... .......... .......... 2.00M
 25300K .......... .......... .......... .......... .......... 2.03M
 25350K .......... .......... .......... .......... .......... 3.76M
 25400K .......... .......... .......... .......... .......... 2.01M
 25450K .......... .......... .......... .......... .......... 1.97M
 25500K .......... .......... .......... .......... .......... 1.43M
 25550K .......... .......... .......... .......... .......... 3.40M
 25600K .......... .......... .......... .......... .......... 1.36M
 25650K .......... .......... .......... .......... .......... 1.36M
 25700K .......... .......... .......... .......... .......... 2.00M
 25750K .......... .......... .......... .......... .......... 1.35M
 25800K .......... .......... .......... .......... .......... 1.35M
 25850K .......... .......... .......... .......... .......... 1.35M
 25900K .......... .......... .......... .......... .......... 2.01M
 25950K .......... .......... .......... .......... .......... 1.34M
 26000K .......... .......... .......... .......... .......... 1.32M
 26050K .......... .......... .......... .......... .......... 1.34M
 26100K .......... .......... .......... .......... .......... 1.93M
 26150K .......... .......... .......... .......... .......... 1.31M
 26200K .......... .......... .......... .......... .......... 1.35M
 26250K .......... .......... .......... .......... .......... 2.03M
 26300K .......... .......... .......... .......... .......... 1.28M
 26350K .......... .......... .......... .......... .......... 1.84M
 26400K .......... .......... .......... .......... .......... 1.91M
 26450K .......... .......... .......... .......... .......... 1.41M
 26500K .......... .......... .......... .......... .......... 2.01M
 26550K .......... .......... .......... .......... .......... 1.97M
 26600K .......... .......... .......... .......... .......... 1.70M
 26650K .......... .......... .......... .......... .......... 1.38M
 26700K .......... .......... .......... .......... .......... 1.23M
 26750K .......... .......... .......... .......... .......... 1.30M
 26800K .......... .......... .......... .......... .......... 1.33M
 26850K .......... .......... .......... .......... .......... 1.31M
 26900K .......... .......... .......... .......... .......... 1.91M
 26950K .......... .......... .......... .......... .......... 1.34M
 27000K .......... .......... .......... .......... .......... 1.36M
 27050K .......... .......... .......... .......... .......... 1.34M
 27100K .......... .......... .......... .......... .......... 1.31M
 27150K .......... .......... .......... .......... .......... 1.32M
 27200K .......... .......... .......... .......... .......... 1.28M
 27250K .......... .......... .......... .......... .......... 1.34M
 27300K .......... .......... .......... .......... .......... 2.02M
 27350K .......... .......... .......... .......... .......... 1.36M
 27400K .......... .......... .......... .......... .......... 1.97M
 27450K .......... .......... .......... .......... .......... 2.00M
 27500K .......... .......... .......... .......... .......... 2.01M
 27550K .......... .......... .......... .......... .......... 1.93M
 27600K .......... .......... .......... .......... .......... 3.56M
 27650K .......... .......... .......... .......... .......... 2.03M
 27700K .......... .......... .......... .......... .......... 2.11M
 27750K .......... .......... .......... .......... .......... 3.69M
 27800K .......... .......... .......... .......... .......... 2.04M
 27850K .......... .......... .......... .......... .......... 3.43M
 27900K .......... .......... .......... .......... .......... 2.02M
 27950K .......... .......... .......... .......... .......... 3.98M
 28000K .......... .......... .......... .......... .......... 3.58M
 28050K .......... .......... .......... .......... .......... 1.97M
 28100K .......... .......... .......... .......... .......... 3.94M
 28150K .......... .......... .......... .......... .......... 3.87M
 28200K .......... .......... .......... .......... .......... 1.99M
 28250K .......... .......... .......... .......... .......... 3.79M
 28300K .......... .......... .......... .......... .......... 4.02M
 28350K .......... .......... .......... .......... .......... 4.02M
 28400K .......... .......... .......... .......... .......... 3.89M
 28450K .......... .......... .......... .......... .......... 4.04M
 28500K .......... .......... .......... .......... .......... 4.02M
 28550K .......... .......... .......... .......... .......... 3.98M
 28600K .......... .......... .......... .......... .......... 2.08M
 28650K .......... .......... .......... .......... .......... 3.69M
 28700K .......... .......... .......... .......... .......... 3.83M
 28750K .......... .......... .......... .......... .......... 4.00M
 28800K .......... .......... .......... .......... .......... 4.03M
 28850K .......... .......... .......... .......... .......... 4.06M
 28900K .......... .......... .......... .......... .......... 3.90M
 28950K .......... .......... .......... .......... .......... 4.05M
 29000K .......... .......... .......... .......... .......... 4.11M
 29050K .......... .......... .......... .......... .......... 4.06M
 29100K .......... .......... .......... .......... .......... 4.51M
 29150K .......... .......... .......... .......... .......... 21.9M
 29200K .......... .......... .......... .......... .......... 3.73M
 29250K .......... .......... .......... .......... .......... 4.05M
 29300K .......... .......... .......... .......... .......... 1.94M
 29350K .......... .......... .......... .......... .......... 99.8M
 29400K .......... .......... .......... .......... .......... 3.95M
 29450K .......... .......... .......... .......... .......... 2.21M
 29500K .......... .......... .......... .......... .......... 4.01M
 29550K .......... .......... .......... .......... .......... 3.62M
 29600K .......... .......... .......... .......... .......... 3.63M
 29650K .......... .......... .......... .......... .......... 4.03M
 29700K .......... .......... .......... .......... .......... 4.04M
 29750K .......... .......... .......... .......... .......... 2.32M
 29800K .......... .......... .......... .......... .......... 3.98M
 29850K .......... .......... .......... .......... .......... 4.05M
 29900K .......... .......... .......... .......... .......... 4.01M
 29950K .......... .......... .......... .......... .......... 3.83M
 30000K .......... .......... .......... .......... .......... 3.96M
 30050K .......... .......... .......... .......... .......... 3.98M
 30100K .......... .......... .......... .......... .......... 4.06M
 30150K .......... .......... .......... .......... .......... 4.11M
 30200K .......... .......... .......... .......... .......... 3.97M
 30250K .......... .......... .......... .......... .......... 2.03M
 30300K .......... .......... .......... .......... ..........  103M
 30350K .......... .......... .......... .......... .......... 3.05M
 30400K .......... .......... .......... .......... .......... 3.83M
 30450K .......... .......... .......... .......... .......... 1.98M
 30500K .......... .......... .......... .......... .......... 2.45M
 30550K .......... .......... .......... .......... .......... 2.10M
 30600K .......... .......... .......... .......... .......... 2.80M
 30650K .......... .......... .......... .......... .......... 2.03M
 30700K .......... .......... .......... .......... .......... 2.35M
 30750K .......... .......... .......... .......... .......... 2.04M
 30800K .......... .......... .......... .......... .......... 2.92M
 30850K .......... .......... .......... .......... .......... 2.49M
 30900K .......... .......... .......... .......... .......... 2.98M
 30950K .......... .......... .......... .......... .......... 2.32M
 31000K .......... .......... .......... .......... .......... 1.97M
 31050K .......... .......... .......... .......... .......... 1.93M
 31100K .......... .......... .......... .......... .......... 1.72M
 31150K .......... .......... .......... .......... .......... 2.29M
 31200K .......... .......... .......... .......... .......... 2.05M
 31250K .......... .......... .......... .......... .......... 1.96M
 31300K .......... .......... .......... .......... .......... 1.79M
 31350K .......... .......... .......... .......... .......... 1.35M
 31400K .......... .......... .......... .......... .......... 1.36M
 31450K .......... .......... .......... .......... .......... 1.11M
 31500K .......... .......... .......... .......... .......... 2.01M
 31550K .......... .......... .......... .......... .......... 2.00M
 31600K .......... .......... .......... .......... .......... 2.02M
 31650K .......... .......... .......... .......... .......... 2.02M
 31700K .......... .......... .......... .......... .......... 2.03M
 31750K .......... .......... .......... .......... .......... 2.04M
 31800K .......... .......... .......... .......... .......... 1.98M
 31850K .......... .......... .......... .......... .......... 4.02M
 31900K .......... .......... .......... .......... .......... 2.04M
 31950K .......... .......... .......... .......... .......... 3.68M
 32000K .......... .......... .......... .......... .......... 2.05M
 32050K .......... .......... .......... .......... .......... 4.01M
 32100K .......... .......... .......... .......... .......... 1.94M
 32150K .......... .......... .......... .......... .......... 3.88M
 32200K .......... .......... .......... .......... .......... 3.88M
 32250K .......... .......... .......... .......... .......... 2.06M
 32300K .......... .......... .......... .......... .......... 3.69M
 32350K .......... .......... .......... .......... .......... 3.97M
 32400K .......... .......... .......... .......... .......... 3.69M
 32450K .......... .......... .......... .......... .......... 2.04M
 32500K .......... .......... .......... .......... .......... 2.07M
 32550K .......... .......... .......... .......... .......... 2.03M
 32600K .......... .......... .......... .......... .......... 3.96M
 32650K .......... .......... .......... .......... .......... 1.91M
 32700K .......... .......... .......... .......... .......... 4.00M
 32750K .......... .......... .......... .......... .......... 1.36M
 32800K .......... .......... .......... .......... .......... 4.09M
 32850K .......... .......... .......... .......... .......... 3.85M
 32900K .......... .......... .......... .......... .......... 2.02M
 32950K .......... .......... .......... .......... .......... 2.05M
 33000K .......... .......... .......... .......... .......... 2.00M
 33050K .......... .......... .......... .......... .......... 2.02M
 33100K .......... .......... .......... .......... .......... 3.98M
 33150K .......... .......... .......... .......... .......... 2.02M
 33200K .......... .......... .......... .......... .......... 3.97M
 33250K .......... .......... .......... .......... .......... 1.99M
 33300K .......... .......... .......... .......... .......... 3.96M
 33350K .......... .......... .......... .......... .......... 3.98M
 33400K .......... .......... .......... .......... .......... 2.04M
 33450K .......... .......... .......... .......... .......... 4.04M
 33500K .......... .......... .......... .......... .......... 3.94M
 33550K .......... .......... .......... .......... .......... 2.04M
 33600K .......... .......... .......... .......... .......... 3.99M
 33650K .......... .......... .......... .......... .......... 4.03M
 33700K .......... .......... .......... .......... .......... 2.02M
 33750K .......... .......... .......... .......... .......... 4.01M
 33800K .......... .......... .......... .......... .......... 2.04M
 33850K .......... .......... .......... .......... .......... 3.99M
 33900K .......... .......... .......... .......... .......... 2.02M
 33950K .......... .......... .......... .......... .......... 4.04M
 34000K .......... .......... .......... .......... .......... 2.00M
 34050K .......... .......... .......... .......... .......... 2.00M
 34100K .......... .......... .......... .......... .......... 1.93M
 34150K .......... .......... .......... .......... .......... 1.94M
 34200K .......... .......... .......... .......... .......... 1.92M
 34250K .......... .......... .......... .......... .......... 1.98M
 34300K .......... .......... .......... .......... .......... 4.00M
 34350K .......... .......... .......... .......... .......... 2.03M
 34400K .......... .......... .......... .......... .......... 3.96M
 34450K .......... .......... .......... .......... .......... 2.04M
 34500K .......... .......... .......... .......... .......... 3.98M
 34550K .......... .......... .......... .......... .......... 1.91M
 34600K .......... .......... .......... .......... .......... 3.88M
 34650K .......... .......... .......... .......... .......... 2.07M
 34700K .......... .......... .......... .......... .......... 3.86M
 34750K .......... .......... .......... .......... .......... 3.82M
 34800K .......... .......... .......... .......... .......... 1.91M
 34850K .......... .......... .......... .......... .......... 3.84M
 34900K .......... .......... .......... .......... .......... 1.88M
 34950K .......... .......... .......... .......... .......... 2.01M
 35000K .......... .......... .......... .......... .......... 3.67M
 35050K .......... .......... .......... .......... .......... 1.95M
 35100K .......... .......... .......... .......... .......... 3.55M
 35150K .......... .......... .......... .......... .......... 2.03M
 35200K .......... .......... .......... .......... .......... 1.99M
 35250K .......... .......... .......... .......... .......... 3.98M
 35300K .......... .......... .......... .......... .......... 3.53M
 35350K .......... .......... .......... .......... .......... 1.92M
 35400K .......... .......... .......... .......... .......... 3.82M
 35450K .......... .......... .......... .......... .......... 3.99M
 35500K .......... .......... .......... .......... .......... 2.00M
 35550K .......... .......... .......... .......... .......... 4.01M
 35600K .......... .......... .......... .......... .......... 4.01M
 35650K .......... .......... .......... .......... .......... 2.01M
 35700K .......... .......... .......... .......... .......... 4.04M
 35750K .......... .......... .......... .......... .......... 2.03M
 35800K .......... .......... .......... .......... .......... 1.97M
 35850K .......... .......... .......... .......... .......... 3.74M
 35900K .......... .......... .......... .......... .......... 1.34M
 35950K .......... .......... .......... .......... .......... 1.94M
 36000K .......... .......... .......... .......... .......... 1.94M
 36050K .......... .......... .......... .......... .......... 2.01M
 36100K .......... .......... .......... .......... .......... 3.37M
 36150K .......... .......... .......... .......... .......... 2.08M
 36200K .......... .......... .......... .......... .......... 2.03M
 36250K .......... .......... .......... .......... .......... 2.11M
 36300K .......... .......... .......... .......... .......... 3.32M
 36350K .......... .......... .......... .......... .......... 1.93M
 36400K .......... .......... .......... .......... .......... 2.05M
 36450K .......... .......... .......... .......... .......... 1.97M
 36500K .......... .......... .......... .......... .......... 1.79M
 36550K .......... .......... .......... .......... .......... 1.01M
 36600K .......... .......... .......... .......... ..........  999K
 36650K .......... .......... .......... .......... .......... 1.01M
 36700K .......... .......... .......... .......... ..........  999K
 36750K .......... .......... .......... .......... .......... 1.33M
 36800K .......... .......... .......... .......... .......... 1.30M
 36850K .......... .......... .......... .......... .......... 2.02M
 36900K .......... .......... .......... .......... .......... 1.35M
 36950K .......... .......... .......... .......... .......... 2.02M
 37000K .......... .......... .......... .......... .......... 2.02M
 37050K .......... .......... .......... .......... .......... 2.06M
 37100K .......... .......... .......... .......... .......... 2.04M
 37150K .......... .......... .......... .......... .......... 3.77M
 37200K .......... .......... .......... .......... .......... 2.02M
 37250K .......... .......... .......... .......... .......... 2.05M
 37300K .......... .......... .......... .......... .......... 3.87M
 37350K .......... .......... .......... .......... .......... 1.33M
 37400K .......... .......... .......... .......... .......... 2.06M
 37450K .......... .......... .......... .......... .......... 1.96M
 37500K .......... .......... .......... .......... .......... 1.33M
 37550K .......... .......... .......... .......... .......... 1.41M
 37600K .......... .......... .......... .......... .......... 1.94M
 37650K .......... .......... .......... .......... .......... 2.02M
 37700K .......... .......... .......... .......... .......... 2.04M
 37750K .......... .......... .......... .......... .......... 2.05M
 37800K .......... .......... .......... .......... .......... 2.05M
 37850K .......... .......... .......... .......... .......... 3.80M
 37900K .......... .......... .......... .......... .......... 2.06M
 37950K .......... .......... .......... .......... .......... 2.06M
 38000K .......... .......... .......... .......... .......... 3.87M
 38050K .......... .......... .......... .......... .......... 2.07M
 38100K .......... .......... .......... .......... .......... 3.86M
 38150K .......... .......... .......... .......... .......... 2.11M
 38200K .......... .......... .......... .......... .......... 3.88M
 38250K .......... .......... .......... .......... .......... 3.96M
 38300K .......... .......... .......... .......... .......... 2.11M
 38350K .......... .......... .......... .......... .......... 3.85M
 38400K .......... .......... .......... .......... .......... 4.00M
 38450K .......... .......... .......... .......... .......... 3.99M
 38500K .......... .......... .......... .......... .......... 2.11M
 38550K .......... .......... .......... .......... .......... 3.85M
 38600K .......... .......... .......... .......... .......... 3.99M
 38650K .......... .......... .......... .......... .......... 4.05M
 38700K .......... .......... .......... .......... .......... 3.98M
 38750K .......... .......... .......... .......... .......... 4.04M
 38800K .......... .......... .......... .......... .......... 4.04M
 38850K .......... .......... .......... .......... .......... 3.94M
 38900K .......... .......... .......... .......... .......... 4.00M
 38950K .......... .......... .......... .......... .......... 4.01M
 39000K .......... .......... .......... .......... .......... 4.03M
 39050K .......... .......... .......... .......... .......... 4.05M
 39100K .......... .......... .......... .......... .......... 4.02M
 39150K .......... .......... .......... .......... .......... 2.14M
 39200K .......... .......... .......... .......... .......... 3.51M
 39250K .......... .......... .......... .......... .......... 4.02M
 39300K .......... .......... .......... .......... .......... 2.17M
 39350K .......... .......... .......... .......... .......... 3.56M
 39400K .......... .......... .......... .......... .......... 3.98M
 39450K .......... .......... .......... .......... .......... 2.24M
 39500K .......... .......... .......... .......... .......... 3.46M
 39550K .......... .......... .......... .......... .......... 4.03M
 39600K .......... .......... .......... .......... .......... 2.19M
 39650K .......... .......... .......... .......... .......... 3.74M
 39700K .......... .......... .......... .......... .......... 3.84M
 39750K .......... .......... .......... .......... .......... 3.97M
 39800K .......... .......... .......... .......... .......... 4.04M
 39850K .......... .......... .......... .......... .......... 2.22M
 39900K .......... .......... .......... .......... .......... 4.00M
 39950K .......... .......... .......... .......... .......... 4.05M
 40000K .......... .......... .......... .......... .......... 3.93M
 40050K .......... .......... .......... .......... .......... 4.10M
 40100K .......... .......... .......... .......... .......... 4.03M
 40150K .......... .......... .......... .......... .......... 4.09M
 40200K .......... .......... .......... .......... .......... 4.07M
 40250K .......... .......... .......... .......... .......... 4.06M
 40300K .......... .......... .......... .......... .......... 4.05M
 40350K .......... .......... .......... .......... .......... 2.03M
 40400K .......... .......... .......... .......... ..........  116M
 40450K .......... .......... .......... .......... .......... 3.83M
 40500K .......... .......... .......... .......... .......... 2.01M
 40550K .......... .......... .......... .......... .......... 3.96M
 40600K .......... .......... .......... .......... .......... 2.04M
 40650K .......... .......... .......... .......... .......... 2.05M
 40700K .......... .......... .......... .......... .......... 2.02M
 40750K .......... .......... .......... .......... .......... 4.01M
 40800K .......... .......... .......... .......... .......... 2.03M
 40850K .......... .......... .......... .......... .......... 2.03M
 40900K .......... .......... .......... .......... .......... 3.91M
 40950K .......... .......... .......... .......... .......... 2.04M
 41000K .......... .......... .......... .......... .......... 2.03M
 41050K .......... .......... .......... .......... .......... 2.03M
 41100K .......... .......... .......... .......... .......... 2.02M
 41150K .......... .......... .......... .......... .......... 2.03M
 41200K .......... .......... .......... .......... .......... 4.02M
 41250K .......... .......... .......... .......... .......... 2.04M
 41300K .......... .......... .......... .......... .......... 4.02M
 41350K .......... .......... .......... .......... .......... 2.04M
 41400K .......... .......... .......... .......... .......... 4.02M
 41450K .......... .......... .......... .......... .......... 2.03M
 41500K .......... .......... .......... .......... .......... 4.02M
 41550K .......... .......... .......... .......... .......... 4.01M
 41600K .......... .......... .......... .......... .......... 1.95M
 41650K .......... .......... .......... .......... .......... 4.07M
 41700K .......... .......... .......... .......... .......... 2.01M
 41750K .......... .......... .......... .......... .......... 3.88M
 41800K .......... .......... .......... .......... .......... 2.06M
 41850K .......... .......... .......... .......... .......... 2.07M
 41900K .......... .......... .......... .......... .......... 3.84M
 41950K .......... .......... .......... .......... .......... 2.09M
 42000K .......... .......... .......... .......... .......... 3.85M
 42050K .......... .......... .......... .......... .......... 2.10M
 42100K .......... .......... .......... .......... .......... 3.87M
 42150K .......... .......... .......... .......... .......... 2.07M
 42200K .......... .......... .......... .......... .......... 4.03M
 42250K .......... .......... .......... .......... .......... 3.98M
 42300K .......... .......... .......... .......... .......... 2.02M
 42350K .......... .......... .......... .......... .......... 2.04M
 42400K .......... .......... .......... .......... .......... 2.01M
 42450K .......... .......... .......... .......... .......... 2.04M
 42500K .......... .......... .......... .......... .......... 3.98M
 42550K .......... .......... .......... .......... .......... 2.04M
 42600K .......... .......... .......... .......... .......... 4.03M
 42650K .......... .......... .......... .......... .......... 2.05M
 42700K .......... .......... .......... .......... .......... 4.00M
 42750K .......... .......... .......... .......... .......... 2.04M
 42800K .......... .......... .......... .......... .......... 4.00M
 42850K .......... .......... .......... .......... .......... 4.02M
 42900K .......... .......... .......... .......... .......... 2.05M
 42950K .......... .......... .......... .......... .......... 3.97M
 43000K .......... .......... .......... .......... .......... 4.04M
 43050K .......... .......... .......... .......... .......... 4.02M
 43100K .......... .......... .......... .......... .......... 2.04M
 43150K .......... .......... .......... .......... .......... 4.02M
 43200K .......... .......... .......... .......... .......... 4.04M
 43250K .......... .......... .......... .......... .......... 4.03M
 43300K .......... .......... .......... .......... .......... 3.98M
 43350K .......... .......... .......... .......... .......... 4.07M
 43400K .......... .......... .......... .......... .......... 2.06M
 43450K .......... .......... .......... .......... .......... 4.02M
 43500K .......... .......... .......... .......... .......... 4.03M
 43550K .......... .......... .......... .......... .......... 3.94M
 43600K .......... .......... .......... .......... .......... 3.61M
 43650K .......... .......... .......... .......... .......... 4.61M
 43700K .......... .......... .......... .......... .......... 4.03M
 43750K .......... .......... .......... .......... .......... 3.99M
 43800K .......... .......... .......... .......... .......... 4.08M
 43850K .......... .......... .......... .......... .......... 2.06M
 43900K .......... .......... .......... .......... .......... 3.99M
 43950K .......... .......... .......... .......... .......... 4.01M
 44000K .......... .......... .......... .......... .......... 2.03M
 44050K .......... .......... .......... .......... .......... 2.03M
 44100K .......... .......... .......... .......... .......... 2.04M
 44150K .......... .......... .......... .......... .......... 2.03M
 44200K .......... .......... .......... .......... .......... 3.96M
 44250K .......... .......... .......... .......... .......... 2.02M
 44300K .......... .......... .......... .......... .......... 2.04M
 44350K .......... .......... .......... .......... .......... 4.04M
 44400K .......... .......... .......... .......... .......... 2.03M
 44450K .......... .......... .......... .......... .......... 2.01M
 44500K .......... .......... .......... .......... .......... 2.04M
 44550K .......... .......... .......... .......... .......... 2.03M
 44600K .......... .......... .......... .......... .......... 2.01M
 44650K .......... .......... .......... .......... .......... 2.02M
 44700K .......... .......... .......... .......... .......... 3.97M
 44750K .......... .......... .......... .......... .......... 2.03M
 44800K .......... .......... .......... .......... .......... 2.04M
 44850K .......... .......... .......... .......... .......... 4.00M
 44900K .......... .......... .......... .......... .......... 2.03M
 44950K .......... .......... .......... .......... .......... 4.03M
 45000K .......... .......... .......... .......... .......... 2.04M
 45050K .......... .......... .......... .......... .......... 4.05M
 45100K .......... .......... .......... .......... .......... 2.02M
 45150K .......... .......... .......... .......... .......... 1.99M
 45200K .......... .......... .......... .......... .......... 4.10M
 45250K .......... .......... .......... .......... .......... 2.06M
 45300K .......... .......... .......... .......... .......... 2.03M
 45350K .......... .......... .......... .......... .......... 2.05M
 45400K .......... .......... .......... .......... .......... 3.99M
 45450K .......... .......... .......... .......... .......... 2.04M
 45500K .......... .......... .......... .......... .......... 2.04M
 45550K .......... .......... .......... .......... .......... 3.96M
 45600K .......... .......... .......... .......... .......... 2.04M
 45650K .......... .......... .......... .......... .......... 3.74M
 45700K .......... .......... .......... .......... .......... 2.11M
 45750K .......... .......... .......... .......... .......... 3.98M
 45800K .......... .......... .......... .......... .......... 4.00M
 45850K .......... .......... .......... .......... .......... 2.04M
 45900K .......... .......... .......... .......... .......... 3.98M
 45950K .......... .......... .......... .......... .......... 2.04M
 46000K .......... .......... .......... .......... .......... 3.95M
 46050K .......... .......... .......... .......... .......... 2.05M
 46100K .......... .......... .......... .......... .......... 2.03M
 46150K .......... .......... .......... .......... .......... 4.02M
 46200K .......... .......... .......... .......... .......... 2.04M
 46250K .......... .......... .......... .......... .......... 3.98M
 46300K .......... .......... .......... .......... .......... 2.04M
 46350K .......... .......... .......... .......... .......... 4.00M
 46400K .......... .......... .......... .......... .......... 4.04M
 46450K .......... .......... .......... .......... .......... 2.05M
 46500K .......... .......... .......... .......... .......... 4.02M
 46550K .......... .......... .......... .......... .......... 4.02M
 46600K .......... .......... .......... .......... .......... 2.05M
 46650K .......... .......... .......... .......... .......... 3.97M
 46700K .......... .......... .......... .......... .......... 4.03M
 46750K .......... .......... .......... .......... .......... 4.03M
 46800K .......... .......... .......... .......... .......... 2.07M
 46850K .......... .......... .......... .......... .......... 3.98M
 46900K .......... .......... .......... .......... .......... 3.97M
 46950K .......... .......... .......... .......... .......... 4.05M
 47000K .......... .......... .......... .......... .......... 3.98M
 47050K .......... .......... .......... .......... .......... 4.01M
 47100K .......... .......... .......... .......... .......... 4.02M
 47150K .......... .......... .......... .......... .......... 4.00M
 47200K .......... .......... .......... .......... .......... 4.02M
 47250K .......... .......... .......... .......... .......... 4.04M
 47300K .......... .......... .......... .......... .......... 4.06M
 47350K .......... .......... .......... .......... .......... 4.05M
 47400K .......... .......... .......... .......... .......... 4.05M
 47450K .......... .......... .......... .......... .......... 4.22M
 47500K .......... .......... .......... .......... .......... 4.30M
 47550K .......... .......... .......... .......... .......... 4.07M
 47600K .......... .......... .......... .......... .......... 28.3M
 47650K .......... .......... .......... .......... .......... 4.05M
 47700K .......... .......... .......... .......... .......... 3.75M
 47750K .......... .......... .......... .......... .......... 4.42M
 47800K .......... .......... .......... .......... .......... 4.03M
 47850K .......... .......... .......... .......... .......... 4.07M
 47900K .......... .......... .......... .......... .......... 4.13M
 47950K .......... .......... .......... .......... .......... 78.7M
 48000K .......... .......... .......... .......... .......... 4.06M
 48050K .......... .......... .......... .......... .......... 4.04M
 48100K .......... .......... .......... .......... .......... 2.21M
 48150K .......... .......... .......... .......... .......... 1.89M
 48200K .......... .......... .......... .......... .......... 57.1M
 48250K .......... .......... .......... .......... .......... 2.05M
 48300K .......... .......... .......... .......... .......... 2.19M
 48350K .......... .......... .......... .......... .......... 3.50M
 48400K .......... .......... .......... .......... .......... 2.15M
 48450K .......... .......... .......... .......... .......... 2.08M
 48500K .......... .......... .......... .......... .......... 3.52M
 48550K .......... .......... .......... .......... .......... 1.42M
 48600K .......... .......... .......... .......... .......... 23.6M
 48650K .......... .......... .......... .......... .......... 2.01M
 48700K .......... .......... .......... .......... .......... 2.03M
 48750K .......... .......... .......... .......... .......... 2.05M
 48800K .......... .......... .......... .......... .......... 2.02M
 48850K .......... .......... .......... .......... .......... 2.18M
 48900K .......... .......... .......... .......... .......... 3.45M
 48950K .......... .......... .......... .......... .......... 2.05M
 49000K .......... .......... .......... .......... .......... 2.08M
 49050K .......... .......... .......... .......... .......... 2.04M
 49100K .......... .......... .......... .......... .......... 1.94M
 49150K .......... .......... .......... .......... .......... 2.03M
 49200K .......... .......... .......... .......... .......... 1.96M
 49250K .......... .......... .......... .......... .......... 1.39M
 49300K .......... .......... .......... .......... .......... 1.34M
 49350K .......... .......... .......... .......... .......... 2.02M
 49400K .......... .......... .......... .......... .......... 2.02M
 49450K .......... .......... .......... .......... .......... 2.03M
 49500K .......... .......... .......... .......... .......... 2.03M
 49550K .......... .......... .......... .......... .......... 2.00M
 49600K .......... .......... .......... .......... .......... 2.03M
 49650K .......... .......... .......... .......... .......... 1.99M
 49700K .......... .......... .......... .......... .......... 1.37M
 49750K .......... .......... .......... .......... .......... 1.97M
 49800K .......... .......... .......... .......... .......... 2.05M
 49850K .......... .......... .......... .......... .......... 2.05M
 49900K .......... .......... .......... .......... .......... 2.06M
 49950K .......... .......... .......... .......... .......... 2.03M
 50000K .......... .......... .......... .......... .......... 1.35M
 50050K .......... .......... .......... .......... .......... 4.05M
 50100K .......... .......... .......... .......... .......... 2.01M
 50150K .......... .......... .......... .......... .......... 2.02M
 50200K .......... .......... .......... .......... .......... 2.04M
 50250K .......... .......... .......... .......... .......... 2.02M
 50300K .......... .......... .......... .......... .......... 2.03M
 50350K .......... .......... .......... .......... .......... 2.03M
 50400K .......... .......... .......... .......... .......... 2.02M
 50450K .......... .......... .......... .......... .......... 1.99M
 50500K .......... .......... .......... .......... .......... 2.03M
 50550K .......... .......... .......... .......... .......... 2.03M
 50600K .......... .......... .......... .......... .......... 2.04M
 50650K .......... .......... .......... .......... .......... 2.04M
 50700K .......... .......... .......... .......... .......... 2.03M
 50750K .......... .......... .......... .......... .......... 2.05M
 50800K .......... .......... .......... .......... .......... 2.02M
 50850K .......... .......... .......... .......... .......... 4.00M
 50900K .......... .......... .......... .......... .......... 2.03M
 50950K .......... .......... .......... .......... .......... 4.01M
 51000K .......... .......... .......... .......... .......... 2.01M
 51050K .......... .......... .......... .......... .......... 1.37M
 51100K .......... .......... .......... .......... .......... 1.35M
 51150K .......... .......... .......... .......... .......... 1.35M
 51200K .......... .......... .......... .......... .......... 2.00M
 51250K .......... .......... .......... .......... .......... 1.35M
 51300K .......... .......... .......... .......... .......... 2.01M
 51350K .......... .......... .......... .......... .......... 1.37M
 51400K .......... .......... .......... .......... .......... 2.02M
 51450K .......... .......... .......... .......... .......... 2.04M
 51500K .......... .......... .......... .......... .......... 3.95M
 51550K .......... .......... .......... .......... .......... 2.02M
 51600K .......... .......... .......... .......... .......... 1.36M
 51650K .......... .......... .......... .......... .......... 3.95M
 51700K .......... .......... .......... .......... .......... 1.36M
 51750K .......... .......... .......... .......... .......... 2.02M
 51800K .......... .......... .......... .......... .......... 1.95M
 51850K .......... .......... .......... .......... .......... 2.12M
 51900K .......... .......... .......... .......... .......... 2.04M
 51950K .......... .......... .......... .......... .......... 2.04M
 52000K .......... .......... .......... .......... .......... 3.87M
 52050K .......... .......... .......... .......... .......... 2.04M
 52100K .......... .......... .......... .......... .......... 4.03M
 52150K .......... .......... .......... .......... .......... 2.04M
 52200K .......... .......... .......... .......... .......... 4.02M
 52250K .......... .......... .......... .......... .......... 2.04M
 52300K .......... .......... .......... .......... .......... 4.00M
 52350K .......... .......... .......... .......... .......... 2.06M
 52400K .......... .......... .......... .......... .......... 3.97M
 52450K .......... .......... .......... .......... .......... 3.97M
 52500K .......... .......... .......... .......... .......... 4.02M
 52550K .......... .......... .......... .......... .......... 2.06M
 52600K .......... .......... .......... .......... .......... 4.04M
 52650K .......... .......... .......... .......... .......... 3.98M
 52700K .......... .......... .......... .......... .......... 4.06M
 52750K .......... .......... .......... .......... .......... 2.03M
 52800K .......... .......... .......... .......... .......... 4.06M
 52850K .......... .......... .......... .......... .......... 2.03M
 52900K .......... .......... .......... .......... .......... 3.95M
 52950K .......... .......... .......... .......... .......... 2.05M
 53000K .......... .......... .......... .......... .......... 3.99M
 53050K .......... .......... .......... .......... .......... 2.05M
 53100K .......... .......... .......... .......... .......... 3.98M
 53150K .......... .......... .......... .......... .......... 4.02M
 53200K .......... .......... .......... .......... .......... 2.04M
 53250K .......... .......... .......... .......... .......... 3.99M
 53300K .......... .......... .......... .......... .......... 4.04M
 53350K .......... .......... .......... .......... .......... 4.04M
 53400K .......... .......... .......... .......... .......... 2.06M
 53450K .......... .......... .......... .......... .......... 4.01M
 53500K .......... .......... .......... .......... .......... 4.05M
 53550K .......... .......... .......... .......... .......... 4.03M
 53600K .......... .......... .......... .......... .......... 3.96M
 53650K .......... .......... .......... .......... .......... 4.07M
 53700K .......... .......... .......... .......... .......... 4.03M
 53750K .......... .......... .......... .......... .......... 4.07M
 53800K .......... .......... .......... .......... .......... 3.99M
 53850K .......... .......... .......... .......... .......... 2.08M
 53900K .......... .......... .......... .......... .......... 91.7M
 53950K .......... .......... .......... .......... .......... 4.06M
 54000K .......... .......... .......... .......... .......... 2.00M
 54050K .......... .......... .......... .......... .......... 4.20M
 54100K .......... .......... .......... .......... .......... 4.04M
 54150K .......... .......... .......... .......... .......... 2.04M
 54200K .......... .......... .......... .......... .......... 4.01M
 54250K .......... .......... .......... .......... .......... 2.04M
 54300K .......... .......... .......... .......... .......... 3.99M
 54350K .......... .......... .......... .......... .......... 4.02M
 54400K .......... .......... .......... .......... .......... 2.02M
 54450K .......... .......... .......... .......... .......... 4.00M
 54500K .......... .......... .......... .......... .......... 4.05M
 54550K .......... .......... .......... .......... .......... 4.05M
 54600K .......... .......... .......... .......... .......... 2.05M
 54650K .......... .......... .......... .......... .......... 4.06M
 54700K .......... .......... .......... .......... .......... 4.01M
 54750K .......... .......... .......... .......... .......... 4.03M
 54800K .......... .......... .......... .......... .......... 4.02M
 54850K .......... .......... .......... .......... .......... 4.04M
 54900K .......... .......... .......... .......... .......... 4.09M
 54950K .......... .......... .......... .......... .......... 4.05M
 55000K .......... .......... .......... .......... .......... 3.99M
 55050K .......... .......... .......... .......... .......... 4.06M
 55100K .......... .......... .......... .......... .......... 4.04M
 55150K .......... .......... .......... .......... .......... 4.08M
 55200K .......... .......... .......... .......... .......... 4.08M
 55250K .......... .......... .......... .......... .......... 4.05M
 55300K .......... .......... .......... .......... .......... 4.04M
 55350K .......... .......... .......... .......... .......... 4.07M
 55400K .......... .......... .......... .......... .......... 4.08M
 55450K .......... .......... .......... .......... .......... 4.11M
 55500K .......... .......... .......... .......... .......... 4.10M
 55550K .......... .......... .......... .......... .......... 66.7M
 55600K .......... .......... .......... .......... .......... 4.06M
 55650K .......... .......... .......... .......... .......... 4.04M
 55700K .......... .......... .......... .......... .......... 4.06M
 55750K .......... .......... .......... .......... .......... 4.14M
 55800K .......... .......... .......... .......... .......... 4.21M
 55850K .......... .......... .......... .......... .......... 48.9M
 55900K .......... .......... .......... .......... .......... 3.71M
 55950K .......... .......... .......... .......... .......... 4.41M
 56000K .......... .......... .......... .......... .......... 4.03M
 56050K .......... .......... .......... .......... .......... 4.45M
 56100K .......... .......... .......... .......... .......... 33.7M
 56150K .......... .......... .......... .......... .......... 3.96M
 56200K .......... .......... .......... .......... .......... 4.00M
 56250K .......... .......... .......... .......... .......... 4.17M
 56300K .......... .......... .......... .......... .......... 4.03M
 56350K .......... .......... .......... .......... .......... 4.03M
 56400K .......... .......... .......... .......... .......... 4.00M
 56450K .......... .......... .......... .......... .......... 4.04M
 56500K .......... .......... .......... .......... .......... 4.04M
 56550K .......... .......... .......... .......... .......... 2.23M
 56600K .......... .......... .......... .......... .......... 3.31M
 56650K .......... .......... .......... .......... .......... 4.12M
 56700K .......... .......... .......... .......... .......... 2.08M
 56750K .......... .......... .......... .......... .......... 3.96M
 56800K .......... .......... .......... .......... .......... 2.05M
 56850K .......... .......... .......... .......... .......... 4.02M
 56900K .......... .......... .......... .......... .......... 2.13M
 56950K .......... .......... .......... .......... .......... 3.78M
 57000K .......... .......... .......... .......... .......... 3.96M
 57050K .......... .......... .......... .......... .......... 4.04M
 57100K .......... .......... .......... .......... .......... 2.13M
 57150K .......... .......... .......... .......... .......... 3.95M
 57200K .......... .......... .......... .......... .......... 3.88M
 57250K .......... .......... .......... .......... .......... 4.08M
 57300K .......... .......... .......... .......... .......... 4.06M
 57350K .......... .......... .......... .......... .......... 4.07M
 57400K .......... .......... .......... .......... .......... 2.08M
 57450K .......... .......... .......... .......... .......... 3.99M
 57500K .......... .......... .......... .......... .......... 4.06M
 57550K .......... .......... .......... .......... .......... 4.05M
 57600K .......... .......... .......... .......... .......... 4.01M
 57650K .......... .......... .......... .......... .......... 4.02M
 57700K .......... .......... .......... .......... .......... 4.07M
 57750K .......... .......... .......... .......... .......... 4.02M
 57800K .......... .......... .......... .......... .......... 3.75M
 57850K .......... .......... .......... .......... .......... 4.42M
 57900K .......... .......... .......... .......... .......... 4.05M
 57950K .......... .......... .......... .......... .......... 4.08M
 58000K .......... .......... .......... .......... .......... 4.06M
 58050K .......... .......... .......... .......... ..........  120M
 58100K .......... .......... .......... .......... .......... 2.04M
 58150K .......... .......... .......... .......... .......... 4.03M
 58200K .......... .......... .......... .......... .......... 4.08M
 58250K .......... .......... .......... .......... .......... 4.03M
 58300K .......... .......... .......... .......... .......... 2.06M
 58350K .......... .......... .......... .......... .......... 4.02M
 58400K .......... .......... .......... .......... .......... 4.04M
 58450K .......... .......... .......... .......... .......... 4.01M
 58500K .......... .......... .......... .......... .......... 2.04M
 58550K .......... .......... .......... .......... .......... 4.03M
 58600K .......... .......... .......... .......... .......... 4.08M
 58650K .......... .......... .......... .......... .......... 4.04M
 58700K .......... .......... .......... .......... .......... 4.03M
 58750K .......... .......... .......... .......... .......... 4.08M
 58800K .......... .......... .......... .......... .......... 4.05M
 58850K .......... .......... .......... .......... .......... 4.08M
 58900K .......... .......... .......... .......... .......... 4.07M
 58950K .......... .......... .......... .......... .......... 4.05M
 59000K .......... .......... .......... .......... .......... 3.97M
 59050K .......... .......... .......... .......... .......... 4.04M
 59100K .......... .......... .......... .......... .......... 4.07M
 59150K .......... .......... .......... .......... .......... 4.03M
 59200K .......... .......... .......... .......... .......... 2.04M
 59250K .......... .......... .......... .......... .......... 4.04M
 59300K .......... .......... .......... .......... .......... 4.03M
 59350K .......... .......... .......... .......... .......... 4.00M
 59400K .......... .......... .......... .......... .......... 2.05M
 59450K .......... .......... .......... .......... .......... 4.03M
 59500K .......... .......... .......... .......... .......... 2.04M
 59550K .......... .......... .......... .......... .......... 4.04M
 59600K .......... .......... .......... .......... .......... 4.05M
 59650K .......... .......... .......... .......... .......... 4.05M
 59700K .......... .......... .......... .......... .......... 4.06M
 59750K .......... .......... .......... .......... .......... 4.04M
 59800K .......... .......... .......... .......... .......... 2.06M
 59850K .......... .......... .......... .......... .......... 3.61M
 59900K .......... .......... .......... .......... .......... 2.13M
 59950K .......... .......... .......... .......... .......... 2.04M
 60000K .......... .......... .......... .......... .......... 2.00M
 60050K .......... .......... .......... .......... .......... 2.05M
 60100K .......... .......... .......... .......... .......... 2.03M
 60150K .......... .......... .......... .......... .......... 2.04M
 60200K .......... .......... .......... .......... .......... 2.03M
 60250K .......... .......... .......... .......... .......... 3.90M
 60300K .......... .......... .......... .......... .......... 2.00M
 60350K .......... .......... .......... .......... .......... 1.38M
 60400K .......... .......... .......... .......... .......... 2.01M
 60450K .......... .......... .......... .......... .......... 2.02M
 60500K .......... .......... .......... .......... .......... 2.03M
 60550K .......... .......... .......... .......... .......... 2.02M
 60600K .......... .......... .......... .......... .......... 2.02M
 60650K .......... .......... .......... .......... .......... 2.05M
 60700K .......... .......... .......... .......... .......... 3.96M
 60750K .......... .......... .......... .......... .......... 2.03M
 60800K .......... .......... .......... .......... .......... 3.98M
 60850K .......... .......... .......... .......... .......... 2.05M
 60900K .......... .......... .......... .......... .......... 3.99M
 60950K .......... .......... .......... .......... .......... 2.05M
 61000K .......... .......... .......... .......... .......... 4.00M
 61050K .......... .......... .......... .......... .......... 4.01M
 61100K .......... .......... .......... .......... .......... 2.03M
 61150K .......... .......... .......... .......... .......... 3.99M
 61200K .......... .......... .......... .......... .......... 4.06M
 61250K .......... .......... .......... .......... .......... 3.99M
 61300K .......... .......... .......... .......... .......... 2.06M
 61350K .......... .......... .......... .......... .......... 3.99M
 61400K .......... .......... .......... .......... .......... 3.96M
 61450K .......... .......... .......... .......... .......... 4.00M
 61500K .......... .......... .......... .......... .......... 4.03M
 61550K .......... .......... .......... .......... .......... 4.04M
 61600K .......... .......... .......... .......... .......... 4.02M
 61650K .......... .......... .......... .......... .......... 4.04M
 61700K .......... .......... .......... .......... .......... 4.02M
 61750K .......... .......... .......... .......... .......... 4.01M
 61800K .......... .......... .......... .......... .......... 2.02M
 61850K .......... .......... .......... .......... .......... 4.16M
 61900K .......... .......... .......... .......... .......... 3.71M
 61950K .......... .......... .......... .......... .......... 2.14M
 62000K .......... .......... .......... .......... .......... 3.95M
 62050K .......... .......... .......... .......... .......... 3.82M
 62100K .......... .......... .......... .......... .......... 2.10M
 62150K .......... .......... .......... .......... .......... 3.96M
 62200K .......... .......... .......... .......... .......... 3.79M
 62250K .......... .......... .......... .......... .......... 2.13M
 62300K .......... .......... .......... .......... .......... 3.97M
 62350K .......... .......... .......... .......... .......... 4.03M
 62400K .......... .......... .......... .......... .......... 3.92M
 62450K .......... .......... .......... .......... .......... 3.98M
 62500K .......... .......... .......... .......... .......... 2.12M
 62550K .......... .......... .......... .......... .......... 4.01M
 62600K .......... .......... .......... .......... .......... 4.02M
 62650K .......... .......... .......... .......... .......... 4.06M
 62700K .......... .......... .......... .......... .......... 4.02M
 62750K .......... .......... .......... .......... .......... 4.03M
 62800K .......... .......... .......... .......... .......... 4.02M
 62850K .......... .......... .......... .......... .......... 4.01M
 62900K .......... .......... .......... .......... .......... 4.02M
 62950K .......... .......... .......... .......... .......... 4.04M
 63000K .......... .......... .......... .......... .......... 4.01M
 63050K .......... .......... .......... .......... .......... 4.13M
 63100K .......... .......... .......... .......... .......... 4.29M
 63150K .......... .......... .......... .......... .......... 4.01M
 63200K .......... .......... .......... .......... .......... 35.3M
 63250K .......... .......... .......... .......... .......... 4.02M
 63300K .......... .......... .......... .......... .......... 4.05M
 63350K .......... .......... .......... .......... .......... 4.06M
 63400K .......... .......... .......... .......... .......... 4.04M
 63450K .......... .......... .......... .......... .......... 4.06M
 63500K .......... .......... .......... .......... .......... 4.36M
 63550K .......... .......... .......... .......... .......... 40.9M
 63600K .......... .......... .......... .......... .......... 4.06M
 63650K .......... .......... .......... .......... .......... 4.07M
 63700K .......... .......... .......... .......... .......... 4.04M
 63750K .......... .......... .......... .......... .......... 4.06M
 63800K .......... .......... .......... .......... .......... 4.46M
 63850K .......... .......... .......... .......... .......... 35.0M
 63900K .......... .......... .......... .......... .......... 4.10M
 63950K .......... .......... .......... .......... .......... 3.71M
 64000K .......... .......... .......... .......... .......... 4.66M
 64050K .......... .......... .......... .......... .......... 26.2M
 64100K .......... .......... .......... .......... .......... 4.11M
 64150K .......... .......... .......... .......... .......... 4.14M
 64200K .......... .......... .......... .......... .......... 4.72M
 64250K .......... .......... .......... .......... .......... 23.1M
 64300K .......... .......... .......... .......... .......... 4.14M
 64350K .......... .......... .......... .......... .......... 4.17M
 64400K .......... .......... .......... .......... .......... 4.75M
 64450K .......... .......... .......... .......... .......... 23.5M
 64500K .......... .......... .......... .......... .......... 4.11M
 64550K .......... .......... .......... .......... .......... 4.11M
 64600K .......... .......... .......... .......... .......... 5.06M
 64650K .......... .......... .......... .......... .......... 3.35M
 64700K .......... .......... .......... .......... ..........  111M
 64750K .......... .......... .......... .......... .......... 4.10M
 64800K .......... .......... .......... .......... .......... 4.07M
 64850K .......... .......... .......... .......... .......... 4.11M
 64900K .......... .......... .......... .......... .......... 4.08M
 64950K .......... .......... .......... .......... .......... 4.08M
 65000K .......... .......... .......... .......... .......... 4.07M
 65050K .......... .......... .......... .......... .......... 4.11M
 65100K .......... .......... .......... .......... .......... 2.14M
 65150K .......... .......... .......... .......... .......... 28.8M
 65200K .......... .......... .......... .......... .......... 2.11M
 65250K .......... .......... .......... .......... .......... 3.81M
 65300K .......... .......... .......... .......... .......... 2.03M
 65350K .......... .......... .......... .......... .......... 3.91M
 65400K .......... .......... .......... .......... .......... 2.04M
 65450K .......... .......... .......... .......... .......... 2.06M
 65500K .......... .......... .......... .......... .......... 2.06M
 65550K .......... .......... .......... ....                  2.76M=19s

2025-08-30 06:27:33 (3.42 MB/s) - 'pcl-1.9.1.tar.gz' saved [67158067]

+ tar -xzf pcl-1.9.1.tar.gz
+ cd pcl-pcl-1.9.1
+ find . -type f -name '*.h' -o -name '*.hpp' -o -name '*.cpp'
+ xargs sed -i 's|boost/detail/endian\.hpp|boost/endian.hpp|g'
+ sed -i '/^#include <boost\/endian\.hpp>/a\\n// Boost endian compatibility definitions\n#ifndef BOOST_LITTLE_ENDIAN\n#define BOOST_LITTLE_ENDIAN 1234\n#define BOOST_BIG_ENDIAN 4321\n#define BOOST_BYTE_ORDER BOOST_LITTLE_ENDIAN\n#endif' common/include/pcl/PCLPointCloud2.h
+ sed -i '/namespace pcl/,/namespace io/,/namespace ply/{s|namespace ply|namespace ply\n\n  // Legacy endian constants for PCL 1.9.1 compatibility\n  const int little_endian_byte_order = 1234;\n  const int big_endian_byte_order = 4321;\n  const int host_byte_order = 1234;|; }' io/include/pcl/io/ply/byte_order.h
sed: -e expression #1, char 31: unknown command: `,'
FATAL:   While performing build: while running engine: exit status 1
