AlmaLinux 9 - AppStream                         2.1 MB/s |  16 MB     00:07    
AlmaLinux 9 - BaseOS                            4.5 MB/s |  21 MB     00:04    
AlmaLinux 9 - Extras                             28 kB/s |  20 kB     00:00    
Dependencies resolved.
================================================================================
 Package                       Arch     Version                  Repo      Size
================================================================================
Upgrading:
 elfutils-debuginfod-client    x86_64   0.192-6.el9_6.alma.1     baseos    42 k
 elfutils-default-yama-scope   noarch   0.192-6.el9_6.alma.1     baseos   8.5 k
 elfutils-libelf               x86_64   0.192-6.el9_6.alma.1     baseos   203 k
 elfutils-libs                 x86_64   0.192-6.el9_6.alma.1     baseos   260 k

Transaction Summary
================================================================================
Upgrade  4 Packages

Total download size: 514 k
Downloading Packages:
(1/4): elfutils-default-yama-scope-0.192-6.el9_ 238 kB/s | 8.5 kB     00:00    
(2/4): elfutils-debuginfod-client-0.192-6.el9_6 709 kB/s |  42 kB     00:00    
(3/4): elfutils-libelf-0.192-6.el9_6.alma.1.x86 1.8 MB/s | 203 kB     00:00    
(4/4): elfutils-libs-0.192-6.el9_6.alma.1.x86_6 3.1 MB/s | 260 kB     00:00    
--------------------------------------------------------------------------------
Total                                           459 kB/s | 514 kB     00:01     
Running transaction check
Transaction check succeeded.
Running transaction test
Transaction test succeeded.
Running transaction
  Preparing        :                                                        1/1 
  Upgrading        : elfutils-libelf-0.192-6.el9_6.alma.1.x86_64            1/8 
  Upgrading        : elfutils-default-yama-scope-0.192-6.el9_6.alma.1.noa   2/8 
  Running scriptlet: elfutils-default-yama-scope-0.192-6.el9_6.alma.1.noa   2/8 
  Upgrading        : elfutils-libs-0.192-6.el9_6.alma.1.x86_64              3/8 
  Upgrading        : elfutils-debuginfod-client-0.192-6.el9_6.alma.1.x86_   4/8 
  Cleanup          : elfutils-debuginfod-client-0.192-6.el9_6.x86_64        5/8 
  Cleanup          : elfutils-libs-0.192-6.el9_6.x86_64                     6/8 
  Cleanup          : elfutils-default-yama-scope-0.192-6.el9_6.noarch       7/8 
  Cleanup          : elfutils-libelf-0.192-6.el9_6.x86_64                   8/8 
  Running scriptlet: elfutils-libelf-0.192-6.el9_6.x86_64                   8/8 
  Verifying        : elfutils-debuginfod-client-0.192-6.el9_6.alma.1.x86_   1/8 
  Verifying        : elfutils-debuginfod-client-0.192-6.el9_6.x86_64        2/8 
  Verifying        : elfutils-default-yama-scope-0.192-6.el9_6.alma.1.noa   3/8 
  Verifying        : elfutils-default-yama-scope-0.192-6.el9_6.noarch       4/8 
  Verifying        : elfutils-libelf-0.192-6.el9_6.alma.1.x86_64            5/8 
  Verifying        : elfutils-libelf-0.192-6.el9_6.x86_64                   6/8 
  Verifying        : elfutils-libs-0.192-6.el9_6.alma.1.x86_64              7/8 
  Verifying        : elfutils-libs-0.192-6.el9_6.x86_64                     8/8 

Upgraded:
  elfutils-debuginfod-client-0.192-6.el9_6.alma.1.x86_64                        
  elfutils-default-yama-scope-0.192-6.el9_6.alma.1.noarch                       
  elfutils-libelf-0.192-6.el9_6.alma.1.x86_64                                   
  elfutils-libs-0.192-6.el9_6.alma.1.x86_64                                     

Complete!
Last metadata expiration check: 0:00:03 ago on Sat Aug 30 06:21:00 2025.
Dependencies resolved.
================================================================================
 Package                      Arch       Version               Repository  Size
================================================================================
Installing:
 epel-release                 noarch     9-9.el9               extras      18 k
Installing dependencies:
 dbus-libs                    x86_64     1:1.12.20-8.el9       baseos     151 k
 python3-dateutil             noarch     1:2.8.1-7.el9         baseos     287 k
 python3-dbus                 x86_64     1.2.18-2.el9          baseos     132 k
 python3-dnf-plugins-core     noarch     4.3.0-20.el9          baseos     246 k
 python3-six                  noarch     1.15.0-9.el9          baseos      36 k
 python3-systemd              x86_64     234-19.el9            baseos      82 k
Installing weak dependencies:
 dnf-plugins-core             noarch     4.3.0-20.el9          baseos      36 k

Transaction Summary
================================================================================
Install  8 Packages

Total download size: 987 k
Installed size: 3.0 M
Downloading Packages:
(1/8): dnf-plugins-core-4.3.0-20.el9.noarch.rpm 567 kB/s |  36 kB     00:00    
(2/8): dbus-libs-1.12.20-8.el9.x86_64.rpm       1.4 MB/s | 151 kB     00:00    
(3/8): python3-dbus-1.2.18-2.el9.x86_64.rpm     2.3 MB/s | 132 kB     00:00    
(4/8): python3-six-1.15.0-9.el9.noarch.rpm      1.6 MB/s |  36 kB     00:00    
(5/8): python3-dateutil-2.8.1-7.el9.noarch.rpm  2.0 MB/s | 287 kB     00:00    
(6/8): python3-dnf-plugins-core-4.3.0-20.el9.no 5.8 MB/s | 246 kB     00:00    
(7/8): python3-systemd-234-19.el9.x86_64.rpm    3.2 MB/s |  82 kB     00:00    
(8/8): epel-release-9-9.el9.noarch.rpm          545 kB/s |  18 kB     00:00    
--------------------------------------------------------------------------------
Total                                           657 kB/s | 987 kB     00:01     
Running transaction check
Transaction check succeeded.
Running transaction test
Transaction test succeeded.
Running transaction
  Preparing        :                                                        1/1 
  Installing       : python3-systemd-234-19.el9.x86_64                      1/8 
  Installing       : python3-six-1.15.0-9.el9.noarch                        2/8 
  Installing       : python3-dateutil-1:2.8.1-7.el9.noarch                  3/8 
  Installing       : dbus-libs-1:1.12.20-8.el9.x86_64                       4/8 
  Installing       : python3-dbus-1.2.18-2.el9.x86_64                       5/8 
  Installing       : python3-dnf-plugins-core-4.3.0-20.el9.noarch           6/8 
  Installing       : dnf-plugins-core-4.3.0-20.el9.noarch                   7/8 
  Installing       : epel-release-9-9.el9.noarch                            8/8 
  Running scriptlet: epel-release-9-9.el9.noarch                            8/8 
Many EPEL packages require the CodeReady Builder (CRB) repository.
It is recommended that you run /usr/bin/crb enable to enable the CRB repository.

  Verifying        : dbus-libs-1:1.12.20-8.el9.x86_64                       1/8 
  Verifying        : dnf-plugins-core-4.3.0-20.el9.noarch                   2/8 
  Verifying        : python3-dateutil-1:2.8.1-7.el9.noarch                  3/8 
  Verifying        : python3-dbus-1.2.18-2.el9.x86_64                       4/8 
  Verifying        : python3-dnf-plugins-core-4.3.0-20.el9.noarch           5/8 
  Verifying        : python3-six-1.15.0-9.el9.noarch                        6/8 
  Verifying        : python3-systemd-234-19.el9.x86_64                      7/8 
  Verifying        : epel-release-9-9.el9.noarch                            8/8 

Installed:
  dbus-libs-1:1.12.20-8.el9.x86_64 dnf-plugins-core-4.3.0-20.el9.noarch        
  epel-release-9-9.el9.noarch      python3-dateutil-1:2.8.1-7.el9.noarch       
  python3-dbus-1.2.18-2.el9.x86_64 python3-dnf-plugins-core-4.3.0-20.el9.noarch
  python3-six-1.15.0-9.el9.noarch  python3-systemd-234-19.el9.x86_64           

Complete!
AlmaLinux 9 - CRB                               1.6 MB/s | 3.3 MB     00:02    
Extra Packages for Enterprise Linux 9 - x86_64  5.3 MB/s |  20 MB     00:03    
Extra Packages for Enterprise Linux 9 openh264  1.4 kB/s | 2.5 kB     00:01    
Dependencies resolved.
================================================================================
 Package                   Arch     Version                   Repository   Size
================================================================================
Installing:
 autoconf                  noarch   2.69-39.el9               appstream   665 k
 automake                  noarch   1.16.2-8.el9              appstream   662 k
 cmake                     x86_64   3.26.5-2.el9              appstream   8.7 M
 gcc-c++                   x86_64   11.5.0-5.el9_5.alma.1     appstream    13 M
 git                       x86_64   2.47.3-1.el9_6            appstream    50 k
 libtool                   x86_64   2.4.6-46.el9              appstream   577 k
 make                      x86_64   1:4.3-8.el9               baseos      530 k
 patch                     x86_64   2.7.6-16.el9              appstream   127 k
 pkgconf-pkg-config        x86_64   1.7.3-10.el9              baseos      9.9 k
 wget                      x86_64   1.21.1-8.el9_4            appstream   768 k
Installing dependencies:
 cmake-data                noarch   3.26.5-2.el9              appstream   1.7 M
 cmake-filesystem          x86_64   3.26.5-2.el9              appstream    11 k
 cmake-rpm-macros          noarch   3.26.5-2.el9              appstream    10 k
 cpp                       x86_64   11.5.0-5.el9_5.alma.1     appstream    11 M
 ed                        x86_64   1.14.2-12.el9             baseos       74 k
 emacs-filesystem          noarch   1:27.2-14.el9_6.2         appstream   7.8 k
 gcc                       x86_64   11.5.0-5.el9_5.alma.1     appstream    32 M
 git-core                  x86_64   2.47.3-1.el9_6            appstream   4.6 M
 git-core-doc              noarch   2.47.3-1.el9_6            appstream   2.8 M
 glibc-devel               x86_64   2.34-168.el9_6.23         appstream    31 k
 glibc-headers             x86_64   2.34-168.el9_6.23         appstream   437 k
 groff-base                x86_64   1.22.4-10.el9             baseos      1.0 M
 info                      x86_64   6.7-15.el9                baseos      224 k
 kernel-headers            x86_64   5.14.0-570.37.1.el9_6     appstream   3.3 M
 libcbor                   x86_64   0.7.0-5.el9               baseos       56 k
 libedit                   x86_64   3.1-38.20210216cvs.el9    baseos      103 k
 libfido2                  x86_64   1.13.0-2.el9              baseos       97 k
 libmpc                    x86_64   1.2.1-4.el9               appstream    61 k
 libpkgconf                x86_64   1.7.3-10.el9              baseos       35 k
 libpsl                    x86_64   0.21.1-5.el9              baseos       63 k
 libstdc++-devel           x86_64   11.5.0-5.el9_5.alma.1     appstream   2.2 M
 libuv                     x86_64   1:1.42.0-2.el9_4          appstream   146 k
 libxcrypt-devel           x86_64   4.4.18-3.el9              appstream    28 k
 m4                        x86_64   1.4.19-1.el9              appstream   294 k
 ncurses                   x86_64   6.2-10.20210508.el9_6.2   baseos      399 k
 openssh                   x86_64   8.7p1-45.el9              baseos      455 k
 openssh-clients           x86_64   8.7p1-45.el9              baseos      711 k
 perl-AutoLoader           noarch   5.74-481.1.el9_6          appstream    20 k
 perl-B                    x86_64   1.80-481.1.el9_6          appstream   177 k
 perl-Carp                 noarch   1.50-460.el9              appstream    29 k
 perl-Class-Struct         noarch   0.66-481.1.el9_6          appstream    21 k
 perl-Data-Dumper          x86_64   2.174-462.el9             appstream    55 k
 perl-Digest               noarch   1.19-4.el9                appstream    25 k
 perl-Digest-MD5           x86_64   2.58-4.el9                appstream    36 k
 perl-DynaLoader           x86_64   1.47-481.1.el9_6          appstream    24 k
 perl-Encode               x86_64   4:3.08-462.el9            appstream   1.7 M
 perl-Errno                x86_64   1.30-481.1.el9_6          appstream    13 k
 perl-Error                noarch   1:0.17029-7.el9           appstream    41 k
 perl-Exporter             noarch   5.74-461.el9              appstream    31 k
 perl-Fcntl                x86_64   1.13-481.1.el9_6          appstream    19 k
 perl-File-Basename        noarch   2.85-481.1.el9_6          appstream    16 k
 perl-File-Compare         noarch   1.100.600-481.1.el9_6     appstream    12 k
 perl-File-Copy            noarch   2.34-481.1.el9_6          appstream    19 k
 perl-File-Find            noarch   1.37-481.1.el9_6          appstream    24 k
 perl-File-Path            noarch   2.18-4.el9                appstream    35 k
 perl-File-Temp            noarch   1:0.231.100-4.el9         appstream    59 k
 perl-File-stat            noarch   1.09-481.1.el9_6          appstream    16 k
 perl-FileHandle           noarch   2.03-481.1.el9_6          appstream    14 k
 perl-Getopt-Long          noarch   1:2.52-4.el9              appstream    59 k
 perl-Getopt-Std           noarch   1.12-481.1.el9_6          appstream    14 k
 perl-Git                  noarch   2.47.3-1.el9_6            appstream    37 k
 perl-HTTP-Tiny            noarch   0.076-462.el9             appstream    53 k
 perl-IO                   x86_64   1.43-481.1.el9_6          appstream    85 k
 perl-IO-Socket-IP         noarch   0.41-5.el9                appstream    42 k
 perl-IO-Socket-SSL        noarch   2.073-2.el9               appstream   214 k
 perl-IPC-Open3            noarch   1.21-481.1.el9_6          appstream    21 k
 perl-MIME-Base64          x86_64   3.16-4.el9                appstream    30 k
 perl-Mozilla-CA           noarch   20200520-6.el9            appstream    12 k
 perl-Net-SSLeay           x86_64   1.94-1.el9                appstream   391 k
 perl-POSIX                x86_64   1.94-481.1.el9_6          appstream    95 k
 perl-PathTools            x86_64   3.78-461.el9              appstream    85 k
 perl-Pod-Escapes          noarch   1:1.07-460.el9            appstream    20 k
 perl-Pod-Perldoc          noarch   3.28.01-461.el9           appstream    83 k
 perl-Pod-Simple           noarch   1:3.42-4.el9              appstream   215 k
 perl-Pod-Usage            noarch   4:2.01-4.el9              appstream    40 k
 perl-Scalar-List-Utils    x86_64   4:1.56-462.el9            appstream    70 k
 perl-SelectSaver          noarch   1.02-481.1.el9_6          appstream    10 k
 perl-Socket               x86_64   4:2.031-4.el9             appstream    54 k
 perl-Storable             x86_64   1:3.21-460.el9            appstream    95 k
 perl-Symbol               noarch   1.08-481.1.el9_6          appstream    13 k
 perl-Term-ANSIColor       noarch   5.01-461.el9              appstream    48 k
 perl-Term-Cap             noarch   1.17-460.el9              appstream    22 k
 perl-TermReadKey          x86_64   2.38-11.el9               appstream    36 k
 perl-Text-ParseWords      noarch   3.30-460.el9              appstream    16 k
 perl-Text-Tabs+Wrap       noarch   2013.0523-460.el9         appstream    22 k
 perl-Thread-Queue         noarch   3.14-460.el9              appstream    21 k
 perl-Time-Local           noarch   2:1.300-7.el9             appstream    33 k
 perl-URI                  noarch   5.09-3.el9                appstream   108 k
 perl-base                 noarch   2.27-481.1.el9_6          appstream    15 k
 perl-constant             noarch   1.33-461.el9              appstream    23 k
 perl-if                   noarch   0.60.800-481.1.el9_6      appstream    12 k
 perl-interpreter          x86_64   4:5.32.1-481.1.el9_6      appstream    69 k
 perl-lib                  x86_64   0.65-481.1.el9_6          appstream    13 k
 perl-libnet               noarch   3.13-4.el9                appstream   125 k
 perl-libs                 x86_64   4:5.32.1-481.1.el9_6      appstream   2.0 M
 perl-mro                  x86_64   1.23-481.1.el9_6          appstream    27 k
 perl-overload             noarch   1.31-481.1.el9_6          appstream    44 k
 perl-overloading          noarch   0.02-481.1.el9_6          appstream    11 k
 perl-parent               noarch   1:0.238-460.el9           appstream    14 k
 perl-podlators            noarch   1:4.14-460.el9            appstream   111 k
 perl-subs                 noarch   1.03-481.1.el9_6          appstream    10 k
 perl-threads              x86_64   1:2.25-460.el9            appstream    57 k
 perl-threads-shared       x86_64   1.61-460.el9              appstream    44 k
 perl-vars                 noarch   1.05-481.1.el9_6          appstream    11 k
 pkgconf                   x86_64   1.7.3-10.el9              baseos       40 k
 pkgconf-m4                noarch   1.7.3-10.el9              baseos       14 k
 publicsuffix-list-dafsa   noarch   20210518-3.el9            baseos       57 k
 vim-filesystem            noarch   2:8.2.2637-22.el9_6       baseos      9.2 k
Installing weak dependencies:
 perl-NDBM_File            x86_64   1.15-481.1.el9_6          appstream    21 k

Transaction Summary
================================================================================
Install  109 Packages

Total download size: 94 M
Installed size: 294 M
Downloading Packages:
(1/109): autoconf-2.69-39.el9.noarch.rpm        4.8 MB/s | 665 kB     00:00    
(2/109): automake-1.16.2-8.el9.noarch.rpm       4.5 MB/s | 662 kB     00:00    
(3/109): cmake-filesystem-3.26.5-2.el9.x86_64.r 625 kB/s |  11 kB     00:00    
(4/109): cmake-rpm-macros-3.26.5-2.el9.noarch.r 572 kB/s |  10 kB     00:00    
(5/109): cmake-3.26.5-2.el9.x86_64.rpm           36 MB/s | 8.7 MB     00:00    
(6/109): cmake-data-3.26.5-2.el9.noarch.rpm      14 MB/s | 1.7 MB     00:00    
(7/109): emacs-filesystem-27.2-14.el9_6.2.noarc 313 kB/s | 7.8 kB     00:00    
(8/109): cpp-11.5.0-5.el9_5.alma.1.x86_64.rpm    69 MB/s |  11 MB     00:00    
(9/109): git-2.47.3-1.el9_6.x86_64.rpm          2.4 MB/s |  50 kB     00:00    
(10/109): git-core-2.47.3-1.el9_6.x86_64.rpm     55 MB/s | 4.6 MB     00:00    
(11/109): gcc-c++-11.5.0-5.el9_5.alma.1.x86_64.  53 MB/s |  13 MB     00:00    
(12/109): git-core-doc-2.47.3-1.el9_6.noarch.rp  33 MB/s | 2.8 MB     00:00    
(13/109): glibc-devel-2.34-168.el9_6.23.x86_64. 599 kB/s |  31 kB     00:00    
(14/109): glibc-headers-2.34-168.el9_6.23.x86_6 9.8 MB/s | 437 kB     00:00    
(15/109): libmpc-1.2.1-4.el9.x86_64.rpm         3.0 MB/s |  61 kB     00:00    
(16/109): libstdc++-devel-11.5.0-5.el9_5.alma.1  44 MB/s | 2.2 MB     00:00    
(17/109): kernel-headers-5.14.0-570.37.1.el9_6.  28 MB/s | 3.3 MB     00:00    
(18/109): libtool-2.4.6-46.el9.x86_64.rpm        11 MB/s | 577 kB     00:00    
(19/109): libxcrypt-devel-4.4.18-3.el9.x86_64.r 1.5 MB/s |  28 kB     00:00    
(20/109): m4-1.4.19-1.el9.x86_64.rpm             10 MB/s | 294 kB     00:00    
(21/109): libuv-1.42.0-2.el9_4.x86_64.rpm       2.3 MB/s | 146 kB     00:00    
(22/109): patch-2.7.6-16.el9.x86_64.rpm         5.1 MB/s | 127 kB     00:00    
(23/109): perl-AutoLoader-5.74-481.1.el9_6.noar 488 kB/s |  20 kB     00:00    
(24/109): perl-B-1.80-481.1.el9_6.x86_64.rpm    6.6 MB/s | 177 kB     00:00    
(25/109): perl-Carp-1.50-460.el9.noarch.rpm     1.7 MB/s |  29 kB     00:00    
(26/109): perl-Class-Struct-0.66-481.1.el9_6.no 1.2 MB/s |  21 kB     00:00    
(27/109): perl-Digest-1.19-4.el9.noarch.rpm     1.4 MB/s |  25 kB     00:00    
(28/109): perl-Data-Dumper-2.174-462.el9.x86_64 1.5 MB/s |  55 kB     00:00    
(29/109): perl-Digest-MD5-2.58-4.el9.x86_64.rpm 1.9 MB/s |  36 kB     00:00    
(30/109): perl-DynaLoader-1.47-481.1.el9_6.x86_ 1.5 MB/s |  24 kB     00:00    
(31/109): perl-Errno-1.30-481.1.el9_6.x86_64.rp 865 kB/s |  13 kB     00:00    
(32/109): perl-Error-0.17029-7.el9.noarch.rpm   2.3 MB/s |  41 kB     00:00    
(33/109): perl-Encode-3.08-462.el9.x86_64.rpm    34 MB/s | 1.7 MB     00:00    
(34/109): perl-Fcntl-1.13-481.1.el9_6.x86_64.rp 1.0 MB/s |  19 kB     00:00    
(35/109): perl-Exporter-5.74-461.el9.noarch.rpm 914 kB/s |  31 kB     00:00    
(36/109): perl-File-Compare-1.100.600-481.1.el9 754 kB/s |  12 kB     00:00    
(37/109): perl-File-Basename-2.85-481.1.el9_6.n 443 kB/s |  16 kB     00:00    
(38/109): perl-File-Copy-2.34-481.1.el9_6.noarc 1.1 MB/s |  19 kB     00:00    
(39/109): perl-File-Find-1.37-481.1.el9_6.noarc 1.3 MB/s |  24 kB     00:00    
(40/109): perl-File-Path-2.18-4.el9.noarch.rpm  1.1 MB/s |  35 kB     00:00    
(41/109): perl-File-Temp-0.231.100-4.el9.noarch 2.9 MB/s |  59 kB     00:00    
(42/109): perl-FileHandle-2.03-481.1.el9_6.noar 823 kB/s |  14 kB     00:00    
(43/109): perl-File-stat-1.09-481.1.el9_6.noarc 413 kB/s |  16 kB     00:00    
(44/109): perl-Getopt-Long-2.52-4.el9.noarch.rp 3.0 MB/s |  59 kB     00:00    
(45/109): perl-Getopt-Std-1.12-481.1.el9_6.noar 898 kB/s |  14 kB     00:00    
(46/109): perl-Git-2.47.3-1.el9_6.noarch.rpm    1.9 MB/s |  37 kB     00:00    
(47/109): perl-IO-1.43-481.1.el9_6.x86_64.rpm   3.9 MB/s |  85 kB     00:00    
(48/109): perl-HTTP-Tiny-0.076-462.el9.noarch.r 1.5 MB/s |  53 kB     00:00    
(49/109): perl-IO-Socket-IP-0.41-5.el9.noarch.r 2.2 MB/s |  42 kB     00:00    
(50/109): perl-IPC-Open3-1.21-481.1.el9_6.noarc 1.2 MB/s |  21 kB     00:00    
(51/109): perl-IO-Socket-SSL-2.073-2.el9.noarch 7.5 MB/s | 214 kB     00:00    
(52/109): perl-MIME-Base64-3.16-4.el9.x86_64.rp 1.6 MB/s |  30 kB     00:00    
(53/109): perl-NDBM_File-1.15-481.1.el9_6.x86_6 1.1 MB/s |  21 kB     00:00    
(54/109): perl-Mozilla-CA-20200520-6.el9.noarch 268 kB/s |  12 kB     00:00    
(55/109): perl-POSIX-1.94-481.1.el9_6.x86_64.rp 4.3 MB/s |  95 kB     00:00    
(56/109): perl-Net-SSLeay-1.94-1.el9.x86_64.rpm  10 MB/s | 391 kB     00:00    
(57/109): perl-Pod-Escapes-1.07-460.el9.noarch. 1.1 MB/s |  20 kB     00:00    
(58/109): perl-Pod-Perldoc-3.28.01-461.el9.noar 3.9 MB/s |  83 kB     00:00    
(59/109): perl-PathTools-3.78-461.el9.x86_64.rp 1.7 MB/s |  85 kB     00:00    
(60/109): perl-Pod-Simple-3.42-4.el9.noarch.rpm 7.3 MB/s | 215 kB     00:00    
(61/109): perl-Pod-Usage-2.01-4.el9.noarch.rpm  1.1 MB/s |  40 kB     00:00    
(62/109): perl-Scalar-List-Utils-1.56-462.el9.x 3.3 MB/s |  70 kB     00:00    
(63/109): perl-SelectSaver-1.02-481.1.el9_6.noa 651 kB/s |  10 kB     00:00    
(64/109): perl-Socket-2.031-4.el9.x86_64.rpm    2.7 MB/s |  54 kB     00:00    
(65/109): perl-Storable-3.21-460.el9.x86_64.rpm 2.3 MB/s |  95 kB     00:00    
(66/109): perl-Symbol-1.08-481.1.el9_6.noarch.r 448 kB/s |  13 kB     00:00    
(67/109): perl-Term-Cap-1.17-460.el9.noarch.rpm 1.2 MB/s |  22 kB     00:00    
(68/109): perl-Term-ANSIColor-5.01-461.el9.noar 1.2 MB/s |  48 kB     00:00    
(69/109): perl-TermReadKey-2.38-11.el9.x86_64.r 1.9 MB/s |  36 kB     00:00    
(70/109): perl-Text-ParseWords-3.30-460.el9.noa 987 kB/s |  16 kB     00:00    
(71/109): perl-Text-Tabs+Wrap-2013.0523-460.el9 1.2 MB/s |  22 kB     00:00    
(72/109): perl-Time-Local-1.300-7.el9.noarch.rp 1.8 MB/s |  33 kB     00:00    
(73/109): perl-Thread-Queue-3.14-460.el9.noarch 685 kB/s |  21 kB     00:00    
(74/109): perl-URI-5.09-3.el9.noarch.rpm        4.7 MB/s | 108 kB     00:00    
(75/109): perl-base-2.27-481.1.el9_6.noarch.rpm 944 kB/s |  15 kB     00:00    
(76/109): perl-constant-1.33-461.el9.noarch.rpm 1.3 MB/s |  23 kB     00:00    
(77/109): perl-if-0.60.800-481.1.el9_6.noarch.r 771 kB/s |  12 kB     00:00    
(78/109): perl-lib-0.65-481.1.el9_6.x86_64.rpm  871 kB/s |  13 kB     00:00    
(79/109): perl-interpreter-5.32.1-481.1.el9_6.x 3.3 MB/s |  69 kB     00:00    
(80/109): perl-libs-5.32.1-481.1.el9_6.x86_64.r  71 MB/s | 2.0 MB     00:00    
(81/109): perl-libnet-3.13-4.el9.noarch.rpm     3.2 MB/s | 125 kB     00:00    
(82/109): perl-mro-1.23-481.1.el9_6.x86_64.rpm  1.4 MB/s |  27 kB     00:00    
(83/109): perl-overloading-0.02-481.1.el9_6.noa 658 kB/s |  11 kB     00:00    
(84/109): perl-overload-1.31-481.1.el9_6.noarch 1.2 MB/s |  44 kB     00:00    
(85/109): perl-parent-0.238-460.el9.noarch.rpm  736 kB/s |  14 kB     00:00    
(86/109): perl-subs-1.03-481.1.el9_6.noarch.rpm 598 kB/s |  10 kB     00:00    
(87/109): perl-podlators-4.14-460.el9.noarch.rp 2.8 MB/s | 111 kB     00:00    
(88/109): perl-threads-2.25-460.el9.x86_64.rpm  2.9 MB/s |  57 kB     00:00    
(89/109): perl-vars-1.05-481.1.el9_6.noarch.rpm 681 kB/s |  11 kB     00:00    
(90/109): perl-threads-shared-1.61-460.el9.x86_ 1.2 MB/s |  44 kB     00:00    
(91/109): ed-1.14.2-12.el9.x86_64.rpm           1.9 MB/s |  74 kB     00:00    
(92/109): wget-1.21.1-8.el9_4.x86_64.rpm         12 MB/s | 768 kB     00:00    
(93/109): info-6.7-15.el9.x86_64.rpm            4.5 MB/s | 224 kB     00:00    
(94/109): libcbor-0.7.0-5.el9.x86_64.rpm        2.8 MB/s |  56 kB     00:00    
(95/109): libedit-3.1-38.20210216cvs.el9.x86_64 4.6 MB/s | 103 kB     00:00    
(96/109): libfido2-1.13.0-2.el9.x86_64.rpm      4.4 MB/s |  97 kB     00:00    
(97/109): groff-base-1.22.4-10.el9.x86_64.rpm   7.1 MB/s | 1.0 MB     00:00    
(98/109): libpkgconf-1.7.3-10.el9.x86_64.rpm    1.8 MB/s |  35 kB     00:00    
(99/109): make-4.3-8.el9.x86_64.rpm              15 MB/s | 530 kB     00:00    
(100/109): libpsl-0.21.1-5.el9.x86_64.rpm       1.5 MB/s |  63 kB     00:00    
(101/109): ncurses-6.2-10.20210508.el9_6.2.x86_ 9.8 MB/s | 399 kB     00:00    
(102/109): openssh-8.7p1-45.el9.x86_64.rpm      7.3 MB/s | 455 kB     00:00    
(103/109): openssh-clients-8.7p1-45.el9.x86_64.  16 MB/s | 711 kB     00:00    
(104/109): pkgconf-m4-1.7.3-10.el9.noarch.rpm   812 kB/s |  14 kB     00:00    
(105/109): pkgconf-1.7.3-10.el9.x86_64.rpm      962 kB/s |  40 kB     00:00    
(106/109): pkgconf-pkg-config-1.7.3-10.el9.x86_ 602 kB/s | 9.9 kB     00:00    
(107/109): vim-filesystem-8.2.2637-22.el9_6.noa 560 kB/s | 9.2 kB     00:00    
(108/109): publicsuffix-list-dafsa-20210518-3.e 1.6 MB/s |  57 kB     00:00    
(109/109): gcc-11.5.0-5.el9_5.alma.1.x86_64.rpm  17 MB/s |  32 MB     00:01    
--------------------------------------------------------------------------------
Total                                            27 MB/s |  94 MB     00:03     
Running transaction check
Transaction check succeeded.
Running transaction test
Transaction test succeeded.
Running transaction
  Preparing        :                                                        1/1 
  Installing       : libmpc-1.2.1-4.el9.x86_64                            1/109 
  Installing       : emacs-filesystem-1:27.2-14.el9_6.2.noarch            2/109 
  Installing       : make-1:4.3-8.el9.x86_64                              3/109 
  Installing       : cmake-rpm-macros-3.26.5-2.el9.noarch                 4/109 
  Installing       : cmake-filesystem-3.26.5-2.el9.x86_64                 5/109 
  Installing       : cpp-11.5.0-5.el9_5.alma.1.x86_64                     6/109 
  Installing       : vim-filesystem-2:8.2.2637-22.el9_6.noarch            7/109 
  Installing       : publicsuffix-list-dafsa-20210518-3.el9.noarch        8/109 
  Installing       : libpsl-0.21.1-5.el9.x86_64                           9/109 
  Installing       : pkgconf-m4-1.7.3-10.el9.noarch                      10/109 
  Running scriptlet: openssh-8.7p1-45.el9.x86_64                         11/109 
  Installing       : openssh-8.7p1-45.el9.x86_64                         11/109 
  Installing       : ncurses-6.2-10.20210508.el9_6.2.x86_64              12/109 
  Installing       : libpkgconf-1.7.3-10.el9.x86_64                      13/109 
  Installing       : pkgconf-1.7.3-10.el9.x86_64                         14/109 
  Installing       : pkgconf-pkg-config-1.7.3-10.el9.x86_64              15/109 
  Installing       : libedit-3.1-38.20210216cvs.el9.x86_64               16/109 
  Installing       : libcbor-0.7.0-5.el9.x86_64                          17/109 
  Installing       : libfido2-1.13.0-2.el9.x86_64                        18/109 
  Installing       : openssh-clients-8.7p1-45.el9.x86_64                 19/109 
  Running scriptlet: openssh-clients-8.7p1-45.el9.x86_64                 19/109 
  Installing       : git-core-2.47.3-1.el9_6.x86_64                      20/109 
  Installing       : git-core-doc-2.47.3-1.el9_6.noarch                  21/109 
  Installing       : info-6.7-15.el9.x86_64                              22/109 
  Installing       : ed-1.14.2-12.el9.x86_64                             23/109 
  Running scriptlet: groff-base-1.22.4-10.el9.x86_64                     24/109 
  Installing       : groff-base-1.22.4-10.el9.x86_64                     24/109 
  Running scriptlet: groff-base-1.22.4-10.el9.x86_64                     24/109 
  Installing       : perl-Digest-1.19-4.el9.noarch                       25/109 
  Installing       : perl-Digest-MD5-2.58-4.el9.x86_64                   26/109 
  Installing       : perl-B-1.80-481.1.el9_6.x86_64                      27/109 
  Installing       : perl-FileHandle-2.03-481.1.el9_6.noarch             28/109 
  Installing       : perl-Data-Dumper-2.174-462.el9.x86_64               29/109 
  Installing       : perl-libnet-3.13-4.el9.noarch                       30/109 
  Installing       : perl-base-2.27-481.1.el9_6.noarch                   31/109 
  Installing       : perl-URI-5.09-3.el9.noarch                          32/109 
  Installing       : perl-AutoLoader-5.74-481.1.el9_6.noarch             33/109 
  Installing       : perl-Mozilla-CA-20200520-6.el9.noarch               34/109 
  Installing       : perl-if-0.60.800-481.1.el9_6.noarch                 35/109 
  Installing       : perl-IO-Socket-IP-0.41-5.el9.noarch                 36/109 
  Installing       : perl-Time-Local-2:1.300-7.el9.noarch                37/109 
  Installing       : perl-File-Path-2.18-4.el9.noarch                    38/109 
  Installing       : perl-Pod-Escapes-1:1.07-460.el9.noarch              39/109 
  Installing       : perl-Text-Tabs+Wrap-2013.0523-460.el9.noarch        40/109 
  Installing       : perl-IO-Socket-SSL-2.073-2.el9.noarch               41/109 
  Installing       : perl-Net-SSLeay-1.94-1.el9.x86_64                   42/109 
  Installing       : perl-Class-Struct-0.66-481.1.el9_6.noarch           43/109 
  Installing       : perl-POSIX-1.94-481.1.el9_6.x86_64                  44/109 
  Installing       : perl-Term-ANSIColor-5.01-461.el9.noarch             45/109 
  Installing       : perl-IPC-Open3-1.21-481.1.el9_6.noarch              46/109 
  Installing       : perl-subs-1.03-481.1.el9_6.noarch                   47/109 
  Installing       : perl-File-Temp-1:0.231.100-4.el9.noarch             48/109 
  Installing       : perl-Term-Cap-1.17-460.el9.noarch                   49/109 
  Installing       : perl-Pod-Simple-1:3.42-4.el9.noarch                 50/109 
  Installing       : perl-HTTP-Tiny-0.076-462.el9.noarch                 51/109 
  Installing       : perl-Socket-4:2.031-4.el9.x86_64                    52/109 
  Installing       : perl-SelectSaver-1.02-481.1.el9_6.noarch            53/109 
  Installing       : perl-Symbol-1.08-481.1.el9_6.noarch                 54/109 
  Installing       : perl-File-stat-1.09-481.1.el9_6.noarch              55/109 
  Installing       : perl-podlators-1:4.14-460.el9.noarch                56/109 
  Installing       : perl-Pod-Perldoc-3.28.01-461.el9.noarch             57/109 
  Installing       : perl-Fcntl-1.13-481.1.el9_6.x86_64                  58/109 
  Installing       : perl-Text-ParseWords-3.30-460.el9.noarch            59/109 
  Installing       : perl-mro-1.23-481.1.el9_6.x86_64                    60/109 
  Installing       : perl-IO-1.43-481.1.el9_6.x86_64                     61/109 
  Installing       : perl-overloading-0.02-481.1.el9_6.noarch            62/109 
  Installing       : perl-Pod-Usage-4:2.01-4.el9.noarch                  63/109 
  Installing       : perl-Errno-1.30-481.1.el9_6.x86_64                  64/109 
  Installing       : perl-File-Basename-2.85-481.1.el9_6.noarch          65/109 
  Installing       : perl-Getopt-Std-1.12-481.1.el9_6.noarch             66/109 
  Installing       : perl-MIME-Base64-3.16-4.el9.x86_64                  67/109 
  Installing       : perl-Scalar-List-Utils-4:1.56-462.el9.x86_64        68/109 
  Installing       : perl-constant-1.33-461.el9.noarch                   69/109 
  Installing       : perl-Storable-1:3.21-460.el9.x86_64                 70/109 
  Installing       : perl-overload-1.31-481.1.el9_6.noarch               71/109 
  Installing       : perl-parent-1:0.238-460.el9.noarch                  72/109 
  Installing       : perl-vars-1.05-481.1.el9_6.noarch                   73/109 
  Installing       : perl-Getopt-Long-1:2.52-4.el9.noarch                74/109 
  Installing       : perl-Carp-1.50-460.el9.noarch                       75/109 
  Installing       : perl-Exporter-5.74-461.el9.noarch                   76/109 
  Installing       : perl-NDBM_File-1.15-481.1.el9_6.x86_64              77/109 
  Installing       : perl-PathTools-3.78-461.el9.x86_64                  78/109 
  Installing       : perl-Encode-4:3.08-462.el9.x86_64                   79/109 
  Installing       : perl-libs-4:5.32.1-481.1.el9_6.x86_64               80/109 
  Installing       : perl-interpreter-4:5.32.1-481.1.el9_6.x86_64        81/109 
  Installing       : perl-DynaLoader-1.47-481.1.el9_6.x86_64             82/109 
  Installing       : perl-File-Compare-1.100.600-481.1.el9_6.noarch      83/109 
  Installing       : perl-File-Copy-2.34-481.1.el9_6.noarch              84/109 
  Installing       : perl-File-Find-1.37-481.1.el9_6.noarch              85/109 
  Installing       : perl-threads-1:2.25-460.el9.x86_64                  86/109 
  Installing       : perl-threads-shared-1.61-460.el9.x86_64             87/109 
  Installing       : perl-Thread-Queue-3.14-460.el9.noarch               88/109 
  Installing       : perl-TermReadKey-2.38-11.el9.x86_64                 89/109 
  Installing       : perl-Error-1:0.17029-7.el9.noarch                   90/109 
  Installing       : perl-lib-0.65-481.1.el9_6.x86_64                    91/109 
  Installing       : perl-Git-2.47.3-1.el9_6.noarch                      92/109 
  Installing       : git-2.47.3-1.el9_6.x86_64                           93/109 
  Installing       : m4-1.4.19-1.el9.x86_64                              94/109 
  Installing       : autoconf-2.69-39.el9.noarch                         95/109 
  Installing       : automake-1.16.2-8.el9.noarch                        96/109 
  Installing       : libuv-1:1.42.0-2.el9_4.x86_64                       97/109 
  Installing       : cmake-data-3.26.5-2.el9.noarch                      98/109 
  Installing       : cmake-3.26.5-2.el9.x86_64                           99/109 
  Installing       : libstdc++-devel-11.5.0-5.el9_5.alma.1.x86_64       100/109 
  Installing       : kernel-headers-5.14.0-570.37.1.el9_6.x86_64        101/109 
  Installing       : glibc-headers-2.34-168.el9_6.23.x86_64             102/109 
  Installing       : libxcrypt-devel-4.4.18-3.el9.x86_64                103/109 
  Installing       : glibc-devel-2.34-168.el9_6.23.x86_64               104/109 
  Installing       : gcc-11.5.0-5.el9_5.alma.1.x86_64                   105/109 
  Installing       : gcc-c++-11.5.0-5.el9_5.alma.1.x86_64               106/109 
  Installing       : libtool-2.4.6-46.el9.x86_64                        107/109 
  Installing       : patch-2.7.6-16.el9.x86_64                          108/109 
  Installing       : wget-1.21.1-8.el9_4.x86_64                         109/109 
  Running scriptlet: wget-1.21.1-8.el9_4.x86_64                         109/109 
  Verifying        : autoconf-2.69-39.el9.noarch                          1/109 
  Verifying        : automake-1.16.2-8.el9.noarch                         2/109 
  Verifying        : cmake-3.26.5-2.el9.x86_64                            3/109 
  Verifying        : cmake-data-3.26.5-2.el9.noarch                       4/109 
  Verifying        : cmake-filesystem-3.26.5-2.el9.x86_64                 5/109 
  Verifying        : cmake-rpm-macros-3.26.5-2.el9.noarch                 6/109 
  Verifying        : cpp-11.5.0-5.el9_5.alma.1.x86_64                     7/109 
  Verifying        : emacs-filesystem-1:27.2-14.el9_6.2.noarch            8/109 
  Verifying        : gcc-11.5.0-5.el9_5.alma.1.x86_64                     9/109 
  Verifying        : gcc-c++-11.5.0-5.el9_5.alma.1.x86_64                10/109 
  Verifying        : git-2.47.3-1.el9_6.x86_64                           11/109 
  Verifying        : git-core-2.47.3-1.el9_6.x86_64                      12/109 
  Verifying        : git-core-doc-2.47.3-1.el9_6.noarch                  13/109 
  Verifying        : glibc-devel-2.34-168.el9_6.23.x86_64                14/109 
  Verifying        : glibc-headers-2.34-168.el9_6.23.x86_64              15/109 
  Verifying        : kernel-headers-5.14.0-570.37.1.el9_6.x86_64         16/109 
  Verifying        : libmpc-1.2.1-4.el9.x86_64                           17/109 
  Verifying        : libstdc++-devel-11.5.0-5.el9_5.alma.1.x86_64        18/109 
  Verifying        : libtool-2.4.6-46.el9.x86_64                         19/109 
  Verifying        : libuv-1:1.42.0-2.el9_4.x86_64                       20/109 
  Verifying        : libxcrypt-devel-4.4.18-3.el9.x86_64                 21/109 
  Verifying        : m4-1.4.19-1.el9.x86_64                              22/109 
  Verifying        : patch-2.7.6-16.el9.x86_64                           23/109 
  Verifying        : perl-AutoLoader-5.74-481.1.el9_6.noarch             24/109 
  Verifying        : perl-B-1.80-481.1.el9_6.x86_64                      25/109 
  Verifying        : perl-Carp-1.50-460.el9.noarch                       26/109 
  Verifying        : perl-Class-Struct-0.66-481.1.el9_6.noarch           27/109 
  Verifying        : perl-Data-Dumper-2.174-462.el9.x86_64               28/109 
  Verifying        : perl-Digest-1.19-4.el9.noarch                       29/109 
  Verifying        : perl-Digest-MD5-2.58-4.el9.x86_64                   30/109 
  Verifying        : perl-DynaLoader-1.47-481.1.el9_6.x86_64             31/109 
  Verifying        : perl-Encode-4:3.08-462.el9.x86_64                   32/109 
  Verifying        : perl-Errno-1.30-481.1.el9_6.x86_64                  33/109 
  Verifying        : perl-Error-1:0.17029-7.el9.noarch                   34/109 
  Verifying        : perl-Exporter-5.74-461.el9.noarch                   35/109 
  Verifying        : perl-Fcntl-1.13-481.1.el9_6.x86_64                  36/109 
  Verifying        : perl-File-Basename-2.85-481.1.el9_6.noarch          37/109 
  Verifying        : perl-File-Compare-1.100.600-481.1.el9_6.noarch      38/109 
  Verifying        : perl-File-Copy-2.34-481.1.el9_6.noarch              39/109 
  Verifying        : perl-File-Find-1.37-481.1.el9_6.noarch              40/109 
  Verifying        : perl-File-Path-2.18-4.el9.noarch                    41/109 
  Verifying        : perl-File-Temp-1:0.231.100-4.el9.noarch             42/109 
  Verifying        : perl-File-stat-1.09-481.1.el9_6.noarch              43/109 
  Verifying        : perl-FileHandle-2.03-481.1.el9_6.noarch             44/109 
  Verifying        : perl-Getopt-Long-1:2.52-4.el9.noarch                45/109 
  Verifying        : perl-Getopt-Std-1.12-481.1.el9_6.noarch             46/109 
  Verifying        : perl-Git-2.47.3-1.el9_6.noarch                      47/109 
  Verifying        : perl-HTTP-Tiny-0.076-462.el9.noarch                 48/109 
  Verifying        : perl-IO-1.43-481.1.el9_6.x86_64                     49/109 
  Verifying        : perl-IO-Socket-IP-0.41-5.el9.noarch                 50/109 
  Verifying        : perl-IO-Socket-SSL-2.073-2.el9.noarch               51/109 
  Verifying        : perl-IPC-Open3-1.21-481.1.el9_6.noarch              52/109 
  Verifying        : perl-MIME-Base64-3.16-4.el9.x86_64                  53/109 
  Verifying        : perl-Mozilla-CA-20200520-6.el9.noarch               54/109 
  Verifying        : perl-NDBM_File-1.15-481.1.el9_6.x86_64              55/109 
  Verifying        : perl-Net-SSLeay-1.94-1.el9.x86_64                   56/109 
  Verifying        : perl-POSIX-1.94-481.1.el9_6.x86_64                  57/109 
  Verifying        : perl-PathTools-3.78-461.el9.x86_64                  58/109 
  Verifying        : perl-Pod-Escapes-1:1.07-460.el9.noarch              59/109 
  Verifying        : perl-Pod-Perldoc-3.28.01-461.el9.noarch             60/109 
  Verifying        : perl-Pod-Simple-1:3.42-4.el9.noarch                 61/109 
  Verifying        : perl-Pod-Usage-4:2.01-4.el9.noarch                  62/109 
  Verifying        : perl-Scalar-List-Utils-4:1.56-462.el9.x86_64        63/109 
  Verifying        : perl-SelectSaver-1.02-481.1.el9_6.noarch            64/109 
  Verifying        : perl-Socket-4:2.031-4.el9.x86_64                    65/109 
  Verifying        : perl-Storable-1:3.21-460.el9.x86_64                 66/109 
  Verifying        : perl-Symbol-1.08-481.1.el9_6.noarch                 67/109 
  Verifying        : perl-Term-ANSIColor-5.01-461.el9.noarch             68/109 
  Verifying        : perl-Term-Cap-1.17-460.el9.noarch                   69/109 
  Verifying        : perl-TermReadKey-2.38-11.el9.x86_64                 70/109 
  Verifying        : perl-Text-ParseWords-3.30-460.el9.noarch            71/109 
  Verifying        : perl-Text-Tabs+Wrap-2013.0523-460.el9.noarch        72/109 
  Verifying        : perl-Thread-Queue-3.14-460.el9.noarch               73/109 
  Verifying        : perl-Time-Local-2:1.300-7.el9.noarch                74/109 
  Verifying        : perl-URI-5.09-3.el9.noarch                          75/109 
  Verifying        : perl-base-2.27-481.1.el9_6.noarch                   76/109 
  Verifying        : perl-constant-1.33-461.el9.noarch                   77/109 
  Verifying        : perl-if-0.60.800-481.1.el9_6.noarch                 78/109 
  Verifying        : perl-interpreter-4:5.32.1-481.1.el9_6.x86_64        79/109 
  Verifying        : perl-lib-0.65-481.1.el9_6.x86_64                    80/109 
  Verifying        : perl-libnet-3.13-4.el9.noarch                       81/109 
  Verifying        : perl-libs-4:5.32.1-481.1.el9_6.x86_64               82/109 
  Verifying        : perl-mro-1.23-481.1.el9_6.x86_64                    83/109 
  Verifying        : perl-overload-1.31-481.1.el9_6.noarch               84/109 
  Verifying        : perl-overloading-0.02-481.1.el9_6.noarch            85/109 
  Verifying        : perl-parent-1:0.238-460.el9.noarch                  86/109 
  Verifying        : perl-podlators-1:4.14-460.el9.noarch                87/109 
  Verifying        : perl-subs-1.03-481.1.el9_6.noarch                   88/109 
  Verifying        : perl-threads-1:2.25-460.el9.x86_64                  89/109 
  Verifying        : perl-threads-shared-1.61-460.el9.x86_64             90/109 
  Verifying        : perl-vars-1.05-481.1.el9_6.noarch                   91/109 
  Verifying        : wget-1.21.1-8.el9_4.x86_64                          92/109 
  Verifying        : ed-1.14.2-12.el9.x86_64                             93/109 
  Verifying        : groff-base-1.22.4-10.el9.x86_64                     94/109 
  Verifying        : info-6.7-15.el9.x86_64                              95/109 
  Verifying        : libcbor-0.7.0-5.el9.x86_64                          96/109 
  Verifying        : libedit-3.1-38.20210216cvs.el9.x86_64               97/109 
  Verifying        : libfido2-1.13.0-2.el9.x86_64                        98/109 
  Verifying        : libpkgconf-1.7.3-10.el9.x86_64                      99/109 
  Verifying        : libpsl-0.21.1-5.el9.x86_64                         100/109 
  Verifying        : make-1:4.3-8.el9.x86_64                            101/109 
  Verifying        : ncurses-6.2-10.20210508.el9_6.2.x86_64             102/109 
  Verifying        : openssh-8.7p1-45.el9.x86_64                        103/109 
  Verifying        : openssh-clients-8.7p1-45.el9.x86_64                104/109 
  Verifying        : pkgconf-1.7.3-10.el9.x86_64                        105/109 
  Verifying        : pkgconf-m4-1.7.3-10.el9.noarch                     106/109 
  Verifying        : pkgconf-pkg-config-1.7.3-10.el9.x86_64             107/109 
  Verifying        : publicsuffix-list-dafsa-20210518-3.el9.noarch      108/109 
  Verifying        : vim-filesystem-2:8.2.2637-22.el9_6.noarch          109/109 

Installed:
  autoconf-2.69-39.el9.noarch                                                   
  automake-1.16.2-8.el9.noarch                                                  
  cmake-3.26.5-2.el9.x86_64                                                     
  cmake-data-3.26.5-2.el9.noarch                                                
  cmake-filesystem-3.26.5-2.el9.x86_64                                          
  cmake-rpm-macros-3.26.5-2.el9.noarch                                          
  cpp-11.5.0-5.el9_5.alma.1.x86_64                                              
  ed-1.14.2-12.el9.x86_64                                                       
  emacs-filesystem-1:27.2-14.el9_6.2.noarch                                     
  gcc-11.5.0-5.el9_5.alma.1.x86_64                                              
  gcc-c++-11.5.0-5.el9_5.alma.1.x86_64                                          
  git-2.47.3-1.el9_6.x86_64                                                     
  git-core-2.47.3-1.el9_6.x86_64                                                
  git-core-doc-2.47.3-1.el9_6.noarch                                            
  glibc-devel-2.34-168.el9_6.23.x86_64                                          
  glibc-headers-2.34-168.el9_6.23.x86_64                                        
  groff-base-1.22.4-10.el9.x86_64                                               
  info-6.7-15.el9.x86_64                                                        
  kernel-headers-5.14.0-570.37.1.el9_6.x86_64                                   
  libcbor-0.7.0-5.el9.x86_64                                                    
  libedit-3.1-38.20210216cvs.el9.x86_64                                         
  libfido2-1.13.0-2.el9.x86_64                                                  
  libmpc-1.2.1-4.el9.x86_64                                                     
  libpkgconf-1.7.3-10.el9.x86_64                                                
  libpsl-0.21.1-5.el9.x86_64                                                    
  libstdc++-devel-11.5.0-5.el9_5.alma.1.x86_64                                  
  libtool-2.4.6-46.el9.x86_64                                                   
  libuv-1:1.42.0-2.el9_4.x86_64                                                 
  libxcrypt-devel-4.4.18-3.el9.x86_64                                           
  m4-1.4.19-1.el9.x86_64                                                        
  make-1:4.3-8.el9.x86_64                                                       
  ncurses-6.2-10.20210508.el9_6.2.x86_64                                        
  openssh-8.7p1-45.el9.x86_64                                                   
  openssh-clients-8.7p1-45.el9.x86_64                                           
  patch-2.7.6-16.el9.x86_64                                                     
  perl-AutoLoader-5.74-481.1.el9_6.noarch                                       
  perl-B-1.80-481.1.el9_6.x86_64                                                
  perl-Carp-1.50-460.el9.noarch                                                 
  perl-Class-Struct-0.66-481.1.el9_6.noarch                                     
  perl-Data-Dumper-2.174-462.el9.x86_64                                         
  perl-Digest-1.19-4.el9.noarch                                                 
  perl-Digest-MD5-2.58-4.el9.x86_64                                             
  perl-DynaLoader-1.47-481.1.el9_6.x86_64                                       
  perl-Encode-4:3.08-462.el9.x86_64                                             
  perl-Errno-1.30-481.1.el9_6.x86_64                                            
  perl-Error-1:0.17029-7.el9.noarch                                             
  perl-Exporter-5.74-461.el9.noarch                                             
  perl-Fcntl-1.13-481.1.el9_6.x86_64                                            
  perl-File-Basename-2.85-481.1.el9_6.noarch                                    
  perl-File-Compare-1.100.600-481.1.el9_6.noarch                                
  perl-File-Copy-2.34-481.1.el9_6.noarch                                        
  perl-File-Find-1.37-481.1.el9_6.noarch                                        
  perl-File-Path-2.18-4.el9.noarch                                              
  perl-File-Temp-1:0.231.100-4.el9.noarch                                       
  perl-File-stat-1.09-481.1.el9_6.noarch                                        
  perl-FileHandle-2.03-481.1.el9_6.noarch                                       
  perl-Getopt-Long-1:2.52-4.el9.noarch                                          
  perl-Getopt-Std-1.12-481.1.el9_6.noarch                                       
  perl-Git-2.47.3-1.el9_6.noarch                                                
  perl-HTTP-Tiny-0.076-462.el9.noarch                                           
  perl-IO-1.43-481.1.el9_6.x86_64                                               
  perl-IO-Socket-IP-0.41-5.el9.noarch                                           
  perl-IO-Socket-SSL-2.073-2.el9.noarch                                         
  perl-IPC-Open3-1.21-481.1.el9_6.noarch                                        
  perl-MIME-Base64-3.16-4.el9.x86_64                                            
  perl-Mozilla-CA-20200520-6.el9.noarch                                         
  perl-NDBM_File-1.15-481.1.el9_6.x86_64                                        
  perl-Net-SSLeay-1.94-1.el9.x86_64                                             
  perl-POSIX-1.94-481.1.el9_6.x86_64                                            
  perl-PathTools-3.78-461.el9.x86_64                                            
  perl-Pod-Escapes-1:1.07-460.el9.noarch                                        
  perl-Pod-Perldoc-3.28.01-461.el9.noarch                                       
  perl-Pod-Simple-1:3.42-4.el9.noarch                                           
  perl-Pod-Usage-4:2.01-4.el9.noarch                                            
  perl-Scalar-List-Utils-4:1.56-462.el9.x86_64                                  
  perl-SelectSaver-1.02-481.1.el9_6.noarch                                      
  perl-Socket-4:2.031-4.el9.x86_64                                              
  perl-Storable-1:3.21-460.el9.x86_64                                           
  perl-Symbol-1.08-481.1.el9_6.noarch                                           
  perl-Term-ANSIColor-5.01-461.el9.noarch                                       
  perl-Term-Cap-1.17-460.el9.noarch                                             
  perl-TermReadKey-2.38-11.el9.x86_64                                           
  perl-Text-ParseWords-3.30-460.el9.noarch                                      
  perl-Text-Tabs+Wrap-2013.0523-460.el9.noarch                                  
  perl-Thread-Queue-3.14-460.el9.noarch                                         
  perl-Time-Local-2:1.300-7.el9.noarch                                          
  perl-URI-5.09-3.el9.noarch                                                    
  perl-base-2.27-481.1.el9_6.noarch                                             
  perl-constant-1.33-461.el9.noarch                                             
  perl-if-0.60.800-481.1.el9_6.noarch                                           
  perl-interpreter-4:5.32.1-481.1.el9_6.x86_64                                  
  perl-lib-0.65-481.1.el9_6.x86_64                                              
  perl-libnet-3.13-4.el9.noarch                                                 
  perl-libs-4:5.32.1-481.1.el9_6.x86_64                                         
  perl-mro-1.23-481.1.el9_6.x86_64                                              
  perl-overload-1.31-481.1.el9_6.noarch                                         
  perl-overloading-0.02-481.1.el9_6.noarch                                      
  perl-parent-1:0.238-460.el9.noarch                                            
  perl-podlators-1:4.14-460.el9.noarch                                          
  perl-subs-1.03-481.1.el9_6.noarch                                             
  perl-threads-1:2.25-460.el9.x86_64                                            
  perl-threads-shared-1.61-460.el9.x86_64                                       
  perl-vars-1.05-481.1.el9_6.noarch                                             
  pkgconf-1.7.3-10.el9.x86_64                                                   
  pkgconf-m4-1.7.3-10.el9.noarch                                                
  pkgconf-pkg-config-1.7.3-10.el9.x86_64                                        
  publicsuffix-list-dafsa-20210518-3.el9.noarch                                 
  vim-filesystem-2:8.2.2637-22.el9_6.noarch                                     
  wget-1.21.1-8.el9_4.x86_64                                                    

Complete!
Last metadata expiration check: 0:00:13 ago on Sat Aug 30 06:21:20 2025.
Dependencies resolved.
================================================================================
 Package                     Arch     Version                 Repository   Size
================================================================================
Installing:
 boost-devel                 x86_64   1.75.0-10.el9           appstream    11 M
 eigen3-devel                noarch   3.4.0-2.el9             crb         1.1 M
 flann-devel                 x86_64   1.9.1-8.el9             epel         95 k
 gtest-devel                 x86_64   1.11.0-1.el9            epel        236 k
 libpng-devel                x86_64   2:1.6.37-12.el9         appstream   290 k
 libusbx-devel               x86_64   1.0.26-1.el9            appstream    25 k
 python3-devel               x86_64   3.9.21-2.el9_6.1        appstream   204 k
 python3-numpy               x86_64   1:1.23.5-1.el9          appstream   5.8 M
 python3-pip                 noarch   21.3.1-1.el9            appstream   1.7 M
 qhull-devel                 x86_64   1:7.2.1-11.el9          crb         159 k
Installing dependencies:
 boost                       x86_64   1.75.0-10.el9           appstream   9.4 k
 boost-atomic                x86_64   1.75.0-10.el9           appstream    15 k
 boost-chrono                x86_64   1.75.0-10.el9           appstream    22 k
 boost-container             x86_64   1.75.0-10.el9           appstream    35 k
 boost-context               x86_64   1.75.0-10.el9           appstream    13 k
 boost-contract              x86_64   1.75.0-10.el9           appstream    42 k
 boost-coroutine             x86_64   1.75.0-10.el9           appstream    30 k
 boost-date-time             x86_64   1.75.0-10.el9           appstream    11 k
 boost-fiber                 x86_64   1.75.0-10.el9           appstream    37 k
 boost-filesystem            x86_64   1.75.0-10.el9           appstream    55 k
 boost-graph                 x86_64   1.75.0-10.el9           appstream    99 k
 boost-iostreams             x86_64   1.75.0-10.el9           appstream    36 k
 boost-locale                x86_64   1.75.0-10.el9           appstream   212 k
 boost-log                   x86_64   1.75.0-10.el9           appstream   405 k
 boost-math                  x86_64   1.75.0-10.el9           appstream   203 k
 boost-nowide                x86_64   1.75.0-10.el9           appstream    13 k
 boost-numpy3                x86_64   1.75.0-10.el9           appstream    25 k
 boost-program-options       x86_64   1.75.0-10.el9           appstream   104 k
 boost-python3               x86_64   1.75.0-10.el9           appstream    91 k
 boost-random                x86_64   1.75.0-10.el9           appstream    22 k
 boost-regex                 x86_64   1.75.0-10.el9           appstream   275 k
 boost-serialization         x86_64   1.75.0-10.el9           appstream   127 k
 boost-stacktrace            x86_64   1.75.0-10.el9           appstream    25 k
 boost-system                x86_64   1.75.0-10.el9           appstream    11 k
 boost-test                  x86_64   1.75.0-10.el9           appstream   228 k
 boost-thread                x86_64   1.75.0-10.el9           appstream    53 k
 boost-timer                 x86_64   1.75.0-10.el9           appstream    21 k
 boost-type_erasure          x86_64   1.75.0-10.el9           appstream    28 k
 boost-wave                  x86_64   1.75.0-10.el9           appstream   206 k
 flann                       x86_64   1.9.1-8.el9             epel        1.2 M
 flexiblas                   x86_64   3.0.4-8.el9             appstream    32 k
 flexiblas-netlib            x86_64   3.0.4-8.el9             appstream   3.0 M
 flexiblas-openblas-openmp   x86_64   3.0.4-8.el9             appstream    17 k
 gmock                       x86_64   1.11.0-1.el9            epel         59 k
 gtest                       x86_64   1.11.0-1.el9            epel        162 k
 libgfortran                 x86_64   11.5.0-5.el9_5.alma.1   baseos      797 k
 libicu                      x86_64   67.1-10.el9_6           baseos      9.6 M
 libicu-devel                x86_64   67.1-10.el9_6           appstream   829 k
 libpng                      x86_64   2:1.6.37-12.el9         baseos      116 k
 libqhull                    x86_64   1:7.2.1-11.el9          crb         166 k
 libqhull_p                  x86_64   1:7.2.1-11.el9          crb         169 k
 libqhull_r                  x86_64   1:7.2.1-11.el9          crb         168 k
 libquadmath                 x86_64   11.5.0-5.el9_5.alma.1   baseos      187 k
 libquadmath-devel           x86_64   11.5.0-5.el9_5.alma.1   appstream    27 k
 libusbx                     x86_64   1.0.26-1.el9            baseos       75 k
 openblas                    x86_64   0.3.26-2.el9            appstream    37 k
 openblas-openmp             x86_64   0.3.26-2.el9            appstream   4.9 M
 python3-setuptools          noarch   53.0.0-13.el9_6.1       baseos      837 k
 zlib-devel                  x86_64   1.2.11-40.el9           appstream    44 k
Installing weak dependencies:
 libxcrypt-compat            x86_64   4.4.18-3.el9            appstream    88 k

Transaction Summary
================================================================================
Install  60 Packages

Total download size: 45 M
Installed size: 297 M
Downloading Packages:
(1/60): boost-chrono-1.75.0-10.el9.x86_64.rpm   455 kB/s |  22 kB     00:00    
(2/60): boost-1.75.0-10.el9.x86_64.rpm          188 kB/s | 9.4 kB     00:00    
(3/60): boost-atomic-1.75.0-10.el9.x86_64.rpm   273 kB/s |  15 kB     00:00    
(4/60): boost-context-1.75.0-10.el9.x86_64.rpm  745 kB/s |  13 kB     00:00    
(5/60): boost-container-1.75.0-10.el9.x86_64.rp 805 kB/s |  35 kB     00:00    
(6/60): boost-coroutine-1.75.0-10.el9.x86_64.rp 951 kB/s |  30 kB     00:00    
(7/60): boost-date-time-1.75.0-10.el9.x86_64.rp 633 kB/s |  11 kB     00:00    
(8/60): boost-contract-1.75.0-10.el9.x86_64.rpm 725 kB/s |  42 kB     00:00    
(9/60): boost-fiber-1.75.0-10.el9.x86_64.rpm    912 kB/s |  37 kB     00:00    
(10/60): boost-filesystem-1.75.0-10.el9.x86_64. 1.0 MB/s |  55 kB     00:00    
(11/60): boost-graph-1.75.0-10.el9.x86_64.rpm   2.6 MB/s |  99 kB     00:00    
(12/60): boost-iostreams-1.75.0-10.el9.x86_64.r 1.3 MB/s |  36 kB     00:00    
(13/60): boost-locale-1.75.0-10.el9.x86_64.rpm  3.6 MB/s | 212 kB     00:00    
(14/60): boost-devel-1.75.0-10.el9.x86_64.rpm    61 MB/s |  11 MB     00:00    
(15/60): boost-log-1.75.0-10.el9.x86_64.rpm     3.9 MB/s | 405 kB     00:00    
(16/60): boost-math-1.75.0-10.el9.x86_64.rpm    4.1 MB/s | 203 kB     00:00    
(17/60): boost-nowide-1.75.0-10.el9.x86_64.rpm  748 kB/s |  13 kB     00:00    
(18/60): boost-python3-1.75.0-10.el9.x86_64.rpm 3.5 MB/s |  91 kB     00:00    
(19/60): boost-program-options-1.75.0-10.el9.x8 2.7 MB/s | 104 kB     00:00    
(20/60): boost-numpy3-1.75.0-10.el9.x86_64.rpm  610 kB/s |  25 kB     00:00    
(21/60): boost-random-1.75.0-10.el9.x86_64.rpm  1.2 MB/s |  22 kB     00:00    
(22/60): boost-stacktrace-1.75.0-10.el9.x86_64. 1.4 MB/s |  25 kB     00:00    
(23/60): boost-serialization-1.75.0-10.el9.x86_ 4.2 MB/s | 127 kB     00:00    
(24/60): boost-regex-1.75.0-10.el9.x86_64.rpm   6.9 MB/s | 275 kB     00:00    
(25/60): boost-system-1.75.0-10.el9.x86_64.rpm  666 kB/s |  11 kB     00:00    
(26/60): boost-thread-1.75.0-10.el9.x86_64.rpm  2.7 MB/s |  53 kB     00:00    
(27/60): boost-timer-1.75.0-10.el9.x86_64.rpm   1.1 MB/s |  21 kB     00:00    
(28/60): boost-test-1.75.0-10.el9.x86_64.rpm    5.4 MB/s | 228 kB     00:00    
(29/60): boost-type_erasure-1.75.0-10.el9.x86_6 1.5 MB/s |  28 kB     00:00    
(30/60): boost-wave-1.75.0-10.el9.x86_64.rpm    7.2 MB/s | 206 kB     00:00    
(31/60): flexiblas-openblas-openmp-3.0.4-8.el9. 1.0 MB/s |  17 kB     00:00    
(32/60): flexiblas-3.0.4-8.el9.x86_64.rpm       932 kB/s |  32 kB     00:00    
(33/60): libicu-devel-67.1-10.el9_6.x86_64.rpm   15 MB/s | 829 kB     00:00    
(34/60): libquadmath-devel-11.5.0-5.el9_5.alma. 1.5 MB/s |  27 kB     00:00    
(35/60): libpng-devel-1.6.37-12.el9.x86_64.rpm  3.8 MB/s | 290 kB     00:00    
(36/60): libusbx-devel-1.0.26-1.el9.x86_64.rpm  1.4 MB/s |  25 kB     00:00    
(37/60): openblas-0.3.26-2.el9.x86_64.rpm       2.0 MB/s |  37 kB     00:00    
(38/60): libxcrypt-compat-4.4.18-3.el9.x86_64.r 2.1 MB/s |  88 kB     00:00    
(39/60): flexiblas-netlib-3.0.4-8.el9.x86_64.rp  18 MB/s | 3.0 MB     00:00    
(40/60): openblas-openmp-0.3.26-2.el9.x86_64.rp  63 MB/s | 4.9 MB     00:00    
(41/60): python3-devel-3.9.21-2.el9_6.1.x86_64. 2.8 MB/s | 204 kB     00:00    
(42/60): zlib-devel-1.2.11-40.el9.x86_64.rpm    1.2 MB/s |  44 kB     00:00    
(43/60): python3-numpy-1.23.5-1.el9.x86_64.rpm   43 MB/s | 5.8 MB     00:00    
(44/60): python3-pip-21.3.1-1.el9.noarch.rpm     18 MB/s | 1.7 MB     00:00    
(45/60): libgfortran-11.5.0-5.el9_5.alma.1.x86_ 8.9 MB/s | 797 kB     00:00    
(46/60): libpng-1.6.37-12.el9.x86_64.rpm        2.9 MB/s | 116 kB     00:00    
(47/60): libquadmath-11.5.0-5.el9_5.alma.1.x86_ 6.8 MB/s | 187 kB     00:00    
(48/60): libusbx-1.0.26-1.el9.x86_64.rpm        1.8 MB/s |  75 kB     00:00    
(49/60): libicu-67.1-10.el9_6.x86_64.rpm         64 MB/s | 9.6 MB     00:00    
(50/60): eigen3-devel-3.4.0-2.el9.noarch.rpm     17 MB/s | 1.1 MB     00:00    
(51/60): libqhull_p-7.2.1-11.el9.x86_64.rpm     6.2 MB/s | 169 kB     00:00    
(52/60): python3-setuptools-53.0.0-13.el9_6.1.n 5.6 MB/s | 837 kB     00:00    
(53/60): libqhull_r-7.2.1-11.el9.x86_64.rpm     4.2 MB/s | 168 kB     00:00    
(54/60): libqhull-7.2.1-11.el9.x86_64.rpm       1.6 MB/s | 166 kB     00:00    
(55/60): qhull-devel-7.2.1-11.el9.x86_64.rpm    1.1 MB/s | 159 kB     00:00    
(56/60): flann-devel-1.9.1-8.el9.x86_64.rpm     772 kB/s |  95 kB     00:00    
(57/60): gmock-1.11.0-1.el9.x86_64.rpm          1.4 MB/s |  59 kB     00:00    
(58/60): flann-1.9.1-8.el9.x86_64.rpm           6.4 MB/s | 1.2 MB     00:00    
(59/60): gtest-1.11.0-1.el9.x86_64.rpm          5.5 MB/s | 162 kB     00:00    
(60/60): gtest-devel-1.11.0-1.el9.x86_64.rpm    9.3 MB/s | 236 kB     00:00    
--------------------------------------------------------------------------------
Total                                            11 MB/s |  45 MB     00:04     
Extra Packages for Enterprise Linux 9 - x86_64  1.6 MB/s | 1.6 kB     00:00    
Key imported successfully
Running transaction check
Transaction check succeeded.
Running transaction test
Transaction test succeeded.
Running transaction
  Preparing        :                                                        1/1 
  Installing       : boost-system-1.75.0-10.el9.x86_64                     1/60 
  Installing       : boost-chrono-1.75.0-10.el9.x86_64                     2/60 
  Installing       : boost-thread-1.75.0-10.el9.x86_64                     3/60 
  Installing       : libicu-67.1-10.el9_6.x86_64                           4/60 
  Installing       : boost-filesystem-1.75.0-10.el9.x86_64                 5/60 
  Installing       : boost-regex-1.75.0-10.el9.x86_64                      6/60 
  Installing       : python3-setuptools-53.0.0-13.el9_6.1.noarch           7/60 
  Installing       : libquadmath-11.5.0-5.el9_5.alma.1.x86_64              8/60 
  Installing       : boost-context-1.75.0-10.el9.x86_64                    9/60 
  Installing       : libgfortran-11.5.0-5.el9_5.alma.1.x86_64             10/60 
  Installing       : gtest-1.11.0-1.el9.x86_64                            11/60 
  Installing       : flexiblas-3.0.4-8.el9.x86_64                         12/60 
  Installing       : boost-python3-1.75.0-10.el9.x86_64                   13/60 
  Installing       : boost-date-time-1.75.0-10.el9.x86_64                 14/60 
  Installing       : boost-atomic-1.75.0-10.el9.x86_64                    15/60 
  Installing       : boost-log-1.75.0-10.el9.x86_64                       16/60 
  Installing       : boost-wave-1.75.0-10.el9.x86_64                      17/60 
  Installing       : gmock-1.11.0-1.el9.x86_64                            18/60 
  Installing       : boost-coroutine-1.75.0-10.el9.x86_64                 19/60 
  Installing       : boost-fiber-1.75.0-10.el9.x86_64                     20/60 
  Installing       : libquadmath-devel-11.5.0-5.el9_5.alma.1.x86_64       21/60 
  Installing       : boost-graph-1.75.0-10.el9.x86_64                     22/60 
  Installing       : boost-locale-1.75.0-10.el9.x86_64                    23/60 
  Installing       : libicu-devel-67.1-10.el9_6.x86_64                    24/60 
  Installing       : boost-type_erasure-1.75.0-10.el9.x86_64              25/60 
  Installing       : boost-timer-1.75.0-10.el9.x86_64                     26/60 
  Installing       : flann-1.9.1-8.el9.x86_64                             27/60 
  Installing       : libqhull_r-1:7.2.1-11.el9.x86_64                     28/60 
  Installing       : libqhull_p-1:7.2.1-11.el9.x86_64                     29/60 
  Installing       : libqhull-1:7.2.1-11.el9.x86_64                       30/60 
  Installing       : libusbx-1.0.26-1.el9.x86_64                          31/60 
  Installing       : libpng-2:1.6.37-12.el9.x86_64                        32/60 
  Installing       : zlib-devel-1.2.11-40.el9.x86_64                      33/60 
  Installing       : openblas-0.3.26-2.el9.x86_64                         34/60 
  Installing       : openblas-openmp-0.3.26-2.el9.x86_64                  35/60 
  Installing       : flexiblas-openblas-openmp-3.0.4-8.el9.x86_64         36/60 
  Installing       : flexiblas-netlib-3.0.4-8.el9.x86_64                  37/60 
  Installing       : python3-numpy-1:1.23.5-1.el9.x86_64                  38/60 
  Installing       : boost-numpy3-1.75.0-10.el9.x86_64                    39/60 
  Installing       : libxcrypt-compat-4.4.18-3.el9.x86_64                 40/60 
  Installing       : python3-pip-21.3.1-1.el9.noarch                      41/60 
  Installing       : boost-test-1.75.0-10.el9.x86_64                      42/60 
  Installing       : boost-stacktrace-1.75.0-10.el9.x86_64                43/60 
  Installing       : boost-serialization-1.75.0-10.el9.x86_64             44/60 
  Installing       : boost-random-1.75.0-10.el9.x86_64                    45/60 
  Installing       : boost-program-options-1.75.0-10.el9.x86_64           46/60 
  Installing       : boost-nowide-1.75.0-10.el9.x86_64                    47/60 
  Installing       : boost-math-1.75.0-10.el9.x86_64                      48/60 
  Installing       : boost-iostreams-1.75.0-10.el9.x86_64                 49/60 
  Installing       : boost-contract-1.75.0-10.el9.x86_64                  50/60 
  Installing       : boost-container-1.75.0-10.el9.x86_64                 51/60 
  Installing       : boost-1.75.0-10.el9.x86_64                           52/60 
  Installing       : boost-devel-1.75.0-10.el9.x86_64                     53/60 
  Installing       : flann-devel-1.9.1-8.el9.x86_64                       54/60 
  Installing       : python3-devel-3.9.21-2.el9_6.1.x86_64                55/60 
  Installing       : libpng-devel-2:1.6.37-12.el9.x86_64                  56/60 
  Installing       : libusbx-devel-1.0.26-1.el9.x86_64                    57/60 
  Installing       : qhull-devel-1:7.2.1-11.el9.x86_64                    58/60 
  Installing       : gtest-devel-1.11.0-1.el9.x86_64                      59/60 
  Installing       : eigen3-devel-3.4.0-2.el9.noarch                      60/60 
  Running scriptlet: eigen3-devel-3.4.0-2.el9.noarch                      60/60 
  Verifying        : boost-1.75.0-10.el9.x86_64                            1/60 
  Verifying        : boost-atomic-1.75.0-10.el9.x86_64                     2/60 
  Verifying        : boost-chrono-1.75.0-10.el9.x86_64                     3/60 
  Verifying        : boost-container-1.75.0-10.el9.x86_64                  4/60 
  Verifying        : boost-context-1.75.0-10.el9.x86_64                    5/60 
  Verifying        : boost-contract-1.75.0-10.el9.x86_64                   6/60 
  Verifying        : boost-coroutine-1.75.0-10.el9.x86_64                  7/60 
  Verifying        : boost-date-time-1.75.0-10.el9.x86_64                  8/60 
  Verifying        : boost-devel-1.75.0-10.el9.x86_64                      9/60 
  Verifying        : boost-fiber-1.75.0-10.el9.x86_64                     10/60 
  Verifying        : boost-filesystem-1.75.0-10.el9.x86_64                11/60 
  Verifying        : boost-graph-1.75.0-10.el9.x86_64                     12/60 
  Verifying        : boost-iostreams-1.75.0-10.el9.x86_64                 13/60 
  Verifying        : boost-locale-1.75.0-10.el9.x86_64                    14/60 
  Verifying        : boost-log-1.75.0-10.el9.x86_64                       15/60 
  Verifying        : boost-math-1.75.0-10.el9.x86_64                      16/60 
  Verifying        : boost-nowide-1.75.0-10.el9.x86_64                    17/60 
  Verifying        : boost-numpy3-1.75.0-10.el9.x86_64                    18/60 
  Verifying        : boost-program-options-1.75.0-10.el9.x86_64           19/60 
  Verifying        : boost-python3-1.75.0-10.el9.x86_64                   20/60 
  Verifying        : boost-random-1.75.0-10.el9.x86_64                    21/60 
  Verifying        : boost-regex-1.75.0-10.el9.x86_64                     22/60 
  Verifying        : boost-serialization-1.75.0-10.el9.x86_64             23/60 
  Verifying        : boost-stacktrace-1.75.0-10.el9.x86_64                24/60 
  Verifying        : boost-system-1.75.0-10.el9.x86_64                    25/60 
  Verifying        : boost-test-1.75.0-10.el9.x86_64                      26/60 
  Verifying        : boost-thread-1.75.0-10.el9.x86_64                    27/60 
  Verifying        : boost-timer-1.75.0-10.el9.x86_64                     28/60 
  Verifying        : boost-type_erasure-1.75.0-10.el9.x86_64              29/60 
  Verifying        : boost-wave-1.75.0-10.el9.x86_64                      30/60 
  Verifying        : flexiblas-3.0.4-8.el9.x86_64                         31/60 
  Verifying        : flexiblas-netlib-3.0.4-8.el9.x86_64                  32/60 
  Verifying        : flexiblas-openblas-openmp-3.0.4-8.el9.x86_64         33/60 
  Verifying        : libicu-devel-67.1-10.el9_6.x86_64                    34/60 
  Verifying        : libpng-devel-2:1.6.37-12.el9.x86_64                  35/60 
  Verifying        : libquadmath-devel-11.5.0-5.el9_5.alma.1.x86_64       36/60 
  Verifying        : libusbx-devel-1.0.26-1.el9.x86_64                    37/60 
  Verifying        : libxcrypt-compat-4.4.18-3.el9.x86_64                 38/60 
  Verifying        : openblas-0.3.26-2.el9.x86_64                         39/60 
  Verifying        : openblas-openmp-0.3.26-2.el9.x86_64                  40/60 
  Verifying        : python3-devel-3.9.21-2.el9_6.1.x86_64                41/60 
  Verifying        : python3-numpy-1:1.23.5-1.el9.x86_64                  42/60 
  Verifying        : python3-pip-21.3.1-1.el9.noarch                      43/60 
  Verifying        : zlib-devel-1.2.11-40.el9.x86_64                      44/60 
  Verifying        : libgfortran-11.5.0-5.el9_5.alma.1.x86_64             45/60 
  Verifying        : libicu-67.1-10.el9_6.x86_64                          46/60 
  Verifying        : libpng-2:1.6.37-12.el9.x86_64                        47/60 
  Verifying        : libquadmath-11.5.0-5.el9_5.alma.1.x86_64             48/60 
  Verifying        : libusbx-1.0.26-1.el9.x86_64                          49/60 
  Verifying        : python3-setuptools-53.0.0-13.el9_6.1.noarch          50/60 
  Verifying        : eigen3-devel-3.4.0-2.el9.noarch                      51/60 
  Verifying        : libqhull-1:7.2.1-11.el9.x86_64                       52/60 
  Verifying        : libqhull_p-1:7.2.1-11.el9.x86_64                     53/60 
  Verifying        : libqhull_r-1:7.2.1-11.el9.x86_64                     54/60 
  Verifying        : qhull-devel-1:7.2.1-11.el9.x86_64                    55/60 
  Verifying        : flann-1.9.1-8.el9.x86_64                             56/60 
  Verifying        : flann-devel-1.9.1-8.el9.x86_64                       57/60 
  Verifying        : gmock-1.11.0-1.el9.x86_64                            58/60 
  Verifying        : gtest-1.11.0-1.el9.x86_64                            59/60 
  Verifying        : gtest-devel-1.11.0-1.el9.x86_64                      60/60 

Installed:
  boost-1.75.0-10.el9.x86_64                                                    
  boost-atomic-1.75.0-10.el9.x86_64                                             
  boost-chrono-1.75.0-10.el9.x86_64                                             
  boost-container-1.75.0-10.el9.x86_64                                          
  boost-context-1.75.0-10.el9.x86_64                                            
  boost-contract-1.75.0-10.el9.x86_64                                           
  boost-coroutine-1.75.0-10.el9.x86_64                                          
  boost-date-time-1.75.0-10.el9.x86_64                                          
  boost-devel-1.75.0-10.el9.x86_64                                              
  boost-fiber-1.75.0-10.el9.x86_64                                              
  boost-filesystem-1.75.0-10.el9.x86_64                                         
  boost-graph-1.75.0-10.el9.x86_64                                              
  boost-iostreams-1.75.0-10.el9.x86_64                                          
  boost-locale-1.75.0-10.el9.x86_64                                             
  boost-log-1.75.0-10.el9.x86_64                                                
  boost-math-1.75.0-10.el9.x86_64                                               
  boost-nowide-1.75.0-10.el9.x86_64                                             
  boost-numpy3-1.75.0-10.el9.x86_64                                             
  boost-program-options-1.75.0-10.el9.x86_64                                    
  boost-python3-1.75.0-10.el9.x86_64                                            
  boost-random-1.75.0-10.el9.x86_64                                             
  boost-regex-1.75.0-10.el9.x86_64                                              
  boost-serialization-1.75.0-10.el9.x86_64                                      
  boost-stacktrace-1.75.0-10.el9.x86_64                                         
  boost-system-1.75.0-10.el9.x86_64                                             
  boost-test-1.75.0-10.el9.x86_64                                               
  boost-thread-1.75.0-10.el9.x86_64                                             
  boost-timer-1.75.0-10.el9.x86_64                                              
  boost-type_erasure-1.75.0-10.el9.x86_64                                       
  boost-wave-1.75.0-10.el9.x86_64                                               
  eigen3-devel-3.4.0-2.el9.noarch                                               
  flann-1.9.1-8.el9.x86_64                                                      
  flann-devel-1.9.1-8.el9.x86_64                                                
  flexiblas-3.0.4-8.el9.x86_64                                                  
  flexiblas-netlib-3.0.4-8.el9.x86_64                                           
  flexiblas-openblas-openmp-3.0.4-8.el9.x86_64                                  
  gmock-1.11.0-1.el9.x86_64                                                     
  gtest-1.11.0-1.el9.x86_64                                                     
  gtest-devel-1.11.0-1.el9.x86_64                                               
  libgfortran-11.5.0-5.el9_5.alma.1.x86_64                                      
  libicu-67.1-10.el9_6.x86_64                                                   
  libicu-devel-67.1-10.el9_6.x86_64                                             
  libpng-2:1.6.37-12.el9.x86_64                                                 
  libpng-devel-2:1.6.37-12.el9.x86_64                                           
  libqhull-1:7.2.1-11.el9.x86_64                                                
  libqhull_p-1:7.2.1-11.el9.x86_64                                              
  libqhull_r-1:7.2.1-11.el9.x86_64                                              
  libquadmath-11.5.0-5.el9_5.alma.1.x86_64                                      
  libquadmath-devel-11.5.0-5.el9_5.alma.1.x86_64                                
  libusbx-1.0.26-1.el9.x86_64                                                   
  libusbx-devel-1.0.26-1.el9.x86_64                                             
  libxcrypt-compat-4.4.18-3.el9.x86_64                                          
  openblas-0.3.26-2.el9.x86_64                                                  
  openblas-openmp-0.3.26-2.el9.x86_64                                           
  python3-devel-3.9.21-2.el9_6.1.x86_64                                         
  python3-numpy-1:1.23.5-1.el9.x86_64                                           
  python3-pip-21.3.1-1.el9.noarch                                               
  python3-setuptools-53.0.0-13.el9_6.1.noarch                                   
  qhull-devel-1:7.2.1-11.el9.x86_64                                             
  zlib-devel-1.2.11-40.el9.x86_64                                               

Complete!
Last metadata expiration check: 0:00:25 ago on Sat Aug 30 06:21:20 2025.
Dependencies resolved.
================================================================================
 Package                 Architecture Version             Repository       Size
================================================================================
Installing:
 suitesparse-devel       x86_64       5.4.0-10.el9        crb             127 k
Installing dependencies:
 openblas-serial         x86_64       0.3.26-2.el9        appstream       4.8 M
 suitesparse             x86_64       5.4.0-10.el9        appstream       1.0 M
 tbb                     x86_64       2020.3-9.el9        appstream       168 k

Transaction Summary
================================================================================
Install  4 Packages

Total download size: 6.1 M
Installed size: 44 M
Downloading Packages:
(1/4): tbb-2020.3-9.el9.x86_64.rpm              1.5 MB/s | 168 kB     00:00    
(2/4): suitesparse-devel-5.4.0-10.el9.x86_64.rp 5.1 MB/s | 127 kB     00:00    
(3/4): suitesparse-5.4.0-10.el9.x86_64.rpm      6.6 MB/s | 1.0 MB     00:00    
(4/4): openblas-serial-0.3.26-2.el9.x86_64.rpm   23 MB/s | 4.8 MB     00:00    
--------------------------------------------------------------------------------
Total                                           4.0 MB/s | 6.1 MB     00:01     
Running transaction check
Transaction check succeeded.
Running transaction test
Transaction test succeeded.
Running transaction
  Preparing        :                                                        1/1 
  Installing       : tbb-2020.3-9.el9.x86_64                                1/4 
  Installing       : openblas-serial-0.3.26-2.el9.x86_64                    2/4 
  Installing       : suitesparse-5.4.0-10.el9.x86_64                        3/4 
  Installing       : suitesparse-devel-5.4.0-10.el9.x86_64                  4/4 
  Running scriptlet: suitesparse-devel-5.4.0-10.el9.x86_64                  4/4 
  Verifying        : openblas-serial-0.3.26-2.el9.x86_64                    1/4 
  Verifying        : suitesparse-5.4.0-10.el9.x86_64                        2/4 
  Verifying        : tbb-2020.3-9.el9.x86_64                                3/4 
  Verifying        : suitesparse-devel-5.4.0-10.el9.x86_64                  4/4 

Installed:
  openblas-serial-0.3.26-2.el9.x86_64       suitesparse-5.4.0-10.el9.x86_64    
  suitesparse-devel-5.4.0-10.el9.x86_64     tbb-2020.3-9.el9.x86_64            

Complete!
Last metadata expiration check: 0:00:28 ago on Sat Aug 30 06:21:20 2025.
Dependencies resolved.
================================================================================
 Package           Architecture  Version                 Repository        Size
================================================================================
Installing:
 CGAL-devel        x86_64        5.6.2-1.el9             epel             5.2 M
Installing dependencies:
 gmp-c++           x86_64        1:6.2.0-13.el9          appstream         18 k
 gmp-devel         x86_64        1:6.2.0-13.el9          appstream        173 k
 mpfr-devel        x86_64        4.1.0-7.el9             appstream         21 k

Transaction Summary
================================================================================
Install  4 Packages

Total download size: 5.4 M
Installed size: 39 M
Downloading Packages:
(1/4): mpfr-devel-4.1.0-7.el9.x86_64.rpm        439 kB/s |  21 kB     00:00    
(2/4): gmp-c++-6.2.0-13.el9.x86_64.rpm          312 kB/s |  18 kB     00:00    
(3/4): gmp-devel-6.2.0-13.el9.x86_64.rpm        1.2 MB/s | 173 kB     00:00    
(4/4): CGAL-devel-5.6.2-1.el9.x86_64.rpm         29 MB/s | 5.2 MB     00:00    
--------------------------------------------------------------------------------
Total                                           3.1 MB/s | 5.4 MB     00:01     
Running transaction check
Transaction check succeeded.
Running transaction test
Transaction test succeeded.
Running transaction
  Preparing        :                                                        1/1 
  Installing       : gmp-c++-1:6.2.0-13.el9.x86_64                          1/4 
  Installing       : gmp-devel-1:6.2.0-13.el9.x86_64                        2/4 
  Installing       : mpfr-devel-4.1.0-7.el9.x86_64                          3/4 
  Installing       : CGAL-devel-5.6.2-1.el9.x86_64                          4/4 
  Running scriptlet: CGAL-devel-5.6.2-1.el9.x86_64                          4/4 
  Verifying        : gmp-c++-1:6.2.0-13.el9.x86_64                          1/4 
  Verifying        : gmp-devel-1:6.2.0-13.el9.x86_64                        2/4 
  Verifying        : mpfr-devel-4.1.0-7.el9.x86_64                          3/4 
  Verifying        : CGAL-devel-5.6.2-1.el9.x86_64                          4/4 

Installed:
  CGAL-devel-5.6.2-1.el9.x86_64           gmp-c++-1:6.2.0-13.el9.x86_64        
  gmp-devel-1:6.2.0-13.el9.x86_64         mpfr-devel-4.1.0-7.el9.x86_64        

Complete!
-- The C compiler identification is GNU 11.5.0
-- The CXX compiler identification is GNU 11.5.0
-- Detecting C compiler ABI info
-- Detecting C compiler ABI info - done
-- Check for working C compiler: /usr/bin/cc - skipped
-- Detecting C compile features
-- Detecting C compile features - done
-- Detecting CXX compiler ABI info
-- Detecting CXX compiler ABI info - done
-- Check for working CXX compiler: /usr/bin/c++ - skipped
-- Detecting CXX compile features
-- Detecting CXX compile features - done
-- Found PkgConfig: /usr/bin/pkg-config (found version "1.7.3") 
-- Using CPU native flags for SSE optimization: -march=native
-- Performing Test HAVE_MM_MALLOC
-- Performing Test HAVE_MM_MALLOC - Success
-- Performing Test HAVE_POSIX_MEMALIGN
-- Performing Test HAVE_POSIX_MEMALIGN - Success
-- Performing Test HAVE_SSE4_2_EXTENSIONS
-- Performing Test HAVE_SSE4_2_EXTENSIONS - Success
-- Performing Test HAVE_SSE4_1_EXTENSIONS
-- Performing Test HAVE_SSE4_1_EXTENSIONS - Success
-- Performing Test HAVE_SSSE3_EXTENSIONS
-- Performing Test HAVE_SSSE3_EXTENSIONS - Success
-- Performing Test HAVE_SSE3_EXTENSIONS
-- Performing Test HAVE_SSE3_EXTENSIONS - Success
-- Performing Test HAVE_SSE2_EXTENSIONS
-- Performing Test HAVE_SSE2_EXTENSIONS - Success
-- Performing Test HAVE_SSE_EXTENSIONS
-- Performing Test HAVE_SSE_EXTENSIONS - Success
-- -- GCC > 4.3 found, enabling -Wabi
-- Found OpenMP_C: -fopenmp (found version "4.5") 
-- Found OpenMP_CXX: -fopenmp (found version "4.5") 
-- Found OpenMP: TRUE (found version "4.5")  
-- Found OpenMP
-- Checking for module 'eigen3'
--   Found eigen3, version 3.4.0
-- Found Eigen: /usr/include/eigen3  
-- Eigen found (include: /usr/include/eigen3, version: 3.4.0)
-- Checking for module 'flann>=1.7.0'
--   Found flann, version 1.9.1
-- FLANN found (include: , lib: flann;flann_cpp)
-- Found LIBUSB_1: /usr/lib64/libusb-1.0.so  
-- Checking for module 'libusb-1.0'
--   Found libusb-1.0, version 1.0.26
-- Found USB_10: /usr/lib64/libusb-1.0.so  
-- Could NOT find OpenNI (missing: OPENNI_LIBRARIES OPENNI_INCLUDE_DIRS) 
-- OpenNI grabber support: not building because OpenNI not found
-- Could NOT find OpenNI2 (missing: OPENNI2_LIBRARIES OPENNI2_INCLUDE_DIRS) 
-- OpenNI2 grabber support: not building because OpenNI2 not found
-- Could NOT find FZAPI (missing: FZAPI_LIBS FZAPI_INCLUDE_DIRS) 
-- Fotonic camera support: not building because FZAPI not found
-- Could NOT find ENSENSO (missing: ENSENSO_LIBRARIES ENSENSO_INCLUDE_DIRS) 
-- IDS-Imaging Ensenso camera support: not building because Ensenso not found
-- Could NOT find davidSDK (missing: DAVIDSDK_LIBRARY DAVIDSDK_INCLUDE_DIR) 
-- David Vision Systems SDK support: not building because davidSDK not found
-- Could NOT find DSSDK (missing: DSSDK_LIBRARIES DSSDK_INCLUDE_DIRS) 
-- DepthSense SDK support: not building because DSSDK not found
-- Could NOT find RSSDK (missing: RSSDK_LIBRARIES RSSDK_INCLUDE_DIRS) 
-- RealSense SDK support: not building because RSSDK not found
-- Checking for module 'metslib'
--   Package 'metslib', required by 'virtual:world', not found
-- Found ZLIB: /usr/lib64/libz.so (found version "1.2.11")  
-- Found PNG: /usr/lib64/libpng.so (found version "1.6.37") 
-- Found Qhull: optimized;/usr/lib64/libqhull_p.so;debug;/usr/lib64/libqhull_p.so  
-- QHULL found (include: /usr/include, lib: optimized;/usr/lib64/libqhull_p.so;debug;/usr/lib64/libqhull_p.so)
-- Could NOT find PCAP (missing: PCAP_LIBRARIES PCAP_INCLUDE_DIRS) 
-- Performing Test CMAKE_HAVE_LIBC_PTHREAD
-- Performing Test CMAKE_HAVE_LIBC_PTHREAD - Success
-- Found Threads: TRUE  
-- Found Boost: /usr/include  found components: filesystem thread date_time iostreams system chrono atomic regex 
-- Could NOT find OpenGL (missing: OPENGL_opengl_LIBRARY OPENGL_glx_LIBRARY OPENGL_INCLUDE_DIR) 
-- DOXYGEN_FOUND 
-- HTML_HELP_COMPILER 
-- The following subsystems will be built:
--   common
--   kdtree
--   octree
--   search
--   sample_consensus
--   filters
--   2d
--   geometry
--   io
--   features
--   ml
--   segmentation
--   surface
--   registration
--   keypoints
--   tracking
--   recognition
--   stereo
--   tools
-- The following subsystems will not be built:
--   visualization: VTK was not found.
--   apps: No reason
--   outofcore: Disabled manually.
--   examples: Code examples are disabled by default.
--   people: Disabled manually.
--   simulation: Disabled by default.
--   global_tests: No reason
-- Configuring done (3.1s)
-- Generating done (0.2s)
-- Build files have been written to: /opt/pcl-pcl-1.9.1/build
[  0%] Building CXX object io/tools/CMakeFiles/pcl_pcd_convert_NaN_nan.dir/pcd_convert_NaN_nan.cpp.o
[  0%] Building CXX object io/CMakeFiles/pcl_io_ply.dir/src/ply/ply_parser.cpp.o
[  0%] Building CXX object common/CMakeFiles/pcl_common.dir/src/point_types.cpp.o
[  0%] Building CXX object common/CMakeFiles/pcl_common.dir/src/pcl_base.cpp.o
[  0%] Building CXX object common/CMakeFiles/pcl_common.dir/src/common.cpp.o
[  0%] Building CXX object common/CMakeFiles/pcl_common.dir/src/distances.cpp.o
[  0%] Building CXX object common/CMakeFiles/pcl_common.dir/src/io.cpp.o
[  1%] Building CXX object common/CMakeFiles/pcl_common.dir/src/correspondence.cpp.o
[  1%] Linking CXX executable ../../bin/pcl_pcd_convert_NaN_nan
[  1%] Built target pcl_pcd_convert_NaN_nan
[  1%] Building CXX object common/CMakeFiles/pcl_common.dir/src/parse.cpp.o
[  1%] Building CXX object common/CMakeFiles/pcl_common.dir/src/poses_from_matches.cpp.o
[  1%] Building CXX object common/CMakeFiles/pcl_common.dir/src/print.cpp.o
[  2%] Building CXX object common/CMakeFiles/pcl_common.dir/src/projection_matrix.cpp.o
[  2%] Building CXX object common/CMakeFiles/pcl_common.dir/src/time_trigger.cpp.o
[  2%] Building CXX object common/CMakeFiles/pcl_common.dir/src/gaussian.cpp.o
[  2%] Building CXX object common/CMakeFiles/pcl_common.dir/src/colors.cpp.o
[  2%] Building CXX object common/CMakeFiles/pcl_common.dir/src/feature_histogram.cpp.o
[  2%] Building CXX object common/CMakeFiles/pcl_common.dir/src/bearing_angle_image.cpp.o
[  3%] Building CXX object common/CMakeFiles/pcl_common.dir/src/range_image.cpp.o
[  3%] Building CXX object common/CMakeFiles/pcl_common.dir/src/range_image_planar.cpp.o
[  3%] Building C object common/CMakeFiles/pcl_common.dir/src/fft/kiss_fft.c.o
[  3%] Building C object common/CMakeFiles/pcl_common.dir/src/fft/kiss_fftr.c.o
[  3%] Linking CXX shared library ../lib/libpcl_common.so
[  3%] Built target pcl_common
PCL 1.9.1 container build completed at Sat 30 Aug 2025 16:22:22 AEST
