INFO:    User not listed in /etc/subuid, trying root-mapped namespace
INFO:    The %post section will be run under fakeroot
INFO:    Starting build...
Copying blob sha256:216950d230057a9fb5f9890a3147b098c09acac05df07bed2aa34e580756740a
Copying config sha256:86beaeb08a93662c70ce13476bd835381e9002d19088312db06f7bc2cb21feaf
Writing manifest to image destination
2025/08/30 15:24:03  info unpack layer: sha256:216950d230057a9fb5f9890a3147b098c09acac05df07bed2aa34e580756740a
INFO:    Running post scriptlet
+ dnf update -y
+ dnf install -y epel-release
+ dnf config-manager --set-enabled crb
+ dnf install -y gcc-c++ cmake git wget pkgconfig libtool autoconf automake make patch
+ dnf install -y eigen3-devel flann-devel boost-devel qhull-devel libusb1-devel gtest-devel libpng-devel python3-devel python3-numpy python3-pip
Importing GPG key 0x3228467C:
 Userid     : "Fedora (epel9) <epel@fedoraproject.org>"
 Fingerprint: FF8A D134 4597 106E CE81 3B91 8A38 72BF 3228 467C
 From       : /etc/pki/rpm-gpg/RPM-GPG-KEY-EPEL-9
+ dnf install -y suitesparse-devel
+ dnf install -y CGAL-devel
+ cd /opt
+ wget https://github.com/PointCloudLibrary/pcl/archive/pcl-1.9.1.tar.gz
--2025-08-30 05:25:08--  https://github.com/PointCloudLibrary/pcl/archive/pcl-1.9.1.tar.gz
Resolving github.com (github.com)... 4.237.22.38
Connecting to github.com (github.com)|4.237.22.38|:443... connected.
HTTP request sent, awaiting response... 302 Found
Location: https://codeload.github.com/PointCloudLibrary/pcl/tar.gz/refs/tags/pcl-1.9.1 [following]
--2025-08-30 05:25:08--  https://codeload.github.com/PointCloudLibrary/pcl/tar.gz/refs/tags/pcl-1.9.1
Resolving codeload.github.com (codeload.github.com)... 4.237.22.35
Connecting to codeload.github.com (codeload.github.com)|4.237.22.35|:443... connected.
HTTP request sent, awaiting response... 200 OK
Length: unspecified [application/x-gzip]
Saving to: 'pcl-1.9.1.tar.gz'

     0K .......... .......... .......... .......... .......... 2.00M
    50K .......... .......... .......... .......... .......... 3.97M
   100K .......... .......... .......... .......... .......... 29.7M
   150K .......... .......... .......... .......... .......... 4.62M
   200K .......... .......... .......... .......... ..........  111M
   250K .......... .......... .......... .......... ..........  117M
   300K .......... .......... .......... .......... .......... 4.39M
   350K .......... .......... .......... .......... ..........  101M
   400K .......... .......... .......... .......... ..........  109M
   450K .......... .......... .......... .......... ..........  116M
   500K .......... .......... .......... .......... ..........  110M
   550K .......... .......... .......... .......... ..........  114M
   600K .......... .......... .......... .......... ..........  113M
   650K .......... .......... .......... .......... .......... 5.18M
   700K .......... .......... .......... .......... ..........  101M
   750K .......... .......... .......... .......... ..........  109M
   800K .......... .......... .......... .......... ..........  110M
   850K .......... .......... .......... .......... ..........  110M
   900K .......... .......... .......... .......... ..........  106M
   950K .......... .......... .......... .......... ..........  105M
  1000K .......... .......... .......... .......... .......... 3.23M
  1050K .......... .......... .......... .......... .......... 98.1M
  1100K .......... .......... .......... .......... .......... 91.6M
  1150K .......... .......... .......... .......... ..........  106M
  1200K .......... .......... .......... .......... .......... 90.5M
  1250K .......... .......... .......... .......... .......... 3.16M
  1300K .......... .......... .......... .......... .......... 83.4M
  1350K .......... .......... .......... .......... .......... 68.3M
  1400K .......... .......... .......... .......... .......... 61.9M
  1450K .......... .......... .......... .......... ..........  113M
  1500K .......... .......... .......... .......... .......... 3.44M
  1550K .......... .......... .......... .......... ..........  104M
  1600K .......... .......... .......... .......... .......... 92.8M
  1650K .......... .......... .......... .......... ..........  112M
  1700K .......... .......... .......... .......... ..........  103M
  1750K .......... .......... .......... .......... .......... 10.1M
  1800K .......... .......... .......... .......... .......... 62.3M
  1850K .......... .......... .......... .......... ..........  118M
  1900K .......... .......... .......... .......... .......... 86.6M
  1950K .......... .......... .......... .......... ..........  120M
  2000K .......... .......... .......... .......... .......... 6.94M
  2050K .......... .......... .......... .......... ..........  109M
  2100K .......... .......... .......... .......... .......... 68.6M
  2150K .......... .......... .......... .......... .......... 31.2M
  2200K .......... .......... .......... .......... ..........  121M
  2250K .......... .......... .......... .......... .......... 12.2M
  2300K .......... .......... .......... .......... .......... 42.5M
  2350K .......... .......... .......... .......... ..........  111M
  2400K .......... .......... .......... .......... ..........  117M
  2450K .......... .......... .......... .......... ..........  114M
  2500K .......... .......... .......... .......... ..........  107M
  2550K .......... .......... .......... .......... .......... 7.73M
  2600K .......... .......... .......... .......... ..........  100M
  2650K .......... .......... .......... .......... ..........  111M
  2700K .......... .......... .......... .......... ..........  104M
  2750K .......... .......... .......... .......... ..........  116M
  2800K .......... .......... .......... .......... .......... 7.59M
  2850K .......... .......... .......... .......... .......... 98.8M
  2900K .......... .......... .......... .......... ..........  113M
  2950K .......... .......... .......... .......... ..........  107M
  3000K .......... .......... .......... .......... ..........  116M
  3050K .......... .......... .......... .......... .......... 7.55M
  3100K .......... .......... .......... .......... ..........  104M
  3150K .......... .......... .......... .......... .......... 96.4M
  3200K .......... .......... .......... .......... ..........  110M
  3250K .......... .......... .......... .......... ..........  114M
  3300K .......... .......... .......... .......... .......... 7.89M
  3350K .......... .......... .......... .......... ..........  107M
  3400K .......... .......... .......... .......... ..........  103M
  3450K .......... .......... .......... .......... ..........  122M
  3500K .......... .......... .......... .......... ..........  104M
  3550K .......... .......... .......... .......... .......... 7.97M
  3600K .......... .......... .......... .......... .......... 85.9M
  3650K .......... .......... .......... .......... ..........  104M
  3700K .......... .......... .......... .......... ..........  106M
  3750K .......... .......... .......... .......... ..........  109M
  3800K .......... .......... .......... .......... .......... 7.62M
  3850K .......... .......... .......... .......... .......... 67.5M
  3900K .......... .......... .......... .......... ..........  114M
  3950K .......... .......... .......... .......... ..........  115M
  4000K .......... .......... .......... .......... .......... 15.8M
  4050K .......... .......... .......... .......... .......... 11.8M
  4100K .......... .......... .......... .......... .......... 81.4M
  4150K .......... .......... .......... .......... .......... 3.62M
  4200K .......... .......... .......... .......... .......... 29.9M
  4250K .......... .......... .......... .......... ..........  118M
  4300K .......... .......... .......... .......... ..........  125M
  4350K .......... .......... .......... .......... ..........  121M
  4400K .......... .......... .......... .......... .......... 3.21M
  4450K .......... .......... .......... .......... .......... 29.6M
  4500K .......... .......... .......... .......... .......... 6.12M
  4550K .......... .......... .......... .......... ..........  116M
  4600K .......... .......... .......... .......... ..........  106M
  4650K .......... .......... .......... .......... .......... 3.40M
  4700K .......... .......... .......... .......... ..........  119M
  4750K .......... .......... .......... .......... .......... 1.72M
  4800K .......... .......... .......... .......... ..........  116M
  4850K .......... .......... .......... .......... ..........  119M
  4900K .......... .......... .......... .......... .......... 88.9M
  4950K .......... .......... .......... .......... ..........  129M
  5000K .......... .......... .......... .......... ..........  122M
  5050K .......... .......... .......... .......... ..........  127M
  5100K .......... .......... .......... .......... ..........  114M
  5150K .......... .......... .......... .......... .......... 3.37M
  5200K .......... .......... .......... .......... .......... 72.0M
  5250K .......... .......... .......... .......... ..........  129M
  5300K .......... .......... .......... .......... ..........  113M
  5350K .......... .......... .......... .......... ..........  130M
  5400K .......... .......... .......... .......... .......... 22.3M
  5450K .......... .......... .......... .......... .......... 3.88M
  5500K .......... .......... .......... .......... .......... 67.1M
  5550K .......... .......... .......... .......... ..........  119M
  5600K .......... .......... .......... .......... .......... 7.48M
  5650K .......... .......... .......... .......... ..........  103M
  5700K .......... .......... .......... .......... ..........  112M
  5750K .......... .......... .......... .......... ..........  116M
  5800K .......... .......... .......... .......... ..........  105M
  5850K .......... .......... .......... .......... .......... 95.3M
  5900K .......... .......... .......... .......... .......... 31.0M
  5950K .......... .......... .......... .......... .......... 12.0M
  6000K .......... .......... .......... .......... ..........  110M
  6050K .......... .......... .......... .......... ..........  122M
  6100K .......... .......... .......... .......... ..........  106M
  6150K .......... .......... .......... .......... .......... 7.36M
  6200K .......... .......... .......... .......... ..........  102M
  6250K .......... .......... .......... .......... .......... 31.0M
  6300K .......... .......... .......... .......... ..........  123M
  6350K .......... .......... .......... .......... ..........  123M
  6400K .......... .......... .......... .......... .......... 21.9M
  6450K .......... .......... .......... .......... .......... 12.2M
  6500K .......... .......... .......... .......... ..........  112M
  6550K .......... .......... .......... .......... .......... 97.4M
  6600K .......... .......... .......... .......... .......... 89.6M
  6650K .......... .......... .......... .......... .......... 18.5M
  6700K .......... .......... .......... .......... .......... 12.0M
  6750K .......... .......... .......... .......... .......... 70.4M
  6800K .......... .......... .......... .......... ..........  107M
  6850K .......... .......... .......... .......... ..........  113M
  6900K .......... .......... .......... .......... .......... 8.36M
  6950K .......... .......... .......... .......... .......... 75.9M
  7000K .......... .......... .......... .......... ..........  105M
  7050K .......... .......... .......... .......... ..........  108M
  7100K .......... .......... .......... .......... ..........  107M
  7150K .......... .......... .......... .......... .......... 15.9M
  7200K .......... .......... .......... .......... .......... 12.9M
  7250K .......... .......... .......... .......... .......... 85.6M
  7300K .......... .......... .......... .......... ..........  107M
  7350K .......... .......... .......... .......... ..........  131M
  7400K .......... .......... .......... .......... ..........  106M
  7450K .......... .......... .......... .......... ..........  119M
  7500K .......... .......... .......... .......... ..........  129M
  7550K .......... .......... .......... .......... .......... 29.7M
  7600K .......... .......... .......... .......... .......... 11.9M
  7650K .......... .......... .......... .......... .......... 53.3M
  7700K .......... .......... .......... .......... .......... 14.4M
  7750K .......... .......... .......... .......... .......... 12.8M
  7800K .......... .......... .......... .......... .......... 75.8M
  7850K .......... .......... .......... .......... ..........  124M
  7900K .......... .......... .......... .......... .......... 13.3M
  7950K .......... .......... .......... .......... ..........  124M
  8000K .......... .......... .......... .......... ..........  108M
  8050K .......... .......... .......... .......... ..........  123M
  8100K .......... .......... .......... .......... .......... 17.0M
  8150K .......... .......... .......... .......... .......... 3.64M
  8200K .......... .......... .......... .......... .......... 40.4M
  8250K .......... .......... .......... .......... ..........  126M
  8300K .......... .......... .......... .......... .......... 36.5M
  8350K .......... .......... .......... .......... .......... 41.5M
  8400K .......... .......... .......... .......... .......... 11.8M
  8450K .......... .......... .......... .......... .......... 4.18M
  8500K .......... .......... .......... .......... .......... 7.99M
  8550K .......... .......... .......... .......... .......... 21.6M
  8600K .......... .......... .......... .......... .......... 35.1M
  8650K .......... .......... .......... .......... .......... 40.8M
  8700K .......... .......... .......... .......... .......... 4.54M
  8750K .......... .......... .......... .......... .......... 1.64M
  8800K .......... .......... .......... .......... .......... 52.4M
  8850K .......... .......... .......... .......... .......... 82.3M
  8900K .......... .......... .......... .......... .......... 9.18M
  8950K .......... .......... .......... .......... .......... 73.2M
  9000K .......... .......... .......... .......... ..........  119M
  9050K .......... .......... .......... .......... ..........  120M
  9100K .......... .......... .......... .......... ..........  117M
  9150K .......... .......... .......... .......... .......... 5.13M
  9200K .......... .......... .......... .......... ..........  107M
  9250K .......... .......... .......... .......... ..........  117M
  9300K .......... .......... .......... .......... .......... 90.8M
  9350K .......... .......... .......... .......... ..........  119M
  9400K .......... .......... .......... .......... .......... 25.2M
  9450K .......... .......... .......... .......... .......... 3.99M
  9500K .......... .......... .......... .......... .......... 6.33M
  9550K .......... .......... .......... .......... .......... 92.7M
  9600K .......... .......... .......... .......... ..........  104M
  9650K .......... .......... .......... .......... .......... 75.0M
  9700K .......... .......... .......... .......... .......... 81.2M
  9750K .......... .......... .......... .......... .......... 25.4M
  9800K .......... .......... .......... .......... .......... 78.8M
  9850K .......... .......... .......... .......... .......... 46.7M
  9900K .......... .......... .......... .......... .......... 79.5M
  9950K .......... .......... .......... .......... .......... 27.7M
 10000K .......... .......... .......... .......... .......... 80.5M
 10050K .......... .......... .......... .......... .......... 13.9M
 10100K .......... .......... .......... .......... .......... 33.7M
 10150K .......... .......... .......... .......... .......... 57.0M
 10200K .......... .......... .......... .......... .......... 22.1M
 10250K .......... .......... .......... .......... .......... 53.5M
 10300K .......... .......... .......... .......... .......... 16.5M
 10350K .......... .......... .......... .......... .......... 32.0M
 10400K .......... .......... .......... .......... .......... 72.9M
 10450K .......... .......... .......... .......... .......... 17.2M
 10500K .......... .......... .......... .......... .......... 10.3M
 10550K .......... .......... .......... .......... ..........  105M
 10600K .......... .......... .......... .......... .......... 61.9M
 10650K .......... .......... .......... .......... ..........  123M
 10700K .......... .......... .......... .......... .......... 56.2M
 10750K .......... .......... .......... .......... .......... 10.8M
 10800K .......... .......... .......... .......... .......... 47.1M
 10850K .......... .......... .......... .......... ..........  131M
 10900K .......... .......... .......... .......... .......... 19.6M
 10950K .......... .......... .......... .......... ..........  120M
 11000K .......... .......... .......... .......... .......... 12.4M
 11050K .......... .......... .......... .......... .......... 65.4M
 11100K .......... .......... .......... .......... ..........  119M
 11150K .......... .......... .......... .......... .......... 92.1M
 11200K .......... .......... .......... .......... .......... 21.7M
 11250K .......... .......... .......... .......... .......... 25.7M
 11300K .......... .......... .......... .......... .......... 99.6M
 11350K .......... .......... .......... .......... ..........  118M
 11400K .......... .......... .......... .......... ..........  100M
 11450K .......... .......... .......... .......... ..........  114M
 11500K .......... .......... .......... .......... .......... 44.4M
 11550K .......... .......... .......... .......... .......... 15.8M
 11600K .......... .......... .......... .......... .......... 59.5M
 11650K .......... .......... .......... .......... .......... 90.6M
 11700K .......... .......... .......... .......... .......... 13.5M
 11750K .......... .......... .......... .......... .......... 14.3M
 11800K .......... .......... .......... .......... .......... 11.7M
 11850K .......... .......... .......... .......... .......... 80.1M
 11900K .......... .......... .......... .......... .......... 95.6M
 11950K .......... .......... .......... .......... ..........  112M
 12000K .......... .......... .......... .......... .......... 81.6M
 12050K .......... .......... .......... .......... .......... 20.5M
 12100K .......... .......... .......... .......... .......... 9.67M
 12150K .......... .......... .......... .......... .......... 70.6M
 12200K .......... .......... .......... .......... .......... 5.01M
 12250K .......... .......... .......... .......... .......... 90.4M
 12300K .......... .......... .......... .......... .......... 35.7M
 12350K .......... .......... .......... .......... .......... 11.9M
 12400K .......... .......... .......... .......... .......... 27.6M
 12450K .......... .......... .......... .......... .......... 5.35M
 12500K .......... .......... .......... .......... .......... 6.20M
 12550K .......... .......... .......... .......... .......... 17.9M
 12600K .......... .......... .......... .......... .......... 32.5M
 12650K .......... .......... .......... .......... ..........  108M
 12700K .......... .......... .......... .......... .......... 10.2M
 12750K .......... .......... .......... .......... .......... 1.36M
 12800K .......... .......... .......... .......... .......... 57.1M
 12850K .......... .......... .......... .......... .......... 9.18M
 12900K .......... .......... .......... .......... .......... 65.2M
 12950K .......... .......... .......... .......... ..........  106M
 13000K .......... .......... .......... .......... .......... 4.55M
 13050K .......... .......... .......... .......... ..........  107M
 13100K .......... .......... .......... .......... ..........  105M
 13150K .......... .......... .......... .......... .......... 58.3M
 13200K .......... .......... .......... .......... ..........  109M
 13250K .......... .......... .......... .......... ..........  114M
 13300K .......... .......... .......... .......... .......... 74.9M
 13350K .......... .......... .......... .......... ..........  112M
 13400K .......... .......... .......... .......... ..........  116M
 13450K .......... .......... .......... .......... .......... 4.11M
 13500K .......... .......... .......... .......... .......... 43.1M
 13550K .......... .......... .......... .......... .......... 7.17M
 13600K .......... .......... .......... .......... .......... 96.1M
 13650K .......... .......... .......... .......... ..........  131M
 13700K .......... .......... .......... .......... .......... 16.8M
 13750K .......... .......... .......... .......... ..........  111M
 13800K .......... .......... .......... .......... .......... 14.9M
 13850K .......... .......... .......... .......... ..........  109M
 13900K .......... .......... .......... .......... ..........  104M
 13950K .......... .......... .......... .......... ..........  116M
 14000K .......... .......... .......... .......... ..........  122M
 14050K .......... .......... .......... .......... .......... 17.1M
 14100K .......... .......... .......... .......... .......... 14.6M
 14150K .......... .......... .......... .......... ..........  114M
 14200K .......... .......... .......... .......... .......... 91.6M
 14250K .......... .......... .......... .......... .......... 61.2M
 14300K .......... .......... .......... .......... .......... 57.2M
 14350K .......... .......... .......... .......... .......... 8.00M
 14400K .......... .......... .......... .......... .......... 33.8M
 14450K .......... .......... .......... .......... ..........  124M
 14500K .......... .......... .......... .......... .......... 16.1M
 14550K .......... .......... .......... .......... .......... 14.9M
 14600K .......... .......... .......... .......... ..........  108M
 14650K .......... .......... .......... .......... .......... 99.1M
 14700K .......... .......... .......... .......... ..........  122M
 14750K .......... .......... .......... .......... .......... 14.2M
 14800K .......... .......... .......... .......... .......... 14.8M
 14850K .......... .......... .......... .......... ..........  195M
 14900K .......... .......... .......... .......... ..........  209M
 14950K .......... .......... .......... .......... .......... 11.0M
 15000K .......... .......... .......... .......... ..........  198M
 15050K .......... .......... .......... .......... .......... 15.0M
 15100K .......... .......... .......... .......... ..........  184M
 15150K .......... .......... .......... .......... ..........  207M
 15200K .......... .......... .......... .......... ..........  202M
 15250K .......... .......... .......... .......... .......... 33.4M
 15300K .......... .......... .......... .......... ..........  194M
 15350K .......... .......... .......... .......... ..........  218M
 15400K .......... .......... .......... .......... .......... 19.8M
 15450K .......... .......... .......... .......... ..........  182M
 15500K .......... .......... .......... .......... ..........  201M
 15550K .......... .......... .......... .......... .......... 18.4M
 15600K .......... .......... .......... .......... ..........  147M
 15650K .......... .......... .......... .......... .......... 50.0M
 15700K .......... .......... .......... .......... .......... 13.7M
 15750K .......... .......... .......... .......... .......... 14.2M
 15800K .......... .......... .......... .......... .......... 95.2M
 15850K .......... .......... .......... .......... .......... 11.6M
 15900K .......... .......... .......... .......... .......... 41.8M
 15950K .......... .......... .......... .......... .......... 60.4M
 16000K .......... .......... .......... .......... .......... 19.0M
 16050K .......... .......... .......... .......... ..........  115M
 16100K .......... .......... .......... .......... ..........  125M
 16150K .......... .......... .......... .......... .......... 11.1M
 16200K .......... .......... .......... .......... .......... 5.73M
 16250K .......... .......... .......... .......... .......... 14.5M
 16300K .......... .......... .......... .......... .......... 61.3M
 16350K .......... .......... .......... .......... ..........  126M
 16400K .......... .......... .......... .......... .......... 14.6M
 16450K .......... .......... .......... .......... .......... 4.35M
 16500K .......... .......... .......... .......... .......... 57.4M
 16550K .......... .......... .......... .......... .......... 8.26M
 16600K .......... .......... .......... .......... .......... 25.1M
 16650K .......... .......... .......... .......... .......... 19.0M
 16700K .......... .......... .......... .......... .......... 10.1M
 16750K .......... .......... .......... .......... .......... 8.15M
 16800K .......... .......... .......... .......... .......... 1.63M
 16850K .......... .......... .......... .......... .......... 41.3M
 16900K .......... .......... .......... .......... .......... 9.07M
 16950K .......... .......... .......... .......... .......... 67.2M
 17000K .......... .......... .......... .......... .......... 4.48M
 17050K .......... .......... .......... .......... ..........  112M
 17100K .......... .......... .......... .......... .......... 68.6M
 17150K .......... .......... .......... .......... ..........  125M
 17200K .......... .......... .......... .......... .......... 23.8M
 17250K .......... .......... .......... .......... ..........  121M
 17300K .......... .......... .......... .......... ..........  110M
 17350K .......... .......... .......... .......... ..........  130M
 17400K .......... .......... .......... .......... .......... 4.28M
 17450K .......... .......... .......... .......... ..........  119M
 17500K .......... .......... .......... .......... ..........  122M
 17550K .......... .......... .......... .......... ..........  102M
 17600K .......... .......... .......... .......... .......... 7.50M
 17650K .......... .......... .......... .......... .......... 13.7M
 17700K .......... .......... .......... .......... ..........  115M
 17750K .......... .......... .......... .......... ..........  122M
 17800K .......... .......... .......... .......... .......... 14.1M
 17850K .......... .......... .......... .......... .......... 88.0M
 17900K .......... .......... .......... .......... ..........  119M
 17950K .......... .......... .......... .......... ..........  123M
 18000K .......... .......... .......... .......... ..........  131M
 18050K .......... .......... .......... .......... ..........  130M
 18100K .......... .......... .......... .......... .......... 20.0M
 18150K .......... .......... .......... .......... .......... 13.8M
 18200K .......... .......... .......... .......... ..........  121M
 18250K .......... .......... .......... .......... .......... 82.0M
 18300K .......... .......... .......... .......... .......... 54.7M
 18350K .......... .......... .......... .......... .......... 59.5M
 18400K .......... .......... .......... .......... .......... 7.85M
 18450K .......... .......... .......... .......... .......... 10.8M
 18500K .......... .......... .......... .......... .......... 30.8M
 18550K .......... .......... .......... .......... ..........  122M
 18600K .......... .......... .......... .......... .......... 33.4M
 18650K .......... .......... .......... .......... ..........  120M
 18700K .......... .......... .......... .......... ..........  131M
 18750K .......... .......... .......... .......... .......... 12.1M
 18800K .......... .......... .......... .......... ..........  112M
 18850K .......... .......... .......... .......... .......... 16.7M
 18900K .......... .......... .......... .......... ..........  118M
 18950K .......... .......... .......... .......... ..........  131M
 19000K .......... .......... .......... .......... .......... 12.0M
 19050K .......... .......... .......... .......... ..........  107M
 19100K .......... .......... .......... .......... .......... 15.6M
 19150K .......... .......... .......... .......... ..........  127M
 19200K .......... .......... .......... .......... ..........  122M
 19250K .......... .......... .......... .......... .......... 31.4M
 19300K .......... .......... .......... .......... ..........  113M
 19350K .......... .......... .......... .......... ..........  126M
 19400K .......... .......... .......... .......... .......... 31.3M
 19450K .......... .......... .......... .......... ..........  132M
 19500K .......... .......... .......... .......... .......... 13.2M
 19550K .......... .......... .......... .......... ..........  121M
 19600K .......... .......... .......... .......... ..........  127M
 19650K .......... .......... .......... .......... ..........  112M
 19700K .......... .......... .......... .......... ..........  128M
 19750K .......... .......... .......... .......... .......... 19.9M
 19800K .......... .......... .......... .......... .......... 13.3M
 19850K .......... .......... .......... .......... .......... 11.5M
 19900K .......... .......... .......... .......... ..........  119M
 19950K .......... .......... .......... .......... .......... 30.7M
 20000K .......... .......... .......... .......... ..........  114M
 20050K .......... .......... .......... .......... .......... 20.4M
 20100K .......... .......... .......... .......... .......... 86.9M
 20150K .......... .......... .......... .......... ..........  134M
 20200K .......... .......... .......... .......... .......... 11.8M
 20250K .......... .......... .......... .......... .......... 5.63M
 20300K .......... .......... .......... .......... .......... 47.9M
 20350K .......... .......... .......... .......... .......... 7.83M
 20400K .......... .......... .......... .......... .......... 51.4M
 20450K .......... .......... .......... .......... ..........  121M
 20500K .......... .......... .......... .......... .......... 5.15M
 20550K .......... .......... .......... .......... .......... 15.7M
 20600K .......... .......... .......... .......... .......... 10.3M
 20650K .......... .......... .......... .......... .......... 36.3M
 20700K .......... .......... .......... .......... .......... 24.9M
 20750K .......... .......... .......... .......... .......... 7.75M
 20800K .......... .......... .......... .......... .......... 8.24M
 20850K .......... .......... .......... .......... .......... 1.64M
 20900K .......... .......... .......... .......... .......... 56.5M
 20950K .......... .......... .......... .......... .......... 8.08M
 21000K .......... .......... .......... .......... .......... 43.6M
 21050K .......... .......... .......... .......... .......... 4.68M
 21100K .......... .......... .......... .......... ..........  118M
 21150K .......... .......... .......... .......... .......... 76.9M
 21200K .......... .......... .......... .......... ..........  121M
 21250K .......... .......... .......... .......... .......... 22.9M
 21300K .......... .......... .......... .......... ..........  105M
 21350K .......... .......... .......... .......... .......... 4.25M
 21400K .......... .......... .......... .......... .......... 37.7M
 21450K .......... .......... .......... .......... .......... 87.7M
 21500K .......... .......... .......... .......... .......... 52.4M
 21550K .......... .......... .......... .......... ..........  120M
 21600K .......... .......... .......... .......... .......... 10.5M
 21650K .......... .......... .......... .......... .......... 55.8M
 21700K .......... .......... .......... .......... .......... 12.5M
 21750K .......... .......... .......... .......... .......... 15.3M
 21800K .......... .......... .......... .......... .......... 54.3M
 21850K .......... .......... .......... .......... ..........  124M
 21900K .......... .......... .......... .......... ..........  114M
 21950K .......... .......... .......... .......... ..........  131M
 22000K .......... .......... .......... .......... ..........  108M
 22050K .......... .......... .......... .......... .......... 25.0M
 22100K .......... .......... .......... .......... .......... 85.1M
 22150K .......... .......... .......... .......... ..........  115M
 22200K .......... .......... .......... .......... .......... 16.0M
 22250K .......... .......... .......... .......... .......... 74.1M
 22300K .......... .......... .......... .......... ..........  122M
 22350K .......... .......... .......... .......... .......... 85.4M
 22400K .......... .......... .......... .......... .......... 49.6M
 22450K .......... .......... .......... .......... .......... 28.6M
 22500K .......... .......... .......... .......... .......... 5.47M
 22550K .......... .......... .......... .......... .......... 3.24M
 22600K .......... .......... .......... .......... .......... 32.4M
 22650K .......... .......... .......... .......... ..........  124M
 22700K .......... .......... .......... .......... ..........  125M
 22750K .......... .......... .......... .......... ..........  126M
 22800K .......... .......... .......... .......... ..........  126M
 22850K .......... .......... .......... .......... ..........  126M
 22900K .......... .......... .......... .......... ..........  126M
 22950K .......... .......... .......... .......... ..........  130M
 23000K .......... .......... .......... .......... ..........  114M
 23050K .......... .......... .......... .......... ..........  129M
 23100K .......... .......... .......... .......... ..........  119M
 23150K .......... .......... .......... .......... .......... 64.2M
 23200K .......... .......... .......... .......... .......... 19.3M
 23250K .......... .......... .......... .......... .......... 46.6M
 23300K .......... .......... .......... .......... ..........  129M
 23350K .......... .......... .......... .......... .......... 21.6M
 23400K .......... .......... .......... .......... ..........  126M
 23450K .......... .......... .......... .......... ..........  136M
 23500K .......... .......... .......... .......... .......... 57.9M
 23550K .......... .......... .......... .......... ..........  128M
 23600K .......... .......... .......... .......... .......... 18.8M
 23650K .......... .......... .......... .......... .......... 38.1M
 23700K .......... .......... .......... .......... .......... 20.0M
 23750K .......... .......... .......... .......... .......... 38.1M
 23800K .......... .......... .......... .......... ..........  126M
 23850K .......... .......... .......... .......... .......... 22.5M
 23900K .......... .......... .......... .......... .......... 39.8M
 23950K .......... .......... .......... .......... .......... 31.7M
 24000K .......... .......... .......... .......... .......... 46.9M
 24050K .......... .......... .......... .......... ..........  125M
 24100K .......... .......... .......... .......... .......... 37.1M
 24150K .......... .......... .......... .......... .......... 61.7M
 24200K .......... .......... .......... .......... .......... 11.0M
 24250K .......... .......... .......... .......... ..........  126M
 24300K .......... .......... .......... .......... .......... 5.65M
 24350K .......... .......... .......... .......... .......... 47.6M
 24400K .......... .......... .......... .......... .......... 22.1M
 24450K .......... .......... .......... .......... .......... 3.34M
 24500K .......... .......... .......... .......... .......... 84.4M
 24550K .......... .......... .......... .......... ..........  129M
 24600K .......... .......... .......... .......... .......... 43.8M
 24650K .......... .......... .......... .......... .......... 7.05M
 24700K .......... .......... .......... .......... ..........  113M
 24750K .......... .......... .......... .......... .......... 38.8M
 24800K .......... .......... .......... .......... .......... 7.80M
 24850K .......... .......... .......... .......... .......... 7.35M
 24900K .......... .......... .......... .......... .......... 1.63M
 24950K .......... .......... .......... .......... .......... 8.07M
 25000K .......... .......... .......... .......... ..........  124M
 25050K .......... .......... .......... .......... .......... 39.5M
 25100K .......... .......... .......... .......... .......... 4.95M
 25150K .......... .......... .......... .......... .......... 40.4M
 25200K .......... .......... .......... .......... ..........  122M
 25250K .......... .......... .......... .......... ..........  125M
 25300K .......... .......... .......... .......... .......... 23.5M
 25350K .......... .......... .......... .......... .......... 97.9M
 25400K .......... .......... .......... .......... .......... 4.27M
 25450K .......... .......... .......... .......... .......... 78.5M
 25500K .......... .......... .......... .......... .......... 43.0M
 25550K .......... .......... .......... .......... .......... 72.2M
 25600K .......... .......... .......... .......... .......... 7.88M
 25650K .......... .......... .......... .......... ..........  129M
 25700K .......... .......... .......... .......... .......... 16.2M
 25750K .......... .......... .......... .......... ..........  126M
 25800K .......... .......... .......... .......... .......... 12.1M
 25850K .......... .......... .......... .......... ..........  117M
 25900K .......... .......... .......... .......... ..........  110M
 25950K .......... .......... .......... .......... .......... 18.1M
 26000K .......... .......... .......... .......... .......... 50.1M
 26050K .......... .......... .......... .......... ..........  117M
 26100K .......... .......... .......... .......... ..........  123M
 26150K .......... .......... .......... .......... .......... 22.9M
 26200K .......... .......... .......... .......... .......... 59.9M
 26250K .......... .......... .......... .......... ..........  125M
 26300K .......... .......... .......... .......... .......... 14.1M
 26350K .......... .......... .......... .......... ..........  127M
 26400K .......... .......... .......... .......... .......... 77.9M
 26450K .......... .......... .......... .......... ..........  133M
 26500K .......... .......... .......... .......... .......... 15.2M
 26550K .......... .......... .......... .......... ..........  129M
 26600K .......... .......... .......... .......... .......... 6.56M
 26650K .......... .......... .......... .......... ..........  114M
 26700K .......... .......... .......... .......... .......... 28.8M
 26750K .......... .......... .......... .......... ..........  124M
 26800K .......... .......... .......... .......... .......... 22.0M
 26850K .......... .......... .......... .......... .......... 15.5M
 26900K .......... .......... .......... .......... .......... 11.4M
 26950K .......... .......... .......... .......... .......... 57.2M
 27000K .......... .......... .......... .......... ..........  109M
 27050K .......... .......... .......... .......... ..........  121M
 27100K .......... .......... .......... .......... .......... 18.6M
 27150K .......... .......... .......... .......... ..........  126M
 27200K .......... .......... .......... .......... ..........  127M
 27250K .......... .......... .......... .......... .......... 26.4M
 27300K .......... .......... .......... .......... ..........  120M
 27350K .......... .......... .......... .......... ..........  125M
 27400K .......... .......... .......... .......... ..........  116M
 27450K .......... .......... .......... .......... .......... 10.2M
 27500K .......... .......... .......... .......... ..........  122M
 27550K .......... .......... .......... .......... ..........  123M
 27600K .......... .......... .......... .......... ..........  121M
 27650K .......... .......... .......... .......... .......... 18.4M
 27700K .......... .......... .......... .......... ..........  113M
 27750K .......... .......... .......... .......... ..........  131M
 27800K .......... .......... .......... .......... .......... 28.5M
 27850K .......... .......... .......... .......... .......... 39.5M
 27900K .......... .......... .......... .......... .......... 93.1M
 27950K .......... .......... .......... .......... .......... 11.9M
 28000K .......... .......... .......... .......... .......... 33.4M
 28050K .......... .......... .......... .......... .......... 52.9M
 28100K .......... .......... .......... .......... .......... 26.5M
 28150K .......... .......... .......... .......... ..........  143M
 28200K .......... .......... .......... .......... .......... 72.1M
 28250K .......... .......... .......... .......... .......... 38.0M
 28300K .......... .......... .......... .......... .......... 4.18M
 28350K .......... .......... .......... .......... .......... 40.0M
 28400K .......... .......... .......... .......... ..........  154M
 28450K .......... .......... .......... .......... .......... 19.9M
 28500K .......... .......... .......... .......... .......... 12.7M
 28550K .......... .......... .......... .......... .......... 4.32M
 28600K .......... .......... .......... .......... ..........  127M
 28650K .......... .......... .......... .......... .......... 47.6M
 28700K .......... .......... .......... .......... .......... 7.56M
 28750K .......... .......... .......... .......... .......... 20.6M
 28800K .......... .......... .......... .......... ..........  117M
 28850K .......... .......... .......... .......... .......... 8.84M
 28900K .......... .......... .......... .......... .......... 7.81M
 28950K .......... .......... .......... .......... .......... 1.62M
 29000K .......... .......... .......... .......... .......... 8.10M
 29050K .......... .......... .......... .......... .......... 33.7M
 29100K .......... .......... .......... .......... ..........  126M
 29150K .......... .......... .......... .......... .......... 4.76M
 29200K .......... .......... .......... .......... .......... 61.0M
 29250K .......... .......... .......... .......... .......... 53.1M
 29300K .......... .......... .......... .......... .......... 28.5M
 29350K .......... .......... .......... .......... .......... 37.3M
 29400K .......... .......... .......... .......... ..........  117M
 29450K .......... .......... .......... .......... .......... 4.44M
 29500K .......... .......... .......... .......... .......... 31.0M
 29550K .......... .......... .......... .......... .......... 70.6M
 29600K .......... .......... .......... .......... ..........  123M
 29650K .......... .......... .......... .......... .......... 8.25M
 29700K .......... .......... .......... .......... .......... 15.2M
 29750K .......... .......... .......... .......... .......... 55.5M
 29800K .......... .......... .......... .......... .......... 18.9M
 29850K .......... .......... .......... .......... .......... 67.3M
 29900K .......... .......... .......... .......... ..........  117M
 29950K .......... .......... .......... .......... .......... 51.9M
 30000K .......... .......... .......... .......... .......... 17.4M
 30050K .......... .......... .......... .......... ..........  122M
 30100K .......... .......... .......... .......... ..........  122M
 30150K .......... .......... .......... .......... .......... 16.8M
 30200K .......... .......... .......... .......... ..........  120M
 30250K .......... .......... .......... .......... .......... 86.2M
 30300K .......... .......... .......... .......... ..........  124M
 30350K .......... .......... .......... .......... .......... 16.9M
 30400K .......... .......... .......... .......... .......... 96.3M
 30450K .......... .......... .......... .......... .......... 3.94M
 30500K .......... .......... .......... .......... ..........  114M
 30550K .......... .......... .......... .......... ..........  116M
 30600K .......... .......... .......... .......... ..........  125M
 30650K .......... .......... .......... .......... ..........  124M
 30700K .......... .......... .......... .......... ..........  121M
 30750K .......... .......... .......... .......... ..........  133M
 30800K .......... .......... .......... .......... .......... 17.8M
 30850K .......... .......... .......... .......... ..........  127M
 30900K .......... .......... .......... .......... .......... 15.7M
 30950K .......... .......... .......... .......... .......... 12.7M
 31000K .......... .......... .......... .......... .......... 63.1M
 31050K .......... .......... .......... .......... ..........  130M
 31100K .......... .......... .......... .......... .......... 18.6M
 31150K .......... .......... .......... .......... .......... 50.4M
 31200K .......... .......... .......... .......... ..........  241M
 31250K .......... .......... .......... .......... .......... 7.57M
 31300K .......... .......... .......... .......... .......... 64.7M
 31350K .......... .......... .......... .......... ..........  186M
 31400K .......... .......... .......... .......... .......... 58.7M
 31450K .......... .......... .......... .......... .......... 18.5M
 31500K .......... .......... .......... .......... ..........  202M
 31550K .......... .......... .......... .......... .......... 48.8M
 31600K .......... .......... .......... .......... .......... 26.7M
 31650K .......... .......... .......... .......... .......... 10.2M
 31700K .......... .......... .......... .......... .......... 58.0M
 31750K .......... .......... .......... .......... .......... 55.4M
 31800K .......... .......... .......... .......... .......... 44.5M
 31850K .......... .......... .......... .......... .......... 27.8M
 31900K .......... .......... .......... .......... ..........  123M
 31950K .......... .......... .......... .......... .......... 54.4M
 32000K .......... .......... .......... .......... .......... 30.4M
 32050K .......... .......... .......... .......... .......... 8.81M
 32100K .......... .......... .......... .......... .......... 51.7M
 32150K .......... .......... .......... .......... .......... 47.9M
 32200K .......... .......... .......... .......... .......... 27.1M
 32250K .......... .......... .......... .......... ..........  125M
 32300K .......... .......... .......... .......... .......... 56.1M
 32350K .......... .......... .......... .......... .......... 29.6M
 32400K .......... .......... .......... .......... .......... 74.7M
 32450K .......... .......... .......... .......... .......... 9.62M
 32500K .......... .......... .......... .......... .......... 50.2M
 32550K .......... .......... .......... .......... .......... 49.4M
 32600K .......... .......... .......... .......... .......... 4.57M
 32650K .......... .......... .......... .......... .......... 35.5M
 32700K .......... .......... .......... .......... ..........  130M
 32750K .......... .......... .......... .......... .......... 7.68M
 32800K .......... .......... .......... .......... .......... 47.1M
 32850K .......... .......... .......... .......... .......... 20.4M
 32900K .......... .......... .......... .......... ..........  120M
 32950K .......... .......... .......... .......... .......... 4.73M
 33000K .......... .......... .......... .......... .......... 1.64M
 33050K .......... .......... .......... .......... .......... 2.97M
 33100K .......... .......... .......... .......... ..........  123M
 33150K .......... .......... .......... .......... .......... 35.8M
 33200K .......... .......... .......... .......... .......... 19.4M
 33250K .......... .......... .......... .......... ..........  125M
 33300K .......... .......... .......... .......... .......... 6.50M
 33350K .......... .......... .......... .......... ..........  126M
 33400K .......... .......... .......... .......... .......... 40.7M
 33450K .......... .......... .......... .......... .......... 19.1M
 33500K .......... .......... .......... .......... .......... 17.8M
 33550K .......... .......... .......... .......... .......... 9.40M
 33600K .......... .......... .......... .......... ..........  123M
 33650K .......... .......... .......... .......... .......... 39.8M
 33700K .......... .......... .......... .......... .......... 18.0M
 33750K .......... .......... .......... .......... .......... 18.6M
 33800K .......... .......... .......... .......... .......... 9.52M
 33850K .......... .......... .......... .......... ..........  124M
 33900K .......... .......... .......... .......... ..........  118M
 33950K .......... .......... .......... .......... .......... 22.7M
 34000K .......... .......... .......... .......... .......... 14.6M
 34050K .......... .......... .......... .......... .......... 13.5M
 34100K .......... .......... .......... .......... .......... 18.8M
 34150K .......... .......... .......... .......... ..........  124M
 34200K .......... .......... .......... .......... .......... 37.4M
 34250K .......... .......... .......... .......... .......... 11.7M
 34300K .......... .......... .......... .......... .......... 23.4M
 34350K .......... .......... .......... .......... .......... 11.9M
 34400K .......... .......... .......... .......... ..........  120M
 34450K .......... .......... .......... .......... .......... 54.8M
 34500K .......... .......... .......... .......... .......... 25.8M
 34550K .......... .......... .......... .......... .......... 12.3M
 34600K .......... .......... .......... .......... .......... 13.1M
 34650K .......... .......... .......... .......... .......... 31.2M
 34700K .......... .......... .......... .......... ..........  126M
 34750K .......... .......... .......... .......... .......... 20.7M
 34800K .......... .......... .......... .......... .......... 1.84M
 34850K .......... .......... .......... .......... ..........  114M
 34900K .......... .......... .......... .......... .......... 31.4M
 34950K .......... .......... .......... .......... ..........  124M
 35000K .......... .......... .......... .......... ..........  128M
 35050K .......... .......... .......... .......... .......... 1.41M
 35100K .......... .......... .......... .......... ..........  122M
 35150K .......... .......... .......... .......... .......... 93.9M
 35200K .......... .......... .......... .......... ..........  106M
 35250K .......... .......... .......... .......... ..........  118M
 35300K .......... .......... .......... .......... .......... 1.20M
 35350K .......... .......... .......... .......... .......... 39.4M
 35400K .......... .......... .......... .......... .......... 66.3M
 35450K .......... .......... .......... .......... ..........  126M
 35500K .......... .......... .......... .......... ..........  115M
 35550K .......... .......... .......... .......... .......... 3.26M
 35600K .......... .......... .......... .......... .......... 41.7M
 35650K .......... .......... .......... .......... .......... 73.4M
 35700K .......... .......... .......... .......... .......... 70.1M
 35750K .......... .......... .......... .......... ..........  114M
 35800K .......... .......... .......... .......... .......... 4.99M
 35850K .......... .......... .......... .......... .......... 91.4M
 35900K .......... .......... .......... .......... .......... 54.4M
 35950K .......... .......... .......... .......... ..........  131M
 36000K .......... .......... .......... .......... .......... 81.0M
 36050K .......... .......... .......... .......... .......... 4.67M
 36100K .......... .......... .......... .......... .......... 37.9M
 36150K .......... .......... .......... .......... .......... 43.6M
 36200K .......... .......... .......... .......... ..........  127M
 36250K .......... .......... .......... .......... .......... 95.9M
 36300K .......... .......... .......... .......... .......... 5.49M
 36350K .......... .......... .......... .......... .......... 14.5M
 36400K .......... .......... .......... .......... .......... 43.2M
 36450K .......... .......... .......... .......... ..........  117M
 36500K .......... .......... .......... .......... .......... 55.4M
 36550K .......... .......... .......... .......... ..........  128M
 36600K .......... .......... .......... .......... .......... 2.41M
 36650K .......... .......... .......... .......... ..........  122M
 36700K .......... .......... .......... .......... .......... 98.2M
 36750K .......... .......... .......... .......... ..........  122M
 36800K .......... .......... .......... .......... ..........  124M
 36850K .......... .......... .......... .......... .......... 3.08M
 36900K .......... .......... .......... .......... ..........  116M
 36950K .......... .......... .......... .......... .......... 33.9M
 37000K .......... .......... .......... .......... ..........  126M
 37050K .......... .......... .......... .......... ..........  134M
 37100K .......... .......... .......... .......... .......... 1.45M
 37150K .......... .......... .......... .......... ..........  118M
 37200K .......... .......... .......... .......... ..........  116M
 37250K .......... .......... .......... .......... ..........  134M
 37300K .......... .......... .......... .......... ..........  126M
 37350K .......... .......... .......... .......... .......... 1.75M
 37400K .......... .......... .......... .......... .......... 34.1M
 37450K .......... .......... .......... .......... .......... 81.5M
 37500K .......... .......... .......... .......... ..........  123M
 37550K .......... .......... .......... .......... ..........  131M
 37600K .......... .......... .......... .......... .......... 1.16M
 37650K .......... .......... .......... .......... .......... 51.3M
 37700K .......... .......... .......... .......... ..........  122M
 37750K .......... .......... .......... .......... .......... 85.1M
 37800K .......... .......... .......... .......... ..........  119M
 37850K .......... .......... .......... .......... .......... 3.92M
 37900K .......... .......... .......... .......... .......... 68.2M
 37950K .......... .......... .......... .......... ..........  111M
 38000K .......... .......... .......... .......... ..........  119M
 38050K .......... .......... .......... .......... .......... 71.8M
 38100K .......... .......... .......... .......... .......... 3.64M
 38150K .......... .......... .......... .......... .......... 47.5M
 38200K .......... .......... .......... .......... ..........  125M
 38250K .......... .......... .......... .......... ..........  118M
 38300K .......... .......... .......... .......... ..........  120M
 38350K .......... .......... .......... .......... ..........  130M
 38400K .......... .......... .......... .......... .......... 3.73M
 38450K .......... .......... .......... .......... ..........  110M
 38500K .......... .......... .......... .......... .......... 86.7M
 38550K .......... .......... .......... .......... ..........  129M
 38600K .......... .......... .......... .......... ..........  127M
 38650K .......... .......... .......... .......... .......... 1.84M
 38700K .......... .......... .......... .......... ..........  108M
 38750K .......... .......... .......... .......... .......... 62.1M
 38800K .......... .......... .......... .......... ..........  118M
 38850K .......... .......... .......... .......... ..........  132M
 38900K .......... .......... .......... .......... .......... 3.49M
 38950K .......... .......... .......... .......... .......... 73.4M
 39000K .......... .......... .......... .......... .......... 35.4M
 39050K .......... .......... .......... .......... ..........  205M
 39100K .......... .......... .......... .......... ..........  215M
 39150K .......... .......... .......... .......... .......... 3.68M
 39200K .......... .......... .......... .......... ..........  131M
 39250K .......... .......... .......... .......... ..........  141M
 39300K .......... .......... .......... .......... ..........  200M
 39350K .......... .......... .......... .......... ..........  242M
 39400K .......... .......... .......... .......... .......... 1.52M
 39450K .......... .......... .......... .......... .......... 55.6M
 39500K .......... .......... .......... .......... ..........  104M
 39550K .......... .......... .......... .......... .......... 64.7M
 39600K .......... .......... .......... .......... .......... 98.9M
 39650K .......... .......... .......... .......... .......... 1.97M
 39700K .......... .......... .......... .......... ..........  115M
 39750K .......... .......... .......... .......... .......... 61.2M
 39800K .......... .......... .......... .......... ..........  111M
 39850K .......... .......... .......... .......... .......... 35.7M
 39900K .......... .......... .......... .......... .......... 1.92M
 39950K .......... .......... .......... .......... .......... 30.3M
 40000K .......... .......... .......... .......... .......... 66.0M
 40050K .......... .......... .......... .......... .......... 54.8M
 40100K .......... .......... .......... .......... ..........  118M
 40150K .......... .......... .......... .......... .......... 2.36M
 40200K .......... .......... .......... .......... .......... 40.8M
 40250K .......... .......... .......... .......... .......... 77.8M
 40300K .......... .......... .......... .......... .......... 72.2M
 40350K .......... .......... .......... .......... ..........  125M
 40400K .......... .......... .......... .......... .......... 3.60M
 40450K .......... .......... .......... .......... .......... 81.6M
 40500K .......... .......... .......... .......... .......... 62.7M
 40550K .......... .......... .......... .......... ..........  118M
 40600K .......... .......... .......... .......... ..........  121M
 40650K .......... .......... .......... .......... .......... 8.41M
 40700K .......... .......... .......... .......... .......... 3.21M
 40750K .......... .......... .......... .......... ..........  122M
 40800K .......... .......... .......... .......... .......... 79.4M
 40850K .......... .......... .......... .......... ..........  102M
 40900K .......... .......... .......... .......... ..........  129M
 40950K .......... .......... .......... .......... .......... 1.45M
 41000K .......... .......... .......... .......... .......... 60.5M
 41050K .......... .......... .......... .......... .......... 32.0M
 41100K .......... .......... .......... .......... ..........  119M
 41150K .......... .......... .......... .......... ..........  126M
 41200K .......... .......... .......... .......... .......... 2.73M
 41250K .......... .......... .......... .......... ..........  117M
 41300K .......... .......... .......... .......... .......... 55.2M
 41350K .......... .......... .......... .......... ..........  120M
 41400K .......... .......... .......... .......... ..........  126M
 41450K .......... .......... .......... .......... .......... 1.46M
 41500K .......... .......... .......... .......... .......... 91.9M
 41550K .......... .......... .......... .......... .......... 59.8M
 41600K .......... .......... .......... .......... .......... 64.5M
 41650K .......... .......... .......... .......... ..........  120M
 41700K .......... .......... .......... .......... .......... 3.62M
 41750K .......... .......... .......... .......... ..........  106M
 41800K .......... .......... .......... .......... .......... 19.1M
 41850K .......... .......... .......... .......... ..........  124M
 41900K .......... .......... .......... .......... ..........  126M
 41950K .......... .......... .......... .......... .......... 5.82M
 42000K .......... .......... .......... .......... .......... 55.4M
 42050K .......... .......... .......... .......... .......... 23.5M
 42100K .......... .......... .......... .......... ..........  126M
 42150K .......... .......... .......... .......... ..........  131M
 42200K .......... .......... .......... .......... .......... 1.39M
 42250K .......... .......... .......... .......... .......... 59.0M
 42300K .......... .......... .......... .......... .......... 71.1M
 42350K .......... .......... .......... .......... ..........  115M
 42400K .......... .......... .......... .......... ..........  119M
 42450K .......... .......... .......... .......... .......... 2.47M
 42500K .......... .......... .......... .......... .......... 52.2M
 42550K .......... .......... .......... .......... .......... 83.2M
 42600K .......... .......... .......... .......... ..........  123M
 42650K .......... .......... .......... .......... .......... 59.6M
 42700K .......... .......... .......... .......... ..........  126M
 42750K .......... .......... .......... .......... .......... 1.82M
 42800K .......... .......... .......... .......... .......... 58.7M
 42850K .......... .......... .......... .......... .......... 97.2M
 42900K .......... .......... .......... .......... ..........  116M
 42950K .......... .......... .......... .......... ..........  120M
 43000K .......... .......... .......... .......... .......... 1.74M
 43050K .......... .......... .......... .......... ..........  116M
 43100K .......... .......... .......... .......... .......... 37.3M
 43150K .......... .......... .......... .......... ..........  131M
 43200K .......... .......... .......... .......... ..........  129M
 43250K .......... .......... .......... .......... .......... 3.64M
 43300K .......... .......... .......... .......... ..........  108M
 43350K .......... .......... .......... .......... ..........  121M
 43400K .......... .......... .......... .......... ..........  110M
 43450K .......... .......... .......... .......... ..........  128M
 43500K .......... .......... .......... .......... .......... 4.10M
 43550K .......... .......... .......... .......... ..........  115M
 43600K .......... .......... .......... .......... .......... 94.4M
 43650K .......... .......... .......... .......... ..........  108M
 43700K .......... .......... .......... .......... ..........  106M
 43750K .......... .......... .......... .......... .......... 2.64M
 43800K .......... .......... .......... .......... .......... 62.7M
 43850K .......... .......... .......... .......... ..........  119M
 43900K .......... .......... .......... .......... ..........  105M
 43950K .......... .......... .......... .......... ..........  121M
 44000K .......... .......... .......... .......... .......... 3.54M
 44050K .......... .......... .......... .......... .......... 93.2M
 44100K .......... .......... .......... .......... .......... 48.1M
 44150K .......... .......... .......... .......... ..........  111M
 44200K .......... .......... .......... .......... ..........  103M
 44250K .......... .......... .......... .......... .......... 3.70M
 44300K .......... .......... .......... .......... ..........  103M
 44350K .......... .......... .......... .......... ..........  110M
 44400K .......... .......... .......... .......... ..........  119M
 44450K .......... .......... .......... .......... ..........  126M
 44500K .......... .......... .......... .......... .......... 2.45M
 44550K .......... .......... .......... .......... ..........  114M
 44600K .......... .......... .......... .......... .......... 57.8M
 44650K .......... .......... .......... .......... ..........  125M
 44700K .......... .......... .......... .......... ..........  108M
 44750K .......... .......... .......... .......... ..........  111M
 44800K .......... .......... .......... .......... .......... 3.63M
 44850K .......... .......... .......... .......... .......... 68.8M
 44900K .......... .......... .......... .......... ..........  107M
 44950K .......... .......... .......... .......... ..........  116M
 45000K .......... .......... .......... .......... ..........  123M
 45050K .......... .......... .......... .......... .......... 3.79M
 45100K .......... .......... .......... .......... .......... 83.6M
 45150K .......... .......... .......... .......... .......... 37.0M
 45200K .......... .......... .......... .......... ..........  120M
 45250K .......... .......... .......... .......... ..........  125M
 45300K .......... .......... .......... .......... .......... 1.90M
 45350K .......... .......... .......... .......... .......... 53.8M
 45400K .......... .......... .......... .......... ..........  109M
 45450K .......... .......... .......... .......... ..........  120M
 45500K .......... .......... .......... .......... ..........  123M
 45550K .......... .......... .......... .......... .......... 2.45M
 45600K .......... .......... .......... .......... ..........  102M
 45650K .......... .......... .......... .......... ..........  122M
 45700K .......... .......... .......... .......... ..........  121M
 45750K .......... .......... .......... .......... ..........  116M
 45800K .......... .......... .......... .......... .......... 1.64M
 45850K .......... .......... .......... .......... ..........  127M
 45900K .......... .......... .......... .......... ..........  116M
 45950K .......... .......... .......... .......... .......... 82.4M
 46000K .......... .......... .......... .......... ..........  111M
 46050K .......... .......... .......... .......... .......... 3.53M
 46100K .......... .......... .......... .......... .......... 57.2M
 46150K .......... .......... .......... .......... .......... 80.8M
 46200K .......... .......... .......... .......... ..........  113M
 46250K .......... .......... .......... .......... ..........  109M
 46300K .......... .......... .......... .......... .......... 1.54M
 46350K .......... .......... .......... .......... .......... 46.4M
 46400K .......... .......... .......... .......... .......... 59.3M
 46450K .......... .......... .......... .......... .......... 66.3M
 46500K .......... .......... .......... .......... ..........  106M
 46550K .......... .......... .......... .......... .......... 2.88M
 46600K .......... .......... .......... .......... .......... 97.4M
 46650K .......... .......... .......... .......... .......... 77.9M
 46700K .......... .......... .......... .......... ..........  101M
 46750K .......... .......... .......... .......... .......... 59.0M
 46800K .......... .......... .......... .......... .......... 2.37M
 46850K .......... .......... .......... .......... .......... 51.1M
 46900K .......... .......... .......... .......... .......... 94.1M
 46950K .......... .......... .......... .......... ..........  107M
 47000K .......... .......... .......... .......... ..........  107M
 47050K .......... .......... .......... .......... .......... 89.2M
 47100K .......... .......... .......... .......... .......... 1.45M
 47150K .......... .......... .......... .......... ..........  118M
 47200K .......... .......... .......... .......... .......... 34.4M
 47250K .......... .......... .......... .......... ..........  130M
 47300K .......... .......... .......... .......... ..........  121M
 47350K .......... .......... .......... .......... .......... 4.38M
 47400K .......... .......... .......... .......... ..........  114M
 47450K .......... .......... .......... .......... ..........  103M
 47500K .......... .......... .......... .......... ..........  114M
 47550K .......... .......... .......... .......... ..........  130M
 47600K .......... .......... .......... .......... .......... 2.65M
 47650K .......... .......... .......... .......... .......... 64.3M
 47700K .......... .......... .......... .......... ..........  118M
 47750K .......... .......... .......... .......... .......... 92.3M
 47800K .......... .......... .......... .......... ..........  103M
 47850K .......... .......... .......... .......... ..........  893K
 47900K .......... .......... .......... .......... .......... 38.7M
 47950K .......... .......... .......... .......... ..........  116M
 48000K .......... .......... .......... .......... ..........  109M
 48050K .......... .......... .......... .......... ..........  107M
 48100K .......... .......... .......... .......... .......... 2.34M
 48150K .......... .......... .......... .......... .......... 18.3M
 48200K .......... .......... .......... .......... ..........  111M
 48250K .......... .......... .......... .......... ..........  129M
 48300K .......... .......... .......... .......... ..........  122M
 48350K .......... .......... .......... .......... .......... 4.26M
 48400K .......... .......... .......... .......... .......... 53.5M
 48450K .......... .......... .......... .......... ..........  112M
 48500K .......... .......... .......... .......... ..........  115M
 48550K .......... .......... .......... .......... ..........  116M
 48600K .......... .......... .......... .......... .......... 3.43M
 48650K .......... .......... .......... .......... .......... 50.6M
 48700K .......... .......... .......... .......... .......... 73.4M
 48750K .......... .......... .......... .......... ..........  128M
 48800K .......... .......... .......... .......... .......... 69.4M
 48850K .......... .......... .......... .......... .......... 3.50M
 48900K .......... .......... .......... .......... ..........  120M
 48950K .......... .......... .......... .......... ..........  115M
 49000K .......... .......... .......... .......... .......... 58.5M
 49050K .......... .......... .......... .......... ..........  128M
 49100K .......... .......... .......... .......... .......... 8.57M
 49150K .......... .......... .......... .......... .......... 2.98M
 49200K .......... .......... .......... .......... ..........  113M
 49250K .......... .......... .......... .......... .......... 28.0M
 49300K .......... .......... .......... .......... ..........  117M
 49350K .......... .......... .......... .......... ..........  129M
 49400K .......... .......... .......... .......... .......... 1.14M
 49450K .......... .......... .......... .......... .......... 98.1M
 49500K .......... .......... .......... .......... .......... 3.80M
 49550K .......... .......... .......... .......... ..........  117M
 49600K .......... .......... .......... .......... .......... 48.1M
 49650K .......... .......... .......... .......... .......... 1.21M
 49700K .......... .......... .......... .......... ..........  115M
 49750K .......... .......... .......... .......... .......... 77.1M
 49800K .......... .......... .......... .......... ..........  119M
 49850K .......... .......... .......... .......... .......... 4.43M
 49900K .......... .......... .......... .......... .......... 1.38M
 49950K .......... .......... .......... .......... ..........  123M
 50000K .......... .......... .......... .......... ..........  118M
 50050K .......... .......... .......... .......... ..........  125M
 50100K .......... .......... .......... .......... .......... 4.34M
 50150K .......... .......... .......... .......... .......... 1.14M
 50200K .......... .......... .......... .......... ..........  112M
 50250K .......... .......... .......... .......... ..........  128M
 50300K .......... .......... .......... .......... ..........  121M
 50350K .......... .......... .......... .......... .......... 4.41M
 50400K .......... .......... .......... .......... .......... 1.12M
 50450K .......... .......... .......... .......... .......... 50.2M
 50500K .......... .......... .......... .......... .......... 50.0M
 50550K .......... .......... .......... .......... ..........  130M
 50600K .......... .......... .......... .......... .......... 4.64M
 50650K .......... .......... .......... .......... .......... 2.25M
 50700K .......... .......... .......... .......... .......... 45.5M
 50750K .......... .......... .......... .......... ..........  116M
 50800K .......... .......... .......... .......... .......... 81.5M
 50850K .......... .......... .......... .......... .......... 4.43M
 50900K .......... .......... .......... .......... ..........  119M
 50950K .......... .......... .......... .......... ..........  111M
 51000K .......... .......... .......... .......... .......... 97.7M
 51050K .......... .......... .......... .......... .......... 4.43M
 51100K .......... .......... .......... .......... ..........  118M
 51150K .......... .......... .......... .......... ..........  118M
 51200K .......... .......... .......... .......... .......... 3.45M
 51250K .......... .......... .......... .......... ..........  124M
 51300K .......... .......... .......... .......... .......... 29.5M
 51350K .......... .......... .......... .......... .......... 5.35M
 51400K .......... .......... .......... .......... .......... 41.0M
 51450K .......... .......... .......... .......... .......... 1.26M
 51500K .......... .......... .......... .......... ..........  106M
 51550K .......... .......... .......... .......... ..........  127M
 51600K .......... .......... .......... .......... .......... 4.61M
 51650K .......... .......... .......... .......... .......... 49.4M
 51700K .......... .......... .......... .......... .......... 1.06M
 51750K .......... .......... .......... .......... .......... 95.7M
 51800K .......... .......... .......... .......... .......... 78.0M
 51850K .......... .......... .......... .......... ..........  108M
 51900K .......... .......... .......... .......... .......... 4.53M
 51950K .......... .......... .......... .......... ..........  781K
 52000K .......... .......... .......... .......... ..........  110M
 52050K .......... .......... .......... .......... ..........  131M
 52100K .......... .......... .......... .......... ..........  122M
 52150K .......... .......... .......... .......... .......... 4.39M
 52200K .......... .......... .......... .......... .......... 1.53M
 52250K .......... .......... .......... .......... ..........  110M
 52300K .......... .......... .......... .......... ..........  116M
 52350K .......... .......... .......... .......... ..........  129M
 52400K .......... .......... .......... .......... .......... 4.43M
 52450K .......... .......... .......... .......... .......... 1.18M
 52500K .......... .......... .......... .......... ..........  121M
 52550K .......... .......... .......... .......... ..........  125M
 52600K .......... .......... .......... .......... ..........  124M
 52650K .......... .......... .......... .......... .......... 4.37M
 52700K .......... .......... .......... .......... ..........  754K
 52750K .......... .......... .......... .......... .......... 58.1M
 52800K .......... .......... .......... .......... ..........  106M
 52850K .......... .......... .......... .......... ..........  129M
 52900K .......... .......... .......... .......... .......... 4.37M
 52950K .......... .......... .......... .......... ..........  675K
 53000K .......... .......... .......... .......... .......... 40.5M
 53050K .......... .......... .......... .......... ..........  118M
 53100K .......... .......... .......... .......... .......... 85.4M
 53150K .......... .......... .......... .......... .......... 4.51M
 53200K .......... .......... .......... .......... ..........  812K
 53250K .......... .......... .......... .......... ..........  111M
 53300K .......... .......... .......... .......... .......... 49.8M
 53350K .......... .......... .......... .......... .......... 33.1M
 53400K .......... .......... .......... .......... .......... 5.22M
 53450K .......... .......... .......... .......... .......... 84.3M
 53500K .......... .......... .......... .......... .......... 1.37M
 53550K .......... .......... .......... .......... ..........  120M
 53600K .......... .......... .......... .......... .......... 53.7M
 53650K .......... .......... .......... .......... ..........  133M
 53700K .......... .......... .......... .......... .......... 1.10M
 53750K .......... .......... .......... .......... .......... 31.9M
 53800K .......... .......... .......... .......... .......... 33.3M
 53850K .......... .......... .......... .......... ..........  117M
 53900K .......... .......... .......... .......... .......... 84.3M
 53950K .......... .......... .......... .......... .......... 5.04M
 54000K .......... .......... .......... .......... .......... 1.77M
 54050K .......... .......... .......... .......... ..........  127M
 54100K .......... .......... .......... .......... .......... 44.9M
 54150K .......... .......... .......... .......... ..........  125M
 54200K .......... .......... .......... .......... .......... 4.65M
 54250K .......... .......... .......... .......... .......... 1.26M
 54300K .......... .......... .......... .......... ..........  125M
 54350K .......... .......... .......... .......... ..........  106M
 54400K .......... .......... .......... .......... ..........  106M
 54450K .......... .......... .......... .......... .......... 4.45M
 54500K .......... .......... .......... .......... .......... 1.23M
 54550K .......... .......... .......... .......... ..........  128M
 54600K .......... .......... .......... .......... .......... 44.0M
 54650K .......... .......... .......... .......... .......... 53.6M
 54700K .......... .......... .......... .......... .......... 4.91M
 54750K .......... .......... .......... .......... ..........  586K
 54800K .......... .......... .......... .......... ..........  109M
 54850K .......... .......... .......... .......... .......... 49.2M
 54900K .......... .......... .......... .......... ..........  118M
 54950K .......... .......... .......... .......... .......... 4.71M
 55000K .......... .......... .......... .......... .......... 1.66M
 55050K .......... .......... .......... .......... .......... 36.6M
 55100K .......... .......... .......... .......... .......... 3.74M
 55150K .......... .......... .......... .......... ..........  119M
 55200K .......... .......... .......... .......... ..........  126M
 55250K .......... .......... .......... .......... .......... 1.25M
 55300K .......... .......... .......... .......... .......... 40.0M
 55350K .......... .......... .......... .......... ..........  103M
 55400K .......... .......... .......... .......... .......... 4.62M
 55450K .......... .......... .......... .......... .......... 37.8M
 55500K .......... .......... .......... .......... ..........  123M
 55550K .......... .......... .......... .......... .......... 1.11M
 55600K .......... .......... .......... .......... ..........  101M
 55650K .......... .......... .......... .......... ..........  123M
 55700K .......... .......... .......... .......... .......... 4.25M
 55750K .......... .......... .......... .......... ..........  113M
 55800K .......... .......... .......... .......... .......... 1.08M
 55850K .......... .......... .......... .......... ..........  113M
 55900K .......... .......... .......... .......... ..........  119M
 55950K .......... .......... .......... .......... .......... 4.22M
 56000K .......... .......... .......... .......... ..........  122M
 56050K .......... .......... .......... .......... .......... 1.11M
 56100K .......... .......... .......... .......... .......... 42.1M
 56150K .......... .......... .......... .......... ..........  125M
 56200K .......... .......... .......... .......... .......... 4.20M
 56250K .......... .......... .......... .......... ..........  125M
 56300K .......... .......... .......... .......... ..........  697K
 56350K .......... .......... .......... .......... ..........  124M
 56400K .......... .......... .......... .......... ..........  110M
 56450K .......... .......... .......... .......... .......... 4.21M
 56500K .......... .......... .......... .......... ..........  114M
 56550K .......... .......... .......... .......... ..........  827K
 56600K .......... .......... .......... .......... ..........  111M
 56650K .......... .......... .......... .......... ..........  132M
 56700K .......... .......... .......... .......... .......... 4.24M
 56750K .......... .......... .......... .......... ..........  124M
 56800K .......... .......... .......... .......... ..........  876K
 56850K .......... .......... .......... .......... .......... 68.4M
 56900K .......... .......... .......... .......... .......... 62.7M
 56950K .......... .......... .......... .......... .......... 4.52M
 57000K .......... .......... .......... .......... .......... 74.5M
 57050K .......... .......... .......... .......... ..........  715K
 57100K .......... .......... .......... .......... .......... 35.5M
 57150K .......... .......... .......... .......... ..........  113M
 57200K .......... .......... .......... .......... .......... 4.38M
 57250K .......... .......... .......... .......... .......... 72.5M
 57300K .......... .......... .......... .......... ..........  891K
 57350K .......... .......... .......... .......... ..........  117M
 57400K .......... .......... .......... .......... ..........  119M
 57450K .......... .......... .......... .......... .......... 4.33M
 57500K .......... .......... .......... .......... ..........  109M
 57550K .......... .......... .......... .......... ..........  122M
 57600K .......... .......... .......... .......... .......... 1.19M
 57650K .......... .......... .......... .......... ..........  116M
 57700K .......... .......... .......... .......... ..........  123M
 57750K .......... .......... .......... .......... .......... 4.18M
 57800K .......... .......... .......... .......... ..........  104M
 57850K .......... .......... .......... .......... .......... 1.35M
 57900K .......... .......... .......... .......... ..........  119M
 57950K .......... .......... .......... .......... ..........  119M
 58000K .......... .......... .......... .......... .......... 4.32M
 58050K .......... .......... .......... .......... .......... 95.2M
 58100K .......... .......... .......... .......... .......... 1.81M
 58150K .......... .......... .......... .......... ..........  111M
 58200K .......... .......... .......... .......... ..........  116M
 58250K .......... .......... .......... .......... .......... 4.32M
 58300K .......... .......... .......... .......... .......... 89.5M
 58350K .......... .......... .......... .......... .......... 1.31M
 58400K .......... .......... .......... .......... ..........  102M
 58450K .......... .......... .......... .......... .......... 52.3M
 58500K .......... .......... .......... .......... .......... 4.49M
 58550K .......... .......... .......... .......... ..........  116M
 58600K .......... .......... .......... .......... .......... 1.31M
 58650K .......... .......... .......... .......... .......... 81.7M
 58700K .......... .......... .......... .......... .......... 39.9M
 58750K .......... .......... .......... .......... .......... 4.76M
 58800K .......... .......... .......... .......... .......... 56.9M
 58850K .......... .......... .......... .......... .......... 1.84M
 58900K .......... .......... .......... .......... .......... 74.4M
 58950K .......... .......... .......... .......... .......... 54.8M
 59000K .......... .......... .......... .......... .......... 4.77M
 59050K .......... .......... .......... .......... .......... 35.6M
 59100K .......... .......... .......... .......... ..........  613K
 59150K .......... .......... .......... .......... .......... 49.0M
 59200K .......... .......... .......... .......... .......... 46.3M
 59250K .......... .......... .......... .......... ..........  106M
 59300K .......... .......... .......... .......... .......... 4.57M
 59350K .......... .......... .......... .......... .......... 1.15M
 59400K .......... .......... .......... .......... .......... 94.1M
 59450K .......... .......... .......... .......... .......... 79.4M
 59500K .......... .......... .......... .......... .......... 28.0M
 59550K .......... .......... .......... .......... .......... 4.76M
 59600K .......... .......... .......... .......... .......... 1.21M
 59650K .......... .......... .......... .......... .......... 48.4M
 59700K .......... .......... .......... .......... .......... 69.1M
 59750K .......... .......... .......... .......... .......... 56.6M
 59800K .......... .......... .......... .......... .......... 4.45M
 59850K .......... .......... .......... .......... ..........  111M
 59900K .......... .......... .......... .......... .......... 1.20M
 59950K .......... .......... .......... .......... .......... 65.4M
 60000K .......... .......... .......... .......... .......... 69.3M
 60050K .......... .......... .......... .......... .......... 4.58M
 60100K .......... .......... .......... .......... .......... 64.4M
 60150K .......... .......... .......... .......... .......... 1.18M
 60200K .......... .......... .......... .......... ..........  104M
 60250K .......... .......... .......... .......... .......... 65.5M
 60300K .......... .......... .......... .......... .......... 4.40M
 60350K .......... .......... .......... .......... ..........  120M
 60400K .......... .......... .......... .......... ..........  889K
 60450K .......... .......... .......... .......... .......... 76.8M
 60500K .......... .......... .......... .......... ..........  105M
 60550K .......... .......... .......... .......... .......... 4.61M
 60600K .......... .......... .......... .......... .......... 43.1M
 60650K .......... .......... .......... .......... ..........  658K
 60700K .......... .......... .......... .......... ..........  105M
 60750K .......... .......... .......... .......... ..........  103M
 60800K .......... .......... .......... .......... .......... 4.44M
 60850K .......... .......... .......... .......... .......... 79.6M
 60900K .......... .......... .......... .......... ..........  686K
 60950K .......... .......... .......... .......... .......... 90.8M
 61000K .......... .......... .......... .......... ..........  110M
 61050K .......... .......... .......... .......... .......... 4.41M
 61100K .......... .......... .......... .......... .......... 96.0M
 61150K .......... .......... .......... .......... ..........  774K
 61200K .......... .......... .......... .......... .......... 43.1M
 61250K .......... .......... .......... .......... .......... 95.5M
 61300K .......... .......... .......... .......... .......... 85.6M
 61350K .......... .......... .......... .......... .......... 4.39M
 61400K .......... .......... .......... .......... ..........  893K
 61450K .......... .......... .......... .......... .......... 33.5M
 61500K .......... .......... .......... .......... ..........  123M
 61550K .......... .......... .......... .......... .......... 31.5M
 61600K .......... .......... .......... .......... .......... 4.80M
 61650K .......... .......... .......... .......... .......... 1.85M
 61700K .......... .......... .......... .......... .......... 37.0M
 61750K .......... .......... .......... .......... .......... 91.9M
 61800K .......... .......... .......... .......... .......... 91.1M
 61850K .......... .......... .......... .......... .......... 4.85M
 61900K .......... .......... .......... .......... .......... 36.6M
 61950K .......... .......... .......... .......... .......... 1.33M
 62000K .......... .......... .......... .......... .......... 47.2M
 62050K .......... .......... .......... .......... ..........  123M
 62100K .......... .......... .......... .......... .......... 4.57M
 62150K .......... .......... .......... .......... ..........  117M
 62200K .......... .......... .......... .......... .......... 1.27M
 62250K .......... .......... .......... .......... ..........  126M
 62300K .......... .......... .......... .......... .......... 98.0M
 62350K .......... .......... .......... .......... .......... 4.78M
 62400K .......... .......... .......... .......... .......... 31.3M
 62450K .......... .......... .......... .......... .......... 2.09M
 62500K .......... .......... .......... .......... ..........  118M
 62550K .......... .......... .......... .......... ..........  101M
 62600K .......... .......... .......... .......... .......... 4.34M
 62650K .......... .......... .......... .......... ..........  113M
 62700K .......... .......... .......... .......... .......... 1.35M
 62750K .......... .......... .......... .......... .......... 65.2M
 62800K .......... .......... .......... .......... ..........  108M
 62850K .......... .......... .......... .......... .......... 4.54M
 62900K .......... .......... .......... .......... .......... 51.3M
 62950K .......... .......... .......... .......... ..........  816K
 63000K .......... .......... .......... .......... .......... 88.6M
 63050K .......... .......... .......... .......... .......... 51.8M
 63100K .......... .......... .......... .......... ..........  123M
 63150K .......... .......... .......... .......... .......... 4.41M
 63200K .......... .......... .......... .......... .......... 1.46M
 63250K .......... .......... .......... .......... ..........  118M
 63300K .......... .......... .......... .......... .......... 81.7M
 63350K .......... .......... .......... .......... ..........  119M
 63400K .......... .......... .......... .......... .......... 4.41M
 63450K .......... .......... .......... .......... .......... 1.79M
 63500K .......... .......... .......... .......... .......... 38.8M
 63550K .......... .......... .......... .......... .......... 90.0M
 63600K .......... .......... .......... .......... .......... 27.6M
 63650K .......... .......... .......... .......... .......... 5.02M
 63700K .......... .......... .......... .......... .......... 1.96M
 63750K .......... .......... .......... .......... .......... 34.2M
 63800K .......... .......... .......... .......... ..........  121M
 63850K .......... .......... .......... .......... ..........  115M
 63900K .......... .......... .......... .......... .......... 4.39M
 63950K .......... .......... .......... .......... .......... 89.2M
 64000K .......... .......... .......... .......... .......... 1.96M
 64050K .......... .......... .......... .......... .......... 85.8M
 64100K .......... .......... .......... .......... ..........  123M
 64150K .......... .......... .......... .......... .......... 4.37M
 64200K .......... .......... .......... .......... ..........  115M
 64250K .......... .......... .......... .......... .......... 1.30M
 64300K .......... .......... .......... .......... ..........  110M
 64350K .......... .......... .......... .......... ..........  118M
 64400K .......... .......... .......... .......... .......... 4.34M
 64450K .......... .......... .......... .......... ..........  117M
 64500K .......... .......... .......... .......... .......... 1.29M
 64550K .......... .......... .......... .......... .......... 3.89M
 64600K .......... .......... .......... .......... ..........  114M
 64650K .......... .......... .......... .......... ..........  125M
 64700K .......... .......... .......... .......... ..........  126M
 64750K .......... .......... .......... .......... .......... 1.81M
 64800K .......... .......... .......... .......... ..........  114M
 64850K .......... .......... .......... .......... .......... 4.61M
 64900K .......... .......... .......... .......... .......... 30.9M
 64950K .......... .......... .......... .......... ..........  110M
 65000K .......... .......... .......... .......... .......... 1.38M
 65050K .......... .......... .......... .......... ..........  118M
 65100K .......... .......... .......... .......... ..........  105M
 65150K .......... .......... .......... .......... .......... 4.19M
 65200K .......... .......... .......... .......... ..........  112M
 65250K .......... .......... .......... .......... .......... 2.62M
 65300K .......... .......... .......... .......... .......... 47.9M
 65350K .......... .......... .......... .......... ..........  117M
 65400K .......... .......... .......... .......... .......... 2.05M
 65450K .......... .......... .......... .......... ..........  122M
 65500K .......... .......... .......... .......... ..........  123M
 65550K .......... .......... .......... ....                   116M=6.7s

2025-08-30 05:25:15 (9.57 MB/s) - 'pcl-1.9.1.tar.gz' saved [67158067]

+ tar -xzf pcl-1.9.1.tar.gz
+ cd pcl-pcl-1.9.1
+ cat
+ patch -p1
FATAL:   While performing build: while running engine: exit status 1
