AlmaLinux 9 - AppStream                         2.1 MB/s |  16 MB     00:07    
AlmaLinux 9 - BaseOS                            4.3 MB/s |  21 MB     00:04    
AlmaLinux 9 - Extras                             28 kB/s |  20 kB     00:00    
Dependencies resolved.
================================================================================
 Package                       Arch     Version                  Repo      Size
================================================================================
Upgrading:
 elfutils-debuginfod-client    x86_64   0.192-6.el9_6.alma.1     baseos    42 k
 elfutils-default-yama-scope   noarch   0.192-6.el9_6.alma.1     baseos   8.5 k
 elfutils-libelf               x86_64   0.192-6.el9_6.alma.1     baseos   203 k
 elfutils-libs                 x86_64   0.192-6.el9_6.alma.1     baseos   260 k

Transaction Summary
================================================================================
Upgrade  4 Packages

Total download size: 514 k
Downloading Packages:
(1/4): elfutils-default-yama-scope-0.192-6.el9_ 238 kB/s | 8.5 kB     00:00    
(2/4): elfutils-debuginfod-client-0.192-6.el9_6 674 kB/s |  42 kB     00:00    
(3/4): elfutils-libelf-0.192-6.el9_6.alma.1.x86 1.9 MB/s | 203 kB     00:00    
(4/4): elfutils-libs-0.192-6.el9_6.alma.1.x86_6 3.1 MB/s | 260 kB     00:00    
--------------------------------------------------------------------------------
Total                                           660 kB/s | 514 kB     00:00     
Running transaction check
Transaction check succeeded.
Running transaction test
Transaction test succeeded.
Running transaction
  Preparing        :                                                        1/1 
  Upgrading        : elfutils-libelf-0.192-6.el9_6.alma.1.x86_64            1/8 
  Upgrading        : elfutils-default-yama-scope-0.192-6.el9_6.alma.1.noa   2/8 
  Running scriptlet: elfutils-default-yama-scope-0.192-6.el9_6.alma.1.noa   2/8 
  Upgrading        : elfutils-libs-0.192-6.el9_6.alma.1.x86_64              3/8 
  Upgrading        : elfutils-debuginfod-client-0.192-6.el9_6.alma.1.x86_   4/8 
  Cleanup          : elfutils-debuginfod-client-0.192-6.el9_6.x86_64        5/8 
  Cleanup          : elfutils-libs-0.192-6.el9_6.x86_64                     6/8 
  Cleanup          : elfutils-default-yama-scope-0.192-6.el9_6.noarch       7/8 
  Cleanup          : elfutils-libelf-0.192-6.el9_6.x86_64                   8/8 
  Running scriptlet: elfutils-libelf-0.192-6.el9_6.x86_64                   8/8 
  Verifying        : elfutils-debuginfod-client-0.192-6.el9_6.alma.1.x86_   1/8 
  Verifying        : elfutils-debuginfod-client-0.192-6.el9_6.x86_64        2/8 
  Verifying        : elfutils-default-yama-scope-0.192-6.el9_6.alma.1.noa   3/8 
  Verifying        : elfutils-default-yama-scope-0.192-6.el9_6.noarch       4/8 
  Verifying        : elfutils-libelf-0.192-6.el9_6.alma.1.x86_64            5/8 
  Verifying        : elfutils-libelf-0.192-6.el9_6.x86_64                   6/8 
  Verifying        : elfutils-libs-0.192-6.el9_6.alma.1.x86_64              7/8 
  Verifying        : elfutils-libs-0.192-6.el9_6.x86_64                     8/8 

Upgraded:
  elfutils-debuginfod-client-0.192-6.el9_6.alma.1.x86_64                        
  elfutils-default-yama-scope-0.192-6.el9_6.alma.1.noarch                       
  elfutils-libelf-0.192-6.el9_6.alma.1.x86_64                                   
  elfutils-libs-0.192-6.el9_6.alma.1.x86_64                                     

Complete!
Last metadata expiration check: 0:00:02 ago on Sat Aug 30 05:06:57 2025.
Dependencies resolved.
================================================================================
 Package                      Arch       Version               Repository  Size
================================================================================
Installing:
 epel-release                 noarch     9-9.el9               extras      18 k
Installing dependencies:
 dbus-libs                    x86_64     1:1.12.20-8.el9       baseos     151 k
 python3-dateutil             noarch     1:2.8.1-7.el9         baseos     287 k
 python3-dbus                 x86_64     1.2.18-2.el9          baseos     132 k
 python3-dnf-plugins-core     noarch     4.3.0-20.el9          baseos     246 k
 python3-six                  noarch     1.15.0-9.el9          baseos      36 k
 python3-systemd              x86_64     234-19.el9            baseos      82 k
Installing weak dependencies:
 dnf-plugins-core             noarch     4.3.0-20.el9          baseos      36 k

Transaction Summary
================================================================================
Install  8 Packages

Total download size: 987 k
Installed size: 3.0 M
Downloading Packages:
(1/8): dnf-plugins-core-4.3.0-20.el9.noarch.rpm 583 kB/s |  36 kB     00:00    
(2/8): dbus-libs-1.12.20-8.el9.x86_64.rpm       1.4 MB/s | 151 kB     00:00    
(3/8): python3-dnf-plugins-core-4.3.0-20.el9.no 5.9 MB/s | 246 kB     00:00    
(4/8): python3-six-1.15.0-9.el9.noarch.rpm      1.6 MB/s |  36 kB     00:00    
(5/8): python3-systemd-234-19.el9.x86_64.rpm    3.2 MB/s |  82 kB     00:00    
(6/8): epel-release-9-9.el9.noarch.rpm          1.0 MB/s |  18 kB     00:00    
(7/8): python3-dbus-1.2.18-2.el9.x86_64.rpm     823 kB/s | 132 kB     00:00    
(8/8): python3-dateutil-2.8.1-7.el9.noarch.rpm  1.2 MB/s | 287 kB     00:00    
--------------------------------------------------------------------------------
Total                                           627 kB/s | 987 kB     00:01     
Running transaction check
Transaction check succeeded.
Running transaction test
Transaction test succeeded.
Running transaction
  Preparing        :                                                        1/1 
  Installing       : python3-systemd-234-19.el9.x86_64                      1/8 
  Installing       : python3-six-1.15.0-9.el9.noarch                        2/8 
  Installing       : python3-dateutil-1:2.8.1-7.el9.noarch                  3/8 
  Installing       : dbus-libs-1:1.12.20-8.el9.x86_64                       4/8 
  Installing       : python3-dbus-1.2.18-2.el9.x86_64                       5/8 
  Installing       : python3-dnf-plugins-core-4.3.0-20.el9.noarch           6/8 
  Installing       : dnf-plugins-core-4.3.0-20.el9.noarch                   7/8 
  Installing       : epel-release-9-9.el9.noarch                            8/8 
  Running scriptlet: epel-release-9-9.el9.noarch                            8/8 
Many EPEL packages require the CodeReady Builder (CRB) repository.
It is recommended that you run /usr/bin/crb enable to enable the CRB repository.

  Verifying        : dbus-libs-1:1.12.20-8.el9.x86_64                       1/8 
  Verifying        : dnf-plugins-core-4.3.0-20.el9.noarch                   2/8 
  Verifying        : python3-dateutil-1:2.8.1-7.el9.noarch                  3/8 
  Verifying        : python3-dbus-1.2.18-2.el9.x86_64                       4/8 
  Verifying        : python3-dnf-plugins-core-4.3.0-20.el9.noarch           5/8 
  Verifying        : python3-six-1.15.0-9.el9.noarch                        6/8 
  Verifying        : python3-systemd-234-19.el9.x86_64                      7/8 
  Verifying        : epel-release-9-9.el9.noarch                            8/8 

Installed:
  dbus-libs-1:1.12.20-8.el9.x86_64 dnf-plugins-core-4.3.0-20.el9.noarch        
  epel-release-9-9.el9.noarch      python3-dateutil-1:2.8.1-7.el9.noarch       
  python3-dbus-1.2.18-2.el9.x86_64 python3-dnf-plugins-core-4.3.0-20.el9.noarch
  python3-six-1.15.0-9.el9.noarch  python3-systemd-234-19.el9.x86_64           

Complete!
AlmaLinux 9 - CRB                               1.6 MB/s | 3.3 MB     00:02    
Extra Packages for Enterprise Linux 9 - x86_64   10 MB/s |  20 MB     00:01    
Extra Packages for Enterprise Linux 9 openh264  1.3 kB/s | 2.5 kB     00:01    
Dependencies resolved.
================================================================================
 Package                   Arch     Version                   Repository   Size
================================================================================
Installing:
 autoconf                  noarch   2.69-39.el9               appstream   665 k
 automake                  noarch   1.16.2-8.el9              appstream   662 k
 cmake                     x86_64   3.26.5-2.el9              appstream   8.7 M
 gcc-c++                   x86_64   11.5.0-5.el9_5.alma.1     appstream    13 M
 git                       x86_64   2.47.3-1.el9_6            appstream    50 k
 libtool                   x86_64   2.4.6-46.el9              appstream   577 k
 make                      x86_64   1:4.3-8.el9               baseos      530 k
 pkgconf-pkg-config        x86_64   1.7.3-10.el9              baseos      9.9 k
 wget                      x86_64   1.21.1-8.el9_4            appstream   768 k
Installing dependencies:
 cmake-data                noarch   3.26.5-2.el9              appstream   1.7 M
 cmake-filesystem          x86_64   3.26.5-2.el9              appstream    11 k
 cmake-rpm-macros          noarch   3.26.5-2.el9              appstream    10 k
 cpp                       x86_64   11.5.0-5.el9_5.alma.1     appstream    11 M
 emacs-filesystem          noarch   1:27.2-14.el9_6.2         appstream   7.8 k
 gcc                       x86_64   11.5.0-5.el9_5.alma.1     appstream    32 M
 git-core                  x86_64   2.47.3-1.el9_6            appstream   4.6 M
 git-core-doc              noarch   2.47.3-1.el9_6            appstream   2.8 M
 glibc-devel               x86_64   2.34-168.el9_6.23         appstream    31 k
 glibc-headers             x86_64   2.34-168.el9_6.23         appstream   437 k
 groff-base                x86_64   1.22.4-10.el9             baseos      1.0 M
 kernel-headers            x86_64   5.14.0-570.37.1.el9_6     appstream   3.3 M
 libcbor                   x86_64   0.7.0-5.el9               baseos       56 k
 libedit                   x86_64   3.1-38.20210216cvs.el9    baseos      103 k
 libfido2                  x86_64   1.13.0-2.el9              baseos       97 k
 libmpc                    x86_64   1.2.1-4.el9               appstream    61 k
 libpkgconf                x86_64   1.7.3-10.el9              baseos       35 k
 libpsl                    x86_64   0.21.1-5.el9              baseos       63 k
 libstdc++-devel           x86_64   11.5.0-5.el9_5.alma.1     appstream   2.2 M
 libuv                     x86_64   1:1.42.0-2.el9_4          appstream   146 k
 libxcrypt-devel           x86_64   4.4.18-3.el9              appstream    28 k
 m4                        x86_64   1.4.19-1.el9              appstream   294 k
 ncurses                   x86_64   6.2-10.20210508.el9_6.2   baseos      399 k
 openssh                   x86_64   8.7p1-45.el9              baseos      455 k
 openssh-clients           x86_64   8.7p1-45.el9              baseos      711 k
 perl-AutoLoader           noarch   5.74-481.1.el9_6          appstream    20 k
 perl-B                    x86_64   1.80-481.1.el9_6          appstream   177 k
 perl-Carp                 noarch   1.50-460.el9              appstream    29 k
 perl-Class-Struct         noarch   0.66-481.1.el9_6          appstream    21 k
 perl-Data-Dumper          x86_64   2.174-462.el9             appstream    55 k
 perl-Digest               noarch   1.19-4.el9                appstream    25 k
 perl-Digest-MD5           x86_64   2.58-4.el9                appstream    36 k
 perl-DynaLoader           x86_64   1.47-481.1.el9_6          appstream    24 k
 perl-Encode               x86_64   4:3.08-462.el9            appstream   1.7 M
 perl-Errno                x86_64   1.30-481.1.el9_6          appstream    13 k
 perl-Error                noarch   1:0.17029-7.el9           appstream    41 k
 perl-Exporter             noarch   5.74-461.el9              appstream    31 k
 perl-Fcntl                x86_64   1.13-481.1.el9_6          appstream    19 k
 perl-File-Basename        noarch   2.85-481.1.el9_6          appstream    16 k
 perl-File-Compare         noarch   1.100.600-481.1.el9_6     appstream    12 k
 perl-File-Copy            noarch   2.34-481.1.el9_6          appstream    19 k
 perl-File-Find            noarch   1.37-481.1.el9_6          appstream    24 k
 perl-File-Path            noarch   2.18-4.el9                appstream    35 k
 perl-File-Temp            noarch   1:0.231.100-4.el9         appstream    59 k
 perl-File-stat            noarch   1.09-481.1.el9_6          appstream    16 k
 perl-FileHandle           noarch   2.03-481.1.el9_6          appstream    14 k
 perl-Getopt-Long          noarch   1:2.52-4.el9              appstream    59 k
 perl-Getopt-Std           noarch   1.12-481.1.el9_6          appstream    14 k
 perl-Git                  noarch   2.47.3-1.el9_6            appstream    37 k
 perl-HTTP-Tiny            noarch   0.076-462.el9             appstream    53 k
 perl-IO                   x86_64   1.43-481.1.el9_6          appstream    85 k
 perl-IO-Socket-IP         noarch   0.41-5.el9                appstream    42 k
 perl-IO-Socket-SSL        noarch   2.073-2.el9               appstream   214 k
 perl-IPC-Open3            noarch   1.21-481.1.el9_6          appstream    21 k
 perl-MIME-Base64          x86_64   3.16-4.el9                appstream    30 k
 perl-Mozilla-CA           noarch   20200520-6.el9            appstream    12 k
 perl-Net-SSLeay           x86_64   1.94-1.el9                appstream   391 k
 perl-POSIX                x86_64   1.94-481.1.el9_6          appstream    95 k
 perl-PathTools            x86_64   3.78-461.el9              appstream    85 k
 perl-Pod-Escapes          noarch   1:1.07-460.el9            appstream    20 k
 perl-Pod-Perldoc          noarch   3.28.01-461.el9           appstream    83 k
 perl-Pod-Simple           noarch   1:3.42-4.el9              appstream   215 k
 perl-Pod-Usage            noarch   4:2.01-4.el9              appstream    40 k
 perl-Scalar-List-Utils    x86_64   4:1.56-462.el9            appstream    70 k
 perl-SelectSaver          noarch   1.02-481.1.el9_6          appstream    10 k
 perl-Socket               x86_64   4:2.031-4.el9             appstream    54 k
 perl-Storable             x86_64   1:3.21-460.el9            appstream    95 k
 perl-Symbol               noarch   1.08-481.1.el9_6          appstream    13 k
 perl-Term-ANSIColor       noarch   5.01-461.el9              appstream    48 k
 perl-Term-Cap             noarch   1.17-460.el9              appstream    22 k
 perl-TermReadKey          x86_64   2.38-11.el9               appstream    36 k
 perl-Text-ParseWords      noarch   3.30-460.el9              appstream    16 k
 perl-Text-Tabs+Wrap       noarch   2013.0523-460.el9         appstream    22 k
 perl-Thread-Queue         noarch   3.14-460.el9              appstream    21 k
 perl-Time-Local           noarch   2:1.300-7.el9             appstream    33 k
 perl-URI                  noarch   5.09-3.el9                appstream   108 k
 perl-base                 noarch   2.27-481.1.el9_6          appstream    15 k
 perl-constant             noarch   1.33-461.el9              appstream    23 k
 perl-if                   noarch   0.60.800-481.1.el9_6      appstream    12 k
 perl-interpreter          x86_64   4:5.32.1-481.1.el9_6      appstream    69 k
 perl-lib                  x86_64   0.65-481.1.el9_6          appstream    13 k
 perl-libnet               noarch   3.13-4.el9                appstream   125 k
 perl-libs                 x86_64   4:5.32.1-481.1.el9_6      appstream   2.0 M
 perl-mro                  x86_64   1.23-481.1.el9_6          appstream    27 k
 perl-overload             noarch   1.31-481.1.el9_6          appstream    44 k
 perl-overloading          noarch   0.02-481.1.el9_6          appstream    11 k
 perl-parent               noarch   1:0.238-460.el9           appstream    14 k
 perl-podlators            noarch   1:4.14-460.el9            appstream   111 k
 perl-subs                 noarch   1.03-481.1.el9_6          appstream    10 k
 perl-threads              x86_64   1:2.25-460.el9            appstream    57 k
 perl-threads-shared       x86_64   1.61-460.el9              appstream    44 k
 perl-vars                 noarch   1.05-481.1.el9_6          appstream    11 k
 pkgconf                   x86_64   1.7.3-10.el9              baseos       40 k
 pkgconf-m4                noarch   1.7.3-10.el9              baseos       14 k
 publicsuffix-list-dafsa   noarch   20210518-3.el9            baseos       57 k
 vim-filesystem            noarch   2:8.2.2637-22.el9_6       baseos      9.2 k
Installing weak dependencies:
 perl-NDBM_File            x86_64   1.15-481.1.el9_6          appstream    21 k

Transaction Summary
================================================================================
Install  106 Packages

Total download size: 93 M
Installed size: 294 M
Downloading Packages:
(1/106): automake-1.16.2-8.el9.noarch.rpm       4.0 MB/s | 662 kB     00:00    
(2/106): autoconf-2.69-39.el9.noarch.rpm        3.9 MB/s | 665 kB     00:00    
(3/106): cmake-3.26.5-2.el9.x86_64.rpm           37 MB/s | 8.7 MB     00:00    
(4/106): cmake-filesystem-3.26.5-2.el9.x86_64.r 159 kB/s |  11 kB     00:00    
(5/106): cmake-rpm-macros-3.26.5-2.el9.noarch.r 275 kB/s |  10 kB     00:00    
(6/106): emacs-filesystem-27.2-14.el9_6.2.noarc 136 kB/s | 7.8 kB     00:00    
(7/106): cpp-11.5.0-5.el9_5.alma.1.x86_64.rpm    87 MB/s |  11 MB     00:00    
(8/106): cmake-data-3.26.5-2.el9.noarch.rpm     5.8 MB/s | 1.7 MB     00:00    
(9/106): gcc-c++-11.5.0-5.el9_5.alma.1.x86_64.r  87 MB/s |  13 MB     00:00    
(10/106): git-2.47.3-1.el9_6.x86_64.rpm         893 kB/s |  50 kB     00:00    
(11/106): git-core-2.47.3-1.el9_6.x86_64.rpm     54 MB/s | 4.6 MB     00:00    
(12/106): glibc-devel-2.34-168.el9_6.23.x86_64. 1.7 MB/s |  31 kB     00:00    
(13/106): glibc-headers-2.34-168.el9_6.23.x86_6  10 MB/s | 437 kB     00:00    
(14/106): kernel-headers-5.14.0-570.37.1.el9_6.  67 MB/s | 3.3 MB     00:00    
(15/106): libmpc-1.2.1-4.el9.x86_64.rpm         3.0 MB/s |  61 kB     00:00    
(16/106): git-core-doc-2.47.3-1.el9_6.noarch.rp  10 MB/s | 2.8 MB     00:00    
(17/106): libstdc++-devel-11.5.0-5.el9_5.alma.1  31 MB/s | 2.2 MB     00:00    
(18/106): libuv-1.42.0-2.el9_4.x86_64.rpm       3.7 MB/s | 146 kB     00:00    
(19/106): libxcrypt-devel-4.4.18-3.el9.x86_64.r 1.6 MB/s |  28 kB     00:00    
(20/106): m4-1.4.19-1.el9.x86_64.rpm            8.9 MB/s | 294 kB     00:00    
(21/106): perl-AutoLoader-5.74-481.1.el9_6.noar 1.1 MB/s |  20 kB     00:00    
(22/106): libtool-2.4.6-46.el9.x86_64.rpm       3.9 MB/s | 577 kB     00:00    
(23/106): perl-B-1.80-481.1.el9_6.x86_64.rpm    6.7 MB/s | 177 kB     00:00    
(24/106): perl-Carp-1.50-460.el9.noarch.rpm     1.3 MB/s |  29 kB     00:00    
(25/106): perl-Class-Struct-0.66-481.1.el9_6.no 1.2 MB/s |  21 kB     00:00    
(26/106): perl-Digest-1.19-4.el9.noarch.rpm     1.4 MB/s |  25 kB     00:00    
(27/106): perl-Data-Dumper-2.174-462.el9.x86_64 1.4 MB/s |  55 kB     00:00    
(28/106): perl-Digest-MD5-2.58-4.el9.x86_64.rpm 2.0 MB/s |  36 kB     00:00    
(29/106): perl-DynaLoader-1.47-481.1.el9_6.x86_ 1.1 MB/s |  24 kB     00:00    
(30/106): perl-Encode-3.08-462.el9.x86_64.rpm    63 MB/s | 1.7 MB     00:00    
(31/106): perl-Errno-1.30-481.1.el9_6.x86_64.rp 692 kB/s |  13 kB     00:00    
(32/106): perl-Error-0.17029-7.el9.noarch.rpm   2.1 MB/s |  41 kB     00:00    
(33/106): perl-Fcntl-1.13-481.1.el9_6.x86_64.rp 1.1 MB/s |  19 kB     00:00    
(34/106): perl-Exporter-5.74-461.el9.noarch.rpm 1.0 MB/s |  31 kB     00:00    
(35/106): perl-File-Basename-2.85-481.1.el9_6.n 936 kB/s |  16 kB     00:00    
(36/106): perl-File-Compare-1.100.600-481.1.el9 629 kB/s |  12 kB     00:00    
(37/106): perl-File-Find-1.37-481.1.el9_6.noarc 1.0 MB/s |  24 kB     00:00    
(38/106): perl-File-Copy-2.34-481.1.el9_6.noarc 612 kB/s |  19 kB     00:00    
(39/106): perl-File-Path-2.18-4.el9.noarch.rpm  994 kB/s |  35 kB     00:00    
(40/106): perl-File-Temp-0.231.100-4.el9.noarch 1.8 MB/s |  59 kB     00:00    
(41/106): perl-FileHandle-2.03-481.1.el9_6.noar 840 kB/s |  14 kB     00:00    
(42/106): perl-Getopt-Long-2.52-4.el9.noarch.rp 3.0 MB/s |  59 kB     00:00    
(43/106): perl-File-stat-1.09-481.1.el9_6.noarc 407 kB/s |  16 kB     00:00    
(44/106): perl-Getopt-Std-1.12-481.1.el9_6.noar 856 kB/s |  14 kB     00:00    
(45/106): perl-HTTP-Tiny-0.076-462.el9.noarch.r 2.8 MB/s |  53 kB     00:00    
(46/106): perl-Git-2.47.3-1.el9_6.noarch.rpm    808 kB/s |  37 kB     00:00    
(47/106): perl-IO-1.43-481.1.el9_6.x86_64.rpm   4.0 MB/s |  85 kB     00:00    
(48/106): perl-IO-Socket-SSL-2.073-2.el9.noarch 7.6 MB/s | 214 kB     00:00    
(49/106): perl-IO-Socket-IP-0.41-5.el9.noarch.r 933 kB/s |  42 kB     00:00    
(50/106): perl-IPC-Open3-1.21-481.1.el9_6.noarc 1.2 MB/s |  21 kB     00:00    
(51/106): perl-Mozilla-CA-20200520-6.el9.noarch 734 kB/s |  12 kB     00:00    
(52/106): perl-MIME-Base64-3.16-4.el9.x86_64.rp 1.1 MB/s |  30 kB     00:00    
(53/106): perl-NDBM_File-1.15-481.1.el9_6.x86_6 1.2 MB/s |  21 kB     00:00    
(54/106): perl-POSIX-1.94-481.1.el9_6.x86_64.rp 4.3 MB/s |  95 kB     00:00    
(55/106): perl-PathTools-3.78-461.el9.x86_64.rp 4.6 MB/s |  85 kB     00:00    
(56/106): perl-Net-SSLeay-1.94-1.el9.x86_64.rpm 5.1 MB/s | 391 kB     00:00    
(57/106): perl-Pod-Escapes-1.07-460.el9.noarch. 1.1 MB/s |  20 kB     00:00    
(58/106): perl-Pod-Simple-3.42-4.el9.noarch.rpm 7.4 MB/s | 215 kB     00:00    
(59/106): perl-Pod-Perldoc-3.28.01-461.el9.noar 2.3 MB/s |  83 kB     00:00    
(60/106): perl-Pod-Usage-2.01-4.el9.noarch.rpm  2.1 MB/s |  40 kB     00:00    
(61/106): perl-SelectSaver-1.02-481.1.el9_6.noa 623 kB/s |  10 kB     00:00    
(62/106): perl-Scalar-List-Utils-1.56-462.el9.x 1.9 MB/s |  70 kB     00:00    
(63/106): perl-Socket-2.031-4.el9.x86_64.rpm    2.8 MB/s |  54 kB     00:00    
(64/106): perl-Symbol-1.08-481.1.el9_6.noarch.r 764 kB/s |  13 kB     00:00    
(65/106): perl-Storable-3.21-460.el9.x86_64.rpm 2.0 MB/s |  95 kB     00:00    
(66/106): perl-Term-ANSIColor-5.01-461.el9.noar 1.4 MB/s |  48 kB     00:00    
(67/106): perl-Term-Cap-1.17-460.el9.noarch.rpm 471 kB/s |  22 kB     00:00    
(68/106): perl-TermReadKey-2.38-11.el9.x86_64.r 973 kB/s |  36 kB     00:00    
(69/106): perl-Text-Tabs+Wrap-2013.0523-460.el9 1.3 MB/s |  22 kB     00:00    
(70/106): perl-Text-ParseWords-3.30-460.el9.noa 430 kB/s |  16 kB     00:00    
(71/106): perl-Thread-Queue-3.14-460.el9.noarch 1.2 MB/s |  21 kB     00:00    
(72/106): perl-URI-5.09-3.el9.noarch.rpm        4.7 MB/s | 108 kB     00:00    
(73/106): perl-Time-Local-1.300-7.el9.noarch.rp 831 kB/s |  33 kB     00:00    
(74/106): perl-base-2.27-481.1.el9_6.noarch.rpm 892 kB/s |  15 kB     00:00    
(75/106): perl-if-0.60.800-481.1.el9_6.noarch.r 767 kB/s |  12 kB     00:00    
(76/106): perl-interpreter-5.32.1-481.1.el9_6.x 3.4 MB/s |  69 kB     00:00    
(77/106): perl-constant-1.33-461.el9.noarch.rpm 589 kB/s |  23 kB     00:00    
(78/106): perl-lib-0.65-481.1.el9_6.x86_64.rpm  812 kB/s |  13 kB     00:00    
(79/106): perl-libs-5.32.1-481.1.el9_6.x86_64.r  66 MB/s | 2.0 MB     00:00    
(80/106): perl-libnet-3.13-4.el9.noarch.rpm     2.6 MB/s | 125 kB     00:00    
(81/106): perl-mro-1.23-481.1.el9_6.x86_64.rpm  1.4 MB/s |  27 kB     00:00    
(82/106): perl-overloading-0.02-481.1.el9_6.noa 684 kB/s |  11 kB     00:00    
(83/106): perl-overload-1.31-481.1.el9_6.noarch 902 kB/s |  44 kB     00:00    
(84/106): perl-parent-0.238-460.el9.noarch.rpm  848 kB/s |  14 kB     00:00    
(85/106): perl-subs-1.03-481.1.el9_6.noarch.rpm 623 kB/s |  10 kB     00:00    
(86/106): perl-threads-2.25-460.el9.x86_64.rpm  2.9 MB/s |  57 kB     00:00    
(87/106): perl-podlators-4.14-460.el9.noarch.rp 2.5 MB/s | 111 kB     00:00    
(88/106): perl-vars-1.05-481.1.el9_6.noarch.rpm 608 kB/s |  11 kB     00:00    
(89/106): perl-threads-shared-1.61-460.el9.x86_ 1.3 MB/s |  44 kB     00:00    
(90/106): groff-base-1.22.4-10.el9.x86_64.rpm    18 MB/s | 1.0 MB     00:00    
(91/106): libcbor-0.7.0-5.el9.x86_64.rpm        2.8 MB/s |  56 kB     00:00    
(92/106): wget-1.21.1-8.el9_4.x86_64.rpm        7.2 MB/s | 768 kB     00:00    
(93/106): libedit-3.1-38.20210216cvs.el9.x86_64 4.7 MB/s | 103 kB     00:00    
(94/106): libpkgconf-1.7.3-10.el9.x86_64.rpm    1.2 MB/s |  35 kB     00:00    
(95/106): libfido2-1.13.0-2.el9.x86_64.rpm      2.4 MB/s |  97 kB     00:00    
(96/106): libpsl-0.21.1-5.el9.x86_64.rpm        3.2 MB/s |  63 kB     00:00    
(97/106): ncurses-6.2-10.20210508.el9_6.2.x86_6  10 MB/s | 399 kB     00:00    
(98/106): make-4.3-8.el9.x86_64.rpm             6.3 MB/s | 530 kB     00:00    
(99/106): openssh-8.7p1-45.el9.x86_64.rpm        11 MB/s | 455 kB     00:00    
(100/106): pkgconf-1.7.3-10.el9.x86_64.rpm      1.3 MB/s |  40 kB     00:00    
(101/106): pkgconf-m4-1.7.3-10.el9.noarch.rpm   422 kB/s |  14 kB     00:00    
(102/106): pkgconf-pkg-config-1.7.3-10.el9.x86_ 585 kB/s | 9.9 kB     00:00    
(103/106): openssh-clients-8.7p1-45.el9.x86_64. 6.9 MB/s | 711 kB     00:00    
(104/106): publicsuffix-list-dafsa-20210518-3.e 2.1 MB/s |  57 kB     00:00    
(105/106): vim-filesystem-8.2.2637-22.el9_6.noa 349 kB/s | 9.2 kB     00:00    
(106/106): gcc-11.5.0-5.el9_5.alma.1.x86_64.rpm  15 MB/s |  32 MB     00:02    
--------------------------------------------------------------------------------
Total                                            25 MB/s |  93 MB     00:03     
Running transaction check
Transaction check succeeded.
Running transaction test
Transaction test succeeded.
Running transaction
  Preparing        :                                                        1/1 
  Installing       : libmpc-1.2.1-4.el9.x86_64                            1/106 
  Installing       : emacs-filesystem-1:27.2-14.el9_6.2.noarch            2/106 
  Installing       : make-1:4.3-8.el9.x86_64                              3/106 
  Installing       : cmake-rpm-macros-3.26.5-2.el9.noarch                 4/106 
  Installing       : cmake-filesystem-3.26.5-2.el9.x86_64                 5/106 
  Installing       : cpp-11.5.0-5.el9_5.alma.1.x86_64                     6/106 
  Installing       : vim-filesystem-2:8.2.2637-22.el9_6.noarch            7/106 
  Installing       : publicsuffix-list-dafsa-20210518-3.el9.noarch        8/106 
  Installing       : libpsl-0.21.1-5.el9.x86_64                           9/106 
  Installing       : pkgconf-m4-1.7.3-10.el9.noarch                      10/106 
  Running scriptlet: openssh-8.7p1-45.el9.x86_64                         11/106 
  Installing       : openssh-8.7p1-45.el9.x86_64                         11/106 
  Installing       : ncurses-6.2-10.20210508.el9_6.2.x86_64              12/106 
  Installing       : libpkgconf-1.7.3-10.el9.x86_64                      13/106 
  Installing       : pkgconf-1.7.3-10.el9.x86_64                         14/106 
  Installing       : pkgconf-pkg-config-1.7.3-10.el9.x86_64              15/106 
  Installing       : libedit-3.1-38.20210216cvs.el9.x86_64               16/106 
  Installing       : libcbor-0.7.0-5.el9.x86_64                          17/106 
  Installing       : libfido2-1.13.0-2.el9.x86_64                        18/106 
  Installing       : openssh-clients-8.7p1-45.el9.x86_64                 19/106 
  Running scriptlet: openssh-clients-8.7p1-45.el9.x86_64                 19/106 
  Installing       : git-core-2.47.3-1.el9_6.x86_64                      20/106 
  Installing       : git-core-doc-2.47.3-1.el9_6.noarch                  21/106 
  Running scriptlet: groff-base-1.22.4-10.el9.x86_64                     22/106 
  Installing       : groff-base-1.22.4-10.el9.x86_64                     22/106 
  Running scriptlet: groff-base-1.22.4-10.el9.x86_64                     22/106 
  Installing       : perl-Digest-1.19-4.el9.noarch                       23/106 
  Installing       : perl-Digest-MD5-2.58-4.el9.x86_64                   24/106 
  Installing       : perl-B-1.80-481.1.el9_6.x86_64                      25/106 
  Installing       : perl-FileHandle-2.03-481.1.el9_6.noarch             26/106 
  Installing       : perl-Data-Dumper-2.174-462.el9.x86_64               27/106 
  Installing       : perl-libnet-3.13-4.el9.noarch                       28/106 
  Installing       : perl-base-2.27-481.1.el9_6.noarch                   29/106 
  Installing       : perl-URI-5.09-3.el9.noarch                          30/106 
  Installing       : perl-AutoLoader-5.74-481.1.el9_6.noarch             31/106 
  Installing       : perl-Mozilla-CA-20200520-6.el9.noarch               32/106 
  Installing       : perl-if-0.60.800-481.1.el9_6.noarch                 33/106 
  Installing       : perl-IO-Socket-IP-0.41-5.el9.noarch                 34/106 
  Installing       : perl-Time-Local-2:1.300-7.el9.noarch                35/106 
  Installing       : perl-File-Path-2.18-4.el9.noarch                    36/106 
  Installing       : perl-Pod-Escapes-1:1.07-460.el9.noarch              37/106 
  Installing       : perl-Text-Tabs+Wrap-2013.0523-460.el9.noarch        38/106 
  Installing       : perl-IO-Socket-SSL-2.073-2.el9.noarch               39/106 
  Installing       : perl-Net-SSLeay-1.94-1.el9.x86_64                   40/106 
  Installing       : perl-Class-Struct-0.66-481.1.el9_6.noarch           41/106 
  Installing       : perl-POSIX-1.94-481.1.el9_6.x86_64                  42/106 
  Installing       : perl-Term-ANSIColor-5.01-461.el9.noarch             43/106 
  Installing       : perl-IPC-Open3-1.21-481.1.el9_6.noarch              44/106 
  Installing       : perl-subs-1.03-481.1.el9_6.noarch                   45/106 
  Installing       : perl-File-Temp-1:0.231.100-4.el9.noarch             46/106 
  Installing       : perl-Term-Cap-1.17-460.el9.noarch                   47/106 
  Installing       : perl-Pod-Simple-1:3.42-4.el9.noarch                 48/106 
  Installing       : perl-HTTP-Tiny-0.076-462.el9.noarch                 49/106 
  Installing       : perl-Socket-4:2.031-4.el9.x86_64                    50/106 
  Installing       : perl-SelectSaver-1.02-481.1.el9_6.noarch            51/106 
  Installing       : perl-Symbol-1.08-481.1.el9_6.noarch                 52/106 
  Installing       : perl-File-stat-1.09-481.1.el9_6.noarch              53/106 
  Installing       : perl-podlators-1:4.14-460.el9.noarch                54/106 
  Installing       : perl-Pod-Perldoc-3.28.01-461.el9.noarch             55/106 
  Installing       : perl-Fcntl-1.13-481.1.el9_6.x86_64                  56/106 
  Installing       : perl-Text-ParseWords-3.30-460.el9.noarch            57/106 
  Installing       : perl-mro-1.23-481.1.el9_6.x86_64                    58/106 
  Installing       : perl-IO-1.43-481.1.el9_6.x86_64                     59/106 
  Installing       : perl-overloading-0.02-481.1.el9_6.noarch            60/106 
  Installing       : perl-Pod-Usage-4:2.01-4.el9.noarch                  61/106 
  Installing       : perl-Errno-1.30-481.1.el9_6.x86_64                  62/106 
  Installing       : perl-File-Basename-2.85-481.1.el9_6.noarch          63/106 
  Installing       : perl-Getopt-Std-1.12-481.1.el9_6.noarch             64/106 
  Installing       : perl-MIME-Base64-3.16-4.el9.x86_64                  65/106 
  Installing       : perl-Scalar-List-Utils-4:1.56-462.el9.x86_64        66/106 
  Installing       : perl-constant-1.33-461.el9.noarch                   67/106 
  Installing       : perl-Storable-1:3.21-460.el9.x86_64                 68/106 
  Installing       : perl-overload-1.31-481.1.el9_6.noarch               69/106 
  Installing       : perl-parent-1:0.238-460.el9.noarch                  70/106 
  Installing       : perl-vars-1.05-481.1.el9_6.noarch                   71/106 
  Installing       : perl-Getopt-Long-1:2.52-4.el9.noarch                72/106 
  Installing       : perl-Carp-1.50-460.el9.noarch                       73/106 
  Installing       : perl-Exporter-5.74-461.el9.noarch                   74/106 
  Installing       : perl-NDBM_File-1.15-481.1.el9_6.x86_64              75/106 
  Installing       : perl-PathTools-3.78-461.el9.x86_64                  76/106 
  Installing       : perl-Encode-4:3.08-462.el9.x86_64                   77/106 
  Installing       : perl-libs-4:5.32.1-481.1.el9_6.x86_64               78/106 
  Installing       : perl-interpreter-4:5.32.1-481.1.el9_6.x86_64        79/106 
  Installing       : perl-DynaLoader-1.47-481.1.el9_6.x86_64             80/106 
  Installing       : perl-File-Compare-1.100.600-481.1.el9_6.noarch      81/106 
  Installing       : perl-File-Copy-2.34-481.1.el9_6.noarch              82/106 
  Installing       : perl-File-Find-1.37-481.1.el9_6.noarch              83/106 
  Installing       : perl-threads-1:2.25-460.el9.x86_64                  84/106 
  Installing       : perl-threads-shared-1.61-460.el9.x86_64             85/106 
  Installing       : perl-Thread-Queue-3.14-460.el9.noarch               86/106 
  Installing       : perl-TermReadKey-2.38-11.el9.x86_64                 87/106 
  Installing       : perl-Error-1:0.17029-7.el9.noarch                   88/106 
  Installing       : perl-lib-0.65-481.1.el9_6.x86_64                    89/106 
  Installing       : perl-Git-2.47.3-1.el9_6.noarch                      90/106 
  Installing       : git-2.47.3-1.el9_6.x86_64                           91/106 
  Installing       : m4-1.4.19-1.el9.x86_64                              92/106 
  Installing       : autoconf-2.69-39.el9.noarch                         93/106 
  Installing       : automake-1.16.2-8.el9.noarch                        94/106 
  Installing       : libuv-1:1.42.0-2.el9_4.x86_64                       95/106 
  Installing       : cmake-data-3.26.5-2.el9.noarch                      96/106 
  Installing       : cmake-3.26.5-2.el9.x86_64                           97/106 
  Installing       : libstdc++-devel-11.5.0-5.el9_5.alma.1.x86_64        98/106 
  Installing       : kernel-headers-5.14.0-570.37.1.el9_6.x86_64         99/106 
  Installing       : glibc-headers-2.34-168.el9_6.23.x86_64             100/106 
  Installing       : libxcrypt-devel-4.4.18-3.el9.x86_64                101/106 
  Installing       : glibc-devel-2.34-168.el9_6.23.x86_64               102/106 
  Installing       : gcc-11.5.0-5.el9_5.alma.1.x86_64                   103/106 
  Installing       : gcc-c++-11.5.0-5.el9_5.alma.1.x86_64               104/106 
  Installing       : libtool-2.4.6-46.el9.x86_64                        105/106 
  Installing       : wget-1.21.1-8.el9_4.x86_64                         106/106 
  Running scriptlet: wget-1.21.1-8.el9_4.x86_64                         106/106 
  Verifying        : autoconf-2.69-39.el9.noarch                          1/106 
  Verifying        : automake-1.16.2-8.el9.noarch                         2/106 
  Verifying        : cmake-3.26.5-2.el9.x86_64                            3/106 
  Verifying        : cmake-data-3.26.5-2.el9.noarch                       4/106 
  Verifying        : cmake-filesystem-3.26.5-2.el9.x86_64                 5/106 
  Verifying        : cmake-rpm-macros-3.26.5-2.el9.noarch                 6/106 
  Verifying        : cpp-11.5.0-5.el9_5.alma.1.x86_64                     7/106 
  Verifying        : emacs-filesystem-1:27.2-14.el9_6.2.noarch            8/106 
  Verifying        : gcc-11.5.0-5.el9_5.alma.1.x86_64                     9/106 
  Verifying        : gcc-c++-11.5.0-5.el9_5.alma.1.x86_64                10/106 
  Verifying        : git-2.47.3-1.el9_6.x86_64                           11/106 
  Verifying        : git-core-2.47.3-1.el9_6.x86_64                      12/106 
  Verifying        : git-core-doc-2.47.3-1.el9_6.noarch                  13/106 
  Verifying        : glibc-devel-2.34-168.el9_6.23.x86_64                14/106 
  Verifying        : glibc-headers-2.34-168.el9_6.23.x86_64              15/106 
  Verifying        : kernel-headers-5.14.0-570.37.1.el9_6.x86_64         16/106 
  Verifying        : libmpc-1.2.1-4.el9.x86_64                           17/106 
  Verifying        : libstdc++-devel-11.5.0-5.el9_5.alma.1.x86_64        18/106 
  Verifying        : libtool-2.4.6-46.el9.x86_64                         19/106 
  Verifying        : libuv-1:1.42.0-2.el9_4.x86_64                       20/106 
  Verifying        : libxcrypt-devel-4.4.18-3.el9.x86_64                 21/106 
  Verifying        : m4-1.4.19-1.el9.x86_64                              22/106 
  Verifying        : perl-AutoLoader-5.74-481.1.el9_6.noarch             23/106 
  Verifying        : perl-B-1.80-481.1.el9_6.x86_64                      24/106 
  Verifying        : perl-Carp-1.50-460.el9.noarch                       25/106 
  Verifying        : perl-Class-Struct-0.66-481.1.el9_6.noarch           26/106 
  Verifying        : perl-Data-Dumper-2.174-462.el9.x86_64               27/106 
  Verifying        : perl-Digest-1.19-4.el9.noarch                       28/106 
  Verifying        : perl-Digest-MD5-2.58-4.el9.x86_64                   29/106 
  Verifying        : perl-DynaLoader-1.47-481.1.el9_6.x86_64             30/106 
  Verifying        : perl-Encode-4:3.08-462.el9.x86_64                   31/106 
  Verifying        : perl-Errno-1.30-481.1.el9_6.x86_64                  32/106 
  Verifying        : perl-Error-1:0.17029-7.el9.noarch                   33/106 
  Verifying        : perl-Exporter-5.74-461.el9.noarch                   34/106 
  Verifying        : perl-Fcntl-1.13-481.1.el9_6.x86_64                  35/106 
  Verifying        : perl-File-Basename-2.85-481.1.el9_6.noarch          36/106 
  Verifying        : perl-File-Compare-1.100.600-481.1.el9_6.noarch      37/106 
  Verifying        : perl-File-Copy-2.34-481.1.el9_6.noarch              38/106 
  Verifying        : perl-File-Find-1.37-481.1.el9_6.noarch              39/106 
  Verifying        : perl-File-Path-2.18-4.el9.noarch                    40/106 
  Verifying        : perl-File-Temp-1:0.231.100-4.el9.noarch             41/106 
  Verifying        : perl-File-stat-1.09-481.1.el9_6.noarch              42/106 
  Verifying        : perl-FileHandle-2.03-481.1.el9_6.noarch             43/106 
  Verifying        : perl-Getopt-Long-1:2.52-4.el9.noarch                44/106 
  Verifying        : perl-Getopt-Std-1.12-481.1.el9_6.noarch             45/106 
  Verifying        : perl-Git-2.47.3-1.el9_6.noarch                      46/106 
  Verifying        : perl-HTTP-Tiny-0.076-462.el9.noarch                 47/106 
  Verifying        : perl-IO-1.43-481.1.el9_6.x86_64                     48/106 
  Verifying        : perl-IO-Socket-IP-0.41-5.el9.noarch                 49/106 
  Verifying        : perl-IO-Socket-SSL-2.073-2.el9.noarch               50/106 
  Verifying        : perl-IPC-Open3-1.21-481.1.el9_6.noarch              51/106 
  Verifying        : perl-MIME-Base64-3.16-4.el9.x86_64                  52/106 
  Verifying        : perl-Mozilla-CA-20200520-6.el9.noarch               53/106 
  Verifying        : perl-NDBM_File-1.15-481.1.el9_6.x86_64              54/106 
  Verifying        : perl-Net-SSLeay-1.94-1.el9.x86_64                   55/106 
  Verifying        : perl-POSIX-1.94-481.1.el9_6.x86_64                  56/106 
  Verifying        : perl-PathTools-3.78-461.el9.x86_64                  57/106 
  Verifying        : perl-Pod-Escapes-1:1.07-460.el9.noarch              58/106 
  Verifying        : perl-Pod-Perldoc-3.28.01-461.el9.noarch             59/106 
  Verifying        : perl-Pod-Simple-1:3.42-4.el9.noarch                 60/106 
  Verifying        : perl-Pod-Usage-4:2.01-4.el9.noarch                  61/106 
  Verifying        : perl-Scalar-List-Utils-4:1.56-462.el9.x86_64        62/106 
  Verifying        : perl-SelectSaver-1.02-481.1.el9_6.noarch            63/106 
  Verifying        : perl-Socket-4:2.031-4.el9.x86_64                    64/106 
  Verifying        : perl-Storable-1:3.21-460.el9.x86_64                 65/106 
  Verifying        : perl-Symbol-1.08-481.1.el9_6.noarch                 66/106 
  Verifying        : perl-Term-ANSIColor-5.01-461.el9.noarch             67/106 
  Verifying        : perl-Term-Cap-1.17-460.el9.noarch                   68/106 
  Verifying        : perl-TermReadKey-2.38-11.el9.x86_64                 69/106 
  Verifying        : perl-Text-ParseWords-3.30-460.el9.noarch            70/106 
  Verifying        : perl-Text-Tabs+Wrap-2013.0523-460.el9.noarch        71/106 
  Verifying        : perl-Thread-Queue-3.14-460.el9.noarch               72/106 
  Verifying        : perl-Time-Local-2:1.300-7.el9.noarch                73/106 
  Verifying        : perl-URI-5.09-3.el9.noarch                          74/106 
  Verifying        : perl-base-2.27-481.1.el9_6.noarch                   75/106 
  Verifying        : perl-constant-1.33-461.el9.noarch                   76/106 
  Verifying        : perl-if-0.60.800-481.1.el9_6.noarch                 77/106 
  Verifying        : perl-interpreter-4:5.32.1-481.1.el9_6.x86_64        78/106 
  Verifying        : perl-lib-0.65-481.1.el9_6.x86_64                    79/106 
  Verifying        : perl-libnet-3.13-4.el9.noarch                       80/106 
  Verifying        : perl-libs-4:5.32.1-481.1.el9_6.x86_64               81/106 
  Verifying        : perl-mro-1.23-481.1.el9_6.x86_64                    82/106 
  Verifying        : perl-overload-1.31-481.1.el9_6.noarch               83/106 
  Verifying        : perl-overloading-0.02-481.1.el9_6.noarch            84/106 
  Verifying        : perl-parent-1:0.238-460.el9.noarch                  85/106 
  Verifying        : perl-podlators-1:4.14-460.el9.noarch                86/106 
  Verifying        : perl-subs-1.03-481.1.el9_6.noarch                   87/106 
  Verifying        : perl-threads-1:2.25-460.el9.x86_64                  88/106 
  Verifying        : perl-threads-shared-1.61-460.el9.x86_64             89/106 
  Verifying        : perl-vars-1.05-481.1.el9_6.noarch                   90/106 
  Verifying        : wget-1.21.1-8.el9_4.x86_64                          91/106 
  Verifying        : groff-base-1.22.4-10.el9.x86_64                     92/106 
  Verifying        : libcbor-0.7.0-5.el9.x86_64                          93/106 
  Verifying        : libedit-3.1-38.20210216cvs.el9.x86_64               94/106 
  Verifying        : libfido2-1.13.0-2.el9.x86_64                        95/106 
  Verifying        : libpkgconf-1.7.3-10.el9.x86_64                      96/106 
  Verifying        : libpsl-0.21.1-5.el9.x86_64                          97/106 
  Verifying        : make-1:4.3-8.el9.x86_64                             98/106 
  Verifying        : ncurses-6.2-10.20210508.el9_6.2.x86_64              99/106 
  Verifying        : openssh-8.7p1-45.el9.x86_64                        100/106 
  Verifying        : openssh-clients-8.7p1-45.el9.x86_64                101/106 
  Verifying        : pkgconf-1.7.3-10.el9.x86_64                        102/106 
  Verifying        : pkgconf-m4-1.7.3-10.el9.noarch                     103/106 
  Verifying        : pkgconf-pkg-config-1.7.3-10.el9.x86_64             104/106 
  Verifying        : publicsuffix-list-dafsa-20210518-3.el9.noarch      105/106 
  Verifying        : vim-filesystem-2:8.2.2637-22.el9_6.noarch          106/106 

Installed:
  autoconf-2.69-39.el9.noarch                                                   
  automake-1.16.2-8.el9.noarch                                                  
  cmake-3.26.5-2.el9.x86_64                                                     
  cmake-data-3.26.5-2.el9.noarch                                                
  cmake-filesystem-3.26.5-2.el9.x86_64                                          
  cmake-rpm-macros-3.26.5-2.el9.noarch                                          
  cpp-11.5.0-5.el9_5.alma.1.x86_64                                              
  emacs-filesystem-1:27.2-14.el9_6.2.noarch                                     
  gcc-11.5.0-5.el9_5.alma.1.x86_64                                              
  gcc-c++-11.5.0-5.el9_5.alma.1.x86_64                                          
  git-2.47.3-1.el9_6.x86_64                                                     
  git-core-2.47.3-1.el9_6.x86_64                                                
  git-core-doc-2.47.3-1.el9_6.noarch                                            
  glibc-devel-2.34-168.el9_6.23.x86_64                                          
  glibc-headers-2.34-168.el9_6.23.x86_64                                        
  groff-base-1.22.4-10.el9.x86_64                                               
  kernel-headers-5.14.0-570.37.1.el9_6.x86_64                                   
  libcbor-0.7.0-5.el9.x86_64                                                    
  libedit-3.1-38.20210216cvs.el9.x86_64                                         
  libfido2-1.13.0-2.el9.x86_64                                                  
  libmpc-1.2.1-4.el9.x86_64                                                     
  libpkgconf-1.7.3-10.el9.x86_64                                                
  libpsl-0.21.1-5.el9.x86_64                                                    
  libstdc++-devel-11.5.0-5.el9_5.alma.1.x86_64                                  
  libtool-2.4.6-46.el9.x86_64                                                   
  libuv-1:1.42.0-2.el9_4.x86_64                                                 
  libxcrypt-devel-4.4.18-3.el9.x86_64                                           
  m4-1.4.19-1.el9.x86_64                                                        
  make-1:4.3-8.el9.x86_64                                                       
  ncurses-6.2-10.20210508.el9_6.2.x86_64                                        
  openssh-8.7p1-45.el9.x86_64                                                   
  openssh-clients-8.7p1-45.el9.x86_64                                           
  perl-AutoLoader-5.74-481.1.el9_6.noarch                                       
  perl-B-1.80-481.1.el9_6.x86_64                                                
  perl-Carp-1.50-460.el9.noarch                                                 
  perl-Class-Struct-0.66-481.1.el9_6.noarch                                     
  perl-Data-Dumper-2.174-462.el9.x86_64                                         
  perl-Digest-1.19-4.el9.noarch                                                 
  perl-Digest-MD5-2.58-4.el9.x86_64                                             
  perl-DynaLoader-1.47-481.1.el9_6.x86_64                                       
  perl-Encode-4:3.08-462.el9.x86_64                                             
  perl-Errno-1.30-481.1.el9_6.x86_64                                            
  perl-Error-1:0.17029-7.el9.noarch                                             
  perl-Exporter-5.74-461.el9.noarch                                             
  perl-Fcntl-1.13-481.1.el9_6.x86_64                                            
  perl-File-Basename-2.85-481.1.el9_6.noarch                                    
  perl-File-Compare-1.100.600-481.1.el9_6.noarch                                
  perl-File-Copy-2.34-481.1.el9_6.noarch                                        
  perl-File-Find-1.37-481.1.el9_6.noarch                                        
  perl-File-Path-2.18-4.el9.noarch                                              
  perl-File-Temp-1:0.231.100-4.el9.noarch                                       
  perl-File-stat-1.09-481.1.el9_6.noarch                                        
  perl-FileHandle-2.03-481.1.el9_6.noarch                                       
  perl-Getopt-Long-1:2.52-4.el9.noarch                                          
  perl-Getopt-Std-1.12-481.1.el9_6.noarch                                       
  perl-Git-2.47.3-1.el9_6.noarch                                                
  perl-HTTP-Tiny-0.076-462.el9.noarch                                           
  perl-IO-1.43-481.1.el9_6.x86_64                                               
  perl-IO-Socket-IP-0.41-5.el9.noarch                                           
  perl-IO-Socket-SSL-2.073-2.el9.noarch                                         
  perl-IPC-Open3-1.21-481.1.el9_6.noarch                                        
  perl-MIME-Base64-3.16-4.el9.x86_64                                            
  perl-Mozilla-CA-20200520-6.el9.noarch                                         
  perl-NDBM_File-1.15-481.1.el9_6.x86_64                                        
  perl-Net-SSLeay-1.94-1.el9.x86_64                                             
  perl-POSIX-1.94-481.1.el9_6.x86_64                                            
  perl-PathTools-3.78-461.el9.x86_64                                            
  perl-Pod-Escapes-1:1.07-460.el9.noarch                                        
  perl-Pod-Perldoc-3.28.01-461.el9.noarch                                       
  perl-Pod-Simple-1:3.42-4.el9.noarch                                           
  perl-Pod-Usage-4:2.01-4.el9.noarch                                            
  perl-Scalar-List-Utils-4:1.56-462.el9.x86_64                                  
  perl-SelectSaver-1.02-481.1.el9_6.noarch                                      
  perl-Socket-4:2.031-4.el9.x86_64                                              
  perl-Storable-1:3.21-460.el9.x86_64                                           
  perl-Symbol-1.08-481.1.el9_6.noarch                                           
  perl-Term-ANSIColor-5.01-461.el9.noarch                                       
  perl-Term-Cap-1.17-460.el9.noarch                                             
  perl-TermReadKey-2.38-11.el9.x86_64                                           
  perl-Text-ParseWords-3.30-460.el9.noarch                                      
  perl-Text-Tabs+Wrap-2013.0523-460.el9.noarch                                  
  perl-Thread-Queue-3.14-460.el9.noarch                                         
  perl-Time-Local-2:1.300-7.el9.noarch                                          
  perl-URI-5.09-3.el9.noarch                                                    
  perl-base-2.27-481.1.el9_6.noarch                                             
  perl-constant-1.33-461.el9.noarch                                             
  perl-if-0.60.800-481.1.el9_6.noarch                                           
  perl-interpreter-4:5.32.1-481.1.el9_6.x86_64                                  
  perl-lib-0.65-481.1.el9_6.x86_64                                              
  perl-libnet-3.13-4.el9.noarch                                                 
  perl-libs-4:5.32.1-481.1.el9_6.x86_64                                         
  perl-mro-1.23-481.1.el9_6.x86_64                                              
  perl-overload-1.31-481.1.el9_6.noarch                                         
  perl-overloading-0.02-481.1.el9_6.noarch                                      
  perl-parent-1:0.238-460.el9.noarch                                            
  perl-podlators-1:4.14-460.el9.noarch                                          
  perl-subs-1.03-481.1.el9_6.noarch                                             
  perl-threads-1:2.25-460.el9.x86_64                                            
  perl-threads-shared-1.61-460.el9.x86_64                                       
  perl-vars-1.05-481.1.el9_6.noarch                                             
  pkgconf-1.7.3-10.el9.x86_64                                                   
  pkgconf-m4-1.7.3-10.el9.noarch                                                
  pkgconf-pkg-config-1.7.3-10.el9.x86_64                                        
  publicsuffix-list-dafsa-20210518-3.el9.noarch                                 
  vim-filesystem-2:8.2.2637-22.el9_6.noarch                                     
  wget-1.21.1-8.el9_4.x86_64                                                    

Complete!
Last metadata expiration check: 0:00:13 ago on Sat Aug 30 05:07:14 2025.
Dependencies resolved.
================================================================================
 Package                     Arch     Version                 Repository   Size
================================================================================
Installing:
 boost-devel                 x86_64   1.75.0-10.el9           appstream    11 M
 eigen3-devel                noarch   3.4.0-2.el9             crb         1.1 M
 flann-devel                 x86_64   1.9.1-8.el9             epel         95 k
 gtest-devel                 x86_64   1.11.0-1.el9            epel        236 k
 libpng-devel                x86_64   2:1.6.37-12.el9         appstream   290 k
 libusbx-devel               x86_64   1.0.26-1.el9            appstream    25 k
 openmpi-devel               x86_64   2:4.1.1-7.el9           appstream   1.2 M
 python3-devel               x86_64   3.9.21-2.el9_6.1        appstream   204 k
 python3-numpy               x86_64   1:1.23.5-1.el9          appstream   5.8 M
 python3-pip                 noarch   21.3.1-1.el9            appstream   1.7 M
 qhull-devel                 x86_64   1:7.2.1-11.el9          crb         159 k
Installing dependencies:
 Lmod                        x86_64   8.7.55-1.el9            epel        247 k
 boost                       x86_64   1.75.0-10.el9           appstream   9.4 k
 boost-atomic                x86_64   1.75.0-10.el9           appstream    15 k
 boost-chrono                x86_64   1.75.0-10.el9           appstream    22 k
 boost-container             x86_64   1.75.0-10.el9           appstream    35 k
 boost-context               x86_64   1.75.0-10.el9           appstream    13 k
 boost-contract              x86_64   1.75.0-10.el9           appstream    42 k
 boost-coroutine             x86_64   1.75.0-10.el9           appstream    30 k
 boost-date-time             x86_64   1.75.0-10.el9           appstream    11 k
 boost-fiber                 x86_64   1.75.0-10.el9           appstream    37 k
 boost-filesystem            x86_64   1.75.0-10.el9           appstream    55 k
 boost-graph                 x86_64   1.75.0-10.el9           appstream    99 k
 boost-iostreams             x86_64   1.75.0-10.el9           appstream    36 k
 boost-locale                x86_64   1.75.0-10.el9           appstream   212 k
 boost-log                   x86_64   1.75.0-10.el9           appstream   405 k
 boost-math                  x86_64   1.75.0-10.el9           appstream   203 k
 boost-nowide                x86_64   1.75.0-10.el9           appstream    13 k
 boost-numpy3                x86_64   1.75.0-10.el9           appstream    25 k
 boost-program-options       x86_64   1.75.0-10.el9           appstream   104 k
 boost-python3               x86_64   1.75.0-10.el9           appstream    91 k
 boost-random                x86_64   1.75.0-10.el9           appstream    22 k
 boost-regex                 x86_64   1.75.0-10.el9           appstream   275 k
 boost-serialization         x86_64   1.75.0-10.el9           appstream   127 k
 boost-stacktrace            x86_64   1.75.0-10.el9           appstream    25 k
 boost-system                x86_64   1.75.0-10.el9           appstream    11 k
 boost-test                  x86_64   1.75.0-10.el9           appstream   228 k
 boost-thread                x86_64   1.75.0-10.el9           appstream    53 k
 boost-timer                 x86_64   1.75.0-10.el9           appstream    21 k
 boost-type_erasure          x86_64   1.75.0-10.el9           appstream    28 k
 boost-wave                  x86_64   1.75.0-10.el9           appstream   206 k
 flann                       x86_64   1.9.1-8.el9             epel        1.2 M
 flexiblas                   x86_64   3.0.4-8.el9             appstream    32 k
 flexiblas-netlib            x86_64   3.0.4-8.el9             appstream   3.0 M
 flexiblas-openblas-openmp   x86_64   3.0.4-8.el9             appstream    17 k
 gcc-gfortran                x86_64   11.5.0-5.el9_5.alma.1   appstream    13 M
 gmock                       x86_64   1.11.0-1.el9            epel         59 k
 gtest                       x86_64   1.11.0-1.el9            epel        162 k
 hwloc-libs                  x86_64   2.4.1-5.el9             baseos      2.1 M
 libfabric                   x86_64   1.22.0-1.el9            appstream   1.4 M
 libgfortran                 x86_64   11.5.0-5.el9_5.alma.1   baseos      797 k
 libibumad                   x86_64   54.0-1.el9              baseos       26 k
 libibverbs                  x86_64   54.0-1.el9              baseos      436 k
 libicu                      x86_64   67.1-10.el9_6           baseos      9.6 M
 libicu-devel                x86_64   67.1-10.el9_6           appstream   829 k
 libnl3                      x86_64   3.11.0-1.el9            baseos      359 k
 libpng                      x86_64   2:1.6.37-12.el9         baseos      116 k
 libpsm2                     x86_64   12.0.1-1.el9            appstream   207 k
 libqhull                    x86_64   1:7.2.1-11.el9          crb         166 k
 libqhull_p                  x86_64   1:7.2.1-11.el9          crb         169 k
 libqhull_r                  x86_64   1:7.2.1-11.el9          crb         168 k
 libquadmath                 x86_64   11.5.0-5.el9_5.alma.1   baseos      187 k
 libquadmath-devel           x86_64   11.5.0-5.el9_5.alma.1   appstream    27 k
 librdmacm                   x86_64   54.0-1.el9              baseos       70 k
 libusbx                     x86_64   1.0.26-1.el9            baseos       75 k
 lua                         x86_64   5.4.4-4.el9             appstream   187 k
 lua-filesystem              x86_64   1.8.0-5.el9             epel         34 k
 lua-json                    noarch   1.3.4-1.el9             epel         26 k
 lua-lpeg                    x86_64   1.0.2-7.el9             epel         67 k
 lua-posix                   x86_64   35.0-8.el9              appstream   131 k
 lua-term                    x86_64   0.07-14.el9             epel         15 k
 munge-libs                  x86_64   0.5.13-13.el9           appstream    21 k
 numactl-libs                x86_64   2.0.19-1.el9            baseos       31 k
 openblas                    x86_64   0.3.26-2.el9            appstream    37 k
 openblas-openmp             x86_64   0.3.26-2.el9            appstream   4.9 M
 openmpi                     x86_64   2:4.1.1-7.el9           appstream   2.7 M
 opensm-libs                 x86_64   3.3.24-2.el9            baseos       75 k
 pmix                        x86_64   3.2.3-5.el9             appstream   570 k
 procps-ng                   x86_64   3.3.17-14.el9           baseos      332 k
 python3-setuptools          noarch   53.0.0-13.el9_6.1       baseos      837 k
 rpm-mpi-hooks               noarch   8-3.el9                 appstream    11 k
 tcl                         x86_64   1:8.6.10-7.el9          baseos      1.1 M
 ucx                         x86_64   1.17.0-2.el9            appstream   834 k
 zlib-devel                  x86_64   1.2.11-40.el9           appstream    44 k
Installing weak dependencies:
 libxcrypt-compat            x86_64   4.4.18-3.el9            appstream    88 k

Transaction Summary
================================================================================
Install  85 Packages

Total download size: 70 M
Installed size: 365 M
Downloading Packages:
(1/85): boost-1.75.0-10.el9.x86_64.rpm          203 kB/s | 9.4 kB     00:00    
(2/85): boost-atomic-1.75.0-10.el9.x86_64.rpm   272 kB/s |  15 kB     00:00    
(3/85): boost-chrono-1.75.0-10.el9.x86_64.rpm   333 kB/s |  22 kB     00:00    
(4/85): boost-container-1.75.0-10.el9.x86_64.rp 772 kB/s |  35 kB     00:00    
(5/85): boost-context-1.75.0-10.el9.x86_64.rpm  339 kB/s |  13 kB     00:00    
(6/85): boost-date-time-1.75.0-10.el9.x86_64.rp 637 kB/s |  11 kB     00:00    
(7/85): boost-coroutine-1.75.0-10.el9.x86_64.rp 1.6 MB/s |  30 kB     00:00    
(8/85): boost-contract-1.75.0-10.el9.x86_64.rpm 764 kB/s |  42 kB     00:00    
(9/85): boost-fiber-1.75.0-10.el9.x86_64.rpm    790 kB/s |  37 kB     00:00    
(10/85): boost-filesystem-1.75.0-10.el9.x86_64. 1.2 MB/s |  55 kB     00:00    
(11/85): boost-iostreams-1.75.0-10.el9.x86_64.r 923 kB/s |  36 kB     00:00    
(12/85): boost-graph-1.75.0-10.el9.x86_64.rpm   1.7 MB/s |  99 kB     00:00    
(13/85): boost-log-1.75.0-10.el9.x86_64.rpm     8.8 MB/s | 405 kB     00:00    
(14/85): boost-devel-1.75.0-10.el9.x86_64.rpm    58 MB/s |  11 MB     00:00    
(15/85): boost-locale-1.75.0-10.el9.x86_64.rpm  2.3 MB/s | 212 kB     00:00    
(16/85): boost-math-1.75.0-10.el9.x86_64.rpm    3.6 MB/s | 203 kB     00:00    
(17/85): boost-nowide-1.75.0-10.el9.x86_64.rpm  735 kB/s |  13 kB     00:00    
(18/85): boost-program-options-1.75.0-10.el9.x8 4.6 MB/s | 104 kB     00:00    
(19/85): boost-python3-1.75.0-10.el9.x86_64.rpm 3.5 MB/s |  91 kB     00:00    
(20/85): boost-random-1.75.0-10.el9.x86_64.rpm  747 kB/s |  22 kB     00:00    
(21/85): boost-numpy3-1.75.0-10.el9.x86_64.rpm  360 kB/s |  25 kB     00:00    
(22/85): boost-serialization-1.75.0-10.el9.x86_ 5.4 MB/s | 127 kB     00:00    
(23/85): boost-regex-1.75.0-10.el9.x86_64.rpm   5.4 MB/s | 275 kB     00:00    
(24/85): boost-system-1.75.0-10.el9.x86_64.rpm  656 kB/s |  11 kB     00:00    
(25/85): boost-stacktrace-1.75.0-10.el9.x86_64. 625 kB/s |  25 kB     00:00    
(26/85): boost-test-1.75.0-10.el9.x86_64.rpm    7.6 MB/s | 228 kB     00:00    
(27/85): boost-timer-1.75.0-10.el9.x86_64.rpm   1.0 MB/s |  21 kB     00:00    
(28/85): boost-thread-1.75.0-10.el9.x86_64.rpm  1.8 MB/s |  53 kB     00:00    
(29/85): boost-type_erasure-1.75.0-10.el9.x86_6 1.5 MB/s |  28 kB     00:00    
(30/85): flexiblas-3.0.4-8.el9.x86_64.rpm       1.1 MB/s |  32 kB     00:00    
(31/85): boost-wave-1.75.0-10.el9.x86_64.rpm    3.3 MB/s | 206 kB     00:00    
(32/85): flexiblas-openblas-openmp-3.0.4-8.el9. 626 kB/s |  17 kB     00:00    
(33/85): libfabric-1.22.0-1.el9.x86_64.rpm       28 MB/s | 1.4 MB     00:00    
(34/85): flexiblas-netlib-3.0.4-8.el9.x86_64.rp  24 MB/s | 3.0 MB     00:00    
(35/85): libpng-devel-1.6.37-12.el9.x86_64.rpm  5.1 MB/s | 290 kB     00:00    
(36/85): libicu-devel-67.1-10.el9_6.x86_64.rpm  8.6 MB/s | 829 kB     00:00    
(37/85): libpsm2-12.0.1-1.el9.x86_64.rpm        6.7 MB/s | 207 kB     00:00    
(38/85): libquadmath-devel-11.5.0-5.el9_5.alma. 1.5 MB/s |  27 kB     00:00    
(39/85): libusbx-devel-1.0.26-1.el9.x86_64.rpm  1.1 MB/s |  25 kB     00:00    
(40/85): libxcrypt-compat-4.4.18-3.el9.x86_64.r 2.8 MB/s |  88 kB     00:00    
(41/85): lua-posix-35.0-8.el9.x86_64.rpm        3.4 MB/s | 131 kB     00:00    
(42/85): lua-5.4.4-4.el9.x86_64.rpm             3.3 MB/s | 187 kB     00:00    
(43/85): openblas-0.3.26-2.el9.x86_64.rpm       2.0 MB/s |  37 kB     00:00    
(44/85): munge-libs-0.5.13-13.el9.x86_64.rpm    796 kB/s |  21 kB     00:00    
(45/85): openblas-openmp-0.3.26-2.el9.x86_64.rp  89 MB/s | 4.9 MB     00:00    
(46/85): openmpi-4.1.1-7.el9.x86_64.rpm          32 MB/s | 2.7 MB     00:00    
(47/85): gcc-gfortran-11.5.0-5.el9_5.alma.1.x86  31 MB/s |  13 MB     00:00    
(48/85): openmpi-devel-4.1.1-7.el9.x86_64.rpm    12 MB/s | 1.2 MB     00:00    
(49/85): pmix-3.2.3-5.el9.x86_64.rpm            8.2 MB/s | 570 kB     00:00    
(50/85): python3-devel-3.9.21-2.el9_6.1.x86_64. 2.7 MB/s | 204 kB     00:00    
(51/85): python3-numpy-1.23.5-1.el9.x86_64.rpm   58 MB/s | 5.8 MB     00:00    
(52/85): rpm-mpi-hooks-8-3.el9.noarch.rpm       318 kB/s |  11 kB     00:00    
(53/85): zlib-devel-1.2.11-40.el9.x86_64.rpm    1.1 MB/s |  44 kB     00:00    
(54/85): python3-pip-21.3.1-1.el9.noarch.rpm     11 MB/s | 1.7 MB     00:00    
(55/85): ucx-1.17.0-2.el9.x86_64.rpm            9.0 MB/s | 834 kB     00:00    
(56/85): libibumad-54.0-1.el9.x86_64.rpm        639 kB/s |  26 kB     00:00    
(57/85): libgfortran-11.5.0-5.el9_5.alma.1.x86_ 7.9 MB/s | 797 kB     00:00    
(58/85): libibverbs-54.0-1.el9.x86_64.rpm        10 MB/s | 436 kB     00:00    
(59/85): libnl3-3.11.0-1.el9.x86_64.rpm         6.3 MB/s | 359 kB     00:00    
(60/85): hwloc-libs-2.4.1-5.el9.x86_64.rpm       11 MB/s | 2.1 MB     00:00    
(61/85): libicu-67.1-10.el9_6.x86_64.rpm         81 MB/s | 9.6 MB     00:00    
(62/85): libpng-1.6.37-12.el9.x86_64.rpm        2.6 MB/s | 116 kB     00:00    
(63/85): libquadmath-11.5.0-5.el9_5.alma.1.x86_ 4.9 MB/s | 187 kB     00:00    
(64/85): numactl-libs-2.0.19-1.el9.x86_64.rpm   1.6 MB/s |  31 kB     00:00    
(65/85): libusbx-1.0.26-1.el9.x86_64.rpm        3.5 MB/s |  75 kB     00:00    
(66/85): librdmacm-54.0-1.el9.x86_64.rpm        1.8 MB/s |  70 kB     00:00    
(67/85): opensm-libs-3.3.24-2.el9.x86_64.rpm    2.1 MB/s |  75 kB     00:00    
(68/85): procps-ng-3.3.17-14.el9.x86_64.rpm     4.2 MB/s | 332 kB     00:00    
(69/85): python3-setuptools-53.0.0-13.el9_6.1.n  12 MB/s | 837 kB     00:00    
(70/85): tcl-8.6.10-7.el9.x86_64.rpm             14 MB/s | 1.1 MB     00:00    
(71/85): libqhull-7.2.1-11.el9.x86_64.rpm       2.8 MB/s | 166 kB     00:00    
(72/85): libqhull_p-7.2.1-11.el9.x86_64.rpm     4.2 MB/s | 169 kB     00:00    
(73/85): qhull-devel-7.2.1-11.el9.x86_64.rpm    6.1 MB/s | 159 kB     00:00    
(74/85): libqhull_r-7.2.1-11.el9.x86_64.rpm     4.0 MB/s | 168 kB     00:00    
(75/85): eigen3-devel-3.4.0-2.el9.noarch.rpm     10 MB/s | 1.1 MB     00:00    
(76/85): flann-devel-1.9.1-8.el9.x86_64.rpm     1.0 MB/s |  95 kB     00:00    
(77/85): Lmod-8.7.55-1.el9.x86_64.rpm           2.1 MB/s | 247 kB     00:00    
(78/85): gmock-1.11.0-1.el9.x86_64.rpm          3.6 MB/s |  59 kB     00:00    
(79/85): gtest-1.11.0-1.el9.x86_64.rpm          9.0 MB/s | 162 kB     00:00    
(80/85): flann-1.9.1-8.el9.x86_64.rpm           8.3 MB/s | 1.2 MB     00:00    
(81/85): lua-filesystem-1.8.0-5.el9.x86_64.rpm  2.2 MB/s |  34 kB     00:00    
(82/85): gtest-devel-1.11.0-1.el9.x86_64.rpm    7.2 MB/s | 236 kB     00:00    
(83/85): lua-json-1.3.4-1.el9.noarch.rpm        1.0 MB/s |  26 kB     00:00    
(84/85): lua-term-0.07-14.el9.x86_64.rpm        717 kB/s |  15 kB     00:00    
(85/85): lua-lpeg-1.0.2-7.el9.x86_64.rpm        2.6 MB/s |  67 kB     00:00    
--------------------------------------------------------------------------------
Total                                            18 MB/s |  70 MB     00:03     
Extra Packages for Enterprise Linux 9 - x86_64  1.6 MB/s | 1.6 kB     00:00    
Key imported successfully
Running transaction check
Transaction check succeeded.
Running transaction test
Transaction test succeeded.
Running transaction
  Preparing        :                                                        1/1 
  Installing       : boost-system-1.75.0-10.el9.x86_64                     1/85 
  Installing       : boost-chrono-1.75.0-10.el9.x86_64                     2/85 
  Installing       : boost-thread-1.75.0-10.el9.x86_64                     3/85 
  Installing       : libquadmath-11.5.0-5.el9_5.alma.1.x86_64              4/85 
  Installing       : libicu-67.1-10.el9_6.x86_64                           5/85 
  Installing       : libgfortran-11.5.0-5.el9_5.alma.1.x86_64              6/85 
  Installing       : boost-filesystem-1.75.0-10.el9.x86_64                 7/85 
  Installing       : boost-regex-1.75.0-10.el9.x86_64                      8/85 
  Installing       : python3-setuptools-53.0.0-13.el9_6.1.noarch           9/85 
  Installing       : libnl3-3.11.0-1.el9.x86_64                           10/85 
  Installing       : libibverbs-54.0-1.el9.x86_64                         11/85 
  Installing       : hwloc-libs-2.4.1-5.el9.x86_64                        12/85 
  Installing       : boost-context-1.75.0-10.el9.x86_64                   13/85 
  Installing       : librdmacm-54.0-1.el9.x86_64                          14/85 
  Installing       : libquadmath-devel-11.5.0-5.el9_5.alma.1.x86_64       15/85 
  Installing       : gtest-1.11.0-1.el9.x86_64                            16/85 
  Installing       : numactl-libs-2.0.19-1.el9.x86_64                     17/85 
  Installing       : libpsm2-12.0.1-1.el9.x86_64                          18/85 
  Installing       : lua-5.4.4-4.el9.x86_64                               19/85 
  Installing       : flexiblas-3.0.4-8.el9.x86_64                         20/85 
  Installing       : boost-python3-1.75.0-10.el9.x86_64                   21/85 
  Installing       : boost-date-time-1.75.0-10.el9.x86_64                 22/85 
  Installing       : boost-atomic-1.75.0-10.el9.x86_64                    23/85 
  Installing       : boost-log-1.75.0-10.el9.x86_64                       24/85 
  Installing       : boost-wave-1.75.0-10.el9.x86_64                      25/85 
  Installing       : lua-term-0.07-14.el9.x86_64                          26/85 
  Installing       : libfabric-1.22.0-1.el9.x86_64                        27/85 
  Installing       : gmock-1.11.0-1.el9.x86_64                            28/85 
  Installing       : gcc-gfortran-11.5.0-5.el9_5.alma.1.x86_64            29/85 
  Installing       : boost-coroutine-1.75.0-10.el9.x86_64                 30/85 
  Installing       : boost-fiber-1.75.0-10.el9.x86_64                     31/85 
  Installing       : boost-graph-1.75.0-10.el9.x86_64                     32/85 
  Installing       : boost-locale-1.75.0-10.el9.x86_64                    33/85 
  Installing       : libicu-devel-67.1-10.el9_6.x86_64                    34/85 
  Installing       : boost-type_erasure-1.75.0-10.el9.x86_64              35/85 
  Installing       : boost-timer-1.75.0-10.el9.x86_64                     36/85 
  Installing       : lua-lpeg-1.0.2-7.el9.x86_64                          37/85 
  Installing       : lua-json-1.3.4-1.el9.noarch                          38/85 
  Installing       : lua-filesystem-1.8.0-5.el9.x86_64                    39/85 
  Installing       : flann-1.9.1-8.el9.x86_64                             40/85 
  Installing       : libqhull_r-1:7.2.1-11.el9.x86_64                     41/85 
  Installing       : libqhull_p-1:7.2.1-11.el9.x86_64                     42/85 
  Installing       : libqhull-1:7.2.1-11.el9.x86_64                       43/85 
  Installing       : tcl-1:8.6.10-7.el9.x86_64                            44/85 
  Installing       : procps-ng-3.3.17-14.el9.x86_64                       45/85 
  Installing       : libusbx-1.0.26-1.el9.x86_64                          46/85 
  Installing       : libpng-2:1.6.37-12.el9.x86_64                        47/85 
  Installing       : libibumad-54.0-1.el9.x86_64                          48/85 
  Installing       : opensm-libs-3.3.24-2.el9.x86_64                      49/85 
  Installing       : zlib-devel-1.2.11-40.el9.x86_64                      50/85 
  Installing       : ucx-1.17.0-2.el9.x86_64                              51/85 
  Running scriptlet: ucx-1.17.0-2.el9.x86_64                              51/85 
  Installing       : openblas-0.3.26-2.el9.x86_64                         52/85 
  Installing       : openblas-openmp-0.3.26-2.el9.x86_64                  53/85 
  Installing       : flexiblas-openblas-openmp-3.0.4-8.el9.x86_64         54/85 
  Installing       : flexiblas-netlib-3.0.4-8.el9.x86_64                  55/85 
  Installing       : python3-numpy-1:1.23.5-1.el9.x86_64                  56/85 
  Installing       : boost-numpy3-1.75.0-10.el9.x86_64                    57/85 
  Installing       : munge-libs-0.5.13-13.el9.x86_64                      58/85 
  Installing       : pmix-3.2.3-5.el9.x86_64                              59/85 
  Installing       : lua-posix-35.0-8.el9.x86_64                          60/85 
  Installing       : Lmod-8.7.55-1.el9.x86_64                             61/85 
  Running scriptlet: Lmod-8.7.55-1.el9.x86_64                             61/85 
  Installing       : rpm-mpi-hooks-8-3.el9.noarch                         62/85 
  Installing       : openmpi-2:4.1.1-7.el9.x86_64                         63/85 
  Installing       : openmpi-devel-2:4.1.1-7.el9.x86_64                   64/85 
  Installing       : libxcrypt-compat-4.4.18-3.el9.x86_64                 65/85 
  Installing       : python3-pip-21.3.1-1.el9.noarch                      66/85 
  Installing       : boost-test-1.75.0-10.el9.x86_64                      67/85 
  Installing       : boost-stacktrace-1.75.0-10.el9.x86_64                68/85 
  Installing       : boost-serialization-1.75.0-10.el9.x86_64             69/85 
  Installing       : boost-random-1.75.0-10.el9.x86_64                    70/85 
  Installing       : boost-program-options-1.75.0-10.el9.x86_64           71/85 
  Installing       : boost-nowide-1.75.0-10.el9.x86_64                    72/85 
  Installing       : boost-math-1.75.0-10.el9.x86_64                      73/85 
  Installing       : boost-iostreams-1.75.0-10.el9.x86_64                 74/85 
  Installing       : boost-contract-1.75.0-10.el9.x86_64                  75/85 
  Installing       : boost-container-1.75.0-10.el9.x86_64                 76/85 
  Installing       : boost-1.75.0-10.el9.x86_64                           77/85 
  Installing       : boost-devel-1.75.0-10.el9.x86_64                     78/85 
  Installing       : flann-devel-1.9.1-8.el9.x86_64                       79/85 
  Installing       : python3-devel-3.9.21-2.el9_6.1.x86_64                80/85 
  Installing       : libpng-devel-2:1.6.37-12.el9.x86_64                  81/85 
  Installing       : libusbx-devel-1.0.26-1.el9.x86_64                    82/85 
  Installing       : qhull-devel-1:7.2.1-11.el9.x86_64                    83/85 
  Installing       : gtest-devel-1.11.0-1.el9.x86_64                      84/85 
  Installing       : eigen3-devel-3.4.0-2.el9.noarch                      85/85 
  Running scriptlet: eigen3-devel-3.4.0-2.el9.noarch                      85/85 
  Verifying        : boost-1.75.0-10.el9.x86_64                            1/85 
  Verifying        : boost-atomic-1.75.0-10.el9.x86_64                     2/85 
  Verifying        : boost-chrono-1.75.0-10.el9.x86_64                     3/85 
  Verifying        : boost-container-1.75.0-10.el9.x86_64                  4/85 
  Verifying        : boost-context-1.75.0-10.el9.x86_64                    5/85 
  Verifying        : boost-contract-1.75.0-10.el9.x86_64                   6/85 
  Verifying        : boost-coroutine-1.75.0-10.el9.x86_64                  7/85 
  Verifying        : boost-date-time-1.75.0-10.el9.x86_64                  8/85 
  Verifying        : boost-devel-1.75.0-10.el9.x86_64                      9/85 
  Verifying        : boost-fiber-1.75.0-10.el9.x86_64                     10/85 
  Verifying        : boost-filesystem-1.75.0-10.el9.x86_64                11/85 
  Verifying        : boost-graph-1.75.0-10.el9.x86_64                     12/85 
  Verifying        : boost-iostreams-1.75.0-10.el9.x86_64                 13/85 
  Verifying        : boost-locale-1.75.0-10.el9.x86_64                    14/85 
  Verifying        : boost-log-1.75.0-10.el9.x86_64                       15/85 
  Verifying        : boost-math-1.75.0-10.el9.x86_64                      16/85 
  Verifying        : boost-nowide-1.75.0-10.el9.x86_64                    17/85 
  Verifying        : boost-numpy3-1.75.0-10.el9.x86_64                    18/85 
  Verifying        : boost-program-options-1.75.0-10.el9.x86_64           19/85 
  Verifying        : boost-python3-1.75.0-10.el9.x86_64                   20/85 
  Verifying        : boost-random-1.75.0-10.el9.x86_64                    21/85 
  Verifying        : boost-regex-1.75.0-10.el9.x86_64                     22/85 
  Verifying        : boost-serialization-1.75.0-10.el9.x86_64             23/85 
  Verifying        : boost-stacktrace-1.75.0-10.el9.x86_64                24/85 
  Verifying        : boost-system-1.75.0-10.el9.x86_64                    25/85 
  Verifying        : boost-test-1.75.0-10.el9.x86_64                      26/85 
  Verifying        : boost-thread-1.75.0-10.el9.x86_64                    27/85 
  Verifying        : boost-timer-1.75.0-10.el9.x86_64                     28/85 
  Verifying        : boost-type_erasure-1.75.0-10.el9.x86_64              29/85 
  Verifying        : boost-wave-1.75.0-10.el9.x86_64                      30/85 
  Verifying        : flexiblas-3.0.4-8.el9.x86_64                         31/85 
  Verifying        : flexiblas-netlib-3.0.4-8.el9.x86_64                  32/85 
  Verifying        : flexiblas-openblas-openmp-3.0.4-8.el9.x86_64         33/85 
  Verifying        : gcc-gfortran-11.5.0-5.el9_5.alma.1.x86_64            34/85 
  Verifying        : libfabric-1.22.0-1.el9.x86_64                        35/85 
  Verifying        : libicu-devel-67.1-10.el9_6.x86_64                    36/85 
  Verifying        : libpng-devel-2:1.6.37-12.el9.x86_64                  37/85 
  Verifying        : libpsm2-12.0.1-1.el9.x86_64                          38/85 
  Verifying        : libquadmath-devel-11.5.0-5.el9_5.alma.1.x86_64       39/85 
  Verifying        : libusbx-devel-1.0.26-1.el9.x86_64                    40/85 
  Verifying        : libxcrypt-compat-4.4.18-3.el9.x86_64                 41/85 
  Verifying        : lua-5.4.4-4.el9.x86_64                               42/85 
  Verifying        : lua-posix-35.0-8.el9.x86_64                          43/85 
  Verifying        : munge-libs-0.5.13-13.el9.x86_64                      44/85 
  Verifying        : openblas-0.3.26-2.el9.x86_64                         45/85 
  Verifying        : openblas-openmp-0.3.26-2.el9.x86_64                  46/85 
  Verifying        : openmpi-2:4.1.1-7.el9.x86_64                         47/85 
  Verifying        : openmpi-devel-2:4.1.1-7.el9.x86_64                   48/85 
  Verifying        : pmix-3.2.3-5.el9.x86_64                              49/85 
  Verifying        : python3-devel-3.9.21-2.el9_6.1.x86_64                50/85 
  Verifying        : python3-numpy-1:1.23.5-1.el9.x86_64                  51/85 
  Verifying        : python3-pip-21.3.1-1.el9.noarch                      52/85 
  Verifying        : rpm-mpi-hooks-8-3.el9.noarch                         53/85 
  Verifying        : ucx-1.17.0-2.el9.x86_64                              54/85 
  Verifying        : zlib-devel-1.2.11-40.el9.x86_64                      55/85 
  Verifying        : hwloc-libs-2.4.1-5.el9.x86_64                        56/85 
  Verifying        : libgfortran-11.5.0-5.el9_5.alma.1.x86_64             57/85 
  Verifying        : libibumad-54.0-1.el9.x86_64                          58/85 
  Verifying        : libibverbs-54.0-1.el9.x86_64                         59/85 
  Verifying        : libicu-67.1-10.el9_6.x86_64                          60/85 
  Verifying        : libnl3-3.11.0-1.el9.x86_64                           61/85 
  Verifying        : libpng-2:1.6.37-12.el9.x86_64                        62/85 
  Verifying        : libquadmath-11.5.0-5.el9_5.alma.1.x86_64             63/85 
  Verifying        : librdmacm-54.0-1.el9.x86_64                          64/85 
  Verifying        : libusbx-1.0.26-1.el9.x86_64                          65/85 
  Verifying        : numactl-libs-2.0.19-1.el9.x86_64                     66/85 
  Verifying        : opensm-libs-3.3.24-2.el9.x86_64                      67/85 
  Verifying        : procps-ng-3.3.17-14.el9.x86_64                       68/85 
  Verifying        : python3-setuptools-53.0.0-13.el9_6.1.noarch          69/85 
  Verifying        : tcl-1:8.6.10-7.el9.x86_64                            70/85 
  Verifying        : eigen3-devel-3.4.0-2.el9.noarch                      71/85 
  Verifying        : libqhull-1:7.2.1-11.el9.x86_64                       72/85 
  Verifying        : libqhull_p-1:7.2.1-11.el9.x86_64                     73/85 
  Verifying        : libqhull_r-1:7.2.1-11.el9.x86_64                     74/85 
  Verifying        : qhull-devel-1:7.2.1-11.el9.x86_64                    75/85 
  Verifying        : Lmod-8.7.55-1.el9.x86_64                             76/85 
  Verifying        : flann-1.9.1-8.el9.x86_64                             77/85 
  Verifying        : flann-devel-1.9.1-8.el9.x86_64                       78/85 
  Verifying        : gmock-1.11.0-1.el9.x86_64                            79/85 
  Verifying        : gtest-1.11.0-1.el9.x86_64                            80/85 
  Verifying        : gtest-devel-1.11.0-1.el9.x86_64                      81/85 
  Verifying        : lua-filesystem-1.8.0-5.el9.x86_64                    82/85 
  Verifying        : lua-json-1.3.4-1.el9.noarch                          83/85 
  Verifying        : lua-lpeg-1.0.2-7.el9.x86_64                          84/85 
  Verifying        : lua-term-0.07-14.el9.x86_64                          85/85 

Installed:
  Lmod-8.7.55-1.el9.x86_64                                                      
  boost-1.75.0-10.el9.x86_64                                                    
  boost-atomic-1.75.0-10.el9.x86_64                                             
  boost-chrono-1.75.0-10.el9.x86_64                                             
  boost-container-1.75.0-10.el9.x86_64                                          
  boost-context-1.75.0-10.el9.x86_64                                            
  boost-contract-1.75.0-10.el9.x86_64                                           
  boost-coroutine-1.75.0-10.el9.x86_64                                          
  boost-date-time-1.75.0-10.el9.x86_64                                          
  boost-devel-1.75.0-10.el9.x86_64                                              
  boost-fiber-1.75.0-10.el9.x86_64                                              
  boost-filesystem-1.75.0-10.el9.x86_64                                         
  boost-graph-1.75.0-10.el9.x86_64                                              
  boost-iostreams-1.75.0-10.el9.x86_64                                          
  boost-locale-1.75.0-10.el9.x86_64                                             
  boost-log-1.75.0-10.el9.x86_64                                                
  boost-math-1.75.0-10.el9.x86_64                                               
  boost-nowide-1.75.0-10.el9.x86_64                                             
  boost-numpy3-1.75.0-10.el9.x86_64                                             
  boost-program-options-1.75.0-10.el9.x86_64                                    
  boost-python3-1.75.0-10.el9.x86_64                                            
  boost-random-1.75.0-10.el9.x86_64                                             
  boost-regex-1.75.0-10.el9.x86_64                                              
  boost-serialization-1.75.0-10.el9.x86_64                                      
  boost-stacktrace-1.75.0-10.el9.x86_64                                         
  boost-system-1.75.0-10.el9.x86_64                                             
  boost-test-1.75.0-10.el9.x86_64                                               
  boost-thread-1.75.0-10.el9.x86_64                                             
  boost-timer-1.75.0-10.el9.x86_64                                              
  boost-type_erasure-1.75.0-10.el9.x86_64                                       
  boost-wave-1.75.0-10.el9.x86_64                                               
  eigen3-devel-3.4.0-2.el9.noarch                                               
  flann-1.9.1-8.el9.x86_64                                                      
  flann-devel-1.9.1-8.el9.x86_64                                                
  flexiblas-3.0.4-8.el9.x86_64                                                  
  flexiblas-netlib-3.0.4-8.el9.x86_64                                           
  flexiblas-openblas-openmp-3.0.4-8.el9.x86_64                                  
  gcc-gfortran-11.5.0-5.el9_5.alma.1.x86_64                                     
  gmock-1.11.0-1.el9.x86_64                                                     
  gtest-1.11.0-1.el9.x86_64                                                     
  gtest-devel-1.11.0-1.el9.x86_64                                               
  hwloc-libs-2.4.1-5.el9.x86_64                                                 
  libfabric-1.22.0-1.el9.x86_64                                                 
  libgfortran-11.5.0-5.el9_5.alma.1.x86_64                                      
  libibumad-54.0-1.el9.x86_64                                                   
  libibverbs-54.0-1.el9.x86_64                                                  
  libicu-67.1-10.el9_6.x86_64                                                   
  libicu-devel-67.1-10.el9_6.x86_64                                             
  libnl3-3.11.0-1.el9.x86_64                                                    
  libpng-2:1.6.37-12.el9.x86_64                                                 
  libpng-devel-2:1.6.37-12.el9.x86_64                                           
  libpsm2-12.0.1-1.el9.x86_64                                                   
  libqhull-1:7.2.1-11.el9.x86_64                                                
  libqhull_p-1:7.2.1-11.el9.x86_64                                              
  libqhull_r-1:7.2.1-11.el9.x86_64                                              
  libquadmath-11.5.0-5.el9_5.alma.1.x86_64                                      
  libquadmath-devel-11.5.0-5.el9_5.alma.1.x86_64                                
  librdmacm-54.0-1.el9.x86_64                                                   
  libusbx-1.0.26-1.el9.x86_64                                                   
  libusbx-devel-1.0.26-1.el9.x86_64                                             
  libxcrypt-compat-4.4.18-3.el9.x86_64                                          
  lua-5.4.4-4.el9.x86_64                                                        
  lua-filesystem-1.8.0-5.el9.x86_64                                             
  lua-json-1.3.4-1.el9.noarch                                                   
  lua-lpeg-1.0.2-7.el9.x86_64                                                   
  lua-posix-35.0-8.el9.x86_64                                                   
  lua-term-0.07-14.el9.x86_64                                                   
  munge-libs-0.5.13-13.el9.x86_64                                               
  numactl-libs-2.0.19-1.el9.x86_64                                              
  openblas-0.3.26-2.el9.x86_64                                                  
  openblas-openmp-0.3.26-2.el9.x86_64                                           
  openmpi-2:4.1.1-7.el9.x86_64                                                  
  openmpi-devel-2:4.1.1-7.el9.x86_64                                            
  opensm-libs-3.3.24-2.el9.x86_64                                               
  pmix-3.2.3-5.el9.x86_64                                                       
  procps-ng-3.3.17-14.el9.x86_64                                                
  python3-devel-3.9.21-2.el9_6.1.x86_64                                         
  python3-numpy-1:1.23.5-1.el9.x86_64                                           
  python3-pip-21.3.1-1.el9.noarch                                               
  python3-setuptools-53.0.0-13.el9_6.1.noarch                                   
  qhull-devel-1:7.2.1-11.el9.x86_64                                             
  rpm-mpi-hooks-8-3.el9.noarch                                                  
  tcl-1:8.6.10-7.el9.x86_64                                                     
  ucx-1.17.0-2.el9.x86_64                                                       
  zlib-devel-1.2.11-40.el9.x86_64                                               

Complete!
Last metadata expiration check: 0:00:25 ago on Sat Aug 30 05:07:14 2025.
Dependencies resolved.
================================================================================
 Package                 Architecture Version             Repository       Size
================================================================================
Installing:
 suitesparse-devel       x86_64       5.4.0-10.el9        crb             127 k
Installing dependencies:
 openblas-serial         x86_64       0.3.26-2.el9        appstream       4.8 M
 suitesparse             x86_64       5.4.0-10.el9        appstream       1.0 M
 tbb                     x86_64       2020.3-9.el9        appstream       168 k

Transaction Summary
================================================================================
Install  4 Packages

Total download size: 6.1 M
Installed size: 44 M
Downloading Packages:
(1/4): tbb-2020.3-9.el9.x86_64.rpm              1.4 MB/s | 168 kB     00:00    
(2/4): suitesparse-devel-5.4.0-10.el9.x86_64.rp 5.3 MB/s | 127 kB     00:00    
(3/4): suitesparse-5.4.0-10.el9.x86_64.rpm      5.4 MB/s | 1.0 MB     00:00    
(4/4): openblas-serial-0.3.26-2.el9.x86_64.rpm   21 MB/s | 4.8 MB     00:00    
--------------------------------------------------------------------------------
Total                                           4.0 MB/s | 6.1 MB     00:01     
Running transaction check
Transaction check succeeded.
Running transaction test
Transaction test succeeded.
Running transaction
  Preparing        :                                                        1/1 
  Installing       : tbb-2020.3-9.el9.x86_64                                1/4 
  Installing       : openblas-serial-0.3.26-2.el9.x86_64                    2/4 
  Installing       : suitesparse-5.4.0-10.el9.x86_64                        3/4 
  Installing       : suitesparse-devel-5.4.0-10.el9.x86_64                  4/4 
  Running scriptlet: suitesparse-devel-5.4.0-10.el9.x86_64                  4/4 
  Verifying        : openblas-serial-0.3.26-2.el9.x86_64                    1/4 
  Verifying        : suitesparse-5.4.0-10.el9.x86_64                        2/4 
  Verifying        : tbb-2020.3-9.el9.x86_64                                3/4 
  Verifying        : suitesparse-devel-5.4.0-10.el9.x86_64                  4/4 

Installed:
  openblas-serial-0.3.26-2.el9.x86_64       suitesparse-5.4.0-10.el9.x86_64    
  suitesparse-devel-5.4.0-10.el9.x86_64     tbb-2020.3-9.el9.x86_64            

Complete!
Last metadata expiration check: 0:00:28 ago on Sat Aug 30 05:07:14 2025.
Dependencies resolved.
================================================================================
 Package           Architecture  Version                 Repository        Size
================================================================================
Installing:
 CGAL-devel        x86_64        5.6.2-1.el9             epel             5.2 M
Installing dependencies:
 gmp-c++           x86_64        1:6.2.0-13.el9          appstream         18 k
 gmp-devel         x86_64        1:6.2.0-13.el9          appstream        173 k
 mpfr-devel        x86_64        4.1.0-7.el9             appstream         21 k

Transaction Summary
================================================================================
Install  4 Packages

Total download size: 5.4 M
Installed size: 39 M
Downloading Packages:
(1/4): gmp-c++-6.2.0-13.el9.x86_64.rpm          373 kB/s |  18 kB     00:00    
(2/4): mpfr-devel-4.1.0-7.el9.x86_64.rpm        267 kB/s |  21 kB     00:00    
(3/4): gmp-devel-6.2.0-13.el9.x86_64.rpm        1.0 MB/s | 173 kB     00:00    
(4/4): CGAL-devel-5.6.2-1.el9.x86_64.rpm         24 MB/s | 5.2 MB     00:00    
--------------------------------------------------------------------------------
Total                                           4.6 MB/s | 5.4 MB     00:01     
Running transaction check
Transaction check succeeded.
Running transaction test
Transaction test succeeded.
Running transaction
  Preparing        :                                                        1/1 
  Installing       : gmp-c++-1:6.2.0-13.el9.x86_64                          1/4 
  Installing       : gmp-devel-1:6.2.0-13.el9.x86_64                        2/4 
  Installing       : mpfr-devel-4.1.0-7.el9.x86_64                          3/4 
  Installing       : CGAL-devel-5.6.2-1.el9.x86_64                          4/4 
  Running scriptlet: CGAL-devel-5.6.2-1.el9.x86_64                          4/4 
  Verifying        : gmp-c++-1:6.2.0-13.el9.x86_64                          1/4 
  Verifying        : gmp-devel-1:6.2.0-13.el9.x86_64                        2/4 
  Verifying        : mpfr-devel-4.1.0-7.el9.x86_64                          3/4 
  Verifying        : CGAL-devel-5.6.2-1.el9.x86_64                          4/4 

Installed:
  CGAL-devel-5.6.2-1.el9.x86_64           gmp-c++-1:6.2.0-13.el9.x86_64        
  gmp-devel-1:6.2.0-13.el9.x86_64         mpfr-devel-4.1.0-7.el9.x86_64        

Complete!
-- The C compiler identification is GNU 11.5.0
-- The CXX compiler identification is GNU 11.5.0
-- Detecting C compiler ABI info
-- Detecting C compiler ABI info - done
-- Check for working C compiler: /usr/bin/cc - skipped
-- Detecting C compile features
-- Detecting C compile features - done
-- Detecting CXX compiler ABI info
-- Detecting CXX compiler ABI info - done
-- Check for working CXX compiler: /usr/bin/c++ - skipped
-- Detecting CXX compile features
-- Detecting CXX compile features - done
-- Found PkgConfig: /usr/bin/pkg-config (found version "1.7.3") 
-- Using CPU native flags for SSE optimization: -march=native
-- Performing Test HAVE_MM_MALLOC
-- Performing Test HAVE_MM_MALLOC - Success
-- Performing Test HAVE_POSIX_MEMALIGN
-- Performing Test HAVE_POSIX_MEMALIGN - Success
-- Performing Test HAVE_SSE4_2_EXTENSIONS
-- Performing Test HAVE_SSE4_2_EXTENSIONS - Success
-- Performing Test HAVE_SSE4_1_EXTENSIONS
-- Performing Test HAVE_SSE4_1_EXTENSIONS - Success
-- Performing Test HAVE_SSSE3_EXTENSIONS
-- Performing Test HAVE_SSSE3_EXTENSIONS - Success
-- Performing Test HAVE_SSE3_EXTENSIONS
-- Performing Test HAVE_SSE3_EXTENSIONS - Success
-- Performing Test HAVE_SSE2_EXTENSIONS
-- Performing Test HAVE_SSE2_EXTENSIONS - Success
-- Performing Test HAVE_SSE_EXTENSIONS
-- Performing Test HAVE_SSE_EXTENSIONS - Success
-- -- GCC > 4.3 found, enabling -Wabi
-- Found OpenMP_C: -fopenmp (found version "4.5") 
-- Found OpenMP_CXX: -fopenmp (found version "4.5") 
-- Found OpenMP: TRUE (found version "4.5")  
-- Found OpenMP
-- Checking for module 'eigen3'
--   Found eigen3, version 3.4.0
-- Found Eigen: /usr/include/eigen3  
-- Eigen found (include: /usr/include/eigen3, version: 3.4.0)
-- Checking for module 'flann>=1.7.0'
--   Found flann, version 1.9.1
-- FLANN found (include: , lib: flann;flann_cpp)
-- Found LIBUSB_1: /usr/lib64/libusb-1.0.so  
-- Checking for module 'libusb-1.0'
--   Found libusb-1.0, version 1.0.26
-- Found USB_10: /usr/lib64/libusb-1.0.so  
-- Could NOT find OpenNI (missing: OPENNI_LIBRARIES OPENNI_INCLUDE_DIRS) 
-- OpenNI grabber support: not building because OpenNI not found
-- Could NOT find OpenNI2 (missing: OPENNI2_LIBRARIES OPENNI2_INCLUDE_DIRS) 
-- OpenNI2 grabber support: not building because OpenNI2 not found
-- Could NOT find FZAPI (missing: FZAPI_LIBS FZAPI_INCLUDE_DIRS) 
-- Fotonic camera support: not building because FZAPI not found
-- Could NOT find ENSENSO (missing: ENSENSO_LIBRARIES ENSENSO_INCLUDE_DIRS) 
-- IDS-Imaging Ensenso camera support: not building because Ensenso not found
-- Could NOT find davidSDK (missing: DAVIDSDK_LIBRARY DAVIDSDK_INCLUDE_DIR) 
-- David Vision Systems SDK support: not building because davidSDK not found
-- Could NOT find DSSDK (missing: DSSDK_LIBRARIES DSSDK_INCLUDE_DIRS) 
-- DepthSense SDK support: not building because DSSDK not found
-- Could NOT find RSSDK (missing: RSSDK_LIBRARIES RSSDK_INCLUDE_DIRS) 
-- RealSense SDK support: not building because RSSDK not found
-- Checking for module 'metslib'
--   Package 'metslib', required by 'virtual:world', not found
-- Found ZLIB: /usr/lib64/libz.so (found version "1.2.11")  
-- Found PNG: /usr/lib64/libpng.so (found version "1.6.37") 
-- Found Qhull: optimized;/usr/lib64/libqhull_p.so;debug;/usr/lib64/libqhull_p.so  
-- QHULL found (include: /usr/include, lib: optimized;/usr/lib64/libqhull_p.so;debug;/usr/lib64/libqhull_p.so)
-- Could NOT find PCAP (missing: PCAP_LIBRARIES PCAP_INCLUDE_DIRS) 
-- Performing Test CMAKE_HAVE_LIBC_PTHREAD
-- Performing Test CMAKE_HAVE_LIBC_PTHREAD - Success
-- Found Threads: TRUE  
-- Found Boost: /usr/include  found components: filesystem thread date_time iostreams system chrono atomic regex 
-- Could NOT find OpenGL (missing: OPENGL_opengl_LIBRARY OPENGL_glx_LIBRARY OPENGL_INCLUDE_DIR) 
-- DOXYGEN_FOUND 
-- HTML_HELP_COMPILER 
-- The following subsystems will be built:
--   common
--   kdtree
--   octree
--   search
--   sample_consensus
--   filters
--   2d
--   geometry
--   io
--   features
--   ml
--   segmentation
--   surface
--   registration
--   keypoints
--   tracking
--   recognition
--   stereo
--   tools
-- The following subsystems will not be built:
--   visualization: VTK was not found.
--   apps: No reason
--   outofcore: Disabled manually.
--   examples: Code examples are disabled by default.
--   people: Disabled manually.
--   simulation: Disabled by default.
--   global_tests: No reason
-- Configuring done (2.7s)
-- Generating done (0.2s)
-- Build files have been written to: /opt/pcl-pcl-1.9.1/build
[  0%] Building CXX object io/tools/CMakeFiles/pcl_pcd_convert_NaN_nan.dir/pcd_convert_NaN_nan.cpp.o
[  0%] Building CXX object common/CMakeFiles/pcl_common.dir/src/pcl_base.cpp.o
[  0%] Building CXX object common/CMakeFiles/pcl_common.dir/src/distances.cpp.o
[  0%] Building CXX object common/CMakeFiles/pcl_common.dir/src/io.cpp.o
[  1%] Building CXX object common/CMakeFiles/pcl_common.dir/src/point_types.cpp.o
[  1%] Building CXX object io/CMakeFiles/pcl_io_ply.dir/src/ply/ply_parser.cpp.o
[  1%] Building CXX object common/CMakeFiles/pcl_common.dir/src/correspondence.cpp.o
[  1%] Building CXX object common/CMakeFiles/pcl_common.dir/src/common.cpp.o
[  1%] Linking CXX executable ../../bin/pcl_pcd_convert_NaN_nan
[  1%] Built target pcl_pcd_convert_NaN_nan
[  1%] Building CXX object common/CMakeFiles/pcl_common.dir/src/parse.cpp.o
[  1%] Building CXX object common/CMakeFiles/pcl_common.dir/src/poses_from_matches.cpp.o
[  1%] Building CXX object common/CMakeFiles/pcl_common.dir/src/print.cpp.o
[  2%] Building CXX object common/CMakeFiles/pcl_common.dir/src/projection_matrix.cpp.o
[  2%] Building CXX object common/CMakeFiles/pcl_common.dir/src/time_trigger.cpp.o
PCL 1.9.1 container build completed at Sat 30 Aug 2025 15:08:08 AEST
