INFO:    User not listed in /etc/subuid, trying root-mapped namespace
INFO:    The %post section will be run under fakeroot
INFO:    Starting build...
Copying blob sha256:216950d230057a9fb5f9890a3147b098c09acac05df07bed2aa34e580756740a
Copying config sha256:86beaeb08a93662c70ce13476bd835381e9002d19088312db06f7bc2cb21feaf
Writing manifest to image destination
2025/08/30 14:50:44  info unpack layer: sha256:216950d230057a9fb5f9890a3147b098c09acac05df07bed2aa34e580756740a
INFO:    Running post scriptlet
+ dnf update -y
+ dnf install -y epel-release
+ dnf config-manager --set-enabled crb
+ dnf install -y gcc-c++ cmake git wget pkgconfig libtool autoconf automake make
+ dnf install -y eigen3-devel flann-devel vtk-devel boost-devel qhull-devel libusb1-devel gtest-devel freeglut-devel libXmu-devel libXi-devel libpng-devel openmpi-devel
Importing GPG key 0x3228467C:
 Userid     : "Fedora (epel9) <epel@fedoraproject.org>"
 Fingerprint: FF8A D134 4597 106E CE81 3B91 8A38 72BF 3228 467C
 From       : /etc/pki/rpm-gpg/RPM-GPG-KEY-EPEL-9
+ dnf install -y suitesparse-devel
+ dnf install -y CGAL-devel
+ cd /opt
+ wget https://github.com/PointCloudLibrary/pcl/archive/pcl-1.9.1.tar.gz
--2025-08-30 04:53:00--  https://github.com/PointCloudLibrary/pcl/archive/pcl-1.9.1.tar.gz
Resolving github.com (github.com)... 4.237.22.38
Connecting to github.com (github.com)|4.237.22.38|:443... connected.
HTTP request sent, awaiting response... 302 Found
Location: https://codeload.github.com/PointCloudLibrary/pcl/tar.gz/refs/tags/pcl-1.9.1 [following]
--2025-08-30 04:53:00--  https://codeload.github.com/PointCloudLibrary/pcl/tar.gz/refs/tags/pcl-1.9.1
Resolving codeload.github.com (codeload.github.com)... 4.237.22.35
Connecting to codeload.github.com (codeload.github.com)|4.237.22.35|:443... connected.
HTTP request sent, awaiting response... 200 OK
Length: unspecified [application/x-gzip]
Saving to: 'pcl-1.9.1.tar.gz'

     0K .......... .......... .......... .......... ..........  904K
    50K .......... .......... .......... .......... ..........  117M
   100K .......... .......... .......... .......... .......... 3.48M
   150K .......... .......... .......... .......... .......... 3.51M
   200K .......... .......... .......... .......... .......... 1.81M
   250K .......... .......... .......... .......... .......... 3.43M
   300K .......... .......... .......... .......... .......... 1.80M
   350K .......... .......... .......... .......... .......... 3.22M
   400K .......... .......... .......... .......... .......... 3.33M
   450K .......... .......... .......... .......... .......... 3.50M
   500K .......... .......... .......... .......... .......... 3.55M
   550K .......... .......... .......... .......... .......... 1.78M
   600K .......... .......... .......... .......... .......... 3.51M
   650K .......... .......... .......... .......... .......... 3.52M
   700K .......... .......... .......... .......... .......... 3.53M
   750K .......... .......... .......... .......... .......... 3.49M
   800K .......... .......... .......... .......... .......... 3.52M
   850K .......... .......... .......... .......... .......... 3.53M
   900K .......... .......... .......... .......... .......... 1.78M
   950K .......... .......... .......... .......... .......... 3.53M
  1000K .......... .......... .......... .......... .......... 3.55M
  1050K .......... .......... .......... .......... .......... 3.52M
  1100K .......... .......... .......... .......... .......... 3.53M
  1150K .......... .......... .......... .......... .......... 3.50M
  1200K .......... .......... .......... .......... .......... 3.51M
  1250K .......... .......... .......... .......... .......... 3.52M
  1300K .......... .......... .......... .......... .......... 3.56M
  1350K .......... .......... .......... .......... .......... 3.56M
  1400K .......... .......... .......... .......... .......... 79.6M
  1450K .......... .......... .......... .......... .......... 2.59M
  1500K .......... .......... .......... .......... .......... 5.56M
  1550K .......... .......... .......... .......... .......... 3.56M
  1600K .......... .......... .......... .......... .......... 3.53M
  1650K .......... .......... .......... .......... .......... 3.56M
  1700K .......... .......... .......... .......... .......... 3.59M
  1750K .......... .......... .......... .......... .......... 96.3M
  1800K .......... .......... .......... .......... .......... 3.57M
  1850K .......... .......... .......... .......... .......... 3.55M
  1900K .......... .......... .......... .......... .......... 3.55M
  1950K .......... .......... .......... .......... .......... 3.56M
  2000K .......... .......... .......... .......... .......... 3.52M
  2050K .......... .......... .......... .......... ..........  130M
  2100K .......... .......... .......... .......... .......... 3.54M
  2150K .......... .......... .......... .......... .......... 3.41M
  2200K .......... .......... .......... .......... .......... 3.78M
  2250K .......... .......... .......... .......... .......... 3.55M
  2300K .......... .......... .......... .......... .......... 46.3M
  2350K .......... .......... .......... .......... .......... 3.57M
  2400K .......... .......... .......... .......... .......... 3.57M
  2450K .......... .......... .......... .......... .......... 3.72M
  2500K .......... .......... .......... .......... .......... 50.2M
  2550K .......... .......... .......... .......... .......... 3.60M
  2600K .......... .......... .......... .......... .......... 3.64M
  2650K .......... .......... .......... .......... .......... 71.5M
  2700K .......... .......... .......... .......... .......... 3.55M
  2750K .......... .......... .......... .......... .......... 3.61M
  2800K .......... .......... .......... .......... .......... 3.71M
  2850K .......... .......... .......... .......... .......... 52.2M
  2900K .......... .......... .......... .......... .......... 3.63M
  2950K .......... .......... .......... .......... .......... 3.66M
  3000K .......... .......... .......... .......... .......... 57.0M
  3050K .......... .......... .......... .......... .......... 3.63M
  3100K .......... .......... .......... .......... .......... 3.63M
  3150K .......... .......... .......... .......... .......... 73.0M
  3200K .......... .......... .......... .......... .......... 3.56M
  3250K .......... .......... .......... .......... .......... 3.70M
  3300K .......... .......... .......... .......... .......... 58.7M
  3350K .......... .......... .......... .......... .......... 3.62M
  3400K .......... .......... .......... .......... .......... 2.41M
  3450K .......... .......... .......... .......... ..........  130M
  3500K .......... .......... .......... .......... .......... 3.55M
  3550K .......... .......... .......... .......... .......... 6.65M
  3600K .......... .......... .......... .......... .......... 7.24M
  3650K .......... .......... .......... .......... .......... 3.55M
  3700K .......... .......... .......... .......... .......... 7.26M
  3750K .......... .......... .......... .......... .......... 6.68M
  3800K .......... .......... .......... .......... .......... 3.60M
  3850K .......... .......... .......... .......... ..........  114M
  3900K .......... .......... .......... .......... .......... 3.51M
  3950K .......... .......... .......... .......... .......... 7.50M
  4000K .......... .......... .......... .......... .......... 6.48M
  4050K .......... .......... .......... .......... .......... 3.57M
  4100K .......... .......... .......... .......... .......... 7.87M
  4150K .......... .......... .......... .......... .......... 6.38M
  4200K .......... .......... .......... .......... .......... 3.60M
  4250K .......... .......... .......... .......... ..........  120M
  4300K .......... .......... .......... .......... .......... 3.57M
  4350K .......... .......... .......... .......... .......... 7.66M
  4400K .......... .......... .......... .......... .......... 6.45M
  4450K .......... .......... .......... .......... .......... 3.65M
  4500K .......... .......... .......... .......... .......... 6.99M
  4550K .......... .......... .......... .......... .......... 6.83M
  4600K .......... .......... .......... .......... .......... 7.10M
  4650K .......... .......... .......... .......... .......... 6.91M
  4700K .......... .......... .......... .......... .......... 3.64M
  4750K .......... .......... .......... .......... .......... 94.6M
  4800K .......... .......... .......... .......... .......... 3.62M
  4850K .......... .......... .......... .......... .......... 7.02M
  4900K .......... .......... .......... .......... .......... 6.97M
  4950K .......... .......... .......... .......... .......... 7.06M
  5000K .......... .......... .......... .......... .......... 7.06M
  5050K .......... .......... .......... .......... .......... 3.62M
  5100K .......... .......... .......... .......... .......... 43.4M
  5150K .......... .......... .......... .......... .......... 3.83M
  5200K .......... .......... .......... .......... .......... 6.99M
  5250K .......... .......... .......... .......... .......... 6.99M
  5300K .......... .......... .......... .......... .......... 7.06M
  5350K .......... .......... .......... .......... .......... 6.92M
  5400K .......... .......... .......... .......... .......... 7.09M
  5450K .......... .......... .......... .......... .......... 6.97M
  5500K .......... .......... .......... .......... .......... 3.59M
  5550K .......... .......... .......... .......... ..........  122M
  5600K .......... .......... .......... .......... .......... 3.62M
  5650K .......... .......... .......... .......... .......... 7.30M
  5700K .......... .......... .......... .......... .......... 6.79M
  5750K .......... .......... .......... .......... .......... 7.19M
  5800K .......... .......... .......... .......... .......... 6.82M
  5850K .......... .......... .......... .......... .......... 7.31M
  5900K .......... .......... .......... .......... .......... 6.73M
  5950K .......... .......... .......... .......... .......... 7.33M
  6000K .......... .......... .......... .......... .......... 6.80M
  6050K .......... .......... .......... .......... .......... 7.33M
  6100K .......... .......... .......... .......... .......... 6.74M
  6150K .......... .......... .......... .......... .......... 7.35M
  6200K .......... .......... .......... .......... .......... 6.81M
  6250K .......... .......... .......... .......... .......... 6.22M
  6300K .......... .......... .......... .......... .......... 8.13M
  6350K .......... .......... .......... .......... .......... 6.40M
  6400K .......... .......... .......... .......... .......... 7.84M
  6450K .......... .......... .......... .......... .......... 6.43M
  6500K .......... .......... .......... .......... .......... 3.93M
  6550K .......... .......... .......... .......... .......... 36.5M
  6600K .......... .......... .......... .......... .......... 6.96M
  6650K .......... .......... .......... .......... .......... 7.21M
  6700K .......... .......... .......... .......... .......... 3.94M
  6750K .......... .......... .......... .......... .......... 35.7M
  6800K .......... .......... .......... .......... .......... 7.66M
  6850K .......... .......... .......... .......... .......... 6.60M
  6900K .......... .......... .......... .......... .......... 7.59M
  6950K .......... .......... .......... .......... .......... 6.62M
  7000K .......... .......... .......... .......... .......... 7.37M
  7050K .......... .......... .......... .......... .......... 6.87M
  7100K .......... .......... .......... .......... .......... 7.35M
  7150K .......... .......... .......... .......... .......... 6.93M
  7200K .......... .......... .......... .......... .......... 7.14M
  7250K .......... .......... .......... .......... .......... 7.23M
  7300K .......... .......... .......... .......... .......... 6.76M
  7350K .......... .......... .......... .......... .......... 7.63M
  7400K .......... .......... .......... .......... .......... 6.61M
  7450K .......... .......... .......... .......... .......... 2.35M
  7500K .......... .......... .......... .......... ..........  126M
  7550K .......... .......... .......... .......... ..........  134M
  7600K .......... .......... .......... .......... .......... 3.97M
  7650K .......... .......... .......... .......... .......... 5.70M
  7700K .......... .......... .......... .......... .......... 8.30M
  7750K .......... .......... .......... .......... .......... 3.69M
  7800K .......... .......... .......... .......... .......... 5.77M
  7850K .......... .......... .......... .......... .......... 8.37M
  7900K .......... .......... .......... .......... .......... 3.64M
  7950K .......... .......... .......... .......... .......... 5.77M
  8000K .......... .......... .......... .......... .......... 8.72M
  8050K .......... .......... .......... .......... .......... 3.60M
  8100K .......... .......... .......... .......... .......... 5.72M
  8150K .......... .......... .......... .......... .......... 8.73M
  8200K .......... .......... .......... .......... .......... 5.81M
  8250K .......... .......... .......... .......... .......... 3.61M
  8300K .......... .......... .......... .......... .......... 8.63M
  8350K .......... .......... .......... .......... .......... 5.88M
  8400K .......... .......... .......... .......... .......... 8.68M
  8450K .......... .......... .......... .......... .......... 3.59M
  8500K .......... .......... .......... .......... .......... 5.91M
  8550K .......... .......... .......... .......... .......... 8.41M
  8600K .......... .......... .......... .......... .......... 3.61M
  8650K .......... .......... .......... .......... ..........  125M
  8700K .......... .......... .......... .......... .......... 3.58M
  8750K .......... .......... .......... .......... .......... 6.08M
  8800K .......... .......... .......... .......... .......... 8.31M
  8850K .......... .......... .......... .......... .......... 3.60M
  8900K .......... .......... .......... .......... .......... 84.2M
  8950K .......... .......... .......... .......... .......... 3.60M
  9000K .......... .......... .......... .......... .......... 6.14M
  9050K .......... .......... .......... .......... .......... 7.87M
  9100K .......... .......... .......... .......... .......... 6.36M
  9150K .......... .......... .......... .......... .......... 7.81M
  9200K .......... .......... .......... .......... .......... 3.64M
  9250K .......... .......... .......... .......... .......... 86.6M
  9300K .......... .......... .......... .......... .......... 3.61M
  9350K .......... .......... .......... .......... .......... 6.24M
  9400K .......... .......... .......... .......... .......... 8.00M
  9450K .......... .......... .......... .......... .......... 6.32M
  9500K .......... .......... .......... .......... .......... 7.86M
  9550K .......... .......... .......... .......... .......... 3.57M
  9600K .......... .......... .......... .......... ..........  213M
  9650K .......... .......... .......... .......... .......... 3.61M
  9700K .......... .......... .......... .......... .......... 53.0M
  9750K .......... .......... .......... .......... .......... 3.76M
  9800K .......... .......... .......... .......... .......... 60.0M
  9850K .......... .......... .......... .......... .......... 3.75M
  9900K .......... .......... .......... .......... .......... 71.7M
  9950K .......... .......... .......... .......... .......... 3.69M
 10000K .......... .......... .......... .......... .......... 32.9M
 10050K .......... .......... .......... .......... .......... 3.95M
 10100K .......... .......... .......... .......... .......... 3.61M
 10150K .......... .......... .......... .......... ..........  116M
 10200K .......... .......... .......... .......... .......... 6.43M
 10250K .......... .......... .......... .......... .......... 7.53M
 10300K .......... .......... .......... .......... .......... 3.65M
 10350K .......... .......... .......... .......... ..........  129M
 10400K .......... .......... .......... .......... .......... 3.62M
 10450K .......... .......... .......... .......... ..........  122M
 10500K .......... .......... .......... .......... .......... 3.62M
 10550K .......... .......... .......... .......... ..........  140M
 10600K .......... .......... .......... .......... .......... 3.62M
 10650K .......... .......... .......... .......... ..........  153M
 10700K .......... .......... .......... .......... .......... 3.63M
 10750K .......... .......... .......... .......... .......... 6.44M
 10800K .......... .......... .......... .......... .......... 7.86M
 10850K .......... .......... .......... .......... .......... 6.35M
 10900K .......... .......... .......... .......... .......... 7.83M
 10950K .......... .......... .......... .......... .......... 6.40M
 11000K .......... .......... .......... .......... .......... 7.86M
 11050K .......... .......... .......... .......... ..........  210M
 11100K .......... .......... .......... .......... .......... 3.61M
 11150K .......... .......... .......... .......... ..........  153M
 11200K .......... .......... .......... .......... .......... 3.61M
 11250K .......... .......... .......... .......... ..........  146M
 11300K .......... .......... .......... .......... .......... 3.60M
 11350K .......... .......... .......... .......... ..........  158M
 11400K .......... .......... .......... .......... .......... 3.63M
 11450K .......... .......... .......... .......... ..........  120M
 11500K .......... .......... .......... .......... .......... 3.59M
 11550K .......... .......... .......... .......... ..........  130M
 11600K .......... .......... .......... .......... .......... 3.69M
 11650K .......... .......... .......... .......... .......... 72.3M
 11700K .......... .......... .......... .......... .......... 3.70M
 11750K .......... .......... .......... .......... .......... 89.6M
 11800K .......... .......... .......... .......... .......... 6.96M
 11850K .......... .......... .......... .......... .......... 7.32M
 11900K .......... .......... .......... .......... .......... 6.69M
 11950K .......... .......... .......... .......... .......... 7.36M
 12000K .......... .......... .......... .......... .......... 7.01M
 12050K .......... .......... .......... .......... .......... 7.24M
 12100K .......... .......... .......... .......... .......... 6.91M
 12150K .......... .......... .......... .......... .......... 7.38M
 12200K .......... .......... .......... .......... ..........  188M
 12250K .......... .......... .......... .......... .......... 3.61M
 12300K .......... .......... .......... .......... ..........  156M
 12350K .......... .......... .......... .......... .......... 3.55M
 12400K .......... .......... .......... .......... ..........  135M
 12450K .......... .......... .......... .......... .......... 7.23M
 12500K .......... .......... .......... .......... .......... 7.10M
 12550K .......... .......... .......... .......... .......... 7.43M
 12600K .......... .......... .......... .......... .......... 6.69M
 12650K .......... .......... .......... .......... ..........  183M
 12700K .......... .......... .......... .......... .......... 3.73M
 12750K .......... .......... .......... .......... .......... 63.4M
 12800K .......... .......... .......... .......... .......... 7.45M
 12850K .......... .......... .......... .......... .......... 6.82M
 12900K .......... .......... .......... .......... .......... 7.54M
 12950K .......... .......... .......... .......... .......... 6.72M
 13000K .......... .......... .......... .......... .......... 7.67M
 13050K .......... .......... .......... .......... .......... 6.96M
 13100K .......... .......... .......... .......... .......... 77.3M
 13150K .......... .......... .......... .......... .......... 3.78M
 13200K .......... .......... .......... .......... .......... 57.3M
 13250K .......... .......... .......... .......... .......... 3.80M
 13300K .......... .......... .......... .......... .......... 54.8M
 13350K .......... .......... .......... .......... .......... 7.40M
 13400K .......... .......... .......... .......... .......... 6.97M
 13450K .......... .......... .......... .......... .......... 7.28M
 13500K .......... .......... .......... .......... .......... 7.37M
 13550K .......... .......... .......... .......... .......... 30.2M
 13600K .......... .......... .......... .......... .......... 4.00M
 13650K .......... .......... .......... .......... .......... 32.0M
 13700K .......... .......... .......... .......... .......... 8.52M
 13750K .......... .......... .......... .......... .......... 7.02M
 13800K .......... .......... .......... .......... .......... 7.22M
 13850K .......... .......... .......... .......... .......... 7.13M
 13900K .......... .......... .......... .......... .......... 33.3M
 13950K .......... .......... .......... .......... .......... 8.37M
 14000K .......... .......... .......... .......... .......... 6.53M
 14050K .......... .......... .......... .......... .......... 8.00M
 14100K .......... .......... .......... .......... .......... 7.12M
 14150K .......... .......... .......... .......... .......... 41.5M
 14200K .......... .......... .......... .......... .......... 7.78M
 14250K .......... .......... .......... .......... .......... 6.72M
 14300K .......... .......... .......... .......... .......... 7.56M
 14350K .......... .......... .......... .......... .......... 6.86M
 14400K .......... .......... .......... .......... ..........  111M
 14450K .......... .......... .......... .......... .......... 3.82M
 14500K .......... .......... .......... .......... .......... 62.1M
 14550K .......... .......... .......... .......... .......... 7.49M
 14600K .......... .......... .......... .......... .......... 7.07M
 14650K .......... .......... .......... .......... .......... 7.32M
 14700K .......... .......... .......... .......... .......... 7.16M
 14750K .......... .......... .......... .......... ..........  101M
 14800K .......... .......... .......... .......... .......... 3.72M
 14850K .......... .......... .......... .......... .......... 89.7M
 14900K .......... .......... .......... .......... .......... 6.98M
 14950K .......... .......... .......... .......... .......... 7.53M
 15000K .......... .......... .......... .......... .......... 6.76M
 15050K .......... .......... .......... .......... .......... 7.46M
 15100K .......... .......... .......... .......... ..........  119M
 15150K .......... .......... .......... .......... .......... 6.92M
 15200K .......... .......... .......... .......... .......... 7.60M
 15250K .......... .......... .......... .......... .......... 6.71M
 15300K .......... .......... .......... .......... .......... 7.68M
 15350K .......... .......... .......... .......... .......... 87.0M
 15400K .......... .......... .......... .......... .......... 6.74M
 15450K .......... .......... .......... .......... .......... 7.83M
 15500K .......... .......... .......... .......... .......... 90.9M
 15550K .......... .......... .......... .......... .......... 6.84M
 15600K .......... .......... .......... .......... .......... 7.60M
 15650K .......... .......... .......... .......... .......... 6.93M
 15700K .......... .......... .......... .......... .......... 7.59M
 15750K .......... .......... .......... .......... ..........  104M
 15800K .......... .......... .......... .......... .......... 6.85M
 15850K .......... .......... .......... .......... .......... 7.67M
 15900K .......... .......... .......... .......... ..........  139M
 15950K .......... .......... .......... .......... .......... 3.64M
 16000K .......... .......... .......... .......... ..........  172M
 16050K .......... .......... .......... .......... .......... 6.83M
 16100K .......... .......... .......... .......... .......... 7.65M
 16150K .......... .......... .......... .......... ..........  159M
 16200K .......... .......... .......... .......... .......... 6.76M
 16250K .......... .......... .......... .......... .......... 7.52M
 16300K .......... .......... .......... .......... ..........  204M
 16350K .......... .......... .......... .......... .......... 3.63M
 16400K .......... .......... .......... .......... ..........  194M
 16450K .......... .......... .......... .......... .......... 6.83M
 16500K .......... .......... .......... .......... .......... 7.43M
 16550K .......... .......... .......... .......... ..........  191M
 16600K .......... .......... .......... .......... .......... 6.87M
 16650K .......... .......... .......... .......... .......... 7.50M
 16700K .......... .......... .......... .......... ..........  214M
 16750K .......... .......... .......... .......... .......... 3.62M
 16800K .......... .......... .......... .......... ..........  172M
 16850K .......... .......... .......... .......... .......... 7.03M
 16900K .......... .......... .......... .......... .......... 7.13M
 16950K .......... .......... .......... .......... ..........  195M
 17000K .......... .......... .......... .......... .......... 7.08M
 17050K .......... .......... .......... .......... .......... 7.26M
 17100K .......... .......... .......... .......... ..........  234M
 17150K .......... .......... .......... .......... .......... 3.61M
 17200K .......... .......... .......... .......... ..........  226M
 17250K .......... .......... .......... .......... .......... 7.08M
 17300K .......... .......... .......... .......... .......... 7.08M
 17350K .......... .......... .......... .......... ..........  209M
 17400K .......... .......... .......... .......... .......... 7.04M
 17450K .......... .......... .......... .......... .......... 7.07M
 17500K .......... .......... .......... .......... ..........  214M
 17550K .......... .......... .......... .......... .......... 3.75M
 17600K .......... .......... .......... .......... .......... 88.8M
 17650K .......... .......... .......... .......... ..........  137M
 17700K .......... .......... .......... .......... .......... 3.74M
 17750K .......... .......... .......... .......... .......... 97.9M
 17800K .......... .......... .......... .......... .......... 7.27M
 17850K .......... .......... .......... .......... .......... 7.22M
 17900K .......... .......... .......... .......... ..........  191M
 17950K .......... .......... .......... .......... .......... 6.99M
 18000K .......... .......... .......... .......... .......... 7.33M
 18050K .......... .......... .......... .......... ..........  167M
 18100K .......... .......... .......... .......... .......... 3.71M
 18150K .......... .......... .......... .......... ..........  124M
 18200K .......... .......... .......... .......... .......... 39.6M
 18250K .......... .......... .......... .......... .......... 3.95M
 18300K .......... .......... .......... .......... ..........  155M
 18350K .......... .......... .......... .......... ..........  210M
 18400K .......... .......... .......... .......... .......... 3.68M
 18450K .......... .......... .......... .......... ..........  192M
 18500K .......... .......... .......... .......... .......... 48.0M
 18550K .......... .......... .......... .......... .......... 3.87M
 18600K .......... .......... .......... .......... ..........  172M
 18650K .......... .......... .......... .......... .......... 56.4M
 18700K .......... .......... .......... .......... .......... 3.83M
 18750K .......... .......... .......... .......... ..........  206M
 18800K .......... .......... .......... .......... .......... 7.11M
 18850K .......... .......... .......... .......... .......... 7.17M
 18900K .......... .......... .......... .......... ..........  187M
 18950K .......... .......... .......... .......... .......... 7.34M
 19000K .......... .......... .......... .......... .......... 6.96M
 19050K .......... .......... .......... .......... ..........  214M
 19100K .......... .......... .......... .......... .......... 7.15M
 19150K .......... .......... .......... .......... .......... 7.21M
 19200K .......... .......... .......... .......... ..........  208M
 19250K .......... .......... .......... .......... .......... 7.04M
 19300K .......... .......... .......... .......... .......... 7.17M
 19350K .......... .......... .......... .......... ..........  215M
 19400K .......... .......... .......... .......... .......... 7.11M
 19450K .......... .......... .......... .......... .......... 7.12M
 19500K .......... .......... .......... .......... ..........  219M
 19550K .......... .......... .......... .......... .......... 7.07M
 19600K .......... .......... .......... .......... .......... 7.22M
 19650K .......... .......... .......... .......... ..........  211M
 19700K .......... .......... .......... .......... .......... 3.68M
 19750K .......... .......... .......... .......... ..........  140M
 19800K .......... .......... .......... .......... ..........  202M
 19850K .......... .......... .......... .......... .......... 3.64M
 19900K .......... .......... .......... .......... ..........  203M
 19950K .......... .......... .......... .......... ..........  213M
 20000K .......... .......... .......... .......... .......... 3.65M
 20050K .......... .......... .......... .......... ..........  181M
 20100K .......... .......... .......... .......... ..........  220M
 20150K .......... .......... .......... .......... .......... 3.64M
 20200K .......... .......... .......... .......... ..........  203M
 20250K .......... .......... .......... .......... .......... 41.8M
 20300K .......... .......... .......... .......... .......... 3.99M
 20350K .......... .......... .......... .......... ..........  164M
 20400K .......... .......... .......... .......... .......... 31.1M
 20450K .......... .......... .......... .......... .......... 4.13M
 20500K .......... .......... .......... .......... ..........  123M
 20550K .......... .......... .......... .......... .......... 27.7M
 20600K .......... .......... .......... .......... .......... 4.20M
 20650K .......... .......... .......... .......... ..........  126M
 20700K .......... .......... .......... .......... .......... 26.1M
 20750K .......... .......... .......... .......... .......... 9.47M
 20800K .......... .......... .......... .......... .......... 7.22M
 20850K .......... .......... .......... .......... .......... 24.0M
 20900K .......... .......... .......... .......... .......... 9.96M
 20950K .......... .......... .......... .......... .......... 7.10M
 21000K .......... .......... .......... .......... .......... 23.1M
 21050K .......... .......... .......... .......... .......... 10.0M
 21100K .......... .......... .......... .......... .......... 6.99M
 21150K .......... .......... .......... .......... .......... 24.8M
 21200K .......... .......... .......... .......... .......... 10.0M
 21250K .......... .......... .......... .......... .......... 6.88M
 21300K .......... .......... .......... .......... .......... 29.1M
 21350K .......... .......... .......... .......... .......... 9.88M
 21400K .......... .......... .......... .......... .......... 7.04M
 21450K .......... .......... .......... .......... ..........  130M
 21500K .......... .......... .......... .......... .......... 28.0M
 21550K .......... .......... .......... .......... .......... 4.16M
 21600K .......... .......... .......... .......... ..........  179M
 21650K .......... .......... .......... .......... .......... 7.19M
 21700K .......... .......... .......... .......... .......... 7.18M
 21750K .......... .......... .......... .......... ..........  168M
 21800K .......... .......... .......... .......... .......... 30.9M
 21850K .......... .......... .......... .......... .......... 4.11M
 21900K .......... .......... .......... .......... ..........  149M
 21950K .......... .......... .......... .......... .......... 31.2M
 22000K .......... .......... .......... .......... .......... 8.93M
 22050K .......... .......... .......... .......... .......... 7.21M
 22100K .......... .......... .......... .......... .......... 32.2M
 22150K .......... .......... .......... .......... .......... 8.95M
 22200K .......... .......... .......... .......... .......... 7.18M
 22250K .......... .......... .......... .......... .......... 35.3M
 22300K .......... .......... .......... .......... .......... 8.82M
 22350K .......... .......... .......... .......... .......... 7.19M
 22400K .......... .......... .......... .......... .......... 36.2M
 22450K .......... .......... .......... .......... .......... 8.81M
 22500K .......... .......... .......... .......... .......... 7.17M
 22550K .......... .......... .......... .......... ..........  205M
 22600K .......... .......... .......... .......... .......... 24.8M
 22650K .......... .......... .......... .......... .......... 9.64M
 22700K .......... .......... .......... .......... .......... 7.18M
 22750K .......... .......... .......... .......... .......... 36.4M
 22800K .......... .......... .......... .......... .......... 8.54M
 22850K .......... .......... .......... .......... .......... 7.40M
 22900K .......... .......... .......... .......... .......... 42.5M
 22950K .......... .......... .......... .......... .......... 8.01M
 23000K .......... .......... .......... .......... .......... 7.59M
 23050K .......... .......... .......... .......... ..........  158M
 23100K .......... .......... .......... .......... .......... 25.1M
 23150K .......... .......... .......... .......... .......... 9.05M
 23200K .......... .......... .......... .......... .......... 7.50M
 23250K .......... .......... .......... .......... .......... 39.0M
 23300K .......... .......... .......... .......... .......... 8.05M
 23350K .......... .......... .......... .......... .......... 7.70M
 23400K .......... .......... .......... .......... .......... 54.0M
 23450K .......... .......... .......... .......... .......... 7.46M
 23500K .......... .......... .......... .......... .......... 7.80M
 23550K .......... .......... .......... .......... ..........  180M
 23600K .......... .......... .......... .......... .......... 6.67M
 23650K .......... .......... .......... .......... .......... 7.94M
 23700K .......... .......... .......... .......... ..........  152M
 23750K .......... .......... .......... .......... .......... 29.6M
 23800K .......... .......... .......... .......... .......... 8.24M
 23850K .......... .......... .......... .......... .......... 7.81M
 23900K .......... .......... .......... .......... .......... 78.7M
 23950K .......... .......... .......... .......... .......... 6.87M
 24000K .......... .......... .......... .......... .......... 8.30M
 24050K .......... .......... .......... .......... .......... 68.0M
 24100K .......... .......... .......... .......... .......... 45.2M
 24150K .......... .......... .......... .......... .......... 4.11M
 24200K .......... .......... .......... .......... ..........  175M
 24250K .......... .......... .......... .......... .......... 56.3M
 24300K .......... .......... .......... .......... .......... 6.52M
 24350K .......... .......... .......... .......... .......... 8.91M
 24400K .......... .......... .......... .......... ..........  100M
 24450K .......... .......... .......... .......... .......... 6.24M
 24500K .......... .......... .......... .......... .......... 9.11M
 24550K .......... .......... .......... .......... ..........  134M
 24600K .......... .......... .......... .......... .......... 5.99M
 24650K .......... .......... .......... .......... ..........  117M
 24700K .......... .......... .......... .......... .......... 9.25M
 24750K .......... .......... .......... .......... ..........  173M
 24800K .......... .......... .......... .......... .......... 6.10M
 24850K .......... .......... .......... .......... .......... 9.01M
 24900K .......... .......... .......... .......... ..........  144M
 24950K .......... .......... .......... .......... .......... 5.87M
 25000K .......... .......... .......... .......... .......... 9.63M
 25050K .......... .......... .......... .......... ..........  198M
 25100K .......... .......... .......... .......... .......... 57.9M
 25150K .......... .......... .......... .......... .......... 3.88M
 25200K .......... .......... .......... .......... ..........  124M
 25250K .......... .......... .......... .......... ..........  201M
 25300K .......... .......... .......... .......... .......... 5.81M
 25350K .......... .......... .......... .......... .......... 9.63M
 25400K .......... .......... .......... .......... ..........  189M
 25450K .......... .......... .......... .......... .......... 65.5M
 25500K .......... .......... .......... .......... .......... 6.18M
 25550K .......... .......... .......... .......... .......... 9.67M
 25600K .......... .......... .......... .......... .......... 99.1M
 25650K .......... .......... .......... .......... .......... 6.01M
 25700K .......... .......... .......... .......... .......... 9.68M
 25750K .......... .......... .......... .......... .......... 3.29M
 25800K .......... .......... .......... .......... ..........  186M
 25850K .......... .......... .......... .......... ..........  205M
 25900K .......... .......... .......... .......... ..........  244M
 25950K .......... .......... .......... .......... .......... 6.07M
 26000K .......... .......... .......... .......... .......... 10.9M
 26050K .......... .......... .......... .......... .......... 59.3M
 26100K .......... .......... .......... .......... .......... 3.79M
 26150K .......... .......... .......... .......... .......... 71.5M
 26200K .......... .......... .......... .......... .......... 5.57M
 26250K .......... .......... .......... .......... .......... 10.9M
 26300K .......... .......... .......... .......... .......... 68.2M
 26350K .......... .......... .......... .......... .......... 5.47M
 26400K .......... .......... .......... .......... .......... 9.49M
 26450K .......... .......... .......... .......... .......... 5.78M
 26500K .......... .......... .......... .......... .......... 10.8M
 26550K .......... .......... .......... .......... .......... 56.2M
 26600K .......... .......... .......... .......... .......... 5.61M
 26650K .......... .......... .......... .......... .......... 9.76M
 26700K .......... .......... .......... .......... ..........  222M
 26750K .......... .......... .......... .......... .......... 3.74M
 26800K .......... .......... .......... .......... .......... 70.6M
 26850K .......... .......... .......... .......... .......... 3.75M
 26900K .......... .......... .......... .......... .......... 64.5M
 26950K .......... .......... .......... .......... ..........  203M
 27000K .......... .......... .......... .......... .......... 3.75M
 27050K .......... .......... .......... .......... .......... 84.4M
 27100K .......... .......... .......... .......... ..........  197M
 27150K .......... .......... .......... .......... .......... 3.68M
 27200K .......... .......... .......... .......... .......... 99.1M
 27250K .......... .......... .......... .......... .......... 3.64M
 27300K .......... .......... .......... .......... ..........  203M
 27350K .......... .......... .......... .......... ..........  157M
 27400K .......... .......... .......... .......... .......... 3.64M
 27450K .......... .......... .......... .......... ..........  202M
 27500K .......... .......... .......... .......... ..........  222M
 27550K .......... .......... .......... .......... .......... 3.57M
 27600K .......... .......... .......... .......... ..........  247M
 27650K .......... .......... .......... .......... .......... 3.53M
 27700K .......... .......... .......... .......... ..........  201M
 27750K .......... .......... .......... .......... ..........  229M
 27800K .......... .......... .......... .......... .......... 3.60M
 27850K .......... .......... .......... .......... ..........  198M
 27900K .......... .......... .......... .......... ..........  225M
 27950K .......... .......... .......... .......... .......... 3.64M
 28000K .......... .......... .......... .......... ..........  210M
 28050K .......... .......... .......... .......... .......... 3.67M
 28100K .......... .......... .......... .......... .......... 48.9M
 28150K .......... .......... .......... .......... ..........  208M
 28200K .......... .......... .......... .......... .......... 3.87M
 28250K .......... .......... .......... .......... .......... 51.5M
 28300K .......... .......... .......... .......... .......... 7.03M
 28350K .......... .......... .......... .......... .......... 8.11M
 28400K .......... .......... .......... .......... .......... 52.4M
 28450K .......... .......... .......... .......... .......... 3.78M
 28500K .......... .......... .......... .......... .......... 71.1M
 28550K .......... .......... .......... .......... .......... 48.5M
 28600K .......... .......... .......... .......... .......... 4.03M
 28650K .......... .......... .......... .......... .......... 63.0M
 28700K .......... .......... .......... .......... .......... 6.83M
 28750K .......... .......... .......... .......... .......... 7.94M
 28800K .......... .......... .......... .......... .......... 37.3M
 28850K .......... .......... .......... .......... .......... 4.05M
 28900K .......... .......... .......... .......... .......... 70.7M
 28950K .......... .......... .......... .......... .......... 48.6M
 29000K .......... .......... .......... .......... .......... 3.95M
 29050K .......... .......... .......... .......... .......... 80.4M
 29100K .......... .......... .......... .......... .......... 6.64M
 29150K .......... .......... .......... .......... .......... 2.44M
 29200K .......... .......... .......... .......... ..........  230M
 29250K .......... .......... .......... .......... ..........  205M
 29300K .......... .......... .......... .......... .......... 38.2M
 29350K .......... .......... .......... .......... .......... 4.12M
 29400K .......... .......... .......... .......... .......... 24.6M
 29450K .......... .......... .......... .......... .......... 4.09M
 29500K .......... .......... .......... .......... .......... 45.1M
 29550K .......... .......... .......... .......... .......... 3.67M
 29600K .......... .......... .......... .......... .......... 46.8M
 29650K .......... .......... .......... .......... .......... 3.83M
 29700K .......... .......... .......... .......... .......... 46.5M
 29750K .......... .......... .......... .......... .......... 3.94M
 29800K .......... .......... .......... .......... .......... 33.0M
 29850K .......... .......... .......... .......... .......... 3.94M
 29900K .......... .......... .......... .......... .......... 37.5M
 29950K .......... .......... .......... .......... .......... 3.88M
 30000K .......... .......... .......... .......... .......... 38.3M
 30050K .......... .......... .......... .......... .......... 3.89M
 30100K .......... .......... .......... .......... .......... 40.8M
 30150K .......... .......... .......... .......... .......... 3.86M
 30200K .......... .......... .......... .......... .......... 45.4M
 30250K .......... .......... .......... .......... .......... 3.83M
 30300K .......... .......... .......... .......... .......... 51.5M
 30350K .......... .......... .......... .......... .......... 3.78M
 30400K .......... .......... .......... .......... .......... 62.0M
 30450K .......... .......... .......... .......... .......... 3.71M
 30500K .......... .......... .......... .......... .......... 44.8M
 30550K .......... .......... .......... .......... .......... 3.91M
 30600K .......... .......... .......... .......... .......... 41.4M
 30650K .......... .......... .......... .......... .......... 6.23M
 30700K .......... .......... .......... .......... .......... 8.43M
 30750K .......... .......... .......... .......... .......... 3.41M
 30800K .......... .......... .......... .......... ..........  257M
 30850K .......... .......... .......... .......... .......... 3.66M
 30900K .......... .......... .......... .......... .......... 3.53M
 30950K .......... .......... .......... .......... ..........  133M
 31000K .......... .......... .......... .......... .......... 3.57M
 31050K .......... .......... .......... .......... .......... 3.49M
 31100K .......... .......... .......... .......... ..........  212M
 31150K .......... .......... .......... .......... .......... 3.55M
 31200K .......... .......... .......... .......... .......... 3.59M
 31250K .......... .......... .......... .......... ..........  138M
 31300K .......... .......... .......... .......... .......... 2.99M
 31350K .......... .......... .......... .......... .......... 3.55M
 31400K .......... .......... .......... .......... ..........  199M
 31450K .......... .......... .......... .......... .......... 3.54M
 31500K .......... .......... .......... .......... .......... 8.93M
 31550K .......... .......... .......... .......... .......... 5.74M
 31600K .......... .......... .......... .......... .......... 2.57M
 31650K .......... .......... .......... .......... .......... 87.1M
 31700K .......... .......... .......... .......... .......... 3.75M
 31750K .......... .......... .......... .......... .......... 3.53M
 31800K .......... .......... .......... .......... .......... 5.05M
 31850K .......... .......... .......... .......... .......... 3.53M
 31900K .......... .......... .......... .......... .......... 3.52M
 31950K .......... .......... .......... .......... .......... 3.54M
 32000K .......... .......... .......... .......... .......... 3.49M
 32050K .......... .......... .......... .......... .......... 3.53M
 32100K .......... .......... .......... .......... .......... 3.56M
 32150K .......... .......... .......... .......... .......... 11.3M
 32200K .......... .......... .......... .......... .......... 4.97M
 32250K .......... .......... .......... .......... .......... 3.53M
 32300K .......... .......... .......... .......... .......... 3.51M
 32350K .......... .......... .......... .......... .......... 3.56M
 32400K .......... .......... .......... .......... .......... 3.55M
 32450K .......... .......... .......... .......... .......... 10.6M
 32500K .......... .......... .......... .......... .......... 3.59M
 32550K .......... .......... .......... .......... .......... 5.10M
 32600K .......... .......... .......... .......... .......... 3.59M
 32650K .......... .......... .......... .......... .......... 8.90M
 32700K .......... .......... .......... .......... .......... 3.79M
 32750K .......... .......... .......... .......... .......... 5.16M
 32800K .......... .......... .......... .......... .......... 3.53M
 32850K .......... .......... .......... .......... .......... 3.58M
 32900K .......... .......... .......... .......... .......... 9.89M
 32950K .......... .......... .......... .......... .......... 3.67M
 33000K .......... .......... .......... .......... .......... 5.25M
 33050K .......... .......... .......... .......... .......... 9.43M
 33100K .......... .......... .......... .......... .......... 3.71M
 33150K .......... .......... .......... .......... .......... 3.54M
 33200K .......... .......... .......... .......... .......... 65.6M
 33250K .......... .......... .......... .......... .......... 3.66M
 33300K .......... .......... .......... .......... .......... 3.62M
 33350K .......... .......... .......... .......... .......... 5.14M
 33400K .......... .......... .......... .......... .......... 9.89M
 33450K .......... .......... .......... .......... .......... 3.66M
 33500K .......... .......... .......... .......... .......... 5.22M
 33550K .......... .......... .......... .......... .......... 9.86M
 33600K .......... .......... .......... .......... .......... 3.66M
 33650K .......... .......... .......... .......... .......... 3.55M
 33700K .......... .......... .......... .......... ..........  134M
 33750K .......... .......... .......... .......... .......... 3.60M
 33800K .......... .......... .......... .......... .......... 4.99M
 33850K .......... .......... .......... .......... .......... 11.4M
 33900K .......... .......... .......... .......... .......... 3.23M
 33950K .......... .......... .......... .......... .......... 6.00M
 34000K .......... .......... .......... .......... .......... 8.28M
 34050K .......... .......... .......... .......... .......... 3.53M
 34100K .......... .......... .......... .......... .......... 6.24M
 34150K .......... .......... .......... .......... .......... 8.12M
 34200K .......... .......... .......... .......... .......... 3.54M
 34250K .......... .......... .......... .......... ..........  198M
 34300K .......... .......... .......... .......... .......... 3.60M
 34350K .......... .......... .......... .......... .......... 3.56M
 34400K .......... .......... .......... .......... ..........  162M
 34450K .......... .......... .......... .......... .......... 3.56M
 34500K .......... .......... .......... .......... .......... 6.26M
 34550K .......... .......... .......... .......... .......... 6.93M
 34600K .......... .......... .......... .......... .......... 3.92M
 34650K .......... .......... .......... .......... .......... 81.8M
 34700K .......... .......... .......... .......... .......... 3.63M
 34750K .......... .......... .......... .......... .......... 6.14M
 34800K .......... .......... .......... .......... .......... 8.13M
 34850K .......... .......... .......... .......... .......... 3.58M
 34900K .......... .......... .......... .......... ..........  141M
 34950K .......... .......... .......... .......... .......... 3.56M
 35000K .......... .......... .......... .......... .......... 82.3M
 35050K .......... .......... .......... .......... .......... 3.65M
 35100K .......... .......... .......... .......... .......... 3.61M
 35150K .......... .......... .......... .......... ..........  121M
 35200K .......... .......... .......... .......... .......... 3.57M
 35250K .......... .......... .......... .......... ..........  190M
 35300K .......... .......... .......... .......... .......... 3.59M
 35350K .......... .......... .......... .......... ..........  157M
 35400K .......... .......... .......... .......... .......... 3.58M
 35450K .......... .......... .......... .......... .......... 3.63M
 35500K .......... .......... .......... .......... ..........  133M
 35550K .......... .......... .......... .......... .......... 3.56M
 35600K .......... .......... .......... .......... ..........  202M
 35650K .......... .......... .......... .......... .......... 3.62M
 35700K .......... .......... .......... .......... ..........  125M
 35750K .......... .......... .......... .......... .......... 3.64M
 35800K .......... .......... .......... .......... .......... 83.6M
 35850K .......... .......... .......... .......... .......... 3.66M
 35900K .......... .......... .......... .......... .......... 98.6M
 35950K .......... .......... .......... .......... .......... 3.63M
 36000K .......... .......... .......... .......... .......... 3.61M
 36050K .......... .......... .......... .......... .......... 93.5M
 36100K .......... .......... .......... .......... .......... 3.67M
 36150K .......... .......... .......... .......... ..........  118M
 36200K .......... .......... .......... .......... .......... 3.56M
 36250K .......... .......... .......... .......... ..........  193M
 36300K .......... .......... .......... .......... .......... 3.56M
 36350K .......... .......... .......... .......... ..........  168M
 36400K .......... .......... .......... .......... .......... 3.56M
 36450K .......... .......... .......... .......... ..........  162M
 36500K .......... .......... .......... .......... .......... 3.60M
 36550K .......... .......... .......... .......... ..........  124M
 36600K .......... .......... .......... .......... .......... 3.55M
 36650K .......... .......... .......... .......... ..........  204M
 36700K .......... .......... .......... .......... .......... 3.61M
 36750K .......... .......... .......... .......... ..........  178M
 36800K .......... .......... .......... .......... .......... 3.57M
 36850K .......... .......... .......... .......... ..........  173M
 36900K .......... .......... .......... .......... .......... 3.57M
 36950K .......... .......... .......... .......... ..........  141M
 37000K .......... .......... .......... .......... .......... 3.63M
 37050K .......... .......... .......... .......... ..........  131M
 37100K .......... .......... .......... .......... .......... 6.92M
 37150K .......... .......... .......... .......... .......... 7.21M
 37200K .......... .......... .......... .......... .......... 3.62M
 37250K .......... .......... .......... .......... ..........  112M
 37300K .......... .......... .......... .......... .......... 3.66M
 37350K .......... .......... .......... .......... .......... 69.4M
 37400K .......... .......... .......... .......... .......... 7.60M
 37450K .......... .......... .......... .......... .......... 6.83M
 37500K .......... .......... .......... .......... .......... 97.8M
 37550K .......... .......... .......... .......... .......... 3.63M
 37600K .......... .......... .......... .......... ..........  154M
 37650K .......... .......... .......... .......... .......... 3.58M
 37700K .......... .......... .......... .......... ..........  163M
 37750K .......... .......... .......... .......... .......... 3.60M
 37800K .......... .......... .......... .......... ..........  198M
 37850K .......... .......... .......... .......... .......... 3.59M
 37900K .......... .......... .......... .......... ..........  206M
 37950K .......... .......... .......... .......... .......... 3.61M
 38000K .......... .......... .......... .......... ..........  155M
 38050K .......... .......... .......... .......... .......... 3.65M
 38100K .......... .......... .......... .......... ..........  119M
 38150K .......... .......... .......... .......... .......... 7.62M
 38200K .......... .......... .......... .......... .......... 6.63M
 38250K .......... .......... .......... .......... .......... 7.67M
 38300K .......... .......... .......... .......... .......... 6.52M
 38350K .......... .......... .......... .......... ..........  203M
 38400K .......... .......... .......... .......... .......... 3.57M
 38450K .......... .......... .......... .......... ..........  198M
 38500K .......... .......... .......... .......... .......... 3.69M
 38550K .......... .......... .......... .......... ..........  111M
 38600K .......... .......... .......... .......... .......... 7.83M
 38650K .......... .......... .......... .......... .......... 6.50M
 38700K .......... .......... .......... .......... .......... 7.91M
 38750K .......... .......... .......... .......... .......... 6.43M
 38800K .......... .......... .......... .......... .......... 7.85M
 38850K .......... .......... .......... .......... .......... 6.49M
 38900K .......... .......... .......... .......... ..........  204M
 38950K .......... .......... .......... .......... .......... 3.61M
 39000K .......... .......... .......... .......... ..........  145M
 39050K .......... .......... .......... .......... .......... 7.93M
 39100K .......... .......... .......... .......... .......... 6.32M
 39150K .......... .......... .......... .......... .......... 8.07M
 39200K .......... .......... .......... .......... .......... 6.41M
 39250K .......... .......... .......... .......... .......... 8.11M
 39300K .......... .......... .......... .......... ..........  116M
 39350K .......... .......... .......... .......... .......... 6.47M
 39400K .......... .......... .......... .......... .......... 7.72M
 39450K .......... .......... .......... .......... .......... 6.58M
 39500K .......... .......... .......... .......... .......... 7.89M
 39550K .......... .......... .......... .......... ..........  155M
 39600K .......... .......... .......... .......... .......... 3.60M
 39650K .......... .......... .......... .......... ..........  211M
 39700K .......... .......... .......... .......... .......... 6.51M
 39750K .......... .......... .......... .......... .......... 7.77M
 39800K .......... .......... .......... .......... .......... 6.85M
 39850K .......... .......... .......... .......... .......... 7.55M
 39900K .......... .......... .......... .......... ..........  132M
 39950K .......... .......... .......... .......... .......... 6.51M
 40000K .......... .......... .......... .......... .......... 7.85M
 40050K .......... .......... .......... .......... .......... 6.54M
 40100K .......... .......... .......... .......... .......... 7.90M
 40150K .......... .......... .......... .......... .......... 6.81M
 40200K .......... .......... .......... .......... .......... 75.5M
 40250K .......... .......... .......... .......... .......... 7.79M
 40300K .......... .......... .......... .......... .......... 6.81M
 40350K .......... .......... .......... .......... .......... 7.74M
 40400K .......... .......... .......... .......... .......... 6.67M
 40450K .......... .......... .......... .......... .......... 7.66M
 40500K .......... .......... .......... .......... ..........  122M
 40550K .......... .......... .......... .......... .......... 6.56M
 40600K .......... .......... .......... .......... .......... 7.71M
 40650K .......... .......... .......... .......... .......... 6.84M
 40700K .......... .......... .......... .......... .......... 6.48M
 40750K .......... .......... .......... .......... .......... 8.20M
 40800K .......... .......... .......... .......... ..........  123M
 40850K .......... .......... .......... .......... .......... 6.41M
 40900K .......... .......... .......... .......... .......... 8.07M
 40950K .......... .......... .......... .......... .......... 7.43M
 41000K .......... .......... .......... .......... .......... 6.89M
 41050K .......... .......... .......... .......... .......... 7.38M
 41100K .......... .......... .......... .......... .......... 37.7M
 41150K .......... .......... .......... .......... .......... 8.00M
 41200K .......... .......... .......... .......... .......... 7.53M
 41250K .......... .......... .......... .......... .......... 6.54M
 41300K .......... .......... .......... .......... .......... 7.86M
 41350K .......... .......... .......... .......... .......... 44.6M
 41400K .......... .......... .......... .......... .......... 7.40M
 41450K .......... .......... .......... .......... .......... 7.75M
 41500K .......... .......... .......... .......... .......... 6.48M
 41550K .......... .......... .......... .......... ..........  181M
 41600K .......... .......... .......... .......... .......... 7.36M
 41650K .......... .......... .......... .......... .......... 6.82M
 41700K .......... .......... .......... .......... .......... 8.00M
 41750K .......... .......... .......... .......... .......... 6.32M
 41800K .......... .......... .......... .......... ..........  189M
 41850K .......... .......... .......... .......... .......... 8.14M
 41900K .......... .......... .......... .......... .......... 6.24M
 41950K .......... .......... .......... .......... ..........  223M
 42000K .......... .......... .......... .......... .......... 7.72M
 42050K .......... .......... .......... .......... .......... 6.60M
 42100K .......... .......... .......... .......... .......... 8.34M
 42150K .......... .......... .......... .......... .......... 6.22M
 42200K .......... .......... .......... .......... ..........  219M
 42250K .......... .......... .......... .......... .......... 8.04M
 42300K .......... .......... .......... .......... .......... 6.35M
 42350K .......... .......... .......... .......... .......... 8.13M
 42400K .......... .......... .......... .......... ..........  172M
 42450K .......... .......... .......... .......... .......... 6.37M
 42500K .......... .......... .......... .......... .......... 8.20M
 42550K .......... .......... .......... .......... .......... 6.43M
 42600K .......... .......... .......... .......... .......... 8.48M
 42650K .......... .......... .......... .......... .......... 68.7M
 42700K .......... .......... .......... .......... .......... 6.47M
 42750K .......... .......... .......... .......... .......... 8.60M
 42800K .......... .......... .......... .......... .......... 79.0M
 42850K .......... .......... .......... .......... .......... 6.28M
 42900K .......... .......... .......... .......... .......... 8.78M
 42950K .......... .......... .......... .......... .......... 80.9M
 43000K .......... .......... .......... .......... .......... 3.74M
 43050K .......... .......... .......... .......... .......... 95.1M
 43100K .......... .......... .......... .......... ..........  160M
 43150K .......... .......... .......... .......... .......... 3.77M
 43200K .......... .......... .......... .......... .......... 81.5M
 43250K .......... .......... .......... .......... .......... 6.45M
 43300K .......... .......... .......... .......... .......... 8.57M
 43350K .......... .......... .......... .......... .......... 87.0M
 43400K .......... .......... .......... .......... .......... 6.34M
 43450K .......... .......... .......... .......... .......... 8.41M
 43500K .......... .......... .......... .......... ..........  137M
 43550K .......... .......... .......... .......... .......... 3.74M
 43600K .......... .......... .......... .......... ..........  146M
 43650K .......... .......... .......... .......... .......... 77.1M
 43700K .......... .......... .......... .......... .......... 3.76M
 43750K .......... .......... .......... .......... ..........  176M
 43800K .......... .......... .......... .......... ..........  111M
 43850K .......... .......... .......... .......... .......... 3.69M
 43900K .......... .......... .......... .......... ..........  211M
 43950K .......... .......... .......... .......... .......... 3.42M
 44000K .......... .......... .......... .......... ..........  190M
 44050K .......... .......... .......... .......... ..........  221M
 44100K .......... .......... .......... .......... .......... 3.65M
 44150K .......... .......... .......... .......... ..........  159M
 44200K .......... .......... .......... .......... .......... 3.58M
 44250K .......... .......... .......... .......... ..........  159M
 44300K .......... .......... .......... .......... .......... 3.61M
 44350K .......... .......... .......... .......... ..........  183M
 44400K .......... .......... .......... .......... .......... 3.58M
 44450K .......... .......... .......... .......... ..........  143M
 44500K .......... .......... .......... .......... .......... 3.63M
 44550K .......... .......... .......... .......... ..........  154M
 44600K .......... .......... .......... .......... .......... 6.54M
 44650K .......... .......... .......... .......... .......... 7.67M
 44700K .......... .......... .......... .......... ..........  213M
 44750K .......... .......... .......... .......... .......... 3.58M
 44800K .......... .......... .......... .......... .......... 53.5M
 44850K .......... .......... .......... .......... .......... 3.82M
 44900K .......... .......... .......... .......... ..........  165M
 44950K .......... .......... .......... .......... .......... 3.60M
 45000K .......... .......... .......... .......... ..........  111M
 45050K .......... .......... .......... .......... .......... 3.66M
 45100K .......... .......... .......... .......... ..........  151M
 45150K .......... .......... .......... .......... .......... 3.62M
 45200K .......... .......... .......... .......... ..........  125M
 45250K .......... .......... .......... .......... .......... 3.66M
 45300K .......... .......... .......... .......... ..........  115M
 45350K .......... .......... .......... .......... .......... 3.67M
 45400K .......... .......... .......... .......... ..........  100M
 45450K .......... .......... .......... .......... .......... 3.69M
 45500K .......... .......... .......... .......... ..........  112M
 45550K .......... .......... .......... .......... .......... 6.55M
 45600K .......... .......... .......... .......... .......... 7.81M
 45650K .......... .......... .......... .......... .......... 6.45M
 45700K .......... .......... .......... .......... .......... 7.93M
 45750K .......... .......... .......... .......... .......... 6.58M
 45800K .......... .......... .......... .......... .......... 7.89M
 45850K .......... .......... .......... .......... .......... 95.2M
 45900K .......... .......... .......... .......... .......... 3.70M
 45950K .......... .......... .......... .......... ..........  130M
 46000K .......... .......... .......... .......... .......... 3.63M
 46050K .......... .......... .......... .......... ..........  164M
 46100K .......... .......... .......... .......... .......... 3.71M
 46150K .......... .......... .......... .......... .......... 88.7M
 46200K .......... .......... .......... .......... .......... 6.34M
 46250K .......... .......... .......... .......... .......... 8.15M
 46300K .......... .......... .......... .......... ..........  183M
 46350K .......... .......... .......... .......... .......... 3.60M
 46400K .......... .......... .......... .......... ..........  183M
 46450K .......... .......... .......... .......... .......... 3.60M
 46500K .......... .......... .......... .......... ..........  181M
 46550K .......... .......... .......... .......... .......... 3.73M
 46600K .......... .......... .......... .......... .......... 68.4M
 46650K .......... .......... .......... .......... ..........  192M
 46700K .......... .......... .......... .......... .......... 3.62M
 46750K .......... .......... .......... .......... ..........  129M
 46800K .......... .......... .......... .......... .......... 3.69M
 46850K .......... .......... .......... .......... .......... 35.2M
 46900K .......... .......... .......... .......... .......... 4.01M
 46950K .......... .......... .......... .......... .......... 91.7M
 47000K .......... .......... .......... .......... .......... 6.52M
 47050K .......... .......... .......... .......... .......... 7.96M
 47100K .......... .......... .......... .......... .......... 36.5M
 47150K .......... .......... .......... .......... .......... 3.94M
 47200K .......... .......... .......... .......... .......... 36.8M
 47250K .......... .......... .......... .......... .......... 3.95M
 47300K .......... .......... .......... .......... ..........  154M
 47350K .......... .......... .......... .......... .......... 3.74M
 47400K .......... .......... .......... .......... .......... 75.0M
 47450K .......... .......... .......... .......... .......... 40.3M
 47500K .......... .......... .......... .......... .......... 3.97M
 47550K .......... .......... .......... .......... ..........  141M
 47600K .......... .......... .......... .......... .......... 3.68M
 47650K .......... .......... .......... .......... ..........  108M
 47700K .......... .......... .......... .......... .......... 40.0M
 47750K .......... .......... .......... .......... .......... 3.91M
 47800K .......... .......... .......... .......... .......... 41.0M
 47850K .......... .......... .......... .......... .......... 1.80M
 47900K .......... .......... .......... .......... ..........  140M
 47950K .......... .......... .......... .......... ..........  205M
 48000K .......... .......... .......... .......... ..........  131M
 48050K .......... .......... .......... .......... .......... 3.83M
 48100K .......... .......... .......... .......... .......... 44.5M
 48150K .......... .......... .......... .......... .......... 3.81M
 48200K .......... .......... .......... .......... .......... 47.0M
 48250K .......... .......... .......... .......... .......... 3.80M
 48300K .......... .......... .......... .......... .......... 3.74M
 48350K .......... .......... .......... .......... .......... 32.3M
 48400K .......... .......... .......... .......... .......... 3.84M
 48450K .......... .......... .......... .......... .......... 41.0M
 48500K .......... .......... .......... .......... .......... 3.82M
 48550K .......... .......... .......... .......... .......... 3.67M
 48600K .......... .......... .......... .......... ..........  104M
 48650K .......... .......... .......... .......... .......... 3.64M
 48700K .......... .......... .......... .......... .......... 49.5M
 48750K .......... .......... .......... .......... .......... 3.79M
 48800K .......... .......... .......... .......... .......... 56.3M
 48850K .......... .......... .......... .......... .......... 3.75M
 48900K .......... .......... .......... .......... .......... 6.21M
 48950K .......... .......... .......... .......... .......... 8.15M
 49000K .......... .......... .......... .......... .......... 6.12M
 49050K .......... .......... .......... .......... .......... 8.44M
 49100K .......... .......... .......... .......... .......... 3.56M
 49150K .......... .......... .......... .......... .......... 69.2M
 49200K .......... .......... .......... .......... .......... 3.70M
 49250K .......... .......... .......... .......... .......... 38.7M
 49300K .......... .......... .......... .......... .......... 3.88M
 49350K .......... .......... .......... .......... .......... 92.7M
 49400K .......... .......... .......... .......... .......... 3.68M
 49450K .......... .......... .......... .......... .......... 41.8M
 49500K .......... .......... .......... .......... .......... 3.85M
 49550K .......... .......... .......... .......... .......... 44.0M
 49600K .......... .......... .......... .......... .......... 3.83M
 49650K .......... .......... .......... .......... .......... 6.03M
 49700K .......... .......... .......... .......... .......... 8.41M
 49750K .......... .......... .......... .......... .......... 3.54M
 49800K .......... .......... .......... .......... ..........  144M
 49850K .......... .......... .......... .......... .......... 6.34M
 49900K .......... .......... .......... .......... .......... 7.89M
 49950K .......... .......... .......... .......... .......... 6.39M
 50000K .......... .......... .......... .......... .......... 7.80M
 50050K .......... .......... .......... .......... .......... 3.59M
 50100K .......... .......... .......... .......... ..........  215M
 50150K .......... .......... .......... .......... .......... 3.57M
 50200K .......... .......... .......... .......... ..........  125M
 50250K .......... .......... .......... .......... .......... 3.58M
 50300K .......... .......... .......... .......... ..........  194M
 50350K .......... .......... .......... .......... .......... 3.55M
 50400K .......... .......... .......... .......... ..........  244M
 50450K .......... .......... .......... .......... .......... 3.60M
 50500K .......... .......... .......... .......... ..........  117M
 50550K .......... .......... .......... .......... .......... 3.67M
 50600K .......... .......... .......... .......... .......... 85.9M
 50650K .......... .......... .......... .......... .......... 3.67M
 50700K .......... .......... .......... .......... .......... 96.6M
 50750K .......... .......... .......... .......... .......... 3.69M
 50800K .......... .......... .......... .......... .......... 86.8M
 50850K .......... .......... .......... .......... .......... 3.64M
 50900K .......... .......... .......... .......... ..........  142M
 50950K .......... .......... .......... .......... .......... 3.64M
 51000K .......... .......... .......... .......... ..........  141M
 51050K .......... .......... .......... .......... .......... 7.03M
 51100K .......... .......... .......... .......... .......... 7.06M
 51150K .......... .......... .......... .......... .......... 3.59M
 51200K .......... .......... .......... .......... ..........  165M
 51250K .......... .......... .......... .......... .......... 3.43M
 51300K .......... .......... .......... .......... ..........  198M
 51350K .......... .......... .......... .......... .......... 3.62M
 51400K .......... .......... .......... .......... .......... 6.70M
 51450K .......... .......... .......... .......... .......... 7.30M
 51500K .......... .......... .......... .......... .......... 3.53M
 51550K .......... .......... .......... .......... .......... 7.16M
 51600K .......... .......... .......... .......... .......... 6.87M
 51650K .......... .......... .......... .......... .......... 3.63M
 51700K .......... .......... .......... .......... .......... 84.3M
 51750K .......... .......... .......... .......... .......... 3.56M
 51800K .......... .......... .......... .......... .......... 3.53M
 51850K .......... .......... .......... .......... ..........  191M
 51900K .......... .......... .......... .......... .......... 3.55M
 51950K .......... .......... .......... .......... .......... 7.81M
 52000K .......... .......... .......... .......... .......... 6.26M
 52050K .......... .......... .......... .......... .......... 3.58M
 52100K .......... .......... .......... .......... ..........  196M
 52150K .......... .......... .......... .......... .......... 3.54M
 52200K .......... .......... .......... .......... .......... 8.09M
 52250K .......... .......... .......... .......... .......... 6.23M
 52300K .......... .......... .......... .......... .......... 3.59M
 52350K .......... .......... .......... .......... ..........  163M
 52400K .......... .......... .......... .......... .......... 3.58M
 52450K .......... .......... .......... .......... .......... 8.12M
 52500K .......... .......... .......... .......... .......... 6.25M
 52550K .......... .......... .......... .......... .......... 3.60M
 52600K .......... .......... .......... .......... .......... 7.86M
 52650K .......... .......... .......... .......... .......... 6.21M
 52700K .......... .......... .......... .......... .......... 7.88M
 52750K .......... .......... .......... .......... .......... 6.31M
 52800K .......... .......... .......... .......... .......... 3.58M
 52850K .......... .......... .......... .......... .......... 8.13M
 52900K .......... .......... .......... .......... .......... 6.22M
 52950K .......... .......... .......... .......... .......... 7.94M
 53000K .......... .......... .......... .......... .......... 6.19M
 53050K .......... .......... .......... .......... .......... 8.04M
 53100K .......... .......... .......... .......... .......... 6.44M
 53150K .......... .......... .......... .......... .......... 7.93M
 53200K .......... .......... .......... .......... .......... 1.78M
 53250K .......... .......... .......... .......... ..........  166M
 53300K .......... .......... .......... .......... ..........  107M
 53350K .......... .......... .......... .......... .......... 3.74M
 53400K .......... .......... .......... .......... .......... 5.62M
 53450K .......... .......... .......... .......... .......... 3.56M
 53500K .......... .......... .......... .......... .......... 8.04M
 53550K .......... .......... .......... .......... .......... 3.52M
 53600K .......... .......... .......... .......... .......... 6.20M
 53650K .......... .......... .......... .......... .......... 3.57M
 53700K .......... .......... .......... .......... .......... 7.84M
 53750K .......... .......... .......... .......... .......... 3.59M
 53800K .......... .......... .......... .......... .......... 6.16M
 53850K .......... .......... .......... .......... .......... 3.53M
 53900K .......... .......... .......... .......... .......... 8.22M
 53950K .......... .......... .......... .......... .......... 3.62M
 54000K .......... .......... .......... .......... .......... 3.73M
 54050K .......... .......... .......... .......... .......... 5.59M
 54100K .......... .......... .......... .......... .......... 8.03M
 54150K .......... .......... .......... .......... .......... 3.63M
 54200K .......... .......... .......... .......... .......... 3.65M
 54250K .......... .......... .......... .......... .......... 66.3M
 54300K .......... .......... .......... .......... .......... 3.61M
 54350K .......... .......... .......... .......... .......... 3.57M
 54400K .......... .......... .......... .......... .......... 6.11M
 54450K .......... .......... .......... .......... .......... 8.32M
 54500K .......... .......... .......... .......... .......... 3.59M
 54550K .......... .......... .......... .......... .......... 5.93M
 54600K .......... .......... .......... .......... .......... 8.52M
 54650K .......... .......... .......... .......... .......... 3.61M
 54700K .......... .......... .......... .......... .......... 5.84M
 54750K .......... .......... .......... .......... .......... 3.61M
 54800K .......... .......... .......... .......... .......... 8.67M
 54850K .......... .......... .......... .......... .......... 3.61M
 54900K .......... .......... .......... .......... .......... 95.2M
 54950K .......... .......... .......... .......... .......... 3.63M
 55000K .......... .......... .......... .......... .......... 5.66M
 55050K .......... .......... .......... .......... .......... 7.30M
 55100K .......... .......... .......... .......... .......... 3.97M
 55150K .......... .......... .......... .......... .......... 26.3M
 55200K .......... .......... .......... .......... .......... 3.57M
 55250K .......... .......... .......... .......... .......... 4.10M
 55300K .......... .......... .......... .......... .......... 5.76M
 55350K .......... .......... .......... .......... .......... 8.64M
 55400K .......... .......... .......... .......... .......... 5.86M
 55450K .......... .......... .......... .......... .......... 7.15M
 55500K .......... .......... .......... .......... .......... 3.95M
 55550K .......... .......... .......... .......... .......... 5.81M
 55600K .......... .......... .......... .......... .......... 8.68M
 55650K .......... .......... .......... .......... .......... 3.57M
 55700K .......... .......... .......... .......... .......... 35.1M
 55750K .......... .......... .......... .......... .......... 3.90M
 55800K .......... .......... .......... .......... .......... 5.96M
 55850K .......... .......... .......... .......... .......... 7.63M
 55900K .......... .......... .......... .......... .......... 3.76M
 55950K .......... .......... .......... .......... .......... 48.1M
 56000K .......... .......... .......... .......... .......... 3.76M
 56050K .......... .......... .......... .......... .......... 6.16M
 56100K .......... .......... .......... .......... .......... 7.73M
 56150K .......... .......... .......... .......... .......... 3.80M
 56200K .......... .......... .......... .......... .......... 45.3M
 56250K .......... .......... .......... .......... .......... 3.71M
 56300K .......... .......... .......... .......... .......... 72.2M
 56350K .......... .......... .......... .......... .......... 3.70M
 56400K .......... .......... .......... .......... .......... 6.26M
 56450K .......... .......... .......... .......... .......... 7.75M
 56500K .......... .......... .......... .......... .......... 6.48M
 56550K .......... .......... .......... .......... .......... 7.79M
 56600K .......... .......... .......... .......... .......... 3.72M
 56650K .......... .......... .......... .......... .......... 61.6M
 56700K .......... .......... .......... .......... .......... 3.71M
 56750K .......... .......... .......... .......... .......... 70.4M
 56800K .......... .......... .......... .......... .......... 3.68M
 56850K .......... .......... .......... .......... .......... 67.4M
 56900K .......... .......... .......... .......... .......... 3.73M
 56950K .......... .......... .......... .......... .......... 72.3M
 57000K .......... .......... .......... .......... .......... 3.74M
 57050K .......... .......... .......... .......... .......... 70.5M
 57100K .......... .......... .......... .......... .......... 3.38M
 57150K .......... .......... .......... .......... ..........  203M
 57200K .......... .......... .......... .......... .......... 3.96M
 57250K .......... .......... .......... .......... .......... 6.28M
 57300K .......... .......... .......... .......... .......... 6.67M
 57350K .......... .......... .......... .......... .......... 7.44M
 57400K .......... .......... .......... .......... .......... 6.76M
 57450K .......... .......... .......... .......... .......... 3.92M
 57500K .......... .......... .......... .......... .......... 36.1M
 57550K .......... .......... .......... .......... .......... 7.35M
 57600K .......... .......... .......... .......... .......... 6.83M
 57650K .......... .......... .......... .......... .......... 3.88M
 57700K .......... .......... .......... .......... .......... 40.7M
 57750K .......... .......... .......... .......... .......... 3.88M
 57800K .......... .......... .......... .......... .......... 38.3M
 57850K .......... .......... .......... .......... .......... 3.88M
 57900K .......... .......... .......... .......... .......... 38.0M
 57950K .......... .......... .......... .......... .......... 3.89M
 58000K .......... .......... .......... .......... .......... 6.49M
 58050K .......... .......... .......... .......... .......... 7.86M
 58100K .......... .......... .......... .......... .......... 6.31M
 58150K .......... .......... .......... .......... .......... 7.95M
 58200K .......... .......... .......... .......... .......... 44.0M
 58250K .......... .......... .......... .......... .......... 3.84M
 58300K .......... .......... .......... .......... .......... 40.3M
 58350K .......... .......... .......... .......... .......... 3.82M
 58400K .......... .......... .......... .......... .......... 49.3M
 58450K .......... .......... .......... .......... .......... 3.81M
 58500K .......... .......... .......... .......... .......... 52.1M
 58550K .......... .......... .......... .......... .......... 3.76M
 58600K .......... .......... .......... .......... .......... 77.9M
 58650K .......... .......... .......... .......... .......... 6.45M
 58700K .......... .......... .......... .......... .......... 7.84M
 58750K .......... .......... .......... .......... .......... 3.70M
 58800K .......... .......... .......... .......... ..........  111M
 58850K .......... .......... .......... .......... .......... 6.53M
 58900K .......... .......... .......... .......... .......... 7.77M
 58950K .......... .......... .......... .......... .......... 6.83M
 59000K .......... .......... .......... .......... .......... 7.36M
 59050K .......... .......... .......... .......... .......... 6.85M
 59100K .......... .......... .......... .......... .......... 7.39M
 59150K .......... .......... .......... .......... .......... 6.68M
 59200K .......... .......... .......... .......... .......... 7.66M
 59250K .......... .......... .......... .......... .......... 6.63M
 59300K .......... .......... .......... .......... .......... 7.60M
 59350K .......... .......... .......... .......... ..........  148M
 59400K .......... .......... .......... .......... .......... 3.63M
 59450K .......... .......... .......... .......... ..........  143M
 59500K .......... .......... .......... .......... .......... 6.67M
 59550K .......... .......... .......... .......... .......... 7.02M
 59600K .......... .......... .......... .......... .......... 6.96M
 59650K .......... .......... .......... .......... .......... 7.17M
 59700K .......... .......... .......... .......... .......... 7.18M
 59750K .......... .......... .......... .......... .......... 6.94M
 59800K .......... .......... .......... .......... ..........  188M
 59850K .......... .......... .......... .......... .......... 3.62M
 59900K .......... .......... .......... .......... ..........  200M
 59950K .......... .......... .......... .......... .......... 7.23M
 60000K .......... .......... .......... .......... .......... 6.84M
 60050K .......... .......... .......... .......... .......... 7.24M
 60100K .......... .......... .......... .......... .......... 7.10M
 60150K .......... .......... .......... .......... .......... 7.36M
 60200K .......... .......... .......... .......... .......... 6.83M
 60250K .......... .......... .......... .......... ..........  177M
 60300K .......... .......... .......... .......... .......... 3.62M
 60350K .......... .......... .......... .......... ..........  185M
 60400K .......... .......... .......... .......... .......... 7.12M
 60450K .......... .......... .......... .......... .......... 7.08M
 60500K .......... .......... .......... .......... .......... 7.18M
 60550K .......... .......... .......... .......... .......... 6.94M
 60600K .......... .......... .......... .......... .......... 7.46M
 60650K .......... .......... .......... .......... .......... 6.99M
 60700K .......... .......... .......... .......... ..........  110M
 60750K .......... .......... .......... .......... .......... 7.33M
 60800K .......... .......... .......... .......... .......... 7.10M
 60850K .......... .......... .......... .......... .......... 7.15M
 60900K .......... .......... .......... .......... .......... 7.03M
 60950K .......... .......... .......... .......... ..........  164M
 61000K .......... .......... .......... .......... .......... 3.70M
 61050K .......... .......... .......... .......... ..........  112M
 61100K .......... .......... .......... .......... .......... 7.30M
 61150K .......... .......... .......... .......... .......... 7.11M
 61200K .......... .......... .......... .......... .......... 31.7M
 61250K .......... .......... .......... .......... .......... 4.04M
 61300K .......... .......... .......... .......... .......... 73.0M
 61350K .......... .......... .......... .......... .......... 7.51M
 61400K .......... .......... .......... .......... .......... 7.18M
 61450K .......... .......... .......... .......... .......... 7.00M
 61500K .......... .......... .......... .......... .......... 7.18M
 61550K .......... .......... .......... .......... .......... 81.2M
 61600K .......... .......... .......... .......... .......... 3.75M
 61650K .......... .......... .......... .......... ..........  103M
 61700K .......... .......... .......... .......... .......... 7.23M
 61750K .......... .......... .......... .......... .......... 7.14M
 61800K .......... .......... .......... .......... .......... 7.26M
 61850K .......... .......... .......... .......... .......... 7.02M
 61900K .......... .......... .......... .......... ..........  213M
 61950K .......... .......... .......... .......... .......... 7.04M
 62000K .......... .......... .......... .......... .......... 7.08M
 62050K .......... .......... .......... .......... .......... 7.17M
 62100K .......... .......... .......... .......... .......... 7.00M
 62150K .......... .......... .......... .......... ..........  208M
 62200K .......... .......... .......... .......... .......... 7.17M
 62250K .......... .......... .......... .......... .......... 6.98M
 62300K .......... .......... .......... .......... .......... 7.34M
 62350K .......... .......... .......... .......... .......... 6.98M
 62400K .......... .......... .......... .......... ..........  205M
 62450K .......... .......... .......... .......... .......... 7.03M
 62500K .......... .......... .......... .......... .......... 7.10M
 62550K .......... .......... .......... .......... .......... 7.04M
 62600K .......... .......... .......... .......... ..........  217M
 62650K .......... .......... .......... .......... .......... 7.20M
 62700K .......... .......... .......... .......... .......... 7.06M
 62750K .......... .......... .......... .......... .......... 7.26M
 62800K .......... .......... .......... .......... ..........  182M
 62850K .......... .......... .......... .......... .......... 7.16M
 62900K .......... .......... .......... .......... .......... 7.02M
 62950K .......... .......... .......... .......... .......... 7.27M
 63000K .......... .......... .......... .......... .......... 7.94M
 63050K .......... .......... .......... .......... .......... 54.2M
 63100K .......... .......... .......... .......... .......... 7.26M
 63150K .......... .......... .......... .......... .......... 7.17M
 63200K .......... .......... .......... .......... ..........  162M
 63250K .......... .......... .......... .......... .......... 6.31M
 63300K .......... .......... .......... .......... .......... 8.33M
 63350K .......... .......... .......... .......... .......... 7.11M
 63400K .......... .......... .......... .......... .......... 8.06M
 63450K .......... .......... .......... .......... .......... 53.9M
 63500K .......... .......... .......... .......... .......... 7.05M
 63550K .......... .......... .......... .......... .......... 7.51M
 63600K .......... .......... .......... .......... ..........  145M
 63650K .......... .......... .......... .......... .......... 6.28M
 63700K .......... .......... .......... .......... .......... 8.48M
 63750K .......... .......... .......... .......... .......... 6.79M
 63800K .......... .......... .......... .......... .......... 7.90M
 63850K .......... .......... .......... .......... .......... 82.0M
 63900K .......... .......... .......... .......... .......... 6.80M
 63950K .......... .......... .......... .......... .......... 7.89M
 64000K .......... .......... .......... .......... ..........  128M
 64050K .......... .......... .......... .......... .......... 6.32M
 64100K .......... .......... .......... .......... .......... 8.29M
 64150K .......... .......... .......... .......... .......... 6.61M
 64200K .......... .......... .......... .......... .......... 8.12M
 64250K .......... .......... .......... .......... ..........  107M
 64300K .......... .......... .......... .......... .......... 6.59M
 64350K .......... .......... .......... .......... .......... 8.17M
 64400K .......... .......... .......... .......... .......... 6.26M
 64450K .......... .......... .......... .......... ..........  148M
 64500K .......... .......... .......... .......... .......... 8.43M
 64550K .......... .......... .......... .......... .......... 6.23M
 64600K .......... .......... .......... .......... .......... 8.77M
 64650K .......... .......... .......... .......... ..........  118M
 64700K .......... .......... .......... .......... .......... 6.25M
 64750K .......... .......... .......... .......... .......... 8.64M
 64800K .......... .......... .......... .......... ..........  137M
 64850K .......... .......... .......... .......... .......... 6.13M
 64900K .......... .......... .......... .......... .......... 8.64M
 64950K .......... .......... .......... .......... ..........  181M
 65000K .......... .......... .......... .......... .......... 6.15M
 65050K .......... .......... .......... .......... .......... 8.42M
 65100K .......... .......... .......... .......... ..........  187M
 65150K .......... .......... .......... .......... .......... 6.15M
 65200K .......... .......... .......... .......... .......... 8.65M
 65250K .......... .......... .......... .......... ..........  160M
 65300K .......... .......... .......... .......... .......... 6.19M
 65350K .......... .......... .......... .......... .......... 8.53M
 65400K .......... .......... .......... .......... ..........  116M
 65450K .......... .......... .......... .......... .......... 6.38M
 65500K .......... .......... .......... .......... .......... 8.61M
 65550K .......... .......... .......... ....                  74.5M=9.1s

2025-08-30 04:53:10 (7.06 MB/s) - 'pcl-1.9.1.tar.gz' saved [67158067]

+ tar -xzf pcl-1.9.1.tar.gz
+ cd pcl-pcl-1.9.1
+ mkdir build
+ cd build
+ cmake -DCMAKE_BUILD_TYPE=Release -DBUILD_surface_on_nurbs=ON -DUSE_UMFPACK=ON -DBUILD_examples=ON -DBUILD_apps=ON -DWITH_VTK=ON -DWITH_QT=OFF ..
CMake Deprecation Warning at CMakeLists.txt:8 (cmake_policy):
  The OLD behavior for policy CMP0074 will be removed from a future version
  of CMake.

  The cmake-policies(7) manual explains that the OLD behaviors of all
  policies are deprecated and that a policy should be set to OLD only under
  specific short-term circumstances.  Projects should be ported to the NEW
  behavior and not rely on setting a policy to OLD.


CMake Warning (dev) at /usr/share/cmake/Modules/FindPackageHandleStandardArgs.cmake:438 (message):
  The package name passed to `find_package_handle_standard_args` (LIBUSB_1)
  does not match the name of the calling package (libusb-1.0).  This can lead
  to problems in calling code that expects `find_package` result variables
  (e.g., `_FOUND`) to follow a certain pattern.
Call Stack (most recent call first):
  cmake/Modules/Findlibusb-1.0.cmake:66 (find_package_handle_standard_args)
  CMakeLists.txt:292 (find_package)
This warning is for project developers.  Use -Wno-dev to suppress it.

CMake Warning (dev) at /usr/share/cmake/Modules/FindPackageHandleStandardArgs.cmake:438 (message):
  The package name passed to `find_package_handle_standard_args` (USB_10)
  does not match the name of the calling package (OpenNI).  This can lead to
  problems in calling code that expects `find_package` result variables
  (e.g., `_FOUND`) to follow a certain pattern.
Call Stack (most recent call first):
  cmake/Modules/FindOpenNI.cmake:28 (find_package_handle_standard_args)
  cmake/pcl_targets.cmake:861 (find_package)
  CMakeLists.txt:299 (PCL_ADD_GRABBER_DEPENDENCY)
This warning is for project developers.  Use -Wno-dev to suppress it.

CMake Warning (dev) at /usr/share/cmake/Modules/FindPackageHandleStandardArgs.cmake:438 (message):
  The package name passed to `find_package_handle_standard_args` (USB_10)
  does not match the name of the calling package (OpenNI2).  This can lead to
  problems in calling code that expects `find_package` result variables
  (e.g., `_FOUND`) to follow a certain pattern.
Call Stack (most recent call first):
  cmake/Modules/FindOpenNI2.cmake:28 (find_package_handle_standard_args)
  cmake/pcl_targets.cmake:861 (find_package)
  CMakeLists.txt:300 (PCL_ADD_GRABBER_DEPENDENCY)
This warning is for project developers.  Use -Wno-dev to suppress it.

CMake Warning (dev) at /usr/share/cmake/Modules/FindPackageHandleStandardArgs.cmake:438 (message):
  The package name passed to `find_package_handle_standard_args` (ENSENSO)
  does not match the name of the calling package (Ensenso).  This can lead to
  problems in calling code that expects `find_package` result variables
  (e.g., `_FOUND`) to follow a certain pattern.
Call Stack (most recent call first):
  cmake/Modules/FindEnsenso.cmake:41 (find_package_handle_standard_args)
  cmake/pcl_targets.cmake:861 (find_package)
  CMakeLists.txt:302 (PCL_ADD_GRABBER_DEPENDENCY)
This warning is for project developers.  Use -Wno-dev to suppress it.

CMake Error at /usr/lib64/cmake/vtk/vtkDetectLibraryType.cmake:23 (message):
  The `PATH` argument is required.
Call Stack (most recent call first):
  /usr/lib64/cmake/vtk/FindGLEW.cmake:19 (vtk_detect_library_type)
  /usr/lib64/cmake/vtk/VTK-vtk-module-find-packages.cmake:303 (find_package)
  /usr/lib64/cmake/vtk/vtk-config.cmake:150 (include)
  CMakeLists.txt:366 (find_package)


FATAL:   While performing build: while running engine: exit status 1
