Lmod has detected the following error: The following module(s) are unknown:
"GCCcore/11.3.3"

Please check the spelling or version number. Also try "module spider ..."
It is also possible your cache file is out-of-date; it may help to try:
  $ module --ignore_cache load "GCCcore/11.3.3"

Also make sure that all modulefiles written in TCL start with the string
#%Module



=== Running Edgeline Extraction with Adaptive Sensitivity ===
Started: Sun 16 Nov 2025 23:29:15 AEDT
INFO:    gocryptfs not found, will not be able to use gocryptfs
Processing directory: Temp/
Surface 0 point cloud file: Temp/Data/Pot_A/Pot_A_Piece_01_Surface_0.xyz
Surface 1 point cloud file: Temp/Data/Pot_A/Pot_A_Piece_01_Surface_1.xyz
[EDGELINE DEBUG] processFragmentData surface=Temp/Data/Pot_A/Pot_A_Piece_01_Surface_0.xyz mesh=Temp/Pot_A_Piece_01_Mesh.obj
Fragment: Temp/Pot_A_Piece_01_Mesh.obj

Cleaning surface point cloud...
Estimating patch normals and breaklines...
[EDGELINE DEBUG] readFile cols=3 file=Temp/Temp_edge/Pot_A/pointCloudFromMesh.xyz rows=7017
Getting the inital boundary...
[ADAPTIVE BOUNDARY EDGE] 7017 points, spacing≈0.238756mm, boundary_r=3mm
[1;33m[pcl::PLYReader] Temp/Data/Pot_A/Pot_A_Piece_01_unclustered.ply:25: property 'float32 focal' of element 'camera' is not handled
[0;m[1;33m[pcl::PLYReader] Temp/Data/Pot_A/Pot_A_Piece_01_unclustered.ply:26: property 'float32 scalex' of element 'camera' is not handled
[0;m[1;33m[pcl::PLYReader] Temp/Data/Pot_A/Pot_A_Piece_01_unclustered.ply:27: property 'float32 scaley' of element 'camera' is not handled
[0;m[1;33m[pcl::PLYReader] Temp/Data/Pot_A/Pot_A_Piece_01_unclustered.ply:28: property 'float32 centerx' of element 'camera' is not handled
[0;m[1;33m[pcl::PLYReader] Temp/Data/Pot_A/Pot_A_Piece_01_unclustered.ply:29: property 'float32 centery' of element 'camera' is not handled
[0;m[1;33m[pcl::PLYReader] Temp/Data/Pot_A/Pot_A_Piece_01_unclustered.ply:32: property 'float32 k1' of element 'camera' is not handled
[0;m[1;33m[pcl::PLYReader] Temp/Data/Pot_A/Pot_A_Piece_01_unclustered.ply:33: property 'float32 k2' of element 'camera' is not handled
[0;m[ADAPTIVE OUTLIER] 322 boundary points, spacing≈1.11456mm, outlier_r=8.91645mm, min_neighbors=6
[ADAPTIVE SEQUENCING] Boundary has 322 points, using K=32 for point sequencing
[EDGELINE DEBUG] Saving breakLineFromConcaveHull in ASCII mode...
[1;33m[pcl::PLYReader] Temp/Temp_edge/Pot_A/_breakLineFromConcaveHull.ply:21: property 'float32 focal' of element 'camera' is not handled
[0;m[1;33m[pcl::PLYReader] Temp/Temp_edge/Pot_A/_breakLineFromConcaveHull.ply:22: property 'float32 scalex' of element 'camera' is not handled
[0;m[1;33m[pcl::PLYReader] Temp/Temp_edge/Pot_A/_breakLineFromConcaveHull.ply:23: property 'float32 scaley' of element 'camera' is not handled
[0;m[1;33m[pcl::PLYReader] Temp/Temp_edge/Pot_A/_breakLineFromConcaveHull.ply:24: property 'float32 centerx' of element 'camera' is not handled
[0;m[1;33m[pcl::PLYReader] Temp/Temp_edge/Pot_A/_breakLineFromConcaveHull.ply:25: property 'float32 centery' of element 'camera' is not handled
[0;m[1;33m[pcl::PLYReader] Temp/Temp_edge/Pot_A/_breakLineFromConcaveHull.ply:28: property 'float32 k1' of element 'camera' is not handled
[0;m[1;33m[pcl::PLYReader] Temp/Temp_edge/Pot_A/_breakLineFromConcaveHull.ply:29: property 'float32 k2' of element 'camera' is not handled
[0;mInitiating uniform sampling and smoothing of breakline segments...
[ADAPTIVE SPHERE-MARCHING] Input points: 256, avgSpacing: 1.44529m (1445.29mm), max_radius: 5mm, adaptiveRadius: 0.005m (5mm)
[BREAKLINE DEBUG] Smoothed breakline output points: 254
[INTEGRATION POINT #1] Pre-densification: 254 points
[DENSIFY] Breakline already dense (254 points >= 160 target), skipping densification
[INTEGRATION POINT #1] Post-densification: 254 points
  loading Temp/Temp_edge/Pot_A/cloudForSpline.pcd
  7017 points in data set
  surface fitting ...
Surface refinement
Surface fitting with final refinement level
Evaluating points on surface
[1;33mFailed to find match for field 'normal_x'.
[0;m[1;33mFailed to find match for field 'normal_y'.
[0;m[1;33mFailed to find match for field 'normal_z'.
[0;m[1;33mFailed to find match for field 'curvature'.
[0;m-127
Clock Wise - Changing sequence
Detecting separate line segments...
[EDGELINE DEBUG] readFile cols=3 file=Temp/Temp_edge/Pot_A/CompleteBreakline.xyz rows=254
[EDGELINE DEBUG] detectSeparateLineSegments: file=Temp/Temp_edge/Pot_A/CompleteBreakline.xyz len=10
[EDGELINE DEBUG] readFile cols=3 file=Temp/Temp_edge/Pot_A/CompleteBreakline.xyz rows=254
[EDGELINE DEBUG] readFile cols=6 file=Temp/Temp_edge/Pot_A/CompleteBreakline.xyz rows=254
[EDGELINE DEBUG] b1 rows=254 cols=3 b1_withN rows=254 cols=6
[EDGELINE DEBUG] dist_scoreB1 size=274x1 distScoreOriginalLength size=254x1
[EDGELINE DEBUG] bCombined size=274x3
[ADAPTIVE PEAK DETECTION] Dense breakline (254 points) using standard sensitivity (divisor=4)
tected segments = 
[EDGELINE DEBUG] readFile cols=6 file=Segments/1.xyz rows=17
[EDGELINE DEBUG] readFile cols=6 file=Segments/2.xyz rows=239
[EDGELINE DEBUG] detectedPeakIndices size=2
Detecting rim...
[EDGELINE DEBUG] Segments files count=2
[EDGELINE DEBUG] axisInfoAvailable=0 path=Dataset/Axes/Pot_A_Piece_01_Axis.xyz
[EDGELINE DEBUG] readFile cols=6 file=Segments/1.xyz rows=17
[DEBUG MATRIX] Segment file Segments/1.xyz matrix dimensions: 17x6
[DEBUG LOOP] Starting segment processing loop, rows=17 cols=6
[EDGELINE DEBUG] Load PLY normals: Temp/Data/Pot_A/Pot_A_Piece_01_SampledWithNormals.ply
[1;33m[pcl::PLYReader] Temp/Data/Pot_A/Pot_A_Piece_01_SampledWithNormals.ply:25: property 'float32 focal' of element 'camera' is not handled
[0;m[1;33m[pcl::PLYReader] Temp/Data/Pot_A/Pot_A_Piece_01_SampledWithNormals.ply:26: property 'float32 scalex' of element 'camera' is not handled
[0;m[1;33m[pcl::PLYReader] Temp/Data/Pot_A/Pot_A_Piece_01_SampledWithNormals.ply:27: property 'float32 scaley' of element 'camera' is not handled
[0;m[1;33m[pcl::PLYReader] Temp/Data/Pot_A/Pot_A_Piece_01_SampledWithNormals.ply:28: property 'float32 centerx' of element 'camera' is not handled
[0;m[1;33m[pcl::PLYReader] Temp/Data/Pot_A/Pot_A_Piece_01_SampledWithNormals.ply:29: property 'float32 centery' of element 'camera' is not handled
[0;m[1;33m[pcl::PLYReader] Temp/Data/Pot_A/Pot_A_Piece_01_SampledWithNormals.ply:32: property 'float32 k1' of element 'camera' is not handled
[0;m[1;33m[pcl::PLYReader] Temp/Data/Pot_A/Pot_A_Piece_01_SampledWithNormals.ply:33: property 'float32 k2' of element 'camera' is not handled
[0;m[EDGELINE DEBUG] Loaded PointNormal PLY ok, size=8854
C1 0.0033121 C2 0.00882636
Mean = 0.00606923
[EDGELINE DEBUG] readFile cols=6 file=Segments/2.xyz rows=239
[DEBUG MATRIX] Segment file Segments/2.xyz matrix dimensions: 239x6
[DEBUG LOOP] Starting segment processing loop, rows=239 cols=6
[EDGELINE DEBUG] Load PLY normals: Temp/Data/Pot_A/Pot_A_Piece_01_SampledWithNormals.ply
[1;33m[pcl::PLYReader] Temp/Data/Pot_A/Pot_A_Piece_01_SampledWithNormals.ply:25: property 'float32 focal' of element 'camera' is not handled
[0;m[1;33m[pcl::PLYReader] Temp/Data/Pot_A/Pot_A_Piece_01_SampledWithNormals.ply:26: property 'float32 scalex' of element 'camera' is not handled
[0;m[1;33m[pcl::PLYReader] Temp/Data/Pot_A/Pot_A_Piece_01_SampledWithNormals.ply:27: property 'float32 scaley' of element 'camera' is not handled
[0;m[1;33m[pcl::PLYReader] Temp/Data/Pot_A/Pot_A_Piece_01_SampledWithNormals.ply:28: property 'float32 centerx' of element 'camera' is not handled
[0;m[1;33m[pcl::PLYReader] Temp/Data/Pot_A/Pot_A_Piece_01_SampledWithNormals.ply:29: property 'float32 centery' of element 'camera' is not handled
[0;m[1;33m[pcl::PLYReader] Temp/Data/Pot_A/Pot_A_Piece_01_SampledWithNormals.ply:32: property 'float32 k1' of element 'camera' is not handled
[0;m[1;33m[pcl::PLYReader] Temp/Data/Pot_A/Pot_A_Piece_01_SampledWithNormals.ply:33: property 'float32 k2' of element 'camera' is not handled
[0;m[EDGELINE DEBUG] Loaded PointNormal PLY ok, size=8854
C1 0.00418853 C2 0.00633537
Mean = 0.00526195
Axis information is not available.
Saved PCD with 3 segments to: Dataset/Breaklines/Pot_A/Pot_A_Piece_01_Breakline_0.pcd
[EDGELINE DEBUG] Saving CompleteBreakline PLY in ASCII mode...
Getting points on fractured surface...
[EDGELINE DEBUG] readFile cols=6 file=Segments/1.xyz rows=17
[EDGELINE DEBUG] Load PLY normals: Temp/Data/Pot_A/Pot_A_Piece_01_SampledWithNormals.ply
[1;33m[pcl::PLYReader] Temp/Data/Pot_A/Pot_A_Piece_01_SampledWithNormals.ply:25: property 'float32 focal' of element 'camera' is not handled
[0;m[1;33m[pcl::PLYReader] Temp/Data/Pot_A/Pot_A_Piece_01_SampledWithNormals.ply:26: property 'float32 scalex' of element 'camera' is not handled
[0;m[1;33m[pcl::PLYReader] Temp/Data/Pot_A/Pot_A_Piece_01_SampledWithNormals.ply:27: property 'float32 scaley' of element 'camera' is not handled
[0;m[1;33m[pcl::PLYReader] Temp/Data/Pot_A/Pot_A_Piece_01_SampledWithNormals.ply:28: property 'float32 centerx' of element 'camera' is not handled
[0;m[1;33m[pcl::PLYReader] Temp/Data/Pot_A/Pot_A_Piece_01_SampledWithNormals.ply:29: property 'float32 centery' of element 'camera' is not handled
[0;m[1;33m[pcl::PLYReader] Temp/Data/Pot_A/Pot_A_Piece_01_SampledWithNormals.ply:32: property 'float32 k1' of element 'camera' is not handled
[0;m[1;33m[pcl::PLYReader] Temp/Data/Pot_A/Pot_A_Piece_01_SampledWithNormals.ply:33: property 'float32 k2' of element 'camera' is not handled
[0;m[EDGELINE DEBUG] Loaded PointNormal PLY ok, size=8854
C1 0.003011 C2 0.0106986
Mean = 0.00685481
[FRACTURE SURFACE] Extracting fracture surface points for segment 1
[EDGELINE DEBUG] Load PLY normals: Temp/Data/Pot_A/Pot_A_Piece_01_SampledWithNormals.ply
[1;33m[pcl::PLYReader] Temp/Data/Pot_A/Pot_A_Piece_01_SampledWithNormals.ply:25: property 'float32 focal' of element 'camera' is not handled
[0;m[1;33m[pcl::PLYReader] Temp/Data/Pot_A/Pot_A_Piece_01_SampledWithNormals.ply:26: property 'float32 scalex' of element 'camera' is not handled
[0;m[1;33m[pcl::PLYReader] Temp/Data/Pot_A/Pot_A_Piece_01_SampledWithNormals.ply:27: property 'float32 scaley' of element 'camera' is not handled
[0;m[1;33m[pcl::PLYReader] Temp/Data/Pot_A/Pot_A_Piece_01_SampledWithNormals.ply:28: property 'float32 centerx' of element 'camera' is not handled
[0;m[1;33m[pcl::PLYReader] Temp/Data/Pot_A/Pot_A_Piece_01_SampledWithNormals.ply:29: property 'float32 centery' of element 'camera' is not handled
[0;m[1;33m[pcl::PLYReader] Temp/Data/Pot_A/Pot_A_Piece_01_SampledWithNormals.ply:32: property 'float32 k1' of element 'camera' is not handled
[0;m[1;33m[pcl::PLYReader] Temp/Data/Pot_A/Pot_A_Piece_01_SampledWithNormals.ply:33: property 'float32 k2' of element 'camera' is not handled
[0;m[EDGELINE DEBUG] Loaded PointNormal PLY ok, size=8854
[EDGELINE DEBUG] readFile cols=6 file=Segments/2.xyz rows=239
[EDGELINE DEBUG] Load PLY normals: Temp/Data/Pot_A/Pot_A_Piece_01_SampledWithNormals.ply
[1;33m[pcl::PLYReader] Temp/Data/Pot_A/Pot_A_Piece_01_SampledWithNormals.ply:25: property 'float32 focal' of element 'camera' is not handled
[0;m[1;33m[pcl::PLYReader] Temp/Data/Pot_A/Pot_A_Piece_01_SampledWithNormals.ply:26: property 'float32 scalex' of element 'camera' is not handled
[0;m[1;33m[pcl::PLYReader] Temp/Data/Pot_A/Pot_A_Piece_01_SampledWithNormals.ply:27: property 'float32 scaley' of element 'camera' is not handled
[0;m[1;33m[pcl::PLYReader] Temp/Data/Pot_A/Pot_A_Piece_01_SampledWithNormals.ply:28: property 'float32 centerx' of element 'camera' is not handled
[0;m[1;33m[pcl::PLYReader] Temp/Data/Pot_A/Pot_A_Piece_01_SampledWithNormals.ply:29: property 'float32 centery' of element 'camera' is not handled
[0;m[1;33m[pcl::PLYReader] Temp/Data/Pot_A/Pot_A_Piece_01_SampledWithNormals.ply:32: property 'float32 k1' of element 'camera' is not handled
[0;m[1;33m[pcl::PLYReader] Temp/Data/Pot_A/Pot_A_Piece_01_SampledWithNormals.ply:33: property 'float32 k2' of element 'camera' is not handled
[0;m[EDGELINE DEBUG] Loaded PointNormal PLY ok, size=8854
C1 0.00417055 C2 0.00630818
Mean = 0.00523936
[FRACTURE SURFACE] Extracting fracture surface points for segment 2
[EDGELINE DEBUG] Load PLY normals: Temp/Data/Pot_A/Pot_A_Piece_01_SampledWithNormals.ply
[1;33m[pcl::PLYReader] Temp/Data/Pot_A/Pot_A_Piece_01_SampledWithNormals.ply:25: property 'float32 focal' of element 'camera' is not handled
[0;m[1;33m[pcl::PLYReader] Temp/Data/Pot_A/Pot_A_Piece_01_SampledWithNormals.ply:26: property 'float32 scalex' of element 'camera' is not handled
[0;m[1;33m[pcl::PLYReader] Temp/Data/Pot_A/Pot_A_Piece_01_SampledWithNormals.ply:27: property 'float32 scaley' of element 'camera' is not handled
[0;m[1;33m[pcl::PLYReader] Temp/Data/Pot_A/Pot_A_Piece_01_SampledWithNormals.ply:28: property 'float32 centerx' of element 'camera' is not handled
[0;m[1;33m[pcl::PLYReader] Temp/Data/Pot_A/Pot_A_Piece_01_SampledWithNormals.ply:29: property 'float32 centery' of element 'camera' is not handled
[0;m[1;33m[pcl::PLYReader] Temp/Data/Pot_A/Pot_A_Piece_01_SampledWithNormals.ply:32: property 'float32 k1' of element 'camera' is not handled
[0;m[1;33m[pcl::PLYReader] Temp/Data/Pot_A/Pot_A_Piece_01_SampledWithNormals.ply:33: property 'float32 k2' of element 'camera' is not handled
[0;m[EDGELINE DEBUG] Loaded PointNormal PLY ok, size=8854
[EDGELINE DEBUG] clusteringOnNormalsForDetectingFracturedSurfacePts: too few points, skipping.
[EDGELINE DEBUG] clusteringOnNormalsForDetectingFracturedSurfacePts: too few points, skipping.
[EDGELINE DEBUG] clusteringOnNormalsForDetectingFracturedSurfacePts: too few points, skipping.
[EDGELINE DEBUG] clusteringOnNormalsForDetectingFracturedSurfacePts: too few points, skipping.
[EDGELINE DEBUG] clusteringOnNormalsForDetectingFracturedSurfacePts: too few points, skipping.
[EDGELINE DEBUG] clusteringOnNormalsForDetectingFracturedSurfacePts: too few points, skipping.
[EDGELINE DEBUG] clusteringOnNormalsForDetectingFracturedSurfacePts: too few points, skipping.
[EDGELINE DEBUG] clusteringOnNormalsForDetectingFracturedSurfacePts: too few points, skipping.
[EDGELINE DEBUG] clusteringOnNormalsForDetectingFracturedSurfacePts: too few points, skipping.
[EDGELINE DEBUG] clusteringOnNormalsForDetectingFracturedSurfacePts: too few points, skipping.
[EDGELINE DEBUG] clusteringOnNormalsForDetectingFracturedSurfacePts: too few points, skipping.
[EDGELINE DEBUG] clusteringOnNormalsForDetectingFracturedSurfacePts: too few points, skipping.
[EDGELINE DEBUG] clusteringOnNormalsForDetectingFracturedSurfacePts: too few points, skipping.
[EDGELINE DEBUG] clusteringOnNormalsForDetectingFracturedSurfacePts: too few points, skipping.
[EDGELINE DEBUG] clusteringOnNormalsForDetectingFracturedSurfacePts: too few points, skipping.
[EDGELINE DEBUG] clusteringOnNormalsForDetectingFracturedSurfacePts: too few points, skipping.
[EDGELINE DEBUG] clusteringOnNormalsForDetectingFracturedSurfacePts: too few points, skipping.
[EDGELINE DEBUG] clusteringOnNormalsForDetectingFracturedSurfacePts: too few points, skipping.
[EDGELINE DEBUG] clusteringOnNormalsForDetectingFracturedSurfacePts: too few points, skipping.
[EDGELINE DEBUG] clusteringOnNormalsForDetectingFracturedSurfacePts: too few points, skipping.
[EDGELINE DEBUG] clusteringOnNormalsForDetectingFracturedSurfacePts: too few points, skipping.
[EDGELINE DEBUG] clusteringOnNormalsForDetectingFracturedSurfacePts: too few points, skipping.
[EDGELINE DEBUG] clusteringOnNormalsForDetectingFracturedSurfacePts: too few points, skipping.
[EDGELINE DEBUG] clusteringOnNormalsForDetectingFracturedSurfacePts: too few points, skipping.
[EDGELINE DEBUG] clusteringOnNormalsForDetectingFracturedSurfacePts: too few points, skipping.
[EDGELINE DEBUG] clusteringOnNormalsForDetectingFracturedSurfacePts: too few points, skipping.
[EDGELINE DEBUG] clusteringOnNormalsForDetectingFracturedSurfacePts: too few points, skipping.
[EDGELINE DEBUG] clusteringOnNormalsForDetectingFracturedSurfacePts: too few points, skipping.
[EDGELINE DEBUG] clusteringOnNormalsForDetectingFracturedSurfacePts: too few points, skipping.
[EDGELINE DEBUG] clusteringOnNormalsForDetectingFracturedSurfacePts: too few points, skipping.
[EDGELINE DEBUG] clusteringOnNormalsForDetectingFracturedSurfacePts: too few points, skipping.
[EDGELINE DEBUG] clusteringOnNormalsForDetectingFracturedSurfacePts: too few points, skipping.
[EDGELINE DEBUG] clusteringOnNormalsForDetectingFracturedSurfacePts: too few points, skipping.
[EDGELINE DEBUG] clusteringOnNormalsForDetectingFracturedSurfacePts: too few points, skipping.
[EDGELINE DEBUG] clusteringOnNormalsForDetectingFracturedSurfacePts: too few points, skipping.
[EDGELINE DEBUG] clusteringOnNormalsForDetectingFracturedSurfacePts: too few points, skipping.
[EDGELINE DEBUG] clusteringOnNormalsForDetectingFracturedSurfacePts: too few points, skipping.
[EDGELINE DEBUG] clusteringOnNormalsForDetectingFracturedSurfacePts: too few points, skipping.
[EDGELINE DEBUG] clusteringOnNormalsForDetectingFracturedSurfacePts: too few points, skipping.
[EDGELINE DEBUG] clusteringOnNormalsForDetectingFracturedSurfacePts: too few points, skipping.
[EDGELINE DEBUG] clusteringOnNormalsForDetectingFracturedSurfacePts: too few points, skipping.
[EDGELINE DEBUG] clusteringOnNormalsForDetectingFracturedSurfacePts: too few points, skipping.
[EDGELINE DEBUG] clusteringOnNormalsForDetectingFracturedSurfacePts: too few points, skipping.
[EDGELINE DEBUG] clusteringOnNormalsForDetectingFracturedSurfacePts: too few points, skipping.
[EDGELINE DEBUG] clusteringOnNormalsForDetectingFracturedSurfacePts: too few points, skipping.
[FRACTURE SURFACE] Saving 0 fracture surface points to: Dataset/Surfaces/Pot_A/Pot_A_Piece_01_Surface_F.pcd
Error occurred: : [pcl::PCDWriter::writeASCII] Input point cloud has no data!
Time until error: 1.96139 seconds
Completed: Sun 16 Nov 2025 23:29:17 AEDT

=== Output Summary ===
Breaklines (PCD): 1 files

Adaptive sensitivity usage:
[ADAPTIVE PEAK DETECTION] Dense breakline (254 points) using standard sensitivity (divisor=4)
