=== Rebuilding EdgeLineExtractionHeadless with Densification Fixes ====
Started: Wed 22 Oct 2025 13:13:03 AEDT
Rebuilding EdgeLineExtractionHeadless...
INFO:    gocryptfs not found, will not be able to use gocryptfs
[  6%] Building CXX object CMakeFiles/EdgeLineExtractionHeadless.dir/edgeline_extraction_headless.cpp.o
In file included from /usr/include/CGAL/Polygon_mesh_processing/smooth_mesh.h:21,
                 from /workspace/original_nurbs_preprocessing/edgeline_extraction_headless.cpp:139:
/usr/include/CGAL/Installation/internal/deprecation_warning.h:80:6: warning: #warning "A deprecated header has been included." [-Wcpp]
   80 | #    warning "A deprecated header has been included."
      |      ^~~~~~~
In file included from /usr/include/boost/smart_ptr/detail/sp_thread_sleep.hpp:22,
                 from /usr/include/boost/smart_ptr/detail/yield_k.hpp:23,
                 from /usr/include/boost/smart_ptr/detail/spinlock_gcc_atomic.hpp:14,
                 from /usr/include/boost/smart_ptr/detail/spinlock.hpp:42,
                 from /usr/include/boost/smart_ptr/detail/spinlock_pool.hpp:25,
                 from /usr/include/boost/smart_ptr/shared_ptr.hpp:29,
                 from /usr/include/boost/shared_ptr.hpp:17,
                 from /usr/local/include/pcl-1.9/pcl/pcl_base.h:48,
                 from /usr/local/include/pcl-1.9/pcl/filters/filter.h:43,
                 from /usr/local/include/pcl-1.9/pcl/filters/uniform_sampling.h:43,
                 from /workspace/original_nurbs_preprocessing/edgeline_extraction_headless.cpp:22:
/usr/include/boost/bind.hpp:36:1: note: '#pragma message: The practice of declaring the Bind placeholders (_1, _2, ...) in the global namespace is deprecated. Please use <boost/bind/bind.hpp> + using namespace boost::placeholders, or define BOOST_BIND_GLOBAL_PLACEHOLDERS to retain the current behavior.'
   36 | BOOST_PRAGMA_MESSAGE(
      | ^~~~~~~~~~~~~~~~~~~~
/usr/include/boost/detail/iterator.hpp:13:1: note: '#pragma message: This header is deprecated. Use <iterator> instead.'
   13 | BOOST_HEADER_DEPRECATED("<iterator>")
      | ^~~~~~~~~~~~~~~~~~~~~~~
In file included from /usr/include/CGAL/Polygon_mesh_processing/smooth_mesh.h:21,
                 from /workspace/original_nurbs_preprocessing/edgeline_extraction_headless.cpp:139:
/usr/include/CGAL/Installation/internal/deprecation_warning.h:81:54: note: '#pragma message: Warning: The header `<CGAL/Polygon_mesh_processing/smooth_mesh.h>` is deprecated. Please use `<CGAL/Polygon_mesh_processing/angle_and_area_smoothing.h>` instead. '
   81 | #    pragma message (CGAL_INTERNAL_DEPRECATED_MESSAGE)
      |                                                      ^
/workspace/original_nurbs_preprocessing/edgeline_extraction_headless.cpp: In function 'Eigen::MatrixXd smoothAndSampleBreaklinesVer4UsingBSpline(Eigen::MatrixXd&)':
/workspace/original_nurbs_preprocessing/edgeline_extraction_headless.cpp:558:50: warning: use of old-style cast to 'int' [-Wold-style-cast]
  558 |         for (int j = 0; j < std::min((int)P.rows() - 1, 20); j++) {
      |                                                  ^
      |                                      -------------
      |                                      static_cast<int> (P.rows())
/workspace/original_nurbs_preprocessing/edgeline_extraction_headless.cpp:654:58: error: no matching function for call to 'max(int, Eigen::Index)'
  654 |                         int points_per_segment = std::max(1, points_to_add / (smoothedBreakLine.rows() - 1));
      |                                                  ~~~~~~~~^~~~~~~~~~~~~~~~~~~~~~~~~~~~~~~~~~~~~~~~~~~~~~~~~~~
In file included from /usr/include/c++/11/bits/char_traits.h:39,
                 from /usr/include/c++/11/ios:40,
                 from /usr/include/c++/11/ostream:38,
                 from /usr/include/c++/11/iostream:39,
                 from /workspace/original_nurbs_preprocessing/edgeline_extraction_headless.cpp:12:
/usr/include/c++/11/bits/stl_algobase.h:254:5: note: candidate: 'template<class _Tp> constexpr const _Tp& std::max(const _Tp&, const _Tp&)'
  254 |     max(const _Tp& __a, const _Tp& __b)
      |     ^~~
/usr/include/c++/11/bits/stl_algobase.h:254:5: note:   template argument deduction/substitution failed:
/workspace/original_nurbs_preprocessing/edgeline_extraction_headless.cpp:654:58: note:   deduced conflicting types for parameter 'const _Tp' ('int' and 'Eigen::Index' {aka 'long int'})
  654 |                         int points_per_segment = std::max(1, points_to_add / (smoothedBreakLine.rows() - 1));
      |                                                  ~~~~~~~~^~~~~~~~~~~~~~~~~~~~~~~~~~~~~~~~~~~~~~~~~~~~~~~~~~~
In file included from /usr/include/c++/11/bits/char_traits.h:39,
                 from /usr/include/c++/11/ios:40,
                 from /usr/include/c++/11/ostream:38,
                 from /usr/include/c++/11/iostream:39,
                 from /workspace/original_nurbs_preprocessing/edgeline_extraction_headless.cpp:12:
/usr/include/c++/11/bits/stl_algobase.h:300:5: note: candidate: 'template<class _Tp, class _Compare> constexpr const _Tp& std::max(const _Tp&, const _Tp&, _Compare)'
  300 |     max(const _Tp& __a, const _Tp& __b, _Compare __comp)
      |     ^~~
/usr/include/c++/11/bits/stl_algobase.h:300:5: note:   template argument deduction/substitution failed:
/workspace/original_nurbs_preprocessing/edgeline_extraction_headless.cpp:654:58: note:   deduced conflicting types for parameter 'const _Tp' ('int' and 'Eigen::Index' {aka 'long int'})
  654 |                         int points_per_segment = std::max(1, points_to_add / (smoothedBreakLine.rows() - 1));
      |                                                  ~~~~~~~~^~~~~~~~~~~~~~~~~~~~~~~~~~~~~~~~~~~~~~~~~~~~~~~~~~~
In file included from /usr/include/c++/11/functional:65,
                 from /usr/include/eigen3/Eigen/Core:85,
                 from /usr/include/eigen3/Eigen/Dense:1,
                 from /workspace/original_nurbs_preprocessing/edgeline_extraction_headless.cpp:13:
/usr/include/c++/11/bits/stl_algo.h:3461:5: note: candidate: 'template<class _Tp> constexpr _Tp std::max(std::initializer_list<_Tp>)'
 3461 |     max(initializer_list<_Tp> __l)
      |     ^~~
/usr/include/c++/11/bits/stl_algo.h:3461:5: note:   template argument deduction/substitution failed:
/workspace/original_nurbs_preprocessing/edgeline_extraction_headless.cpp:654:58: note:   mismatched types 'std::initializer_list<_Tp>' and 'int'
  654 |                         int points_per_segment = std::max(1, points_to_add / (smoothedBreakLine.rows() - 1));
      |                                                  ~~~~~~~~^~~~~~~~~~~~~~~~~~~~~~~~~~~~~~~~~~~~~~~~~~~~~~~~~~~
In file included from /usr/include/c++/11/functional:65,
                 from /usr/include/eigen3/Eigen/Core:85,
                 from /usr/include/eigen3/Eigen/Dense:1,
                 from /workspace/original_nurbs_preprocessing/edgeline_extraction_headless.cpp:13:
/usr/include/c++/11/bits/stl_algo.h:3467:5: note: candidate: 'template<class _Tp, class _Compare> constexpr _Tp std::max(std::initializer_list<_Tp>, _Compare)'
 3467 |     max(initializer_list<_Tp> __l, _Compare __comp)
      |     ^~~
/usr/include/c++/11/bits/stl_algo.h:3467:5: note:   template argument deduction/substitution failed:
/workspace/original_nurbs_preprocessing/edgeline_extraction_headless.cpp:654:58: note:   mismatched types 'std::initializer_list<_Tp>' and 'int'
  654 |                         int points_per_segment = std::max(1, points_to_add / (smoothedBreakLine.rows() - 1));
      |                                                  ~~~~~~~~^~~~~~~~~~~~~~~~~~~~~~~~~~~~~~~~~~~~~~~~~~~~~~~~~~~
/workspace/original_nurbs_preprocessing/edgeline_extraction_headless.cpp:667:81: warning: use of old-style cast to 'double' [-Wold-style-cast]
  667 |                                         double t = j / (double)(interp_count + 1);
      |                                                                                 ^
      |                                                        --------
      |                                                        static_cast<double> (     )
/workspace/original_nurbs_preprocessing/edgeline_extraction_headless.cpp: In function 'std::vector<int> detectSeparateLineSegments(std::string, int)':
/workspace/original_nurbs_preprocessing/edgeline_extraction_headless.cpp:1528:67: warning: use of old-style cast to 'int' [-Wold-style-cast]
 1528 |             int i0 = std::max(0, i-1), i1 = std::min((int)b1.rows()-1, i+1);
      |                                                                   ^
      |                                                      --------------
      |                                                      static_cast<int> (b1.rows())
/workspace/original_nurbs_preprocessing/edgeline_extraction_headless.cpp:1561:44: warning: use of old-style cast to 'size_t' {aka 'long unsigned int'} [-Wold-style-cast]
 1561 |         if (i >= (size_t)dist_scoreB1.rows()) { std::cerr << "[EDGELINE DEBUG] OOB write dist_scoreB1 i=" << i << std::endl; break; }
      |                                            ^
      |                  --------
      |                  static_cast<size_t> (      )
/workspace/original_nurbs_preprocessing/edgeline_extraction_headless.cpp:1613:65: warning: use of old-style cast to 'size_t' {aka 'long unsigned int'} [-Wold-style-cast]
 1613 |     for (size_t i = 0; i < (size_t)distScoreOriginalLength.rows(); i++)
      |                                                                 ^
      |                            --------
      |                            static_cast<size_t> (                 )
/workspace/original_nurbs_preprocessing/edgeline_extraction_headless.cpp:1615:34: warning: use of old-style cast to 'size_t' {aka 'long unsigned int'} [-Wold-style-cast]
 1615 |         size_t src = i + (size_t)len;
      |                                  ^~~
      |                          -----------
      |                          static_cast<size_t> (len)
/workspace/original_nurbs_preprocessing/edgeline_extraction_headless.cpp:1616:46: warning: use of old-style cast to 'size_t' {aka 'long unsigned int'} [-Wold-style-cast]
 1616 |         if (src >= (size_t)dist_scoreB1.rows()) src = dist_scoreB1.rows() - 1;
      |                                              ^
      |                    --------
      |                    static_cast<size_t> (      )
make[3]: *** [CMakeFiles/EdgeLineExtractionHeadless.dir/build.make:76: CMakeFiles/EdgeLineExtractionHeadless.dir/edgeline_extraction_headless.cpp.o] Error 1
make[2]: *** [CMakeFiles/Makefile2:173: CMakeFiles/EdgeLineExtractionHeadless.dir/all] Error 2
make[1]: *** [CMakeFiles/Makefile2:180: CMakeFiles/EdgeLineExtractionHeadless.dir/rule] Error 2
make: *** [Makefile:163: EdgeLineExtractionHeadless] Error 2
❌ EdgeLineExtractionHeadless rebuild failed!
