=== Rebuilding NURBS MeshPreprocessingHeadless with Debug Logging ===
Started: Wed 22 Oct 2025 12:41:26 AEDT
Rebuilding MeshPreprocessingHeadless...
INFO:    gocryptfs not found, will not be able to use gocryptfs
[ 50%] Building CXX object CMakeFiles/MeshPreprocessingHeadless.dir/mesh_processing_headless.cpp.o
In file included from /usr/include/CGAL/Polygon_mesh_processing/smooth_mesh.h:21,
                 from /workspace/original_nurbs_preprocessing/mesh_processing_headless.cpp:156:
/usr/include/CGAL/Installation/internal/deprecation_warning.h:80:6: warning: #warning "A deprecated header has been included." [-Wcpp]
   80 | #    warning "A deprecated header has been included."
      |      ^~~~~~~
In file included from /usr/include/CGAL/Surface_mesh_simplification/Policies/Edge_collapse/Count_ratio_stop_predicate.h:18,
                 from /workspace/original_nurbs_preprocessing/mesh_processing_headless.cpp:212:
/usr/include/CGAL/Installation/internal/deprecation_warning.h:80:6: warning: #warning "A deprecated header has been included." [-Wcpp]
   80 | #    warning "A deprecated header has been included."
      |      ^~~~~~~
In file included from /usr/include/boost/smart_ptr/detail/sp_thread_sleep.hpp:22,
                 from /usr/include/boost/smart_ptr/detail/yield_k.hpp:23,
                 from /usr/include/boost/smart_ptr/detail/spinlock_gcc_atomic.hpp:14,
                 from /usr/include/boost/smart_ptr/detail/spinlock.hpp:42,
                 from /usr/include/boost/smart_ptr/detail/spinlock_pool.hpp:25,
                 from /usr/include/boost/smart_ptr/shared_ptr.hpp:29,
                 from /usr/include/boost/shared_ptr.hpp:17,
                 from /usr/include/boost/date_time/time_clock.hpp:17,
                 from /usr/include/boost/thread/thread_time.hpp:9,
                 from /usr/include/boost/thread/lock_types.hpp:18,
                 from /usr/include/boost/thread/pthread/thread_data.hpp:12,
                 from /usr/include/boost/thread/thread_only.hpp:17,
                 from /usr/include/boost/thread/thread.hpp:12,
                 from /workspace/original_nurbs_preprocessing/mesh_processing_headless.cpp:12:
/usr/include/boost/bind.hpp:36:1: note: '#pragma message: The practice of declaring the Bind placeholders (_1, _2, ...) in the global namespace is deprecated. Please use <boost/bind/bind.hpp> + using namespace boost::placeholders, or define BOOST_BIND_GLOBAL_PLACEHOLDERS to retain the current behavior.'
   36 | BOOST_PRAGMA_MESSAGE(
      | ^~~~~~~~~~~~~~~~~~~~
/usr/include/boost/detail/iterator.hpp:13:1: note: '#pragma message: This header is deprecated. Use <iterator> instead.'
   13 | BOOST_HEADER_DEPRECATED("<iterator>")
      | ^~~~~~~~~~~~~~~~~~~~~~~
In file included from /usr/include/CGAL/Polygon_mesh_processing/smooth_mesh.h:21,
                 from /workspace/original_nurbs_preprocessing/mesh_processing_headless.cpp:156:
/usr/include/CGAL/Installation/internal/deprecation_warning.h:81:54: note: '#pragma message: Warning: The header `<CGAL/Polygon_mesh_processing/smooth_mesh.h>` is deprecated. Please use `<CGAL/Polygon_mesh_processing/angle_and_area_smoothing.h>` instead. '
   81 | #    pragma message (CGAL_INTERNAL_DEPRECATED_MESSAGE)
      |                                                      ^
In file included from /usr/include/boost/smart_ptr/detail/sp_thread_sleep.hpp:22,
                 from /usr/include/boost/smart_ptr/detail/yield_k.hpp:23,
                 from /usr/include/boost/smart_ptr/detail/spinlock_gcc_atomic.hpp:14,
                 from /usr/include/boost/smart_ptr/detail/spinlock.hpp:42,
                 from /usr/include/boost/smart_ptr/detail/spinlock_pool.hpp:25,
                 from /usr/include/boost/smart_ptr/shared_ptr.hpp:29,
                 from /usr/include/boost/shared_ptr.hpp:17,
                 from /usr/include/boost/date_time/time_clock.hpp:17,
                 from /usr/include/boost/thread/thread_time.hpp:9,
                 from /usr/include/boost/thread/lock_types.hpp:18,
                 from /usr/include/boost/thread/pthread/thread_data.hpp:12,
                 from /usr/include/boost/thread/thread_only.hpp:17,
                 from /usr/include/boost/thread/thread.hpp:12,
                 from /workspace/original_nurbs_preprocessing/mesh_processing_headless.cpp:12:
/usr/include/boost/function_output_iterator.hpp:14:1: note: '#pragma message: This header is deprecated. Use <boost/iterator/function_output_iterator.hpp> instead.'
   14 | BOOST_HEADER_DEPRECATED("<boost/iterator/function_output_iterator.hpp>")
      | ^~~~~~~~~~~~~~~~~~~~~~~
In file included from /usr/include/CGAL/Surface_mesh_simplification/Policies/Edge_collapse/Count_ratio_stop_predicate.h:18,
                 from /workspace/original_nurbs_preprocessing/mesh_processing_headless.cpp:212:
/usr/include/CGAL/Installation/internal/deprecation_warning.h:81:54: note: '#pragma message: Warning: The header `<CGAL/Surface_mesh_simplification/Policies/Edge_collapse/Count_ratio_stop_predicate.h>` is deprecated. Please use `<CGAL/Surface_mesh_simplification/Policies/Edge_collapse/Edge_count_ratio_stop_predicate.h>` instead. '
   81 | #    pragma message (CGAL_INTERNAL_DEPRECATED_MESSAGE)
      |                                                      ^
/workspace/original_nurbs_preprocessing/mesh_processing_headless.cpp: In function 'bool getNormalsOnSurface(pcl::PointCloud<pcl::PointXYZ>::Ptr, pcl::PointCloud<pcl::PointNormal>::Ptr)':
/workspace/original_nurbs_preprocessing/mesh_processing_headless.cpp:413:70: warning: use of old-style cast to 'int' [-Wold-style-cast]
  413 |         int nb_neighbors = std::max(5, std::min(20, (int)points.size() / 1000));
      |                                                                      ^
      |                                                     -----
      |                                                     static_cast<int> ()
/workspace/original_nurbs_preprocessing/mesh_processing_headless.cpp:500:85: warning: use of old-style cast to 'int' [-Wold-style-cast]
  500 |         int curv_k = std::max(10, std::min(50, (int)surfaceWithNormals->points.size() / 300));
      |                                                                                     ^
      |                                                -----
      |                                                static_cast<int> (                    )
/workspace/original_nurbs_preprocessing/mesh_processing_headless.cpp: In function 'std::string downsamplePointCloud(std::string, float)':
/workspace/original_nurbs_preprocessing/mesh_processing_headless.cpp:605:48: warning: use of old-style cast to 'size_t' {aka 'long unsigned int'} [-Wold-style-cast]
  605 |         if (downsampledCloud->size() > (size_t)upperBound) {
      |                                                ^~~~~~~~~~
      |                                        ------------------
      |                                        static_cast<size_t> (upperBound)
/workspace/original_nurbs_preprocessing/mesh_processing_headless.cpp:608:55: warning: use of old-style cast to 'size_t' {aka 'long unsigned int'} [-Wold-style-cast]
  608 |         } else if (downsampledCloud->size() < (size_t)lowerBound) {
      |                                                       ^~~~~~~~~~
      |                                               ------------------
      |                                               static_cast<size_t> (lowerBound)
[2025-10-22T12:41:41.835] error: *** JOB 16967559 ON spartan-bm179 CANCELLED AT 2025-10-22T12:41:41 DUE to SIGNAL Terminated ***
