INFO:    gocryptfs not found, will not be able to use gocryptfs
CMake Warning (dev) at CMakeLists.txt:12 (find_package):
  Policy CMP0074 is not set: find_package uses <PackageName>_ROOT variables.
  Run "cmake --help-policy CMP0074" for policy details.  Use the cmake_policy
  command to set the policy and suppress this warning.

  Environment variable PCL_ROOT is set to:

    /usr/local

  For compatibility, CMake is ignoring the variable.
This warning is for project developers.  Use -Wno-dev to suppress it.

CMake Deprecation Warning at /usr/local/share/pcl-1.9/PCLConfig.cmake:38 (cmake_policy):
  The OLD behavior for policy CMP0074 will be removed from a future version
  of CMake.

  The cmake-policies(7) manual explains that the OLD behaviors of all
  policies are deprecated and that a policy should be set to OLD only under
  specific short-term circumstances.  Projects should be ported to the NEW
  behavior and not rely on setting a policy to OLD.
Call Stack (most recent call first):
  CMakeLists.txt:12 (find_package)


** WARNING ** io features related to pcap will be disabled
** WARNING ** io features related to png will be disabled
CMake Warning (dev) at /usr/share/cmake/Modules/FindPackageHandleStandardArgs.cmake:438 (message):
  The package name passed to `find_package_handle_standard_args` (libusb-1.0)
  does not match the name of the calling package (PCL).  This can lead to
  problems in calling code that expects `find_package` result variables
  (e.g., `_FOUND`) to follow a certain pattern.
Call Stack (most recent call first):
  /usr/local/share/pcl-1.9/PCLConfig.cmake:281 (find_package_handle_standard_args)
  /usr/local/share/pcl-1.9/PCLConfig.cmake:326 (find_libusb)
  /usr/local/share/pcl-1.9/PCLConfig.cmake:526 (find_external_library)
  CMakeLists.txt:12 (find_package)
This warning is for project developers.  Use -Wno-dev to suppress it.

** WARNING ** io features related to libusb-1.0 will be disabled
CMake Warning (dev) at /usr/share/cmake/Modules/FindPackageHandleStandardArgs.cmake:438 (message):
  The package name passed to `find_package_handle_standard_args` (PCL_COMMON)
  does not match the name of the calling package (PCL).  This can lead to
  problems in calling code that expects `find_package` result variables
  (e.g., `_FOUND`) to follow a certain pattern.
Call Stack (most recent call first):
  /usr/local/share/pcl-1.9/PCLConfig.cmake:594 (find_package_handle_standard_args)
  CMakeLists.txt:12 (find_package)
This warning is for project developers.  Use -Wno-dev to suppress it.

CMake Warning (dev) at /usr/share/cmake/Modules/FindPackageHandleStandardArgs.cmake:438 (message):
  The package name passed to `find_package_handle_standard_args` (PCL_KDTREE)
  does not match the name of the calling package (PCL).  This can lead to
  problems in calling code that expects `find_package` result variables
  (e.g., `_FOUND`) to follow a certain pattern.
Call Stack (most recent call first):
  /usr/local/share/pcl-1.9/PCLConfig.cmake:594 (find_package_handle_standard_args)
  CMakeLists.txt:12 (find_package)
This warning is for project developers.  Use -Wno-dev to suppress it.

CMake Warning (dev) at /usr/share/cmake/Modules/FindPackageHandleStandardArgs.cmake:438 (message):
  The package name passed to `find_package_handle_standard_args` (PCL_OCTREE)
  does not match the name of the calling package (PCL).  This can lead to
  problems in calling code that expects `find_package` result variables
  (e.g., `_FOUND`) to follow a certain pattern.
Call Stack (most recent call first):
  /usr/local/share/pcl-1.9/PCLConfig.cmake:594 (find_package_handle_standard_args)
  CMakeLists.txt:12 (find_package)
This warning is for project developers.  Use -Wno-dev to suppress it.

CMake Warning (dev) at /usr/share/cmake/Modules/FindPackageHandleStandardArgs.cmake:438 (message):
  The package name passed to `find_package_handle_standard_args` (PCL_SEARCH)
  does not match the name of the calling package (PCL).  This can lead to
  problems in calling code that expects `find_package` result variables
  (e.g., `_FOUND`) to follow a certain pattern.
Call Stack (most recent call first):
  /usr/local/share/pcl-1.9/PCLConfig.cmake:594 (find_package_handle_standard_args)
  CMakeLists.txt:12 (find_package)
This warning is for project developers.  Use -Wno-dev to suppress it.

CMake Warning (dev) at /usr/share/cmake/Modules/FindPackageHandleStandardArgs.cmake:438 (message):
  The package name passed to `find_package_handle_standard_args`
  (PCL_SAMPLE_CONSENSUS) does not match the name of the calling package
  (PCL).  This can lead to problems in calling code that expects
  `find_package` result variables (e.g., `_FOUND`) to follow a certain
  pattern.
Call Stack (most recent call first):
  /usr/local/share/pcl-1.9/PCLConfig.cmake:594 (find_package_handle_standard_args)
  CMakeLists.txt:12 (find_package)
This warning is for project developers.  Use -Wno-dev to suppress it.

CMake Warning (dev) at /usr/share/cmake/Modules/FindPackageHandleStandardArgs.cmake:438 (message):
  The package name passed to `find_package_handle_standard_args`
  (PCL_FILTERS) does not match the name of the calling package (PCL).  This
  can lead to problems in calling code that expects `find_package` result
  variables (e.g., `_FOUND`) to follow a certain pattern.
Call Stack (most recent call first):
  /usr/local/share/pcl-1.9/PCLConfig.cmake:594 (find_package_handle_standard_args)
  CMakeLists.txt:12 (find_package)
This warning is for project developers.  Use -Wno-dev to suppress it.

CMake Warning (dev) at /usr/share/cmake/Modules/FindPackageHandleStandardArgs.cmake:438 (message):
  The package name passed to `find_package_handle_standard_args` (PCL_2D)
  does not match the name of the calling package (PCL).  This can lead to
  problems in calling code that expects `find_package` result variables
  (e.g., `_FOUND`) to follow a certain pattern.
Call Stack (most recent call first):
  /usr/local/share/pcl-1.9/PCLConfig.cmake:597 (find_package_handle_standard_args)
  CMakeLists.txt:12 (find_package)
This warning is for project developers.  Use -Wno-dev to suppress it.

CMake Warning (dev) at /usr/share/cmake/Modules/FindPackageHandleStandardArgs.cmake:438 (message):
  The package name passed to `find_package_handle_standard_args`
  (PCL_GEOMETRY) does not match the name of the calling package (PCL).  This
  can lead to problems in calling code that expects `find_package` result
  variables (e.g., `_FOUND`) to follow a certain pattern.
Call Stack (most recent call first):
  /usr/local/share/pcl-1.9/PCLConfig.cmake:597 (find_package_handle_standard_args)
  CMakeLists.txt:12 (find_package)
This warning is for project developers.  Use -Wno-dev to suppress it.

CMake Warning (dev) at /usr/share/cmake/Modules/FindPackageHandleStandardArgs.cmake:438 (message):
  The package name passed to `find_package_handle_standard_args` (PCL_IO)
  does not match the name of the calling package (PCL).  This can lead to
  problems in calling code that expects `find_package` result variables
  (e.g., `_FOUND`) to follow a certain pattern.
Call Stack (most recent call first):
  /usr/local/share/pcl-1.9/PCLConfig.cmake:594 (find_package_handle_standard_args)
  CMakeLists.txt:12 (find_package)
This warning is for project developers.  Use -Wno-dev to suppress it.

CMake Warning (dev) at /usr/share/cmake/Modules/FindPackageHandleStandardArgs.cmake:438 (message):
  The package name passed to `find_package_handle_standard_args`
  (PCL_FEATURES) does not match the name of the calling package (PCL).  This
  can lead to problems in calling code that expects `find_package` result
  variables (e.g., `_FOUND`) to follow a certain pattern.
Call Stack (most recent call first):
  /usr/local/share/pcl-1.9/PCLConfig.cmake:594 (find_package_handle_standard_args)
  CMakeLists.txt:12 (find_package)
This warning is for project developers.  Use -Wno-dev to suppress it.

CMake Warning (dev) at /usr/share/cmake/Modules/FindPackageHandleStandardArgs.cmake:438 (message):
  The package name passed to `find_package_handle_standard_args` (PCL_ML)
  does not match the name of the calling package (PCL).  This can lead to
  problems in calling code that expects `find_package` result variables
  (e.g., `_FOUND`) to follow a certain pattern.
Call Stack (most recent call first):
  /usr/local/share/pcl-1.9/PCLConfig.cmake:594 (find_package_handle_standard_args)
  CMakeLists.txt:12 (find_package)
This warning is for project developers.  Use -Wno-dev to suppress it.

CMake Warning (dev) at /usr/share/cmake/Modules/FindPackageHandleStandardArgs.cmake:438 (message):
  The package name passed to `find_package_handle_standard_args`
  (PCL_SEGMENTATION) does not match the name of the calling package (PCL).
  This can lead to problems in calling code that expects `find_package`
  result variables (e.g., `_FOUND`) to follow a certain pattern.
Call Stack (most recent call first):
  /usr/local/share/pcl-1.9/PCLConfig.cmake:594 (find_package_handle_standard_args)
  CMakeLists.txt:12 (find_package)
This warning is for project developers.  Use -Wno-dev to suppress it.

CMake Warning (dev) at /usr/share/cmake/Modules/FindPackageHandleStandardArgs.cmake:438 (message):
  The package name passed to `find_package_handle_standard_args`
  (PCL_SURFACE) does not match the name of the calling package (PCL).  This
  can lead to problems in calling code that expects `find_package` result
  variables (e.g., `_FOUND`) to follow a certain pattern.
Call Stack (most recent call first):
  /usr/local/share/pcl-1.9/PCLConfig.cmake:594 (find_package_handle_standard_args)
  CMakeLists.txt:12 (find_package)
This warning is for project developers.  Use -Wno-dev to suppress it.

CMake Warning (dev) at /usr/share/cmake/Modules/FindPackageHandleStandardArgs.cmake:438 (message):
  The package name passed to `find_package_handle_standard_args`
  (PCL_REGISTRATION) does not match the name of the calling package (PCL).
  This can lead to problems in calling code that expects `find_package`
  result variables (e.g., `_FOUND`) to follow a certain pattern.
Call Stack (most recent call first):
  /usr/local/share/pcl-1.9/PCLConfig.cmake:594 (find_package_handle_standard_args)
  CMakeLists.txt:12 (find_package)
This warning is for project developers.  Use -Wno-dev to suppress it.

CMake Warning (dev) at /usr/share/cmake/Modules/FindPackageHandleStandardArgs.cmake:438 (message):
  The package name passed to `find_package_handle_standard_args`
  (PCL_KEYPOINTS) does not match the name of the calling package (PCL).  This
  can lead to problems in calling code that expects `find_package` result
  variables (e.g., `_FOUND`) to follow a certain pattern.
Call Stack (most recent call first):
  /usr/local/share/pcl-1.9/PCLConfig.cmake:594 (find_package_handle_standard_args)
  CMakeLists.txt:12 (find_package)
This warning is for project developers.  Use -Wno-dev to suppress it.

CMake Warning (dev) at /usr/share/cmake/Modules/FindPackageHandleStandardArgs.cmake:438 (message):
  The package name passed to `find_package_handle_standard_args`
  (PCL_TRACKING) does not match the name of the calling package (PCL).  This
  can lead to problems in calling code that expects `find_package` result
  variables (e.g., `_FOUND`) to follow a certain pattern.
Call Stack (most recent call first):
  /usr/local/share/pcl-1.9/PCLConfig.cmake:594 (find_package_handle_standard_args)
  CMakeLists.txt:12 (find_package)
This warning is for project developers.  Use -Wno-dev to suppress it.

CMake Warning (dev) at /usr/share/cmake/Modules/FindPackageHandleStandardArgs.cmake:438 (message):
  The package name passed to `find_package_handle_standard_args` (PCL_STEREO)
  does not match the name of the calling package (PCL).  This can lead to
  problems in calling code that expects `find_package` result variables
  (e.g., `_FOUND`) to follow a certain pattern.
Call Stack (most recent call first):
  /usr/local/share/pcl-1.9/PCLConfig.cmake:594 (find_package_handle_standard_args)
  CMakeLists.txt:12 (find_package)
This warning is for project developers.  Use -Wno-dev to suppress it.

CMake Deprecation Warning at /usr/local/share/pcl-1.9/PCLConfig.cmake:38 (cmake_policy):
  The OLD behavior for policy CMP0074 will be removed from a future version
  of CMake.

  The cmake-policies(7) manual explains that the OLD behaviors of all
  policies are deprecated and that a policy should be set to OLD only under
  specific short-term circumstances.  Projects should be ported to the NEW
  behavior and not rely on setting a policy to OLD.
Call Stack (most recent call first):
  CMakeLists.txt:13 (find_package)


CMake Warning at /usr/share/cmake/CGAL/CGAL_enable_end_of_configuration_hook.cmake:93 (message):
  =======================================================================

  CGAL performance notice:

  The variable CMAKE_BUILD_TYPE is set to "".  For performance reasons, you
  should set CMAKE_BUILD_TYPE to "Release".

  Set CGAL_DO_NOT_WARN_ABOUT_CMAKE_BUILD_TYPE to TRUE if you want to disable
  this warning.

  =======================================================================
Call Stack (most recent call first):
  /usr/share/cmake/CGAL/CGAL_enable_end_of_configuration_hook.cmake:163 (CGAL_hook_check_CMAKE_BUILD_TYPE)
  CMakeLists.txt:DEFERRED


INFO:    gocryptfs not found, will not be able to use gocryptfs
Material file [ sherd01.mtl ] not found in a path : 
Failed to load material file(s). Use default material.
material [ 'sherd01' ] not found in .mtl

INFO:    gocryptfs not found, will not be able to use gocryptfs
Material file [ sherd02.mtl ] not found in a path : 
Failed to load material file(s). Use default material.
material [ 'sherd02' ] not found in .mtl

INFO:    gocryptfs not found, will not be able to use gocryptfs
Material file [ sherd03.mtl ] not found in a path : 
Failed to load material file(s). Use default material.
material [ 'sherd03' ] not found in .mtl

INFO:    gocryptfs not found, will not be able to use gocryptfs
Material file [ sherd04.mtl ] not found in a path : 
Failed to load material file(s). Use default material.
material [ 'sherd04' ] not found in .mtl

INFO:    gocryptfs not found, will not be able to use gocryptfs
Material file [ sherd05.mtl ] not found in a path : 
Failed to load material file(s). Use default material.
material [ 'sherd05' ] not found in .mtl

INFO:    gocryptfs not found, will not be able to use gocryptfs
Material file [ sherd06.mtl ] not found in a path : 
Failed to load material file(s). Use default material.
material [ 'sherd06' ] not found in .mtl

INFO:    gocryptfs not found, will not be able to use gocryptfs
Material file [ sherd07.mtl ] not found in a path : 
Failed to load material file(s). Use default material.
material [ 'sherd07' ] not found in .mtl

INFO:    gocryptfs not found, will not be able to use gocryptfs
Material file [ sherd08.mtl ] not found in a path : 
Failed to load material file(s). Use default material.
material [ 'sherd08' ] not found in .mtl

INFO:    gocryptfs not found, will not be able to use gocryptfs
Material file [ sherd09.mtl ] not found in a path : 
Failed to load material file(s). Use default material.
material [ 'sherd09' ] not found in .mtl

INFO:    gocryptfs not found, will not be able to use gocryptfs
Material file [ sherd10.mtl ] not found in a path : 
Failed to load material file(s). Use default material.
material [ 'sherd10' ] not found in .mtl

INFO:    gocryptfs not found, will not be able to use gocryptfs
Material file [ sherd11.mtl ] not found in a path : 
Failed to load material file(s). Use default material.
material [ 'A02.015' ] not found in .mtl

INFO:    gocryptfs not found, will not be able to use gocryptfs
Material file [ sherd12.mtl ] not found in a path : 
Failed to load material file(s). Use default material.
material [ 'A02.015' ] not found in .mtl

INFO:    gocryptfs not found, will not be able to use gocryptfs
Material file [ sherd13.mtl ] not found in a path : 
Failed to load material file(s). Use default material.
material [ 'A02.015' ] not found in .mtl

INFO:    gocryptfs not found, will not be able to use gocryptfs
Material file [ sherd14.mtl ] not found in a path : 
Failed to load material file(s). Use default material.
material [ 'A02.015' ] not found in .mtl

INFO:    gocryptfs not found, will not be able to use gocryptfs
Material file [ sherd15.mtl ] not found in a path : 
Failed to load material file(s). Use default material.
material [ 'A02.015' ] not found in .mtl

INFO:    gocryptfs not found, will not be able to use gocryptfs
Material file [ sherd16.mtl ] not found in a path : 
Failed to load material file(s). Use default material.
material [ 'A02.015' ] not found in .mtl

INFO:    gocryptfs not found, will not be able to use gocryptfs
Material file [ sherd17.mtl ] not found in a path : 
Failed to load material file(s). Use default material.
material [ 'A02.015' ] not found in .mtl

INFO:    gocryptfs not found, will not be able to use gocryptfs
Material file [ sherd18.mtl ] not found in a path : 
Failed to load material file(s). Use default material.
material [ 'A02.015' ] not found in .mtl

INFO:    gocryptfs not found, will not be able to use gocryptfs
Material file [ sherd19.mtl ] not found in a path : 
Failed to load material file(s). Use default material.
material [ 'A02.015' ] not found in .mtl

INFO:    gocryptfs not found, will not be able to use gocryptfs
Material file [ sherd20.mtl ] not found in a path : 
Failed to load material file(s). Use default material.
material [ 'A02.015' ] not found in .mtl

INFO:    gocryptfs not found, will not be able to use gocryptfs
Material file [ sherd21.mtl ] not found in a path : 
Failed to load material file(s). Use default material.
material [ 'A03.014' ] not found in .mtl

INFO:    gocryptfs not found, will not be able to use gocryptfs
Material file [ sherd22.mtl ] not found in a path : 
Failed to load material file(s). Use default material.
material [ 'A03.014' ] not found in .mtl

INFO:    gocryptfs not found, will not be able to use gocryptfs
Material file [ sherd23.mtl ] not found in a path : 
Failed to load material file(s). Use default material.
material [ 'A03.014' ] not found in .mtl

INFO:    gocryptfs not found, will not be able to use gocryptfs
Material file [ sherd24.mtl ] not found in a path : 
Failed to load material file(s). Use default material.
material [ 'A03.014' ] not found in .mtl

INFO:    gocryptfs not found, will not be able to use gocryptfs
Material file [ sherd25.mtl ] not found in a path : 
Failed to load material file(s). Use default material.
material [ 'A03.014' ] not found in .mtl

INFO:    gocryptfs not found, will not be able to use gocryptfs
Material file [ sherd26.mtl ] not found in a path : 
Failed to load material file(s). Use default material.
material [ 'A03.014' ] not found in .mtl

INFO:    gocryptfs not found, will not be able to use gocryptfs
Material file [ sherd27.mtl ] not found in a path : 
Failed to load material file(s). Use default material.
material [ 'A03.014' ] not found in .mtl

INFO:    gocryptfs not found, will not be able to use gocryptfs
Material file [ sherd28.mtl ] not found in a path : 
Failed to load material file(s). Use default material.
material [ 'A03.014' ] not found in .mtl

INFO:    gocryptfs not found, will not be able to use gocryptfs
Material file [ sherd29.mtl ] not found in a path : 
Failed to load material file(s). Use default material.
material [ 'A03.014' ] not found in .mtl

INFO:    gocryptfs not found, will not be able to use gocryptfs
Material file [ sherd30.mtl ] not found in a path : 
Failed to load material file(s). Use default material.
material [ 'A03.014' ] not found in .mtl

INFO:    gocryptfs not found, will not be able to use gocryptfs
Material file [ sherd31.mtl ] not found in a path : 
Failed to load material file(s). Use default material.
material [ 'A04.043' ] not found in .mtl

INFO:    gocryptfs not found, will not be able to use gocryptfs
Material file [ sherd32.mtl ] not found in a path : 
Failed to load material file(s). Use default material.
material [ 'A04.043' ] not found in .mtl

INFO:    gocryptfs not found, will not be able to use gocryptfs
Material file [ sherd33.mtl ] not found in a path : 
Failed to load material file(s). Use default material.
material [ 'A04.043' ] not found in .mtl

INFO:    gocryptfs not found, will not be able to use gocryptfs
Material file [ sherd34.mtl ] not found in a path : 
Failed to load material file(s). Use default material.
material [ 'A04.043' ] not found in .mtl

INFO:    gocryptfs not found, will not be able to use gocryptfs
Material file [ sherd35.mtl ] not found in a path : 
Failed to load material file(s). Use default material.
material [ 'A04.043' ] not found in .mtl

INFO:    gocryptfs not found, will not be able to use gocryptfs
Material file [ sherd36.mtl ] not found in a path : 
Failed to load material file(s). Use default material.
material [ 'A04.043' ] not found in .mtl

INFO:    gocryptfs not found, will not be able to use gocryptfs
Material file [ sherd37.mtl ] not found in a path : 
Failed to load material file(s). Use default material.
material [ 'A04.043' ] not found in .mtl

INFO:    gocryptfs not found, will not be able to use gocryptfs
Material file [ sherd38.mtl ] not found in a path : 
Failed to load material file(s). Use default material.
material [ 'A04.043' ] not found in .mtl

INFO:    gocryptfs not found, will not be able to use gocryptfs
Material file [ sherd39.mtl ] not found in a path : 
Failed to load material file(s). Use default material.
material [ 'A04.043' ] not found in .mtl

INFO:    gocryptfs not found, will not be able to use gocryptfs
Material file [ sherd40.mtl ] not found in a path : 
Failed to load material file(s). Use default material.
material [ 'A04.043' ] not found in .mtl

