=== Axis extraction: Pot A Piece 05 ===
🎯 Running MATLAB axis extraction for Pot A, Fragment 5
🔄 Starting MATLAB axis extraction...
Opening log file:  /home/zhuojiat/java.log.15045

                            < M A T L A B (R) >
                  Copyright 1984-2024 The MathWorks, Inc.
             R2024b Update 3 (24.2.0.2806996) 64-bit (glnxa64)
                             November 26, 2024

 
To get started, type doc.
For product information, visit www.mathworks.com.
 
Starting axis extraction for Pot A, Fragment 5
📐 Resampled surfaces to 13222 points each
[iter][eval] cost actual_cost_change |grad| |TR| MQ
[0000][0000] 1.366318e+05 0.000e+00 8.70e+05 1.00e+01 1.00e+00
[0001][0001] 1.297688e+05 6.863e+03 8.70e+05 1.00e+01 1.38e+00
[0002][0002] 1.279931e+05 1.776e+03 2.28e+05 3.00e+01 1.40e+00
[0003][0003] 1.275332e+05 4.599e+02 1.32e+05 9.00e+01 1.62e+00
[0004][0004] 1.273503e+05 1.829e+02 7.84e+04 2.70e+02 1.61e+00
[0005][0005] 1.272934e+05 5.693e+01 4.67e+04 8.10e+02 1.52e+00
[iter][eval] cost actual_cost_change |grad| |TR| MQ
[0000][0000] 1.456336e+05 0.000e+00 9.12e+05 1.00e+01 1.00e+00
[0001][0001] 1.358179e+05 9.816e+03 9.12e+05 1.00e+01 1.53e+00
[0002][0002] 1.329734e+05 2.844e+03 4.39e+05 3.00e+01 1.48e+00
[0003][0003] 1.322588e+05 7.146e+02 2.40e+05 9.00e+01 1.61e+00
[0004][0004] 1.320311e+05 2.278e+02 1.34e+05 2.70e+02 1.66e+00
[0005][0005] 1.319552e+05 7.581e+01 7.75e+04 8.10e+02 1.66e+00
[iter][eval] cost actual_cost_change |grad| |TR| MQ
[0000][0000] 1.409037e+05 0.000e+00 7.25e+05 1.00e+01 1.00e+00
[0001][0001] 1.335042e+05 7.400e+03 7.25e+05 1.00e+01 1.38e+00
[0002][0002] 1.321924e+05 1.312e+03 2.86e+05 3.00e+01 1.38e+00
[0003][0003] 1.319821e+05 2.103e+02 1.18e+05 9.00e+01 1.47e+00
[0004][0004] 1.319350e+05 4.710e+01 5.66e+04 2.70e+02 1.53e+00
[iter][eval] cost actual_cost_change |grad| |TR| MQ
[0000][0000] 1.416978e+05 0.000e+00 2.04e+06 1.00e+01 1.00e+00
[0001][0001] 1.299042e+05 1.179e+04 2.04e+06 1.00e+01 1.38e+00
[0002][0002] 1.279309e+05 1.973e+03 8.06e+05 3.00e+01 1.39e+00
[0003][0003] 1.275661e+05 3.648e+02 3.17e+05 9.00e+01 1.47e+00
[0004][0004] 1.274782e+05 8.795e+01 1.42e+05 2.70e+02 1.51e+00
[iter][eval] cost actual_cost_change |grad| |TR| MQ
[0000][0000] 1.384912e+05 0.000e+00 1.47e+06 1.00e+01 1.00e+00
[0001][0001] 1.282744e+05 1.022e+04 1.47e+06 1.00e+01 1.39e+00
[0002][0002] 1.266432e+05 1.631e+03 5.86e+05 3.00e+01 1.35e+00
[0003][0003] 1.264532e+05 1.900e+02 1.83e+05 9.00e+01 1.40e+00
[0004][0004] 1.264231e+05 3.011e+01 6.97e+04 2.70e+02 1.41e+00
[iter][eval] cost actual_cost_change |grad| |TR| MQ
[0000][0000] 1.741318e+05 0.000e+00 3.67e+06 1.00e+01 1.00e+00
[0001][0001] 1.416521e+05 3.248e+04 3.67e+06 1.00e+01 1.62e+00
[0002][0002] 1.321968e+05 9.455e+03 2.12e+06 3.00e+01 1.35e+00
[0003][0003] 1.281982e+05 3.999e+03 9.92e+05 9.00e+01 1.29e+00
[0004][0004] 1.275245e+05 6.737e+02 4.46e+05 2.70e+02 1.24e+00
[0005][0005] 1.274699e+05 5.463e+01 1.62e+05 8.10e+02 1.55e+00
[iter][eval] cost actual_cost_change |grad| |TR| MQ
[0000][0000] 1.424167e+05 0.000e+00 1.71e+06 1.00e+01 1.00e+00
[0001][0001] 1.298062e+05 1.261e+04 1.71e+06 1.00e+01 1.39e+00
[0002][0002] 1.277818e+05 2.024e+03 7.00e+05 3.00e+01 1.37e+00
[0003][0003] 1.274994e+05 2.824e+02 2.46e+05 9.00e+01 1.40e+00
[0004][0004] 1.274505e+05 4.890e+01 1.03e+05 2.70e+02 1.44e+00
[iter][eval] cost actual_cost_change |grad| |TR| MQ
[0000][0000] 1.585187e+05 0.000e+00 9.97e+05 1.00e+01 1.00e+00
[0001][0001] 1.424127e+05 1.611e+04 9.97e+05 1.00e+01 1.48e+00
[0002][0002] 1.374810e+05 4.932e+03 5.09e+05 3.00e+01 1.76e+00
[0003][0003] 1.337807e+05 3.700e+03 3.37e+05 9.00e+01 2.34e+00
[0004][0004] 1.337708e+05 9.951e+00 2.75e+05 2.70e+02 9.85e-03
[iter][eval] cost actual_cost_change |grad| |TR| MQ
[0000][0000] 1.537247e+05 0.000e+00 3.34e+06 1.00e+01 1.00e+00
[0001][0001] 1.309804e+05 2.274e+04 3.34e+06 1.00e+01 1.38e+00
[0002][0002] 1.273870e+05 3.593e+03 1.56e+06 3.00e+01 1.41e+00
[0003][0003] 1.266850e+05 7.020e+02 6.76e+05 9.00e+01 1.47e+00
[0004][0004] 1.265022e+05 1.828e+02 3.06e+05 2.70e+02 1.52e+00
[0005][0005] 1.264440e+05 5.820e+01 1.48e+05 8.10e+02 1.55e+00
[iter][eval] cost actual_cost_change |grad| |TR| MQ
[0000][0000] 1.286073e+05 0.000e+00 9.60e+05 1.00e+01 1.00e+00
[0001][0001] 1.266757e+05 1.932e+03 9.60e+05 1.00e+01 1.32e+00
[0002][0002] 1.264619e+05 2.138e+02 2.57e+05 3.00e+01 1.39e+00
[0003][0003] 1.264270e+05 3.488e+01 7.92e+04 9.00e+01 1.43e+00
[iter][eval] cost actual_cost_change |grad| |TR| MQ
[0000][0000] 1.409344e+06 0.000e+00 1.40e+06 1.00e+01 1.00e+00
[0001][0001] 1.407974e+06 1.370e+03 1.40e+06 1.00e+01 1.42e+00
[0002][0002] 1.407737e+06 2.373e+02 5.86e+05 3.00e+01 1.43e+00
[0003][0003] 1.407694e+06 4.327e+01 2.50e+05 9.00e+01 1.43e+00
[0004][0004] 1.407686e+06 8.201e+00 1.08e+05 2.70e+02 1.44e+00
[0005][0005] 1.407684e+06 1.633e+00 4.70e+04 8.10e+02 1.46e+00
[0006][0006] 1.407684e+06 3.513e-01 2.08e+04 2.43e+03 1.48e+00
[0007][0007] 1.407684e+06 8.396e-02 9.36e+03 7.29e+03 1.51e+00
[0008][0008] 1.407683e+06 2.261e-02 4.35e+03 2.19e+04 1.54e+00
[0009][0009] 1.407683e+06 6.804e-03 2.11e+03 6.56e+04 1.56e+00
[0010][0010] 1.407683e+06 2.224e-03 1.07e+03 1.97e+05 1.58e+00
[0011][0011] 1.407683e+06 7.657e-04 5.73e+02 5.90e+05 1.59e+00
[iter][eval] cost actual_cost_change |grad| |TR| MQ
[0000][0000] 1.591091e+06 0.000e+00 1.02e+06 1.00e+01 1.00e+00
[0001][0001] 1.587501e+06 3.590e+03 1.02e+06 1.00e+01 1.41e+00
[0002][0002] 1.586767e+06 7.345e+02 4.80e+05 3.00e+01 1.50e+00
[0003][0003] 1.586539e+06 2.278e+02 2.54e+05 9.00e+01 1.55e+00
[0004][0004] 1.586467e+06 7.219e+01 1.52e+05 2.70e+02 1.63e+00
[0005][0005] 1.586437e+06 3.016e+01 9.90e+04 8.10e+02 1.66e+00
[0006][0006] 1.586423e+06 1.351e+01 6.76e+04 2.43e+03 1.68e+00
[0007][0007] 1.586417e+06 6.239e+00 4.67e+04 7.29e+03 1.68e+00
[0008][0008] 1.586414e+06 2.916e+00 3.24e+04 2.19e+04 1.68e+00
[0009][0009] 1.586413e+06 1.370e+00 2.24e+04 6.56e+04 1.69e+00
[0010][0010] 1.586412e+06 6.448e-01 1.55e+04 1.97e+05 1.69e+00
[0011][0011] 1.586412e+06 3.036e-01 1.06e+04 5.90e+05 1.69e+00
[0012][0012] 1.586412e+06 1.430e-01 7.32e+03 1.77e+06 1.69e+00
[0013][0013] 1.586411e+06 6.744e-02 5.04e+03 5.31e+06 1.69e+00
[0014][0014] 1.586411e+06 3.181e-02 3.46e+03 1.59e+07 1.69e+00
[0015][0015] 1.586411e+06 1.501e-02 2.38e+03 4.78e+07 1.69e+00
[0016][0016] 1.586411e+06 7.081e-03 1.64e+03 1.43e+08 1.69e+00
[0017][0017] 1.586411e+06 3.341e-03 1.12e+03 4.30e+08 1.69e+00
[0018][0018] 1.586411e+06 1.577e-03 7.73e+02 1.29e+09 1.69e+00
✅ Axis saved in SFS format: ../axis_output/Pot_A_Piece_05_Axis.xyz
   Position: [-207.682636, -29.440179, 278.199845]
   Direction: [0.762103, 0.253522, 0.595756]
✅ Axis extraction completed successfully
📁 Results saved to: /data/gpfs/projects/punim2657/sfs_preprocessing/axis_output/Pot_A_Piece_05_Axis.txt
🎯 Found 2 axes
Best axis - Direction: [0.762103, 0.253522, 0.595756]
Best axis - Position:  [-207.682636, -29.440179, 278.199845]
✅ MATLAB axis extraction successful!
📁 Results: /data/gpfs/projects/punim2657/sfs_preprocessing/axis_output/Pot_A_Piece_05_Axis.txt
📊 Axis data:
0.762102967389144 0.887186516677023
0.253522308743903 0.199316063303243
0.595756247189925 0.416140831372973
🎉 MATLAB axis extraction completed!
Converting axis_output to Dataset/Axes format (position then direction)...
Axis already exists, keeping existing: Dataset/Axes/Pot_A_Piece_05_Axis.xyz
Done: Pot A Piece 05
