=== Axis extraction: Pot A Piece 21 ===
🎯 Running MATLAB axis extraction for Pot A, Fragment 21
🔄 Starting MATLAB axis extraction...
Opening log file:  /home/zhuojiat/java.log.34015

                            < M A T L A B (R) >
                  Copyright 1984-2024 The MathWorks, Inc.
             R2024b Update 3 (24.2.0.2806996) 64-bit (glnxa64)
                             November 26, 2024

 
To get started, type doc.
For product information, visit www.mathworks.com.
 
Starting axis extraction for Pot A, Fragment 21
📐 Resampled surfaces to 1828 points each
[iter][eval] cost actual_cost_change |grad| |TR| MQ
[0000][0000] 9.327067e+03 0.000e+00 5.09e+04 1.00e+01 1.00e+00
[0001][0001] 6.790360e+03 2.537e+03 5.09e+04 1.00e+01 1.38e+00
[0002][0002] 6.390033e+03 4.003e+02 8.14e+03 3.00e+01 1.57e+00
[0003][0003] 6.299508e+03 9.052e+01 3.36e+02 9.00e+01 1.54e+00
[0004][0004] 6.283506e+03 1.600e+01 3.98e+02 2.70e+02 1.48e+00
[0005][0005] 6.280766e+03 2.740e+00 3.17e+02 8.10e+02 1.42e+00
[iter][eval] cost actual_cost_change |grad| |TR| MQ
[0000][0000] 9.547623e+03 0.000e+00 9.22e+04 1.00e+01 1.00e+00
[0001][0001] 7.249919e+03 2.298e+03 9.22e+04 1.00e+01 1.34e+00
[0002][0002] 6.604455e+03 6.455e+02 2.00e+04 3.00e+01 1.41e+00
[0003][0003] 6.356990e+03 2.475e+02 4.89e+03 9.00e+01 1.63e+00
[0004][0004] 6.295114e+03 6.188e+01 6.15e+02 2.70e+02 1.58e+00
[0005][0005] 6.282862e+03 1.225e+01 5.59e+02 8.10e+02 1.49e+00
[0006][0006] 6.280698e+03 2.163e+00 4.93e+02 2.43e+03 1.43e+00
[iter][eval] cost actual_cost_change |grad| |TR| MQ
[0000][0000] 9.437325e+03 0.000e+00 6.18e+04 1.00e+01 1.00e+00
[0001][0001] 6.985132e+03 2.452e+03 6.18e+04 1.00e+01 1.38e+00
[0002][0002] 6.413246e+03 5.719e+02 1.14e+04 3.00e+01 1.49e+00
[0003][0003] 6.302520e+03 1.107e+02 1.87e+03 9.00e+01 1.54e+00
[0004][0004] 6.283818e+03 1.870e+01 8.42e+02 2.70e+02 1.47e+00
[0005][0005] 6.280799e+03 3.019e+00 2.60e+02 8.10e+02 1.41e+00
[iter][eval] cost actual_cost_change |grad| |TR| MQ
[0000][0000] 1.034480e+04 0.000e+00 4.31e+04 1.00e+01 1.00e+00
[0001][0001] 6.964091e+03 3.381e+03 4.31e+04 1.00e+01 1.42e+00
[0002][0002] 6.406218e+03 5.579e+02 7.88e+03 3.00e+01 1.53e+00
[0003][0003] 6.300791e+03 1.054e+02 9.44e+02 9.00e+01 1.51e+00
[0004][0004] 6.283509e+03 1.728e+01 6.72e+02 2.70e+02 1.46e+00
[0005][0005] 6.280736e+03 2.772e+00 3.16e+02 8.10e+02 1.40e+00
[iter][eval] cost actual_cost_change |grad| |TR| MQ
[0000][0000] 1.105758e+04 0.000e+00 6.38e+04 1.00e+01 1.00e+00
[0001][0001] 7.150647e+03 3.907e+03 6.38e+04 1.00e+01 1.38e+00
[0002][0002] 6.433548e+03 7.171e+02 1.88e+04 3.00e+01 1.40e+00
[0003][0003] 6.304699e+03 1.288e+02 6.83e+03 9.00e+01 1.39e+00
[0004][0004] 6.284190e+03 2.051e+01 2.62e+03 2.70e+02 1.39e+00
[0005][0005] 6.280905e+03 3.285e+00 1.03e+03 8.10e+02 1.40e+00
[iter][eval] cost actual_cost_change |grad| |TR| MQ
[0000][0000] 7.618901e+03 0.000e+00 3.90e+04 1.00e+01 1.00e+00
[0001][0001] 6.649409e+03 9.695e+02 3.90e+04 1.00e+01 1.45e+00
[0002][0002] 6.373537e+03 2.759e+02 6.20e+03 3.00e+01 1.64e+00
[0003][0003] 6.299405e+03 7.413e+01 8.26e+02 9.00e+01 1.58e+00
[0004][0004] 6.283817e+03 1.559e+01 1.25e+03 2.70e+02 1.51e+00
[0005][0005] 6.280880e+03 2.937e+00 8.46e+02 8.10e+02 1.44e+00
[iter][eval] cost actual_cost_change |grad| |TR| MQ
[0000][0000] 1.051698e+04 0.000e+00 1.63e+04 1.00e+01 1.00e+00
[0001][0001] 7.050768e+03 3.466e+03 1.63e+04 1.00e+01 1.42e+00
[0002][0002] 6.449686e+03 6.011e+02 3.64e+03 3.00e+01 1.53e+00
[0003][0003] 6.311655e+03 1.380e+02 1.39e+03 9.00e+01 1.52e+00
[0004][0004] 6.285954e+03 2.570e+01 1.41e+03 2.70e+02 1.48e+00
[0005][0005] 6.281225e+03 4.729e+00 9.02e+02 8.10e+02 1.44e+00
[iter][eval] cost actual_cost_change |grad| |TR| MQ
[0000][0000] 1.012407e+04 0.000e+00 1.70e+05 1.00e+01 1.00e+00
[0001][0001] 7.185015e+03 2.939e+03 1.70e+05 1.00e+01 1.38e+00
[0002][0002] 6.561063e+03 6.240e+02 4.00e+04 3.00e+01 1.49e+00
[0003][0003] 6.343153e+03 2.179e+02 6.65e+03 9.00e+01 1.64e+00
[0004][0004] 6.291890e+03 5.126e+01 2.82e+02 2.70e+02 1.55e+00
[0005][0005] 6.282250e+03 9.640e+00 2.63e+02 8.10e+02 1.48e+00
[0006][0006] 6.280591e+03 1.658e+00 3.03e+02 2.43e+03 1.43e+00
[iter][eval] cost actual_cost_change |grad| |TR| MQ
[0000][0000] 8.904457e+03 0.000e+00 3.20e+04 1.00e+01 1.00e+00
[0001][0001] 7.282138e+03 1.622e+03 3.20e+04 1.00e+01 1.26e+00
[0002][0002] 6.576778e+03 7.054e+02 2.05e+04 3.00e+01 1.29e+00
[0003][0003] 6.370304e+03 2.065e+02 7.00e+03 9.00e+01 1.49e+00
[0004][0004] 6.320575e+03 4.973e+01 2.01e+03 2.70e+02 1.25e+00
[0005][0005] 6.309614e+03 1.096e+01 1.14e+03 8.10e+02 2.30e+00
[0006][0006] 6.284006e+03 2.561e+01 6.84e+02 2.43e+03 1.24e+00
[0007][0007] 6.280876e+03 3.130e+00 3.39e+02 7.29e+03 1.37e+00
[iter][eval] cost actual_cost_change |grad| |TR| MQ
[0000][0000] 1.133436e+04 0.000e+00 1.40e+05 1.00e+01 1.00e+00
[0001][0001] 8.297751e+03 3.037e+03 1.40e+05 1.00e+01 1.39e+00
[0002][0002] 7.420634e+03 8.771e+02 2.74e+04 3.00e+01 1.34e+00
[0003][0003] 6.804483e+03 6.162e+02 1.45e+04 9.00e+01 1.57e+00
[0004][0004] 6.468785e+03 3.357e+02 5.05e+03 2.70e+02 1.45e+00
[0005][0005] 6.347620e+03 1.212e+02 3.05e+03 8.10e+02 1.32e+00
[0006][0006] 6.316946e+03 3.067e+01 2.34e+03 2.43e+03 1.58e+00
[0007][0007] 6.285570e+03 3.138e+01 1.42e+02 7.29e+03 1.26e+00
[0008][0008] 6.281198e+03 4.372e+00 3.00e+02 2.19e+04 1.38e+00
[iter][eval] cost actual_cost_change |grad| |TR| MQ
[0000][0000] 8.067188e+04 0.000e+00 1.10e+05 1.00e+01 1.00e+00
[0001][0001] 7.766407e+04 3.008e+03 1.10e+05 1.00e+01 1.45e+00
[0002][0002] 7.715306e+04 5.110e+02 3.04e+04 3.00e+01 1.42e+00
[0003][0003] 7.707304e+04 8.002e+01 9.49e+03 9.00e+01 1.41e+00
[0004][0004] 7.705993e+04 1.311e+01 2.99e+03 2.70e+02 1.42e+00
[0005][0005] 7.705753e+04 2.397e+00 1.14e+03 8.10e+02 1.44e+00
[0006][0006] 7.705707e+04 4.599e-01 5.42e+02 2.43e+03 1.44e+00
[0007][0007] 7.705698e+04 8.909e-02 2.86e+02 7.29e+03 1.44e+00
[0008][0008] 7.705697e+04 1.749e-02 1.53e+02 2.19e+04 1.45e+00
[0009][0009] 7.705696e+04 3.479e-03 8.07e+01 6.56e+04 1.45e+00
[0010][0010] 7.705696e+04 7.007e-04 4.17e+01 1.97e+05 1.45e+00
[0011][0011] 7.705696e+04 1.429e-04 2.12e+01 5.90e+05 1.45e+00
[0012][0012] 7.705696e+04 2.955e-05 1.06e+01 1.77e+06 1.46e+00
✅ Axis saved in SFS format: ../axis_output/Pot_A_Piece_21_Axis.xyz
   Position: [8.625599, 7.870151, 356.869297]
   Direction: [-0.074120, -0.996966, 0.023778]
✅ Axis extraction completed successfully
📁 Results saved to: /data/gpfs/projects/punim2657/sfs_preprocessing/axis_output/Pot_A_Piece_21_Axis.txt
🎯 Found 1 axes
Best axis - Direction: [-0.074120, -0.996966, 0.023778]
Best axis - Position:  [8.625599, 7.870151, 356.869297]
✅ MATLAB axis extraction successful!
📁 Results: /data/gpfs/projects/punim2657/sfs_preprocessing/axis_output/Pot_A_Piece_21_Axis.txt
📊 Axis data:
-0.074120105008388
-0.996965807665536
0.023777896865598
🎉 MATLAB axis extraction completed!
Converting axis_output to Dataset/Axes format (position then direction)...
Axis already exists, keeping existing: Dataset/Axes/Pot_A_Piece_21_Axis.xyz
Done: Pot A Piece 21
