=== SLURM Job 15252030 Array Task 5 ===
Processing Pot A Piece 5
Start time: Fri 05 Sep 2025 11:20:26 AEST
Running on node: spartan-bm011
Working directory: /data/gpfs/projects/punim2657/sfs_preprocessing
Opening log file:  /home/zhuojiat/java.log.33094
=== EXTRACTING AXIS FOR PIECE 05 ===
  📁 Loading TPS surfaces...
  📊 Surface 0: 9309 points
  📊 Surface 1: 9798 points
  🔄 Running PotSAC axis extraction...
  🔄 Data format: 6x19107
[iter][eval] cost actual_cost_change |grad| |TR| MQ
[0000][0000] 1.212621e+05 0.000e+00 7.71e+05 1.00e+01 1.00e+00
[0001][0001] 9.047589e+04 3.079e+04 7.71e+05 1.00e+01 1.48e+00
[0002][0002] 8.415364e+04 6.322e+03 5.06e+05 3.00e+01 1.46e+00
[0003][0003] 8.286691e+04 1.287e+03 2.22e+05 9.00e+01 1.46e+00
[0004][0004] 8.257742e+04 2.895e+02 7.96e+04 2.70e+02 1.50e+00
[0005][0005] 8.249947e+04 7.795e+01 2.69e+04 8.10e+02 1.54e+00
[iter][eval] cost actual_cost_change |grad| |TR| MQ
[0000][0000] 8.918191e+04 0.000e+00 6.36e+05 1.00e+01 1.00e+00
[0001][0001] 8.367432e+04 5.508e+03 6.36e+05 1.00e+01 1.43e+00
[0002][0002] 8.271490e+04 9.594e+02 3.83e+05 3.00e+01 1.45e+00
[0003][0003] 8.252164e+04 1.933e+02 1.82e+05 9.00e+01 1.48e+00
[0004][0004] 8.247757e+04 4.407e+01 8.17e+04 2.70e+02 1.51e+00
[iter][eval] cost actual_cost_change |grad| |TR| MQ
[0000][0000] 8.726855e+04 0.000e+00 5.00e+05 1.00e+01 1.00e+00
[0001][0001] 8.329484e+04 3.974e+03 5.00e+05 1.00e+01 1.36e+00
[0002][0002] 8.260927e+04 6.856e+02 1.90e+05 3.00e+01 1.39e+00
[0003][0003] 8.248782e+04 1.214e+02 7.71e+04 9.00e+01 1.41e+00
[0004][0004] 8.246609e+04 2.173e+01 3.16e+04 2.70e+02 1.43e+00
[iter][eval] cost actual_cost_change |grad| |TR| MQ
[0000][0000] 8.433342e+04 0.000e+00 4.17e+05 1.00e+01 1.00e+00
[0001][0001] 8.279136e+04 1.542e+03 4.17e+05 1.00e+01 1.35e+00
[0002][0002] 8.252242e+04 2.689e+02 1.60e+05 3.00e+01 1.40e+00
[0003][0003] 8.247370e+04 4.872e+01 6.55e+04 9.00e+01 1.43e+00
[iter][eval] cost actual_cost_change |grad| |TR| MQ
[0000][0000] 8.755616e+04 0.000e+00 5.75e+05 1.00e+01 1.00e+00
[0001][0001] 7.959857e+04 7.958e+03 5.75e+05 1.00e+01 1.50e+00
[0002][0002] 7.806861e+04 1.530e+03 1.69e+05 3.00e+01 1.51e+00
[0003][0003] 7.767600e+04 3.926e+02 3.95e+04 9.00e+01 1.53e+00
[0004][0004] 7.756991e+04 1.061e+02 1.07e+04 2.70e+02 1.53e+00
[0005][0005] 7.754155e+04 2.836e+01 3.74e+03 8.10e+02 1.51e+00
[iter][eval] cost actual_cost_change |grad| |TR| MQ
[0000][0000] 8.990870e+04 0.000e+00 1.79e+05 1.00e+01 1.00e+00
[0001][0001] 8.392718e+04 5.982e+03 1.79e+05 1.00e+01 1.46e+00
[0002][0002] 8.286578e+04 1.061e+03 1.12e+05 3.00e+01 1.48e+00
[0003][0003] 8.259698e+04 2.688e+02 3.96e+04 9.00e+01 1.54e+00
[0004][0004] 8.251047e+04 8.651e+01 1.34e+04 2.70e+02 1.58e+00
[0005][0005] 8.247954e+04 3.093e+01 8.08e+03 8.10e+02 1.60e+00
[iter][eval] cost actual_cost_change |grad| |TR| MQ
[0000][0000] 1.205873e+05 0.000e+00 3.53e+05 1.00e+01 1.00e+00
[0001][0001] 9.273691e+04 2.785e+04 3.53e+05 1.00e+01 1.44e+00
[0002][0002] 8.446810e+04 8.269e+03 5.16e+04 3.00e+01 1.47e+00
[0003][0003] 8.276013e+04 1.708e+03 1.09e+05 9.00e+01 1.40e+00
[0004][0004] 8.252690e+04 2.332e+02 6.33e+04 2.70e+02 1.43e+00
[0005][0005] 8.247986e+04 4.703e+01 2.51e+04 8.10e+02 1.50e+00
[iter][eval] cost actual_cost_change |grad| |TR| MQ
[0000][0000] 8.348349e+04 0.000e+00 5.76e+05 1.00e+01 1.00e+00
[0001][0001] 7.908037e+04 4.403e+03 5.76e+05 1.00e+01 1.45e+00
[0002][0002] 7.792516e+04 1.155e+03 2.85e+05 3.00e+01 1.47e+00
[0003][0003] 7.762939e+04 2.958e+02 1.44e+05 9.00e+01 1.49e+00
[0004][0004] 7.755602e+04 7.337e+01 7.02e+04 2.70e+02 1.50e+00
[iter][eval] cost actual_cost_change |grad| |TR| MQ
[0000][0000] 1.021813e+05 0.000e+00 2.40e+05 1.00e+01 1.00e+00
[0001][0001] 8.767311e+04 1.451e+04 2.40e+05 1.00e+01 1.41e+00
[0002][0002] 8.342962e+04 4.243e+03 9.60e+04 3.00e+01 1.46e+00
[0003][0003] 8.260883e+04 8.208e+02 1.11e+05 9.00e+01 1.41e+00
[0004][0004] 8.248995e+04 1.189e+02 6.35e+04 2.70e+02 1.43e+00
[0005][0005] 8.246833e+04 2.162e+01 3.05e+04 8.10e+02 1.47e+00
[iter][eval] cost actual_cost_change |grad| |TR| MQ
[0000][0000] 1.276636e+05 0.000e+00 1.55e+06 1.00e+01 1.00e+00
[0001][0001] 9.879180e+04 2.887e+04 1.55e+06 1.00e+01 1.43e+00
[0002][0002] 8.756958e+04 1.122e+04 3.40e+05 3.00e+01 1.47e+00
[0003][0003] 8.329961e+04 4.270e+03 1.94e+04 9.00e+01 1.49e+00
[0004][0004] 8.254441e+04 7.552e+02 7.84e+04 2.70e+02 1.36e+00
[0005][0005] 8.247509e+04 6.933e+01 4.74e+04 8.10e+02 1.37e+00
[iter][eval] cost actual_cost_change |grad| |TR| MQ
[0000][0000] 9.520277e+05 0.000e+00 1.27e+06 1.00e+01 1.00e+00
[0001][0001] 9.319284e+05 2.010e+04 1.27e+06 1.00e+01 1.38e+00
[0002][0002] 9.224439e+05 9.484e+03 5.94e+05 3.00e+01 1.27e+00
[0003][0003] 9.191206e+05 3.323e+03 2.51e+05 9.00e+01 1.26e+00
[0004][0004] 9.185091e+05 6.115e+02 9.77e+04 2.70e+02 1.28e+00
[0005][0005] 9.184384e+05 7.075e+01 3.52e+04 8.10e+02 1.30e+00
[0006][0006] 9.184309e+05 7.510e+00 1.28e+04 2.43e+03 1.32e+00
[0007][0007] 9.184300e+05 8.420e-01 4.78e+03 7.29e+03 1.35e+00
[0008][0008] 9.184299e+05 1.147e-01 1.82e+03 2.19e+04 1.40e+00
[0009][0009] 9.184299e+05 2.027e-02 7.46e+02 6.56e+04 1.45e+00
[0010][0010] 9.184299e+05 4.583e-03 3.51e+02 1.97e+05 1.50e+00
[0011][0011] 9.184299e+05 1.234e-03 1.92e+02 5.90e+05 1.54e+00
[0012][0012] 9.184299e+05 3.692e-04 1.13e+02 1.77e+06 1.56e+00
[iter][eval] cost actual_cost_change |grad| |TR| MQ
[0000][0000] 9.246907e+05 0.000e+00 1.16e+06 1.00e+01 1.00e+00
[0001][0001] 9.233553e+05 1.335e+03 1.16e+06 1.00e+01 1.50e+00
[0002][0002] 9.230458e+05 3.095e+02 4.27e+05 3.00e+01 1.77e+00
[0003][0003] 9.225404e+05 5.054e+02 2.64e+05 9.00e+01 1.93e+00
[0004][0004] 9.221542e+05 3.862e+02 2.25e+05 2.70e+02 1.38e+00
[0005][0005] 9.220628e+05 9.134e+01 1.17e+05 8.10e+02 1.39e+00
[0006][0006] 9.220449e+05 1.793e+01 5.38e+04 2.43e+03 1.46e+00
[0007][0007] 9.220406e+05 4.244e+00 2.63e+04 7.29e+03 1.50e+00
[0008][0008] 9.220395e+05 1.108e+00 1.35e+04 2.19e+04 1.52e+00
[0009][0009] 9.220392e+05 2.972e-01 7.12e+03 6.56e+04 1.52e+00
[0010][0010] 9.220392e+05 8.017e-02 3.78e+03 1.97e+05 1.52e+00
[0011][0011] 9.220391e+05 2.164e-02 2.00e+03 5.90e+05 1.52e+00
[0012][0012] 9.220391e+05 5.843e-03 1.06e+03 1.77e+06 1.52e+00
[0013][0013] 9.220391e+05 1.578e-03 5.59e+02 5.31e+06 1.52e+00
[0014][0014] 9.220391e+05 4.262e-04 2.94e+02 1.59e+07 1.52e+00
  ✅ PotSAC extracted 2 axis candidates
  🔍 Candidate 1: norm(1:3)=1.000, norm(4:6)=340.619
  📍 Standard format: direction=[0.754,0.268,0.600], position=[-203.1,-35.8,271.1]
  🔍 Candidate 2: norm(1:3)=1.000, norm(4:6)=454.811
  📍 Standard format: direction=[-0.987,-0.092,-0.135], position=[-64.9,39.9,448.4]
  ✅ Successfully processed piece 05

=== PIECE 05 AXIS EXTRACTION COMPLETE ===
End time: Fri 05 Sep 2025 11:21:26 AEST
=== SLURM Job Complete ===
