=== Axis extraction: Pot A Piece 04 ===
🎯 Running MATLAB axis extraction for Pot A, Fragment 4
🔄 Starting MATLAB axis extraction...
Opening log file:  /home/zhuojiat/java.log.5127

                            < M A T L A B (R) >
                  Copyright 1984-2024 The MathWorks, Inc.
             R2024b Update 3 (24.2.0.2806996) 64-bit (glnxa64)
                             November 26, 2024

 
To get started, type doc.
For product information, visit www.mathworks.com.
 
Starting axis extraction for Pot A, Fragment 1
📐 Resampled surfaces to 28810 points each
[iter][eval] cost actual_cost_change |grad| |TR| MQ
[0000][0000] 6.211087e+05 0.000e+00 1.17e+06 1.00e+01 1.00e+00
[0001][0001] 6.137631e+05 7.346e+03 1.17e+06 1.00e+01 1.48e+00
[0002][0002] 6.117865e+05 1.977e+03 7.90e+05 3.00e+01 1.49e+00
[0003][0003] 6.112618e+05 5.247e+02 5.00e+05 9.00e+01 1.62e+00
[iter][eval] cost actual_cost_change |grad| |TR| MQ
[0000][0000] 6.415835e+05 0.000e+00 1.51e+06 1.00e+01 1.00e+00
[0001][0001] 6.204668e+05 2.112e+04 1.51e+06 1.00e+01 1.50e+00
[0002][0002] 6.143178e+05 6.149e+03 5.02e+05 3.00e+01 1.49e+00
[0003][0003] 6.124177e+05 1.900e+03 5.45e+05 9.00e+01 1.72e+00
[0004][0004] 6.115318e+05 8.859e+02 6.92e+05 2.70e+02 1.58e+00
[0005][0005] 6.111499e+05 3.818e+02 4.99e+05 8.10e+02 1.91e+00
[iter][eval] cost actual_cost_change |grad| |TR| MQ
[0000][0000] 6.182258e+05 0.000e+00 1.09e+06 1.00e+01 1.00e+00
[0001][0001] 6.116041e+05 6.622e+03 1.09e+06 1.00e+01 1.42e+00
[0002][0002] 6.104037e+05 1.200e+03 4.11e+05 3.00e+01 1.43e+00
[0003][0003] 6.101740e+05 2.297e+02 1.62e+05 9.00e+01 1.46e+00
[iter][eval] cost actual_cost_change |grad| |TR| MQ
[0000][0000] 6.728015e+05 0.000e+00 2.43e+06 1.00e+01 1.00e+00
[0001][0001] 6.351304e+05 3.767e+04 2.43e+06 1.00e+01 1.43e+00
[0002][0002] 6.282832e+05 6.847e+03 1.79e+06 3.00e+01 1.44e+00
[0003][0003] 6.251176e+05 3.166e+03 1.29e+06 9.00e+01 1.83e+00
[0004][0004] 6.222500e+05 2.868e+03 2.14e+06 2.70e+02 1.96e+00
[0005][0005] 6.171979e+05 5.052e+03 2.80e+06 8.10e+02 1.85e+00
[0006][0006] 6.159671e+05 1.231e+03 2.07e+06 2.43e+03 1.38e+00
[0007][0007] 6.158645e+05 1.026e+02 6.73e+05 7.29e+03 1.53e+00
[iter][eval] cost actual_cost_change |grad| |TR| MQ
[0000][0000] 6.139219e+05 0.000e+00 1.54e+06 1.00e+01 1.00e+00
[0001][0001] 6.123784e+05 1.544e+03 1.54e+06 1.00e+01 1.49e+00
[0002][0002] 6.118356e+05 5.427e+02 8.45e+05 3.00e+01 1.60e+00
[iter][eval] cost actual_cost_change |grad| |TR| MQ
[0000][0000] 6.274629e+05 0.000e+00 2.16e+06 1.00e+01 1.00e+00
[0001][0001] 6.186835e+05 8.779e+03 2.16e+06 1.00e+01 1.47e+00
[0002][0002] 6.160095e+05 2.674e+03 1.39e+06 3.00e+01 1.52e+00
[0003][0003] 6.147013e+05 1.308e+03 1.09e+06 9.00e+01 1.88e+00
[0004][0004] 6.137350e+05 9.663e+02 1.05e+06 2.70e+02 1.73e+00
[0005][0005] 6.122522e+05 1.483e+03 1.16e+06 8.10e+02 2.25e+00
[0006][0006] 6.108566e+05 1.396e+03 1.29e+06 2.43e+03 1.56e+00
[0007][0007] 6.104997e+05 3.569e+02 6.97e+05 7.29e+03 1.47e+00
[iter][eval] cost actual_cost_change |grad| |TR| MQ
[0000][0000] 6.261025e+05 0.000e+00 1.25e+06 1.00e+01 1.00e+00
[0001][0001] 6.212737e+05 4.829e+03 1.25e+06 1.00e+01 1.51e+00
[0002][0002] 6.196855e+05 1.588e+03 8.19e+05 3.00e+01 1.64e+00
[0003][0003] 6.189703e+05 7.152e+02 6.74e+05 9.00e+01 1.84e+00
[0004][0004] 6.184939e+05 4.764e+02 6.72e+05 2.70e+02 1.82e+00
[iter][eval] cost actual_cost_change |grad| |TR| MQ
[0000][0000] 6.310652e+05 0.000e+00 1.92e+06 1.00e+01 1.00e+00
[0001][0001] 6.239248e+05 7.140e+03 1.92e+06 1.00e+01 1.49e+00
[0002][0002] 6.214289e+05 2.496e+03 1.38e+06 3.00e+01 1.68e+00
[0003][0003] 6.202149e+05 1.214e+03 1.02e+06 9.00e+01 1.87e+00
[0004][0004] 6.191912e+05 1.024e+03 1.11e+06 2.70e+02 1.64e+00
[0005][0005] 6.186843e+05 5.069e+02 7.87e+05 8.10e+02 1.69e+00
[iter][eval] cost actual_cost_change |grad| |TR| MQ
[0000][0000] 6.548496e+05 0.000e+00 2.31e+06 1.00e+01 1.00e+00
[0001][0001] 6.320642e+05 2.279e+04 2.31e+06 1.00e+01 1.54e+00
[0002][0002] 6.277874e+05 4.277e+03 1.94e+06 3.00e+01 1.47e+00
[0003][0003] 6.265934e+05 1.194e+03 4.03e+05 9.00e+01 1.80e+00
[0004][0004] 6.255738e+05 1.020e+03 1.33e+06 2.70e+02 1.88e+00
[0005][0005] 6.235153e+05 2.058e+03 1.47e+06 8.10e+02 2.56e+00
[0006][0006] 6.198960e+05 3.619e+03 1.95e+06 2.43e+03 1.92e+00
[0007][0007] 6.168824e+05 3.014e+03 1.71e+06 7.29e+03 1.81e+00
[0008][0008] 6.152977e+05 1.585e+03 1.39e+06 2.19e+04 1.67e+00
[0009][0009] 6.133597e+05 1.938e+03 1.28e+06 6.56e+04 2.16e+00
[0010][0010] 6.116271e+05 1.733e+03 1.29e+06 1.97e+05 1.65e+00
[0011][0011] 6.108210e+05 8.061e+02 8.48e+05 5.90e+05 1.67e+00
[0012][0012] 6.104339e+05 3.870e+02 5.80e+05 1.77e+06 1.82e+00
[iter][eval] cost actual_cost_change |grad| |TR| MQ
[0000][0000] 6.274880e+05 0.000e+00 1.76e+06 1.00e+01 1.00e+00
[0001][0001] 6.236591e+05 3.829e+03 1.76e+06 1.00e+01 1.58e+00
[0002][0002] 6.218473e+05 1.812e+03 1.47e+06 3.00e+01 1.56e+00
[0003][0003] 6.208834e+05 9.639e+02 9.39e+05 9.00e+01 1.69e+00
[0004][0004] 6.203064e+05 5.770e+02 7.17e+05 2.70e+02 1.72e+00
[iter][eval] cost actual_cost_change |grad| |TR| MQ
[0000][0000] 6.139069e+06 0.000e+00 7.88e+05 1.00e+01 1.00e+00
[0001][0001] 6.136303e+06 2.767e+03 7.88e+05 1.00e+01 1.53e+00
[0002][0002] 6.135629e+06 6.736e+02 9.34e+05 3.00e+01 1.49e+00
[0003][0003] 6.135474e+06 1.545e+02 7.40e+05 9.00e+01 1.45e+00
[0004][0004] 6.135445e+06 2.905e+01 3.15e+05 2.70e+02 1.43e+00
[0005][0005] 6.135440e+06 5.478e+00 1.43e+05 8.10e+02 1.45e+00
[0006][0006] 6.135439e+06 1.273e+00 8.70e+04 2.43e+03 1.54e+00
[0007][0007] 6.135438e+06 4.433e-01 6.91e+04 7.29e+03 1.66e+00
[0008][0008] 6.135438e+06 2.208e-01 5.75e+04 2.19e+04 1.75e+00
[0009][0009] 6.135438e+06 1.296e-01 4.72e+04 6.56e+04 1.78e+00
[0010][0010] 6.135438e+06 8.018e-02 3.82e+04 1.97e+05 1.79e+00
[0011][0011] 6.135438e+06 5.039e-02 3.06e+04 5.90e+05 1.79e+00
[0012][0012] 6.135438e+06 3.183e-02 2.45e+04 1.77e+06 1.80e+00
[0013][0013] 6.135438e+06 2.015e-02 1.95e+04 5.31e+06 1.80e+00
[0014][0014] 6.135438e+06 1.278e-02 1.56e+04 1.59e+07 1.80e+00
[0015][0015] 6.135438e+06 8.111e-03 1.24e+04 4.78e+07 1.80e+00
[0016][0016] 6.135438e+06 5.152e-03 9.89e+03 1.43e+08 1.80e+00
✅ Axis saved in SFS format: ../axis_output/Pot_A_Piece_01_Axis.xyz
   Position: [-54.275177, -131.618121, 59.309199]
   Direction: [0.219850, 0.323981, 0.920164]
✅ Axis extraction completed successfully
📁 Results saved to: /data/gpfs/projects/punim2657/sfs_preprocessing/axis_output/Pot_A_Piece_01_Axis.txt
🎯 Found 1 axes
Best axis - Direction: [0.219850, 0.323981, 0.920164]
Best axis - Position:  [-54.275177, -131.618121, 59.309199]
✅ MATLAB axis extraction successful!
📁 Results: /data/gpfs/projects/punim2657/sfs_preprocessing/axis_output/Pot_A_Piece_04_Axis.txt
📊 Axis data:
-0.541883056464412
0.296226029600872
0.78651948005354
🎉 MATLAB axis extraction completed!
Converting axis_output to Dataset/Axes format (position then direction)...
Axis already exists, keeping existing: Dataset/Axes/Pot_A_Piece_04_Axis.xyz
Done: Pot A Piece 04
