=== Axis extraction: Pot A Piece 08 ===
🎯 Running MATLAB axis extraction for Pot A, Fragment 8
🔄 Starting MATLAB axis extraction...
Opening log file:  /home/zhuojiat/java.log.28780

                            < M A T L A B (R) >
                  Copyright 1984-2024 The MathWorks, Inc.
             R2024b Update 3 (24.2.0.2806996) 64-bit (glnxa64)
                             November 26, 2024

 
To get started, type doc.
For product information, visit www.mathworks.com.
 
Starting axis extraction for Pot A, Fragment 7
📐 Resampled surfaces to 1798 points each
[iter][eval] cost actual_cost_change |grad| |TR| MQ
[0000][0000] 9.889388e+03 0.000e+00 3.98e+04 1.00e+01 1.00e+00
[0001][0001] 7.385253e+03 2.504e+03 3.98e+04 1.00e+01 1.46e+00
[0002][0002] 6.962095e+03 4.232e+02 2.80e+03 3.00e+01 1.48e+00
[0003][0003] 6.898719e+03 6.338e+01 2.49e+03 9.00e+01 1.40e+00
[0004][0004] 6.891270e+03 7.449e+00 1.35e+03 2.70e+02 1.30e+00
[0005][0005] 6.890652e+03 6.179e-01 5.54e+02 8.10e+02 1.27e+00
[iter][eval] cost actual_cost_change |grad| |TR| MQ
[0000][0000] 1.071652e+04 0.000e+00 8.01e+04 1.00e+01 1.00e+00
[0001][0001] 7.523183e+03 3.193e+03 8.01e+04 1.00e+01 1.42e+00
[0002][0002] 6.984379e+03 5.388e+02 8.40e+03 3.00e+01 1.50e+00
[0003][0003] 6.901895e+03 8.248e+01 2.50e+03 9.00e+01 1.41e+00
[0004][0004] 6.891562e+03 1.033e+01 1.56e+03 2.70e+02 1.31e+00
[0005][0005] 6.890667e+03 8.951e-01 6.36e+02 8.10e+02 1.27e+00
[iter][eval] cost actual_cost_change |grad| |TR| MQ
[0000][0000] 1.250154e+04 0.000e+00 1.59e+05 1.00e+01 1.00e+00
[0001][0001] 8.104100e+03 4.397e+03 1.59e+05 1.00e+01 1.35e+00
[0002][0002] 7.119635e+03 9.845e+02 2.58e+04 3.00e+01 1.50e+00
[0003][0003] 6.926045e+03 1.936e+02 2.44e+03 9.00e+01 1.50e+00
[0004][0004] 6.895096e+03 3.095e+01 3.11e+02 2.70e+02 1.41e+00
[0005][0005] 6.891125e+03 3.972e+00 5.46e+01 8.10e+02 1.34e+00
[iter][eval] cost actual_cost_change |grad| |TR| MQ
[0000][0000] 8.542050e+03 0.000e+00 6.66e+04 1.00e+01 1.00e+00
[0001][0001] 7.393015e+03 1.149e+03 6.66e+04 1.00e+01 1.35e+00
[0002][0002] 7.055856e+03 3.372e+02 2.04e+04 3.00e+01 1.37e+00
[0003][0003] 6.946845e+03 1.090e+02 9.26e+03 9.00e+01 1.58e+00
[0004][0004] 6.912860e+03 3.399e+01 4.07e+03 2.70e+02 1.36e+00
[0005][0005] 6.904020e+03 8.839e+00 2.03e+03 8.10e+02 1.49e+00
[0006][0006] 6.899101e+03 4.919e+00 9.00e+02 2.43e+03 2.00e+00
[iter][eval] cost actual_cost_change |grad| |TR| MQ
[0000][0000] 1.064226e+04 0.000e+00 8.84e+04 1.00e+01 1.00e+00
[0001][0001] 7.442065e+03 3.200e+03 8.84e+04 1.00e+01 1.42e+00
[0002][0002] 6.968054e+03 4.740e+02 2.65e+03 3.00e+01 1.45e+00
[0003][0003] 6.899327e+03 6.873e+01 7.12e+03 9.00e+01 1.35e+00
[0004][0004] 6.891674e+03 7.653e+00 3.47e+03 2.70e+02 1.32e+00
[0005][0005] 6.890779e+03 8.955e-01 1.43e+03 8.10e+02 1.37e+00
[iter][eval] cost actual_cost_change |grad| |TR| MQ
[0000][0000] 9.380187e+03 0.000e+00 9.41e+04 1.00e+01 1.00e+00
[0001][0001] 8.340447e+03 1.040e+03 9.41e+04 1.00e+01 1.31e+00
[0002][0002] 7.617735e+03 7.227e+02 3.99e+04 3.00e+01 1.43e+00
[0003][0003] 7.146106e+03 4.716e+02 1.54e+04 9.00e+01 1.42e+00
[0004][0004] 6.981629e+03 1.645e+02 6.67e+03 2.70e+02 1.30e+00
[0005][0005] 6.927810e+03 5.382e+01 4.29e+03 8.10e+02 1.82e+00
[0006][0006] 6.907909e+03 1.990e+01 2.00e+03 2.43e+03 1.28e+00
[0007][0007] 6.902772e+03 5.137e+00 1.04e+03 7.29e+03 1.55e+00
[iter][eval] cost actual_cost_change |grad| |TR| MQ
[0000][0000] 8.310827e+03 0.000e+00 4.66e+04 1.00e+01 1.00e+00
[0001][0001] 7.235658e+03 1.075e+03 4.66e+04 1.00e+01 1.40e+00
[0002][0002] 6.980423e+03 2.552e+02 1.57e+04 3.00e+01 1.43e+00
[0003][0003] 6.918344e+03 6.208e+01 5.63e+03 9.00e+01 1.44e+00
[0004][0004] 6.903901e+03 1.444e+01 2.54e+03 2.70e+02 1.49e+00
[0005][0005] 6.892432e+03 1.147e+01 1.36e+03 8.10e+02 1.13e+00
[0006][0006] 6.891015e+03 1.417e+00 8.08e+02 2.43e+03 1.47e+00
[iter][eval] cost actual_cost_change |grad| |TR| MQ
[0000][0000] 1.510539e+04 0.000e+00 1.32e+05 1.00e+01 1.00e+00
[0001][0001] 8.575095e+03 6.530e+03 1.32e+05 1.00e+01 1.44e+00
[0002][0002] 7.197034e+03 1.378e+03 2.46e+04 3.00e+01 1.54e+00
[0003][0003] 6.938752e+03 2.583e+02 9.13e+02 9.00e+01 1.49e+00
[0004][0004] 6.896819e+03 4.193e+01 9.06e+02 2.70e+02 1.42e+00
[0005][0005] 6.891273e+03 5.546e+00 4.32e+02 8.10e+02 1.33e+00
[iter][eval] cost actual_cost_change |grad| |TR| MQ
[0000][0000] 1.096883e+04 0.000e+00 2.18e+05 1.00e+01 1.00e+00
[0001][0001] 8.315509e+03 2.653e+03 2.18e+05 1.00e+01 1.33e+00
[0002][0002] 7.362182e+03 9.533e+02 6.94e+04 3.00e+01 1.38e+00
[0003][0003] 7.035015e+03 3.272e+02 1.97e+04 9.00e+01 1.41e+00
[0004][0004] 6.930529e+03 1.045e+02 6.53e+03 2.70e+02 1.39e+00
[0005][0005] 6.907476e+03 2.305e+01 3.14e+03 8.10e+02 1.45e+00
[0006][0006] 6.900677e+03 6.799e+00 1.34e+03 2.43e+03 1.55e+00
[iter][eval] cost actual_cost_change |grad| |TR| MQ
[0000][0000] 1.380998e+04 0.000e+00 1.84e+05 1.00e+01 1.00e+00
[0001][0001] 1.037673e+04 3.433e+03 1.84e+05 1.00e+01 1.32e+00
[0002][0002] 1.061940e+04 -2.427e+02 1.02e+05 3.00e+01 -3.84e-01
[0002][0003] 1.061572e+04 -2.390e+02 1.02e+05 1.50e+01 -3.78e-01
[0002][0004] 1.059363e+04 -2.169e+02 1.02e+05 3.75e+00 -3.43e-01
[0002][0005] 1.038485e+04 -8.117e+00 1.02e+05 4.69e-01 -1.29e-02
[0002][0006] 9.261644e+03 1.115e+03 1.02e+05 2.93e-02 1.83e+00
[0003][0007] 8.646297e+03 6.153e+02 4.02e+04 8.79e-02 1.11e+00
[0004][0008] 8.023991e+03 6.223e+02 1.50e+04 2.64e-01 1.11e+00
[0005][0009] 7.552386e+03 4.716e+02 8.88e+03 7.91e-01 1.20e+00
[0006][0010] 7.228789e+03 3.236e+02 3.35e+03 2.37e+00 1.58e+00
[0007][0011] 6.976833e+03 2.520e+02 2.49e+03 7.12e+00 1.28e+00
[0008][0012] 6.931142e+03 4.569e+01 1.70e+03 2.14e+01 1.74e+00
[0009][0013] 6.905940e+03 2.520e+01 2.34e+02 6.41e+01 1.07e+00
[0010][0014] 6.902412e+03 3.528e+00 7.15e+02 1.92e+02 1.82e+00
[iter][eval] cost actual_cost_change |grad| |TR| MQ
[0000][0000] 7.663954e+04 0.000e+00 1.82e+04 1.00e+01 1.00e+00
[0001][0001] 7.617420e+04 4.653e+02 1.82e+04 1.00e+01 1.46e+00
[0002][0002] 7.607531e+04 9.889e+01 1.06e+04 3.00e+01 1.46e+00
[0003][0003] 7.605490e+04 2.041e+01 6.15e+03 9.00e+01 1.46e+00
[0004][0004] 7.605070e+04 4.197e+00 3.42e+03 2.70e+02 1.46e+00
[0005][0005] 7.604981e+04 8.922e-01 1.83e+03 8.10e+02 1.47e+00
[0006][0006] 7.604961e+04 1.960e-01 9.39e+02 2.43e+03 1.47e+00
[0007][0007] 7.604957e+04 4.332e-02 4.73e+02 7.29e+03 1.47e+00
[0008][0008] 7.604956e+04 9.648e-03 2.36e+02 2.19e+04 1.47e+00
[0009][0009] 7.604956e+04 2.162e-03 1.17e+02 6.56e+04 1.47e+00
[0010][0010] 7.604956e+04 4.869e-04 5.71e+01 1.97e+05 1.48e+00
[0011][0011] 7.604956e+04 1.101e-04 2.78e+01 5.90e+05 1.48e+00
[0012][0012] 7.604956e+04 2.498e-05 1.35e+01 1.77e+06 1.48e+00
✅ Axis saved in SFS format: ../axis_output/Pot_A_Piece_07_Axis.xyz
   Position: [8.991680, 10.047525, 356.925692]
   Direction: [-0.067499, -0.997275, 0.029774]
✅ Axis extraction completed successfully
📁 Results saved to: /data/gpfs/projects/punim2657/sfs_preprocessing/axis_output/Pot_A_Piece_07_Axis.txt
🎯 Found 1 axes
Best axis - Direction: [-0.067499, -0.997275, 0.029774]
Best axis - Position:  [8.991680, 10.047525, 356.925692]
✅ MATLAB axis extraction successful!
📁 Results: /data/gpfs/projects/punim2657/sfs_preprocessing/axis_output/Pot_A_Piece_08_Axis.txt
📊 Axis data:
0.861352614020106
0.0611842705260774
0.504309586822342
🎉 MATLAB axis extraction completed!
Converting axis_output to Dataset/Axes format (position then direction)...
Axis already exists, keeping existing: Dataset/Axes/Pot_A_Piece_08_Axis.xyz
Done: Pot A Piece 08
