=== SLURM Job 15251475 Array Task 8 ===
Processing Pot A Piece 8
Start time: Fri 05 Sep 2025 10:59:24 AEST
Running on node: spartan-bm046
Working directory: /data/gpfs/projects/punim2657/sfs_preprocessing
Opening log file:  /home/zhuojiat/java.log.37669
=== EXTRACTING AXIS FOR PIECE 08 ===
  📁 Loading TPS surfaces...
  📊 Surface 0: 8400 points
  📊 Surface 1: 8400 points
  🔄 Running PotSAC axis extraction...
  🔄 Data format: 6x16800
[iter][eval] cost actual_cost_change |grad| |TR| MQ
[0000][0000] 1.358768e+04 0.000e+00 4.42e+06 1.00e+01 1.00e+00
[0001][0001] 9.335897e+03 4.252e+03 4.42e+06 1.00e+01 1.38e+00
[0002][0002] 8.698678e+03 6.372e+02 1.02e+06 3.00e+01 1.18e+00
[0003][0003] 8.535083e+03 1.636e+02 1.94e+05 9.00e+01 1.02e+00
[0004][0004] 8.449842e+03 8.524e+01 9.16e+04 2.70e+02 1.01e+00
[0005][0005] 8.404770e+03 4.507e+01 5.16e+04 8.10e+02 1.06e+00
[0006][0006] 8.384605e+03 2.016e+01 2.38e+04 2.43e+03 1.15e+00
[0007][0007] 8.377968e+03 6.638e+00 7.45e+03 7.29e+03 1.25e+00
[iter][eval] cost actual_cost_change |grad| |TR| MQ
[0000][0000] 3.862717e+04 0.000e+00 8.23e+05 1.00e+01 1.00e+00
[0001][0001] 3.155717e+04 7.070e+03 8.23e+05 1.00e+01 1.15e+00
[0002][0002] 2.965035e+04 1.907e+03 3.77e+05 3.00e+01 1.19e+00
[0003][0003] 2.904905e+04 6.013e+02 2.18e+05 9.00e+01 1.26e+00
[0004][0004] 2.886300e+04 1.860e+02 1.36e+05 2.70e+02 1.33e+00
[0005][0005] 2.880999e+04 5.302e+01 8.02e+04 8.10e+02 1.40e+00
[0006][0006] 2.879598e+04 1.401e+01 4.34e+04 2.43e+03 1.43e+00
[iter][eval] cost actual_cost_change |grad| |TR| MQ
[0000][0000] 2.076896e+04 0.000e+00 5.91e+06 1.00e+01 1.00e+00
[0001][0001] 1.329869e+04 7.470e+03 5.91e+06 1.00e+01 1.14e+00
[0002][0002] 1.030345e+04 2.995e+03 3.13e+06 3.00e+01 1.12e+00
[0003][0003] 9.138425e+03 1.165e+03 1.68e+06 9.00e+01 1.09e+00
[0004][0004] 8.700008e+03 4.384e+02 8.06e+05 2.70e+02 1.07e+00
[0005][0005] 8.514175e+03 1.858e+02 3.53e+05 8.10e+02 1.07e+00
[0006][0006] 8.426398e+03 8.778e+01 1.33e+05 2.43e+03 1.12e+00
[0007][0007] 8.387947e+03 3.845e+01 3.31e+04 7.29e+03 1.29e+00
[0008][0008] 8.377949e+03 9.998e+00 1.11e+03 2.19e+04 1.39e+00
[0009][0009] 8.376438e+03 1.511e+00 6.28e+03 6.56e+04 1.40e+00
[iter][eval] cost actual_cost_change |grad| |TR| MQ
[0000][0000] 5.066621e+04 0.000e+00 1.29e+07 1.00e+01 1.00e+00
[0001][0001] 2.330757e+04 2.736e+04 1.29e+07 1.00e+01 1.28e+00
[0002][0002] 1.411001e+04 9.198e+03 6.18e+06 3.00e+01 1.18e+00
[0003][0003] 1.064758e+04 3.462e+03 3.04e+06 9.00e+01 1.13e+00
[0004][0004] 9.242962e+03 1.405e+03 1.60e+06 2.70e+02 1.12e+00
[0005][0005] 8.684334e+03 5.586e+02 8.20e+05 8.10e+02 1.12e+00
[0006][0006] 8.478726e+03 2.056e+02 3.68e+05 2.43e+03 1.11e+00
[0007][0007] 8.403811e+03 7.492e+01 1.47e+05 7.29e+03 1.15e+00
[0008][0008] 8.381311e+03 2.250e+01 4.98e+04 2.19e+04 1.20e+00
[0009][0009] 8.376902e+03 4.409e+00 9.75e+03 6.56e+04 1.27e+00
[iter][eval] cost actual_cost_change |grad| |TR| MQ
[0000][0000] 4.673428e+04 0.000e+00 4.40e+06 1.00e+01 1.00e+00
[0001][0001] 2.489367e+04 2.184e+04 4.40e+06 1.00e+01 1.11e+00
[0002][0002] 1.539289e+04 9.501e+03 3.24e+06 3.00e+01 1.12e+00
[0003][0003] 1.119145e+04 4.201e+03 2.31e+06 9.00e+01 1.12e+00
[0004][0004] 9.324225e+03 1.867e+03 1.54e+06 2.70e+02 1.09e+00
[0005][0005] 8.694541e+03 6.297e+02 8.73e+05 8.10e+02 1.08e+00
[0006][0006] 8.482807e+03 2.117e+02 4.53e+05 2.43e+03 1.16e+00
[0007][0007] 8.407118e+03 7.569e+01 2.27e+05 7.29e+03 1.22e+00
[0008][0008] 8.383423e+03 2.369e+01 9.75e+04 2.19e+04 1.30e+00
[0009][0009] 8.377555e+03 5.868e+00 3.70e+04 6.56e+04 1.35e+00
[iter][eval] cost actual_cost_change |grad| |TR| MQ
[0000][0000] 3.465651e+04 0.000e+00 7.27e+06 1.00e+01 1.00e+00
[0001][0001] 1.896842e+04 1.569e+04 7.27e+06 1.00e+01 1.19e+00
[0002][0002] 1.280702e+04 6.161e+03 3.52e+06 3.00e+01 1.14e+00
[0003][0003] 1.014529e+04 2.662e+03 1.77e+06 9.00e+01 1.07e+00
[0004][0004] 9.039390e+03 1.106e+03 9.88e+05 2.70e+02 1.07e+00
[0005][0005] 8.610232e+03 4.292e+02 5.43e+05 8.10e+02 1.09e+00
[0006][0006] 8.453538e+03 1.567e+02 2.38e+05 2.43e+03 1.11e+00
[0007][0007] 8.395931e+03 5.761e+01 9.25e+04 7.29e+03 1.16e+00
[0008][0008] 8.379718e+03 1.621e+01 2.64e+04 2.19e+04 1.21e+00
[0009][0009] 8.376684e+03 3.035e+00 3.11e+03 6.56e+04 1.29e+00
[iter][eval] cost actual_cost_change |grad| |TR| MQ
[0000][0000] 4.474957e+04 0.000e+00 2.56e+06 1.00e+01 1.00e+00
[0001][0001] 3.524458e+04 9.505e+03 2.56e+06 1.00e+01 1.08e+00
[0002][0002] 3.189860e+04 3.346e+03 1.06e+06 3.00e+01 9.41e-01
[0003][0003] 3.043645e+04 1.462e+03 3.93e+05 9.00e+01 8.62e-01
[0004][0004] 2.959305e+04 8.434e+02 1.07e+05 1.45e+02 9.41e-01
[0005][0005] 2.879325e+04 7.998e+02 1.19e+04 4.36e+02 1.61e+00
[0006][0006] 2.879183e+04 1.420e+00 1.66e+04 1.31e+03 1.42e+00
[iter][eval] cost actual_cost_change |grad| |TR| MQ
[0000][0000] 5.851137e+04 0.000e+00 4.11e+06 1.00e+01 1.00e+00
[0001][0001] 3.362093e+04 2.489e+04 4.11e+06 1.00e+01 1.20e+00
[0002][0002] 1.923042e+04 1.439e+04 2.24e+06 3.00e+01 1.08e+00
[0003][0003] 1.305049e+04 6.180e+03 1.54e+06 9.00e+01 1.11e+00
[0004][0004] 1.014162e+04 2.909e+03 1.04e+06 2.70e+02 1.06e+00
[0005][0005] 8.987479e+03 1.154e+03 6.74e+05 8.10e+02 1.03e+00
[0006][0006] 8.593401e+03 3.941e+02 4.36e+05 2.43e+03 1.08e+00
[0007][0007] 8.446921e+03 1.465e+02 2.63e+05 7.29e+03 1.15e+00
[0008][0008] 8.395515e+03 5.141e+01 1.19e+05 2.19e+04 1.21e+00
[0009][0009] 8.380380e+03 1.513e+01 4.48e+04 6.56e+04 1.29e+00
[0010][0010] 8.376945e+03 3.435e+00 1.49e+04 1.97e+05 1.35e+00
[iter][eval] cost actual_cost_change |grad| |TR| MQ
[0000][0000] 5.059310e+04 0.000e+00 7.56e+06 1.00e+01 1.00e+00
[0001][0001] 2.527874e+04 2.531e+04 7.56e+06 1.00e+01 1.22e+00
[0002][0002] 1.531432e+04 9.964e+03 3.36e+06 3.00e+01 1.15e+00
[0003][0003] 1.129271e+04 4.022e+03 1.26e+06 9.00e+01 1.10e+00
[0004][0004] 9.630515e+03 1.662e+03 4.19e+05 2.70e+02 1.07e+00
[0005][0005] 8.908754e+03 7.218e+02 1.24e+05 8.10e+02 1.05e+00
[0006][0006] 8.598961e+03 3.098e+02 3.44e+04 2.43e+03 1.04e+00
[0007][0007] 8.462566e+03 1.364e+02 9.67e+03 7.29e+03 1.08e+00
[0008][0008] 8.401850e+03 6.072e+01 3.43e+02 2.19e+04 1.20e+00
[0009][0009] 8.380728e+03 2.112e+01 1.30e+02 6.56e+04 1.35e+00
[0010][0010] 8.376782e+03 3.946e+00 2.39e+03 1.97e+05 1.38e+00
[iter][eval] cost actual_cost_change |grad| |TR| MQ
[0000][0000] 4.945518e+04 0.000e+00 7.48e+06 1.00e+01 1.00e+00
[0001][0001] 2.722027e+04 2.223e+04 7.48e+06 1.00e+01 1.12e+00
[0002][0002] 1.666433e+04 1.056e+04 4.67e+06 3.00e+01 1.11e+00
[0003][0003] 1.189072e+04 4.774e+03 2.75e+06 9.00e+01 1.09e+00
[0004][0004] 9.779764e+03 2.111e+03 1.56e+06 2.70e+02 1.07e+00
[0005][0005] 8.933832e+03 8.459e+02 8.54e+05 8.10e+02 1.05e+00
[0006][0006] 8.590480e+03 3.434e+02 4.43e+05 2.43e+03 1.07e+00
[0007][0007] 8.447326e+03 1.432e+02 2.01e+05 7.29e+03 1.15e+00
[0008][0008] 8.392383e+03 5.494e+01 5.94e+04 2.19e+04 1.29e+00
[0009][0009] 8.378666e+03 1.372e+01 2.89e+02 6.56e+04 1.39e+00
[0010][0010] 8.376549e+03 2.118e+00 8.89e+03 1.97e+05 1.41e+00
[iter][eval] cost actual_cost_change |grad| |TR| MQ
[0000][0000] 1.333407e+05 0.000e+00 5.16e+06 1.00e+01 1.00e+00
[0001][0001] 1.309444e+05 2.396e+03 5.16e+06 1.00e+01 1.38e+00
[0002][0002] 1.303747e+05 5.697e+02 1.87e+06 3.00e+01 1.26e+00
[0003][0003] 1.301144e+05 2.603e+02 5.30e+05 9.00e+01 1.24e+00
[0004][0004] 1.300164e+05 9.798e+01 4.93e+04 2.70e+02 1.41e+00
[0005][0005] 1.299967e+05 1.970e+01 3.49e+04 8.10e+02 1.44e+00
[0006][0006] 1.299930e+05 3.703e+00 2.18e+04 2.43e+03 1.44e+00
[0007][0007] 1.299923e+05 7.121e-01 9.70e+03 7.29e+03 1.44e+00
[0008][0008] 1.299922e+05 1.384e-01 3.98e+03 2.19e+04 1.44e+00
[0009][0009] 1.299921e+05 2.705e-02 1.60e+03 6.56e+04 1.44e+00
[0010][0010] 1.299921e+05 5.310e-03 6.35e+02 1.97e+05 1.44e+00
[0011][0011] 1.299921e+05 1.045e-03 2.51e+02 5.90e+05 1.44e+00
[0012][0012] 1.299921e+05 2.062e-04 9.90e+01 1.77e+06 1.44e+00
[0013][0013] 1.299921e+05 4.076e-05 3.87e+01 5.31e+06 1.44e+00
  ✅ PotSAC extracted 1 axis candidates
  🔍 Candidate 1: norm(1:3)=1.000, norm(4:6)=984.945
  📍 Standard format: direction=[0.925,0.306,-0.226], position=[218.4,47.0,959.3]
  ✅ Successfully processed piece 08

=== PIECE 08 AXIS EXTRACTION COMPLETE ===
End time: Fri 05 Sep 2025 11:00:09 AEST
=== SLURM Job Complete ===
