=== SLURM Job 15233831 Array Task 3 ===
Processing Pot A Piece 3
Start time: Fri 05 Sep 2025 01:22:37 AEST
Running on node: spartan-bm026
Working directory: /data/gpfs/projects/punim2657/sfs_preprocessing
Opening log file:  /home/zhuojiat/java.log.44615
=== EXTRACTING AXIS FOR PIECE 03 ===
  📁 Loading TPS surfaces...
  📊 Surface 0: 11577 points
  📊 Surface 1: 12798 points
  🔄 Running PotSAC axis extraction...
  🔄 Data format: 6x24375
[iter][eval] cost actual_cost_change |grad| |TR| MQ
[0000][0000] 6.282039e+04 0.000e+00 1.96e+06 1.00e+01 1.00e+00
[0001][0001] 4.644236e+04 1.638e+04 1.96e+06 1.00e+01 1.42e+00
[0002][0002] 4.200735e+04 4.435e+03 8.22e+05 3.00e+01 1.47e+00
[0003][0003] 4.070866e+04 1.299e+03 3.67e+05 9.00e+01 1.50e+00
[0004][0004] 4.029925e+04 4.094e+02 1.58e+05 2.70e+02 1.53e+00
[0005][0005] 4.016543e+04 1.338e+02 6.95e+04 8.10e+02 1.52e+00
[0006][0006] 4.012643e+04 3.900e+01 3.28e+04 2.43e+03 1.53e+00
[iter][eval] cost actual_cost_change |grad| |TR| MQ
[0000][0000] 2.536354e+05 0.000e+00 2.16e+06 1.00e+01 1.00e+00
[0001][0001] 1.339355e+05 1.197e+05 2.16e+06 1.00e+01 1.57e+00
[0002][0002] 8.086842e+04 5.307e+04 5.78e+05 3.00e+01 1.67e+00
[0003][0003] 5.687722e+04 2.399e+04 3.03e+05 9.00e+01 1.29e+00
[0004][0004] 4.538453e+04 1.149e+04 7.65e+04 2.70e+02 1.44e+00
[0005][0005] 4.282938e+04 2.555e+03 1.42e+05 8.10e+02 1.47e+00
[0006][0006] 4.085037e+04 1.979e+03 6.49e+04 2.43e+03 1.62e+00
[0007][0007] 4.028617e+04 5.642e+02 3.60e+04 7.29e+03 1.53e+00
[0008][0008] 4.015490e+04 1.313e+02 2.72e+04 2.19e+04 1.51e+00
[0009][0009] 4.012276e+04 3.214e+01 1.69e+04 6.56e+04 1.52e+00
[iter][eval] cost actual_cost_change |grad| |TR| MQ
[0000][0000] 4.498116e+04 0.000e+00 8.97e+05 1.00e+01 1.00e+00
[0001][0001] 4.090659e+04 4.075e+03 8.97e+05 1.00e+01 1.41e+00
[0002][0002] 4.024574e+04 6.608e+02 3.81e+05 3.00e+01 1.41e+00
[0003][0003] 4.013548e+04 1.103e+02 1.55e+05 9.00e+01 1.42e+00
[0004][0004] 4.011581e+04 1.967e+01 6.29e+04 2.70e+02 1.43e+00
[iter][eval] cost actual_cost_change |grad| |TR| MQ
[0000][0000] 5.410273e+04 0.000e+00 1.55e+06 1.00e+01 1.00e+00
[0001][0001] 4.292304e+04 1.118e+04 1.55e+06 1.00e+01 1.42e+00
[0002][0002] 4.075788e+04 2.165e+03 6.41e+05 3.00e+01 1.42e+00
[0003][0003] 4.028164e+04 4.762e+02 2.56e+05 9.00e+01 1.48e+00
[0004][0004] 4.015645e+04 1.252e+02 1.08e+05 2.70e+02 1.50e+00
[0005][0005] 4.012331e+04 3.314e+01 4.65e+04 8.10e+02 1.51e+00
[iter][eval] cost actual_cost_change |grad| |TR| MQ
[0000][0000] 1.825666e+05 0.000e+00 3.04e+05 1.00e+01 1.00e+00
[0001][0001] 9.057285e+04 9.199e+04 3.04e+05 1.00e+01 1.51e+00
[0002][0002] 5.751087e+04 3.306e+04 1.10e+05 3.00e+01 1.36e+00
[0003][0003] 4.466871e+04 1.284e+04 3.19e+05 9.00e+01 1.46e+00
[0004][0004] 4.101013e+04 3.659e+03 2.47e+05 2.70e+02 1.52e+00
[0005][0005] 4.031584e+04 6.943e+02 1.14e+05 8.10e+02 1.53e+00
[0006][0006] 4.015888e+04 1.570e+02 5.75e+04 2.43e+03 1.49e+00
[0007][0007] 4.012286e+04 3.602e+01 2.70e+04 7.29e+03 1.50e+00
[iter][eval] cost actual_cost_change |grad| |TR| MQ
[0000][0000] 9.579947e+04 0.000e+00 3.37e+05 1.00e+01 1.00e+00
[0001][0001] 5.815132e+04 3.765e+04 3.37e+05 1.00e+01 1.38e+00
[0002][0002] 4.465946e+04 1.349e+04 4.32e+05 3.00e+01 1.46e+00
[0003][0003] 4.100031e+04 3.659e+03 2.95e+05 9.00e+01 1.51e+00
[0004][0004] 4.031122e+04 6.891e+02 1.35e+05 2.70e+02 1.52e+00
[0005][0005] 4.015738e+04 1.538e+02 6.52e+04 8.10e+02 1.49e+00
[0006][0006] 4.012239e+04 3.499e+01 2.98e+04 2.43e+03 1.49e+00
[iter][eval] cost actual_cost_change |grad| |TR| MQ
[0000][0000] 4.965224e+04 0.000e+00 1.17e+06 1.00e+01 1.00e+00
[0001][0001] 4.267284e+04 6.979e+03 1.17e+06 1.00e+01 1.44e+00
[0002][0002] 4.094515e+04 1.728e+03 4.55e+05 3.00e+01 1.48e+00
[0003][0003] 4.042034e+04 5.248e+02 1.88e+05 9.00e+01 1.58e+00
[0004][0004] 4.017314e+04 2.472e+02 8.25e+04 2.70e+02 1.45e+00
[0005][0005] 4.012413e+04 4.901e+01 3.38e+04 8.10e+02 1.38e+00
[0006][0006] 4.011384e+04 1.028e+01 1.72e+04 2.43e+03 1.42e+00
[iter][eval] cost actual_cost_change |grad| |TR| MQ
[0000][0000] 5.028225e+04 0.000e+00 1.59e+06 1.00e+01 1.00e+00
[0001][0001] 4.239372e+04 7.889e+03 1.59e+06 1.00e+01 1.42e+00
[0002][0002] 4.067849e+04 1.715e+03 6.36e+05 3.00e+01 1.45e+00
[0003][0003] 4.025823e+04 4.203e+02 2.56e+05 9.00e+01 1.48e+00
[0004][0004] 4.014972e+04 1.085e+02 1.08e+05 2.70e+02 1.50e+00
[0005][0005] 4.012140e+04 2.832e+01 4.60e+04 8.10e+02 1.50e+00
[iter][eval] cost actual_cost_change |grad| |TR| MQ
[0000][0000] 4.386551e+04 0.000e+00 8.47e+05 1.00e+01 1.00e+00
[0001][0001] 4.101081e+04 2.855e+03 8.47e+05 1.00e+01 1.44e+00
[0002][0002] 4.035604e+04 6.548e+02 3.33e+05 3.00e+01 1.48e+00
[0003][0003] 4.017678e+04 1.793e+02 1.37e+05 9.00e+01 1.50e+00
[0004][0004] 4.012878e+04 4.801e+01 5.88e+04 2.70e+02 1.51e+00
[0005][0005] 4.011603e+04 1.275e+01 2.58e+04 8.10e+02 1.51e+00
[iter][eval] cost actual_cost_change |grad| |TR| MQ
[0000][0000] 4.544999e+04 0.000e+00 4.93e+05 1.00e+01 1.00e+00
[0001][0001] 4.065328e+04 4.797e+03 4.93e+05 1.00e+01 1.39e+00
[0002][0002] 4.017783e+04 4.755e+02 1.81e+05 3.00e+01 1.32e+00
[0003][0003] 4.012404e+04 5.378e+01 5.96e+04 9.00e+01 1.40e+00
[0004][0004] 4.011415e+04 9.894e+00 2.22e+04 2.70e+02 1.45e+00
[iter][eval] cost actual_cost_change |grad| |TR| MQ
[0000][0000] 3.841524e+05 0.000e+00 9.44e+05 1.00e+01 1.00e+00
[0001][0001] 3.824892e+05 1.663e+03 9.44e+05 1.00e+01 1.49e+00
[0002][0002] 3.820600e+05 4.292e+02 3.82e+05 3.00e+01 1.51e+00
[0003][0003] 3.819450e+05 1.150e+02 1.60e+05 9.00e+01 1.52e+00
[0004][0004] 3.819110e+05 3.406e+01 7.13e+04 2.70e+02 1.55e+00
[0005][0005] 3.819010e+05 9.988e+00 3.54e+04 8.10e+02 1.53e+00
[0006][0006] 3.818982e+05 2.825e+00 1.68e+04 2.43e+03 1.53e+00
[0007][0007] 3.818974e+05 8.060e-01 8.49e+03 7.29e+03 1.53e+00
[0008][0008] 3.818971e+05 2.309e-01 4.46e+03 2.19e+04 1.54e+00
[0009][0009] 3.818971e+05 6.631e-02 2.40e+03 6.56e+04 1.54e+00
[0010][0010] 3.818970e+05 1.908e-02 1.31e+03 1.97e+05 1.54e+00
[0011][0011] 3.818970e+05 5.497e-03 7.11e+02 5.90e+05 1.54e+00
[0012][0012] 3.818970e+05 1.585e-03 3.87e+02 1.77e+06 1.54e+00
[0013][0013] 3.818970e+05 4.572e-04 2.11e+02 5.31e+06 1.54e+00
[0014][0014] 3.818970e+05 1.319e-04 1.14e+02 1.59e+07 1.54e+00
  ✅ PotSAC extracted 1 axis candidates
  🔍 Candidate 1: norm(1:3)=1.000, norm(4:6)=353.964
  📍 Standard format: direction=[-0.106,0.930,0.352], position=[56.8,-117.9,328.9]
  ✅ Successfully processed piece 03

=== PIECE 03 AXIS EXTRACTION COMPLETE ===
End time: Fri 05 Sep 2025 01:23:59 AEST
=== SLURM Job Complete ===
