=== SLURM Job 15050356 Array Task 6 ===
Processing Pot A Piece 6
Start time: Sun 31 Aug 2025 23:30:26 AEST
Running on node: spartan-bm023
Working directory: /data/gpfs/projects/punim2657/sfs_preprocessing
Opening log file:  /home/zhuojiat/java.log.58572
=== EXTRACTING AXIS FOR PIECE 06 ===
  📁 Loading TPS surfaces...
  📊 Surface 0: 6574 points
  📊 Surface 1: 7317 points
  🔄 Running PotSAC axis extraction...
  🔄 Data format: 6x13891
[iter][eval] cost actual_cost_change |grad| |TR| MQ
[0000][0000] 7.615342e+04 0.000e+00 1.68e+05 1.00e+01 1.00e+00
[0001][0001] 6.279593e+04 1.336e+04 1.68e+05 1.00e+01 1.48e+00
[0002][0002] 5.959773e+04 3.198e+03 8.85e+04 3.00e+01 1.49e+00
[0003][0003] 5.881540e+04 7.823e+02 4.45e+04 9.00e+01 1.52e+00
[0004][0004] 5.859681e+04 2.186e+02 2.30e+04 2.70e+02 1.56e+00
[0005][0005] 5.852722e+04 6.959e+01 1.27e+04 8.10e+02 1.57e+00
[0006][0006] 5.850472e+04 2.251e+01 7.11e+03 2.43e+03 1.57e+00
[iter][eval] cost actual_cost_change |grad| |TR| MQ
[0000][0000] 6.869757e+04 0.000e+00 9.27e+04 1.00e+01 1.00e+00
[0001][0001] 6.043458e+04 8.263e+03 9.27e+04 1.00e+01 1.42e+00
[0002][0002] 5.888111e+04 1.553e+03 4.53e+04 3.00e+01 1.43e+00
[0003][0003] 5.857605e+04 3.051e+02 2.08e+04 9.00e+01 1.45e+00
[0004][0004] 5.851257e+04 6.348e+01 8.89e+03 2.70e+02 1.47e+00
[0005][0005] 5.849851e+04 1.406e+01 3.69e+03 8.10e+02 1.49e+00
[iter][eval] cost actual_cost_change |grad| |TR| MQ
[0000][0000] 1.150099e+05 0.000e+00 8.89e+05 1.00e+01 1.00e+00
[0001][0001] 7.877861e+04 3.623e+04 8.89e+05 1.00e+01 1.41e+00
[0002][0002] 7.105728e+04 7.721e+03 4.14e+05 3.00e+01 1.17e+00
[0003][0003] 6.861913e+04 2.438e+03 3.25e+05 9.00e+01 1.58e+00
[0004][0004] 6.790460e+04 7.145e+02 1.64e+05 2.70e+02 1.63e+00
[0005][0005] 6.766767e+04 2.369e+02 1.04e+05 8.10e+02 1.68e+00
[0006][0006] 6.757609e+04 9.158e+01 7.60e+04 2.43e+03 1.70e+00
[0007][0007] 6.753759e+04 3.850e+01 5.83e+04 7.29e+03 1.72e+00
[iter][eval] cost actual_cost_change |grad| |TR| MQ
[0000][0000] 9.831346e+04 0.000e+00 7.76e+05 1.00e+01 1.00e+00
[0001][0001] 7.935855e+04 1.895e+04 7.76e+05 1.00e+01 1.41e+00
[0002][0002] 6.731164e+04 1.205e+04 2.53e+05 3.00e+01 1.45e+00
[0003][0003] 6.138292e+04 5.929e+03 3.92e+04 9.00e+01 1.49e+00
[0004][0004] 5.940564e+04 1.977e+03 1.51e+04 2.70e+02 1.56e+00
[0005][0005] 5.880253e+04 6.031e+02 1.87e+04 8.10e+02 1.59e+00
[0006][0006] 5.860491e+04 1.976e+02 1.27e+04 2.43e+03 1.61e+00
[0007][0007] 5.853570e+04 6.921e+01 7.74e+03 7.29e+03 1.62e+00
[0008][0008] 5.851023e+04 2.546e+01 4.52e+03 2.19e+04 1.63e+00
[iter][eval] cost actual_cost_change |grad| |TR| MQ
[0000][0000] 7.247768e+04 0.000e+00 2.14e+04 1.00e+01 1.00e+00
[0001][0001] 6.115406e+04 1.132e+04 2.14e+04 1.00e+01 1.44e+00
[0002][0002] 5.899536e+04 2.159e+03 5.63e+04 3.00e+01 1.43e+00
[0003][0003] 5.860387e+04 3.915e+02 3.43e+04 9.00e+01 1.45e+00
[0004][0004] 5.852184e+04 8.203e+01 1.77e+04 2.70e+02 1.49e+00
[0005][0005] 5.850189e+04 1.996e+01 8.92e+03 8.10e+02 1.52e+00
[iter][eval] cost actual_cost_change |grad| |TR| MQ
[0000][0000] 8.061640e+04 0.000e+00 6.21e+05 1.00e+01 1.00e+00
[0001][0001] 6.641491e+04 1.420e+04 6.21e+05 1.00e+01 1.37e+00
[0002][0002] 6.090951e+04 5.505e+03 1.32e+05 3.00e+01 1.41e+00
[0003][0003] 5.918056e+04 1.729e+03 1.76e+04 9.00e+01 1.48e+00
[0004][0004] 5.872667e+04 4.539e+02 8.27e+03 2.70e+02 1.57e+00
[0005][0005] 5.858018e+04 1.465e+02 6.40e+03 8.10e+02 1.61e+00
[0006][0006] 5.852787e+04 5.232e+01 3.93e+03 2.43e+03 1.63e+00
[iter][eval] cost actual_cost_change |grad| |TR| MQ
[0000][0000] 1.769279e+05 0.000e+00 1.54e+06 1.00e+01 1.00e+00
[0001][0001] 1.408927e+05 3.604e+04 1.54e+06 1.00e+01 1.49e+00
[0002][0002] 1.212075e+05 1.969e+04 4.48e+05 3.00e+01 1.64e+00
[0003][0003] 1.073505e+05 1.386e+04 1.84e+05 9.00e+01 1.59e+00
[0004][0004] 1.013209e+05 6.030e+03 6.78e+04 2.70e+02 1.70e+00
[0005][0005] 9.947441e+04 1.846e+03 4.96e+05 8.10e+02 6.03e-01
[0006][0006] 9.446543e+04 5.009e+03 7.56e+05 8.17e+02 1.32e+00
[0007][0007] 9.258280e+04 1.883e+03 3.43e+05 2.45e+03 1.22e+00
[0008][0008] 9.226188e+04 3.209e+02 1.21e+05 7.36e+03 1.15e+00
[0009][0009] 9.221232e+04 4.955e+01 5.19e+04 2.21e+04 1.74e+00
[iter][eval] cost actual_cost_change |grad| |TR| MQ
[0000][0000] 9.071506e+04 0.000e+00 9.75e+05 1.00e+01 1.00e+00
[0001][0001] 7.404580e+04 1.667e+04 9.75e+05 1.00e+01 1.36e+00
[0002][0002] 6.416741e+04 9.878e+03 2.82e+05 3.00e+01 1.35e+00
[0003][0003] 6.021753e+04 3.950e+03 7.35e+04 9.00e+01 1.42e+00
[0004][0004] 5.905188e+04 1.166e+03 2.04e+04 2.70e+02 1.54e+00
[0005][0005] 5.869452e+04 3.574e+02 9.26e+03 8.10e+02 1.60e+00
[0006][0006] 5.857114e+04 1.234e+02 5.50e+03 2.43e+03 1.63e+00
[0007][0007] 5.852494e+04 4.620e+01 3.57e+03 7.29e+03 1.64e+00
[iter][eval] cost actual_cost_change |grad| |TR| MQ
[0000][0000] 1.227023e+05 0.000e+00 1.48e+06 1.00e+01 1.00e+00
[0001][0001] 8.257639e+04 4.013e+04 1.48e+06 1.00e+01 1.47e+00
[0002][0002] 7.207252e+04 1.050e+04 7.48e+05 3.00e+01 1.48e+00
[0003][0003] 6.936226e+04 2.710e+03 3.05e+05 9.00e+01 1.61e+00
[0004][0004] 6.842039e+04 9.419e+02 1.49e+05 2.70e+02 1.73e+00
[0005][0005] 6.787922e+04 5.412e+02 1.60e+05 8.10e+02 1.79e+00
[0006][0006] 6.766810e+04 2.111e+02 1.12e+05 2.43e+03 1.76e+00
[0007][0007] 6.757860e+04 8.950e+01 8.09e+04 7.29e+03 1.74e+00
[0008][0008] 6.753920e+04 3.940e+01 6.09e+04 2.19e+04 1.74e+00
[iter][eval] cost actual_cost_change |grad| |TR| MQ
[0000][0000] 6.368250e+04 0.000e+00 3.28e+05 1.00e+01 1.00e+00
[0001][0001] 5.975558e+04 3.927e+03 3.28e+05 1.00e+01 1.43e+00
[0002][0002] 5.889352e+04 8.621e+02 1.21e+05 3.00e+01 1.49e+00
[0003][0003] 5.863972e+04 2.538e+02 4.92e+04 9.00e+01 1.54e+00
[0004][0004] 5.855052e+04 8.920e+01 2.21e+04 2.70e+02 1.58e+00
[0005][0005] 5.851673e+04 3.379e+01 1.07e+04 8.10e+02 1.61e+00
[iter][eval] cost actual_cost_change |grad| |TR| MQ
[0000][0000] 5.811006e+05 0.000e+00 1.95e+05 1.00e+01 1.00e+00
[0001][0001] 5.807366e+05 3.640e+02 1.95e+05 1.00e+01 1.48e+00
[0002][0002] 5.806474e+05 8.920e+01 8.95e+04 3.00e+01 1.51e+00
[0003][0003] 5.806231e+05 2.429e+01 4.23e+04 9.00e+01 1.53e+00
[0004][0004] 5.806160e+05 7.172e+00 2.06e+04 2.70e+02 1.55e+00
[0005][0005] 5.806137e+05 2.231e+00 1.03e+04 8.10e+02 1.56e+00
[0006][0006] 5.806130e+05 7.164e-01 5.31e+03 2.43e+03 1.57e+00
[0007][0007] 5.806128e+05 2.343e-01 2.79e+03 7.29e+03 1.57e+00
[0008][0008] 5.806127e+05 7.737e-02 1.50e+03 2.19e+04 1.58e+00
[0009][0009] 5.806127e+05 2.570e-02 8.16e+02 6.56e+04 1.58e+00
[0010][0010] 5.806127e+05 8.564e-03 4.51e+02 1.97e+05 1.58e+00
[0011][0011] 5.806127e+05 2.860e-03 2.52e+02 5.90e+05 1.58e+00
[0012][0012] 5.806127e+05 9.566e-04 1.42e+02 1.77e+06 1.58e+00
[0013][0013] 5.806127e+05 3.202e-04 8.09e+01 5.31e+06 1.58e+00
  ✅ PotSAC extracted 1 axis candidates
  🔍 Candidate 1: norm(1:3)=1.000, norm(4:6)=333.825
  📍 Standard format: direction=[-0.985,0.003,-0.174], position=[-57.8,-33.3,327.1]
  ✅ Successfully processed piece 06

=== PIECE 06 AXIS EXTRACTION COMPLETE ===
End time: Sun 31 Aug 2025 23:31:28 AEST
=== SLURM Job Complete ===
