=== Axis extraction: Pot A Piece 02 ===
🎯 Running MATLAB axis extraction for Pot A, Fragment 2
🔄 Starting MATLAB axis extraction...
Opening log file:  /home/zhuojiat/java.log.64123

                            < M A T L A B (R) >
                  Copyright 1984-2024 The MathWorks, Inc.
             R2024b Update 3 (24.2.0.2806996) 64-bit (glnxa64)
                             November 26, 2024

 
To get started, type doc.
For product information, visit www.mathworks.com.
 
Starting axis extraction for Pot A, Fragment 2
📐 Resampled surfaces to 22054 points each
[iter][eval] cost actual_cost_change |grad| |TR| MQ
[0000][0000] 2.189357e+05 0.000e+00 2.07e+06 1.00e+01 1.00e+00
[0001][0001] 1.984882e+05 2.045e+04 2.07e+06 1.00e+01 1.42e+00
[0002][0002] 1.950671e+05 3.421e+03 8.70e+05 3.00e+01 1.39e+00
[0003][0003] 1.945646e+05 5.025e+02 3.26e+05 9.00e+01 1.41e+00
[0004][0004] 1.944813e+05 8.332e+01 1.27e+05 2.70e+02 1.42e+00
[iter][eval] cost actual_cost_change |grad| |TR| MQ
[0000][0000] 2.353180e+05 0.000e+00 2.50e+06 1.00e+01 1.00e+00
[0001][0001] 2.026011e+05 3.272e+04 2.50e+06 1.00e+01 1.42e+00
[0002][0002] 1.963071e+05 6.294e+03 1.05e+06 3.00e+01 1.43e+00
[0003][0003] 1.948962e+05 1.411e+03 3.99e+05 9.00e+01 1.46e+00
[0004][0004] 1.945725e+05 3.237e+02 1.58e+05 2.70e+02 1.49e+00
[0005][0005] 1.944922e+05 8.034e+01 6.08e+04 8.10e+02 1.51e+00
[iter][eval] cost actual_cost_change |grad| |TR| MQ
[0000][0000] 2.396212e+05 0.000e+00 2.30e+06 1.00e+01 1.00e+00
[0001][0001] 2.041732e+05 3.545e+04 2.30e+06 1.00e+01 1.40e+00
[0002][0002] 1.965255e+05 7.648e+03 1.03e+06 3.00e+01 1.40e+00
[0003][0003] 1.948644e+05 1.661e+03 4.21e+05 9.00e+01 1.41e+00
[0004][0004] 1.945499e+05 3.144e+02 1.80e+05 2.70e+02 1.44e+00
[0005][0005] 1.944830e+05 6.695e+01 7.43e+04 8.10e+02 1.46e+00
[iter][eval] cost actual_cost_change |grad| |TR| MQ
[0000][0000] 2.584812e+05 0.000e+00 7.56e+05 1.00e+01 1.00e+00
[0001][0001] 2.188936e+05 3.959e+04 7.56e+05 1.00e+01 1.53e+00
[0002][0002] 2.026111e+05 1.628e+04 1.76e+05 3.00e+01 1.54e+00
[0003][0003] 1.968923e+05 5.719e+03 2.03e+05 9.00e+01 1.52e+00
[0004][0004] 1.951909e+05 1.701e+03 1.47e+05 2.70e+02 1.54e+00
[0005][0005] 1.946724e+05 5.185e+02 9.32e+04 8.10e+02 1.54e+00
[0006][0006] 1.945247e+05 1.477e+02 5.53e+04 2.43e+03 1.54e+00
[iter][eval] cost actual_cost_change |grad| |TR| MQ
[0000][0000] 2.158856e+05 0.000e+00 4.04e+05 1.00e+01 1.00e+00
[0001][0001] 2.017559e+05 1.413e+04 4.04e+05 1.00e+01 1.48e+00
[0002][0002] 1.968739e+05 4.882e+03 2.41e+05 3.00e+01 1.51e+00
[0003][0003] 1.953059e+05 1.568e+03 1.40e+05 9.00e+01 1.60e+00
[0004][0004] 1.947178e+05 5.881e+02 1.57e+05 2.70e+02 1.54e+00
[0005][0005] 1.945387e+05 1.791e+02 8.08e+04 8.10e+02 1.55e+00
[iter][eval] cost actual_cost_change |grad| |TR| MQ
[0000][0000] 2.955558e+05 0.000e+00 1.76e+06 1.00e+01 1.00e+00
[0001][0001] 2.288857e+05 6.667e+04 1.76e+06 1.00e+01 1.41e+00
[0002][0002] 2.059428e+05 2.294e+04 7.26e+05 3.00e+01 1.44e+00
[0003][0003] 1.980503e+05 7.892e+03 2.97e+05 9.00e+01 1.47e+00
[0004][0004] 1.957128e+05 2.338e+03 1.40e+05 2.70e+02 1.53e+00
[0005][0005] 1.948297e+05 8.831e+02 1.53e+05 8.10e+02 1.53e+00
[0006][0006] 1.945721e+05 2.576e+02 7.93e+04 2.43e+03 1.54e+00
[0007][0007] 1.944950e+05 7.711e+01 4.31e+04 7.29e+03 1.54e+00
[iter][eval] cost actual_cost_change |grad| |TR| MQ
[0000][0000] 2.288969e+05 0.000e+00 2.76e+06 1.00e+01 1.00e+00
[0001][0001] 2.056714e+05 2.323e+04 2.76e+06 1.00e+01 1.44e+00
[0002][0002] 1.962810e+05 9.390e+03 1.50e+06 3.00e+01 1.35e+00
[0003][0003] 1.947097e+05 1.571e+03 5.61e+05 9.00e+01 1.36e+00
[0004][0004] 1.945052e+05 2.045e+02 2.06e+05 2.70e+02 1.40e+00
[0005][0005] 1.944714e+05 3.382e+01 7.66e+04 8.10e+02 1.44e+00
[iter][eval] cost actual_cost_change |grad| |TR| MQ
[0000][0000] 2.660314e+05 0.000e+00 2.25e+06 1.00e+01 1.00e+00
[0001][0001] 2.148467e+05 5.118e+04 2.25e+06 1.00e+01 1.39e+00
[0002][0002] 2.002009e+05 1.465e+04 1.02e+06 3.00e+01 1.40e+00
[0003][0003] 1.962281e+05 3.973e+03 4.10e+05 9.00e+01 1.45e+00
[0004][0004] 1.950741e+05 1.154e+03 1.75e+05 2.70e+02 1.61e+00
[0005][0005] 1.946394e+05 4.347e+02 1.51e+05 8.10e+02 1.52e+00
[0006][0006] 1.945141e+05 1.253e+02 7.20e+04 2.43e+03 1.53e+00
[iter][eval] cost actual_cost_change |grad| |TR| MQ
[0000][0000] 4.770864e+05 0.000e+00 4.28e+06 1.00e+01 1.00e+00
[0001][0001] 3.886677e+05 8.842e+04 4.28e+06 1.00e+01 1.45e+00
[0002][0002] 3.619551e+05 2.671e+04 7.15e+05 3.00e+01 1.81e+00
[0003][0003] 3.394058e+05 2.255e+04 1.88e+06 9.00e+01 1.84e+00
[0004][0004] 3.204008e+05 1.901e+04 1.86e+06 2.70e+02 2.56e+00
[0005][0005] 2.979432e+05 2.246e+04 3.48e+06 8.10e+02 1.50e+00
[0006][0006] 2.766754e+05 2.127e+04 2.17e+06 2.43e+03 1.72e+00
[0007][0007] 2.621813e+05 1.449e+04 1.55e+06 7.29e+03 2.55e+00
[0008][0008] 2.417017e+05 2.048e+04 2.14e+06 2.19e+04 1.57e+00
[0009][0009] 2.222991e+05 1.940e+04 1.56e+06 6.56e+04 1.64e+00
[0010][0010] 2.107004e+05 1.160e+04 1.35e+06 1.97e+05 1.54e+00
[0011][0011] 1.998164e+05 1.088e+04 8.88e+05 5.90e+05 1.38e+00
[0012][0012] 1.958843e+05 3.932e+03 4.25e+05 1.77e+06 1.38e+00
[0013][0013] 1.948369e+05 1.047e+03 2.28e+05 5.31e+06 1.45e+00
[0014][0014] 1.945692e+05 2.677e+02 1.06e+05 1.59e+07 1.50e+00
[0015][0015] 1.944938e+05 7.545e+01 5.26e+04 4.78e+07 1.53e+00
[iter][eval] cost actual_cost_change |grad| |TR| MQ
[0000][0000] 2.311423e+05 0.000e+00 1.14e+05 1.00e+01 1.00e+00
[0001][0001] 2.293294e+05 1.813e+03 1.14e+05 1.00e+01 1.36e+00
[0002][0002] 2.290616e+05 2.678e+02 6.82e+04 3.00e+01 1.58e+00
[0003][0003] 2.289635e+05 9.812e+01 2.86e+04 9.00e+01 1.62e+00
[iter][eval] cost actual_cost_change |grad| |TR| MQ
[0000][0000] 2.169733e+06 0.000e+00 2.20e+06 1.00e+01 1.00e+00
[0001][0001] 2.165493e+06 4.240e+03 2.20e+06 1.00e+01 1.38e+00
[0002][0002] 2.164675e+06 8.180e+02 9.13e+05 3.00e+01 1.69e+00
[0003][0003] 2.164360e+06 3.154e+02 4.49e+05 9.00e+01 1.40e+00
[0004][0004] 2.164306e+06 5.367e+01 2.04e+05 2.70e+02 1.42e+00
[0005][0005] 2.164297e+06 9.695e+00 9.33e+04 8.10e+02 1.43e+00
[0006][0006] 2.164295e+06 1.886e+00 4.29e+04 2.43e+03 1.45e+00
[0007][0007] 2.164294e+06 4.069e-01 1.99e+04 7.29e+03 1.48e+00
[0008][0008] 2.164294e+06 9.760e-02 9.40e+03 2.19e+04 1.50e+00
[0009][0009] 2.164294e+06 2.574e-02 4.51e+03 6.56e+04 1.53e+00
[0010][0010] 2.164294e+06 7.256e-03 2.20e+03 1.97e+05 1.54e+00
[0011][0011] 2.164294e+06 2.131e-03 1.10e+03 5.90e+05 1.55e+00
✅ Axis saved in SFS format: ../axis_output/Pot_A_Piece_02_Axis.xyz
   Position: [-106.812062, -73.742068, 74.045687]
   Direction: [0.409197, 0.279467, 0.868594]
✅ Axis extraction completed successfully
📁 Results saved to: /data/gpfs/projects/punim2657/sfs_preprocessing/axis_output/Pot_A_Piece_02_Axis.txt
🎯 Found 1 axes
Best axis - Direction: [0.409197, 0.279467, 0.868594]
Best axis - Position:  [-106.812062, -73.742068, 74.045687]
✅ MATLAB axis extraction successful!
📁 Results: /data/gpfs/projects/punim2657/sfs_preprocessing/axis_output/Pot_A_Piece_02_Axis.txt
📊 Axis data:
0.409197108322446
0.279466943669774
0.868594240100879
🎉 MATLAB axis extraction completed!
Converting axis_output to Dataset/Axes format (position then direction)...
Axis already exists, keeping existing: Dataset/Axes/Pot_A_Piece_02_Axis.xyz
Done: Pot A Piece 02
