=== SLURM Job 15251489 Array Task 1 ===
Processing Pot A Piece 1
Start time: Fri 05 Sep 2025 10:59:22 AEST
Running on node: spartan-bm010
Working directory: /data/gpfs/projects/punim2657/sfs_preprocessing
Opening log file:  /home/zhuojiat/java.log.35746
=== EXTRACTING AXIS FOR PIECE 01 ===
  📁 Loading TPS surfaces...
  📊 Surface 0: 19463 points
  📊 Surface 1: 17145 points
  🔄 Running PotSAC axis extraction...
  🔄 Data format: 6x36608
[iter][eval] cost actual_cost_change |grad| |TR| MQ
[0000][0000] 3.589913e+05 0.000e+00 3.75e+06 1.00e+01 1.00e+00
[0001][0001] 3.144877e+05 4.450e+04 3.75e+06 1.00e+01 1.46e+00
[0002][0002] 3.048945e+05 9.593e+03 1.81e+06 3.00e+01 1.53e+00
[0003][0003] 3.013639e+05 3.531e+03 1.07e+06 9.00e+01 1.58e+00
[0004][0004] 3.001251e+05 1.239e+03 6.35e+05 2.70e+02 1.63e+00
[0005][0005] 2.996980e+05 4.271e+02 4.28e+05 8.10e+02 1.56e+00
[0006][0006] 2.995725e+05 1.255e+02 2.62e+05 2.43e+03 1.51e+00
[iter][eval] cost actual_cost_change |grad| |TR| MQ
[0000][0000] 3.271903e+05 0.000e+00 1.24e+06 1.00e+01 1.00e+00
[0001][0001] 3.182927e+05 8.898e+03 1.24e+06 1.00e+01 1.96e+00
[0002][0002] 3.120525e+05 6.240e+03 1.71e+06 3.00e+01 1.70e+00
[0003][0003] 3.070372e+05 5.015e+03 2.29e+06 9.00e+01 2.08e+00
[0004][0004] 3.047079e+05 2.329e+03 1.58e+06 2.70e+02 1.48e+00
[0005][0005] 3.038121e+05 8.957e+02 8.75e+05 8.10e+02 1.85e+00
[0006][0006] 3.029459e+05 8.662e+02 7.57e+05 2.43e+03 1.99e+00
[0007][0007] 3.017216e+05 1.224e+03 8.71e+05 7.29e+03 1.71e+00
[0008][0008] 3.009696e+05 7.520e+02 6.13e+05 2.19e+04 1.74e+00
[0009][0009] 3.004466e+05 5.230e+02 5.04e+05 6.56e+04 1.70e+00
[0010][0010] 3.001182e+05 3.284e+02 3.43e+05 1.97e+05 2.02e+00
[0011][0011] 2.997660e+05 3.523e+02 3.92e+05 5.90e+05 1.54e+00
[0012][0012] 2.996421e+05 1.239e+02 2.27e+05 1.77e+06 1.65e+00
[iter][eval] cost actual_cost_change |grad| |TR| MQ
[0000][0000] 3.459839e+05 0.000e+00 1.88e+06 1.00e+01 1.00e+00
[0001][0001] 3.337081e+05 1.228e+04 1.88e+06 1.00e+01 1.94e+00
[0002][0002] 3.256767e+05 8.031e+03 1.80e+06 3.00e+01 1.82e+00
[0003][0003] 3.186165e+05 7.060e+03 1.83e+06 9.00e+01 1.94e+00
[0004][0004] 3.101184e+05 8.498e+03 1.98e+06 2.70e+02 1.88e+00
[0005][0005] 3.099169e+05 2.014e+02 1.56e+06 8.10e+02 2.35e-01
[iter][eval] cost actual_cost_change |grad| |TR| MQ
[0000][0000] 3.670707e+05 0.000e+00 3.87e+06 1.00e+01 1.00e+00
[0001][0001] 3.500593e+05 1.701e+04 3.87e+06 1.00e+01 1.62e+00
[0002][0002] 3.403946e+05 9.665e+03 2.77e+06 3.00e+01 1.75e+00
[0003][0003] 3.358761e+05 4.518e+03 1.77e+06 9.00e+01 2.00e+00
[0004][0004] 3.333722e+05 2.504e+03 2.14e+06 2.70e+02 2.00e+00
[0005][0005] 3.310850e+05 2.287e+03 1.79e+06 8.10e+02 1.98e+00
[0006][0006] 3.270725e+05 4.012e+03 1.58e+06 2.43e+03 2.11e+00
[0007][0007] 3.216593e+05 5.413e+03 1.57e+06 7.29e+03 1.91e+00
[0008][0008] 3.152417e+05 6.418e+03 1.60e+06 2.19e+04 2.29e+00
[0009][0009] 3.144686e+05 7.731e+02 1.39e+06 6.56e+04 1.02e+00
[0010][0010] 3.137252e+05 7.434e+02 7.77e+05 1.97e+05 1.38e+00
[0011][0011] 3.131594e+05 5.658e+02 7.92e+05 5.90e+05 1.92e+00
[0012][0012] 3.125708e+05 5.886e+02 7.65e+05 1.77e+06 1.85e+00
[0013][0013] 3.121940e+05 3.769e+02 6.39e+05 5.31e+06 1.72e+00
[0014][0014] 3.119829e+05 2.111e+02 4.42e+05 1.59e+07 2.15e+00
[iter][eval] cost actual_cost_change |grad| |TR| MQ
[0000][0000] 3.520280e+05 0.000e+00 2.05e+06 1.00e+01 1.00e+00
[0001][0001] 3.396270e+05 1.240e+04 2.05e+06 1.00e+01 1.90e+00
[0002][0002] 3.316174e+05 8.010e+03 1.86e+06 3.00e+01 1.96e+00
[0003][0003] 3.208761e+05 1.074e+04 2.08e+06 9.00e+01 1.91e+00
[0004][0004] 3.110964e+05 9.780e+03 2.06e+06 2.70e+02 1.74e+00
[0005][0005] 3.097200e+05 1.376e+03 1.67e+06 8.10e+02 9.26e-01
[0006][0006] 3.095385e+05 1.815e+02 8.38e+05 2.11e+03 1.68e+00
[iter][eval] cost actual_cost_change |grad| |TR| MQ
[0000][0000] 3.503411e+05 0.000e+00 3.49e+06 1.00e+01 1.00e+00
[0001][0001] 3.316664e+05 1.867e+04 3.49e+06 1.00e+01 1.53e+00
[0002][0002] 3.244317e+05 7.235e+03 2.41e+06 3.00e+01 1.61e+00
[0003][0003] 3.184548e+05 5.977e+03 1.68e+06 9.00e+01 2.34e+00
[0004][0004] 3.143255e+05 4.129e+03 2.19e+06 2.70e+02 1.23e+00
[0005][0005] 3.095472e+05 4.778e+03 3.04e+06 8.10e+02 1.35e+00
[0006][0006] 3.088886e+05 6.586e+02 1.17e+06 2.43e+03 1.03e+00
[0007][0007] 3.087272e+05 1.614e+02 1.71e+06 7.29e+03 1.14e+00
[iter][eval] cost actual_cost_change |grad| |TR| MQ
[0000][0000] 3.197145e+05 0.000e+00 2.51e+06 1.00e+01 1.00e+00
[0001][0001] 3.032629e+05 1.645e+04 2.51e+06 1.00e+01 1.41e+00
[0002][0002] 3.004590e+05 2.804e+03 1.00e+06 3.00e+01 1.46e+00
[0003][0003] 2.997154e+05 7.436e+02 5.74e+05 9.00e+01 1.44e+00
[0004][0004] 2.995694e+05 1.461e+02 2.71e+05 2.70e+02 1.41e+00
[iter][eval] cost actual_cost_change |grad| |TR| MQ
[0000][0000] 3.131784e+05 0.000e+00 5.18e+05 1.00e+01 1.00e+00
[0001][0001] 3.031163e+05 1.006e+04 5.18e+05 1.00e+01 1.45e+00
[0002][0002] 3.006940e+05 2.422e+03 2.15e+05 3.00e+01 1.50e+00
[0003][0003] 2.999928e+05 7.012e+02 1.82e+05 9.00e+01 1.56e+00
[0004][0004] 2.997409e+05 2.519e+02 1.75e+05 2.70e+02 1.63e+00
[iter][eval] cost actual_cost_change |grad| |TR| MQ
[0000][0000] 3.669809e+05 0.000e+00 2.13e+06 1.00e+01 1.00e+00
[0001][0001] 3.418910e+05 2.509e+04 2.13e+06 1.00e+01 1.45e+00
[0002][0002] 3.326217e+05 9.269e+03 9.06e+05 3.00e+01 1.80e+00
[0003][0003] 3.240159e+05 8.606e+03 1.05e+06 9.00e+01 2.47e+00
[0004][0004] 3.151032e+05 8.913e+03 1.75e+06 2.70e+02 1.58e+00
[0005][0005] 3.114229e+05 3.680e+03 1.29e+06 8.10e+02 1.66e+00
[0006][0006] 3.071551e+05 4.268e+03 1.27e+06 2.43e+03 2.34e+00
[0007][0007] 3.039128e+05 3.242e+03 1.36e+06 7.29e+03 1.68e+00
[0008][0008] 3.026358e+05 1.277e+03 8.99e+05 2.19e+04 1.57e+00
[0009][0009] 3.008877e+05 1.748e+03 9.34e+05 6.56e+04 1.71e+00
[0010][0010] 3.000199e+05 8.678e+02 6.28e+05 1.97e+05 1.82e+00
[0011][0011] 2.996701e+05 3.497e+02 4.36e+05 5.90e+05 1.62e+00
[0012][0012] 2.995691e+05 1.010e+02 2.58e+05 1.77e+06 1.48e+00
[iter][eval] cost actual_cost_change |grad| |TR| MQ
[0000][0000] 3.671553e+05 0.000e+00 1.88e+06 1.00e+01 1.00e+00
[0001][0001] 3.427301e+05 2.443e+04 1.88e+06 1.00e+01 1.47e+00
[0002][0002] 3.350540e+05 7.676e+03 1.17e+06 3.00e+01 1.61e+00
[0003][0003] 3.326300e+05 2.424e+03 3.70e+06 9.00e+01 1.56e+00
[0004][0004] 3.292626e+05 3.367e+03 1.61e+06 2.70e+02 1.80e+00
[0005][0005] 3.241348e+05 5.128e+03 1.58e+06 8.10e+02 1.83e+00
[0006][0006] 3.183378e+05 5.797e+03 1.35e+06 2.43e+03 2.37e+00
[0007][0007] 3.148175e+05 3.520e+03 1.90e+06 7.29e+03 1.14e+00
[0008][0008] 3.128466e+05 1.971e+03 1.70e+06 2.19e+04 1.35e+00
[0009][0009] 3.122144e+05 6.322e+02 6.93e+05 6.56e+04 1.43e+00
[0010][0010] 3.119797e+05 2.347e+02 4.22e+05 1.97e+05 2.03e+00
[iter][eval] cost actual_cost_change |grad| |TR| MQ
[0000][0000] 2.996022e+06 0.000e+00 3.45e+06 1.00e+01 1.00e+00
[0001][0001] 2.993852e+06 2.169e+03 3.45e+06 1.00e+01 1.63e+00
[0002][0002] 2.992991e+06 8.611e+02 2.46e+06 3.00e+01 1.53e+00
[0003][0003] 2.992619e+06 3.727e+02 1.53e+06 9.00e+01 1.56e+00
[0004][0004] 2.992417e+06 2.013e+02 9.24e+05 2.70e+02 2.23e+00
[0005][0005] 2.992182e+06 2.352e+02 1.09e+06 8.10e+02 1.98e+00
[0006][0006] 2.992024e+06 1.585e+02 9.51e+05 2.43e+03 1.79e+00
[0007][0007] 2.991913e+06 1.109e+02 8.57e+05 7.29e+03 1.69e+00
[0008][0008] 2.991859e+06 5.356e+01 5.76e+05 2.19e+04 1.69e+00
[0009][0009] 2.991832e+06 2.725e+01 3.91e+05 6.56e+04 1.71e+00
[0010][0010] 2.991819e+06 1.258e+01 2.69e+05 1.97e+05 1.64e+00
[0011][0011] 2.991814e+06 4.989e+00 1.70e+05 5.90e+05 1.69e+00
[0012][0012] 2.991812e+06 2.396e+00 1.17e+05 1.77e+06 1.69e+00
[0013][0013] 2.991811e+06 1.153e+00 8.12e+04 5.31e+06 1.69e+00
[0014][0014] 2.991810e+06 5.551e-01 5.63e+04 1.59e+07 1.69e+00
[0015][0015] 2.991810e+06 2.674e-01 3.91e+04 4.78e+07 1.69e+00
[0016][0016] 2.991810e+06 1.289e-01 2.71e+04 1.43e+08 1.69e+00
[0017][0017] 2.991810e+06 6.213e-02 1.88e+04 4.30e+08 1.69e+00
[0018][0018] 2.991810e+06 2.996e-02 1.31e+04 1.29e+09 1.69e+00
[0019][0019] 2.991810e+06 1.444e-02 9.08e+03 3.87e+09 1.69e+00
[0020][0020] 2.991810e+06 6.966e-03 6.30e+03 1.16e+10 1.69e+00
[0021][0021] 2.991810e+06 3.359e-03 4.38e+03 3.49e+10 1.69e+00
[0022][0022] 2.991810e+06 1.620e-03 3.04e+03 1.05e+11 1.69e+00
  ✅ PotSAC extracted 1 axis candidates
  🔍 Candidate 1: norm(1:3)=1.000, norm(4:6)=154.487
  📍 Standard format: direction=[0.216,0.331,0.919], position=[-53.7,-131.8,60.1]
  ✅ Successfully processed piece 01

=== PIECE 01 AXIS EXTRACTION COMPLETE ===
End time: Fri 05 Sep 2025 11:00:36 AEST
=== SLURM Job Complete ===
