=== Complete PCL 1.9.1 Build with 3rdparty Dependencies ===
Reading package lists...
Building dependency tree...
Reading state information...
No conflicting PCL packages found
Downloading PCL 1.9.1 source with all dependencies...
Verifying 3rdparty dependencies:
✗ 3rdparty directory not found
./recognition/include/pcl/recognition/3rdparty
./surface/include/pcl/surface/3rdparty
./surface/include/pcl/surface/3rdparty/opennurbs
./surface/include/pcl/surface/3rdparty/opennurbs/opennurbs.h
./surface/include/pcl/surface/3rdparty/opennurbs/opennurbs_3dm.h
./surface/include/pcl/surface/3rdparty/opennurbs/opennurbs_3dm_attributes.h
./surface/include/pcl/surface/3rdparty/opennurbs/opennurbs_3dm_properties.h
./surface/include/pcl/surface/3rdparty/opennurbs/opennurbs_3dm_settings.h
./surface/include/pcl/surface/3rdparty/opennurbs/opennurbs_annotation.h
./surface/include/pcl/surface/3rdparty/opennurbs/opennurbs_annotation2.h
✓ OpenNURBS 3rdparty found in surface module
crc32.h
deflate.h
examples_linking_pragmas.h
inffast.h
inffixed.h
Configuring complete PCL 1.9.1 with all features and NURBS...
CMake Deprecation Warning at CMakeLists.txt:8 (cmake_policy):
  The OLD behavior for policy CMP0074 will be removed from a future version
  of CMake.

  The cmake-policies(7) manual explains that the OLD behaviors of all
  policies are deprecated and that a policy should be set to OLD only under
  specific short-term circumstances.  Projects should be ported to the NEW
  behavior and not rely on setting a policy to OLD.


-- The C compiler identification is GNU 11.4.0
-- The CXX compiler identification is GNU 11.4.0
-- Detecting C compiler ABI info
-- Detecting C compiler ABI info - done
-- Check for working C compiler: /usr/bin/cc - skipped
-- Detecting C compile features
-- Detecting C compile features - done
-- Detecting CXX compiler ABI info
-- Detecting CXX compiler ABI info - done
-- Check for working CXX compiler: /usr/bin/c++ - skipped
-- Detecting CXX compile features
-- Detecting CXX compile features - done
-- Found PkgConfig: /usr/bin/pkg-config (found version "0.29.2") 
-- Found OpenMP_C: -fopenmp (found version "4.5") 
-- Found OpenMP_CXX: -fopenmp (found version "4.5") 
-- Found OpenMP: TRUE (found version "4.5")  
-- Found OpenMP
-- Checking for module 'eigen3'
--   Found eigen3, version 3.4.0
-- Found Eigen: /usr/include/eigen3  
-- Eigen found (include: /usr/include/eigen3, version: 3.4.0)
-- Checking for module 'flann>=1.7.0'
--   Found flann, version 1.9.1
-- FLANN found (include: , lib: lz4;flann;flann_cpp;lz4)
CMake Warning (dev) at /usr/share/cmake-3.22/Modules/FindPackageHandleStandardArgs.cmake:438 (message):
  The package name passed to `find_package_handle_standard_args` (LIBUSB_1)
  does not match the name of the calling package (libusb-1.0).  This can lead
  to problems in calling code that expects `find_package` result variables
  (e.g., `_FOUND`) to follow a certain pattern.
Call Stack (most recent call first):
  cmake/Modules/Findlibusb-1.0.cmake:66 (find_package_handle_standard_args)
  CMakeLists.txt:292 (find_package)
This warning is for project developers.  Use -Wno-dev to suppress it.

-- Found LIBUSB_1: /usr/lib/x86_64-linux-gnu/libusb-1.0.so  
-- Checking for module 'libusb-1.0'
--   Found libusb-1.0, version 1.0.25
CMake Warning (dev) at /usr/share/cmake-3.22/Modules/FindPackageHandleStandardArgs.cmake:438 (message):
  The package name passed to `find_package_handle_standard_args` (USB_10)
  does not match the name of the calling package (OpenNI).  This can lead to
  problems in calling code that expects `find_package` result variables
  (e.g., `_FOUND`) to follow a certain pattern.
Call Stack (most recent call first):
  cmake/Modules/FindOpenNI.cmake:28 (find_package_handle_standard_args)
  cmake/pcl_targets.cmake:861 (find_package)
  CMakeLists.txt:299 (PCL_ADD_GRABBER_DEPENDENCY)
This warning is for project developers.  Use -Wno-dev to suppress it.

-- Found USB_10: /usr/lib/x86_64-linux-gnu/libusb-1.0.so  
-- Found OpenNI: /usr/lib/libOpenNI.so  
-- OpenNI found (include: /usr/include/ni, lib: /usr/lib/libOpenNI.so)
CMake Warning (dev) at /usr/share/cmake-3.22/Modules/FindPackageHandleStandardArgs.cmake:438 (message):
  The package name passed to `find_package_handle_standard_args` (USB_10)
  does not match the name of the calling package (OpenNI2).  This can lead to
  problems in calling code that expects `find_package` result variables
  (e.g., `_FOUND`) to follow a certain pattern.
Call Stack (most recent call first):
  cmake/Modules/FindOpenNI2.cmake:28 (find_package_handle_standard_args)
  cmake/pcl_targets.cmake:861 (find_package)
  CMakeLists.txt:300 (PCL_ADD_GRABBER_DEPENDENCY)
This warning is for project developers.  Use -Wno-dev to suppress it.

-- Found OpenNI2: /usr/lib/x86_64-linux-gnu/libOpenNI2.so  
-- OpenNI2 found (include: /usr/include/openni2, lib: /usr/lib/x86_64-linux-gnu/libOpenNI2.so)
-- Could NOT find FZAPI (missing: FZAPI_LIBS FZAPI_INCLUDE_DIRS) 
-- Fotonic camera support: not building because FZAPI not found
CMake Warning (dev) at /usr/share/cmake-3.22/Modules/FindPackageHandleStandardArgs.cmake:438 (message):
  The package name passed to `find_package_handle_standard_args` (ENSENSO)
  does not match the name of the calling package (Ensenso).  This can lead to
  problems in calling code that expects `find_package` result variables
  (e.g., `_FOUND`) to follow a certain pattern.
Call Stack (most recent call first):
  cmake/Modules/FindEnsenso.cmake:41 (find_package_handle_standard_args)
  cmake/pcl_targets.cmake:861 (find_package)
  CMakeLists.txt:302 (PCL_ADD_GRABBER_DEPENDENCY)
This warning is for project developers.  Use -Wno-dev to suppress it.

-- Could NOT find ENSENSO (missing: ENSENSO_LIBRARIES ENSENSO_INCLUDE_DIRS) 
-- IDS-Imaging Ensenso camera support: not building because Ensenso not found
-- Could NOT find davidSDK (missing: DAVIDSDK_LIBRARY DAVIDSDK_INCLUDE_DIR) 
-- David Vision Systems SDK support: not building because davidSDK not found
-- Could NOT find DSSDK (missing: DSSDK_LIBRARIES DSSDK_INCLUDE_DIRS) 
-- DepthSense SDK support: not building because DSSDK not found
-- Could NOT find RSSDK (missing: RSSDK_LIBRARIES RSSDK_INCLUDE_DIRS) 
-- RealSense SDK support: not building because RSSDK not found
-- Checking for module 'metslib'
--   No package 'metslib' found
-- Found ZLIB: /usr/lib/x86_64-linux-gnu/libz.so (found version "1.2.11") 
-- Found PNG: /usr/lib/x86_64-linux-gnu/libpng.so (found version "1.6.37") 
-- Found Qhull: optimized;/usr/lib/x86_64-linux-gnu/libqhull.so;debug;/usr/lib/x86_64-linux-gnu/libqhull.so  
-- QHULL found (include: /usr/include, lib: optimized;/usr/lib/x86_64-linux-gnu/libqhull.so;debug;/usr/lib/x86_64-linux-gnu/libqhull.so)
-- Looking for pthread.h
-- Looking for pthread.h - found
-- Performing Test CMAKE_HAVE_LIBC_PTHREAD
-- Performing Test CMAKE_HAVE_LIBC_PTHREAD - Success
-- Found Threads: TRUE  
-- Found GLEW: /usr/lib/x86_64-linux-gnu/libGLEW.so  
CMake Error at /usr/lib/x86_64-linux-gnu/cmake/vtk-9.1/vtkDetectLibraryType.cmake:23 (message):
  The `PATH` argument is required.
Call Stack (most recent call first):
  /usr/lib/x86_64-linux-gnu/cmake/vtk-9.1/FindGLEW.cmake:19 (vtk_detect_library_type)
  /usr/lib/x86_64-linux-gnu/cmake/vtk-9.1/VTK-vtk-module-find-packages.cmake:256 (find_package)
  /usr/lib/x86_64-linux-gnu/cmake/vtk-9.1/vtk-config.cmake:150 (include)
  CMakeLists.txt:366 (find_package)


-- Configuring incomplete, errors occurred!
See also "/tmp/pcl-pcl-1.9.1/build/CMakeFiles/CMakeOutput.log".
✓ tiny_obj_loader.h installed
