=== Focused NURBS Build: Headers Only ===
Downloading PCL 1.9.1 source...
Installing PCL 1.9.1 NURBS headers...
Verifying NURBS headers installation...
✓ Key NURBS header found
closing_boundary.h
fitting_curve_2d.h
fitting_curve_2d_apdm.h
fitting_curve_2d_asdm.h
fitting_curve_2d_atdm.h
fitting_curve_2d_pdm.h
fitting_curve_2d_sdm.h
fitting_curve_2d_tdm.h
fitting_curve_pdm.h
fitting_cylinder_pdm.h
fitting_sphere_pdm.h
fitting_surface_im.h
fitting_surface_pdm.h
fitting_surface_tdm.h
global_optimization_pdm.h
global_optimization_tdm.h
nurbs_data.h
nurbs_solve.h
nurbs_tools.h
sequential_fitter.h
sparse_mat.h
triangulation.h
NURBS headers setup completed
✓ tiny_obj_loader.h installed
