Setting up build environment for PCL 1.9.1 with NURBS...
Removing existing PCL packages...
Get:1 http://archive.ubuntu.com/ubuntu jammy InRelease [270 kB]
Get:2 http://security.ubuntu.com/ubuntu jammy-security InRelease [129 kB]
Get:3 http://archive.ubuntu.com/ubuntu jammy-updates InRelease [128 kB]
Get:4 http://security.ubuntu.com/ubuntu jammy-security/multiverse amd64 Packages [48.5 kB]
Get:5 http://archive.ubuntu.com/ubuntu jammy-backports InRelease [127 kB]
Get:6 http://security.ubuntu.com/ubuntu jammy-security/restricted amd64 Packages [5174 kB]
Get:7 http://archive.ubuntu.com/ubuntu jammy/multiverse amd64 Packages [266 kB]
Get:8 http://archive.ubuntu.com/ubuntu jammy/restricted amd64 Packages [164 kB]
Get:9 http://archive.ubuntu.com/ubuntu jammy/main amd64 Packages [1792 kB]
Get:10 http://archive.ubuntu.com/ubuntu jammy/universe amd64 Packages [17.5 MB]
Get:11 http://archive.ubuntu.com/ubuntu jammy-updates/multiverse amd64 Packages [75.9 kB]
Get:12 http://archive.ubuntu.com/ubuntu jammy-updates/main amd64 Packages [3546 kB]
Get:13 http://archive.ubuntu.com/ubuntu jammy-updates/universe amd64 Packages [1575 kB]
Get:14 http://archive.ubuntu.com/ubuntu jammy-updates/restricted amd64 Packages [5369 kB]
Get:15 http://archive.ubuntu.com/ubuntu jammy-backports/universe amd64 Packages [35.2 kB]
Get:16 http://archive.ubuntu.com/ubuntu jammy-backports/main amd64 Packages [83.2 kB]
Get:17 http://security.ubuntu.com/ubuntu jammy-security/main amd64 Packages [3233 kB]
Get:18 http://security.ubuntu.com/ubuntu jammy-security/universe amd64 Packages [1271 kB]
Fetched 40.8 MB in 21s (1896 kB/s)
Reading package lists...
Reading package lists...
Building dependency tree...
Reading state information...
E: Unable to locate package libpcl1.12
E: Couldn't find any package by glob 'libpcl1.12'
E: Couldn't find any package by regex 'libpcl1.12'
PCL packages not found, continuing...
Installing build dependencies...
Reading package lists...
Building dependency tree...
Reading state information...
build-essential is already the newest version (12.9ubuntu3).
libpng-dev is already the newest version (1.6.37-3build5).
libpng-dev set to manually installed.
freeglut3-dev is already the newest version (2.8.1-6).
libboost-all-dev is already the newest version (1.74.0.3ubuntu7).
libeigen3-dev is already the newest version (3.4.0-2ubuntu2).
libflann-dev is already the newest version (1.9.1+dfsg-11).
libopenni-dev is already the newest version (1.5.4.0+dfsg-5).
libopenni-dev set to manually installed.
libopenni2-dev is already the newest version (2.2.0.33+dfsg-15).
libopenni2-dev set to manually installed.
libqhull-dev is already the newest version (2020.2-4).
libsuitesparse-dev is already the newest version (1:5.10.1+dfsg-4build1).
libvtk9-dev is already the newest version (9.1.0+really9.1.0+dfsg2-3build1).
cmake is already the newest version (3.22.1-1ubuntu1.22.04.2).
git is already the newest version (1:2.34.1-1ubuntu1.15).
libusb-1.0-0-dev is already the newest version (2:1.0.25-1ubuntu2).
libxml2-dev is already the newest version (2.9.13+dfsg-1ubuntu0.7).
libxml2-dev set to manually installed.
wget is already the newest version (1.21.2-2ubuntu1.1).
The following additional packages will be installed:
  googletest libdbus-1-dev libpcap0.8-dev
The following NEW packages will be installed:
  googletest libdbus-1-dev libgtest-dev libpcap-dev libpcap0.8-dev
0 upgraded, 5 newly installed, 0 to remove and 16 not upgraded.
Need to get 1253 kB of archives.
After this operation, 7029 kB of additional disk space will be used.
Get:1 http://archive.ubuntu.com/ubuntu jammy/universe amd64 googletest all 1.11.0-3 [541 kB]
Get:2 http://archive.ubuntu.com/ubuntu jammy-updates/main amd64 libdbus-1-dev amd64 1.12.20-2ubuntu4.1 [188 kB]
Get:3 http://archive.ubuntu.com/ubuntu jammy/universe amd64 libgtest-dev amd64 1.11.0-3 [250 kB]
Get:4 http://archive.ubuntu.com/ubuntu jammy-updates/main amd64 libpcap0.8-dev amd64 1.10.1-4ubuntu1.22.04.1 [270 kB]
Get:5 http://archive.ubuntu.com/ubuntu jammy-updates/main amd64 libpcap-dev amd64 1.10.1-4ubuntu1.22.04.1 [3326 B]
perl: warning: Setting locale failed.
perl: warning: Please check that your locale settings:
	LANGUAGE = (unset),
	LC_ALL = (unset),
	LANG = "en_AU.UTF-8"
    are supported and installed on your system.
perl: warning: Falling back to the standard locale ("C").
debconf: delaying package configuration, since apt-utils is not installed
Fetched 1253 kB in 3s (463 kB/s)
dpkg: error: requested operation requires superuser privilege
E: Sub-process /usr/bin/dpkg returned an error code (2)
