-- The C compiler identification is GNU 11.3.0
-- The CXX compiler identification is GNU 11.3.0
-- Detecting C compiler ABI info
-- Detecting C compiler ABI info - done
-- Check for working C compiler: /apps/easybuild-2022/easybuild/software/Core/GCCcore/11.3.0/bin/cc - skipped
-- Detecting C compile features
-- Detecting C compile features - done
-- Detecting CXX compiler ABI info
-- Detecting CXX compiler ABI info - done
-- Check for working CXX compiler: /apps/easybuild-2022/easybuild/software/Core/GCCcore/11.3.0/bin/c++ - skipped
-- Detecting CXX compile features
-- Detecting CXX compile features - done
-- Performing Test HAVE_GCC_ERROR_RETURN_TYPE
-- Performing Test HAVE_GCC_ERROR_RETURN_TYPE - Success
-- Performing Test CMAKE_HAVE_LIBC_PTHREAD
-- Performing Test CMAKE_HAVE_LIBC_PTHREAD - Success
-- Found Threads: TRUE
CMake Warning (dev) at /data/gpfs/projects/punim2657/sfs_preprocessing/direct_build/VTK-8.2.0/build/CMakeTmp/VTK_UNDEFINED_SYMBOLS_ALLOWED/CMakeLists.txt:2 (project):
  cmake_minimum_required() should be called prior to this top-level project()
  call.  Please see the cmake-commands(7) manual for usage documentation of
  both commands.
This warning is for project developers.  Use -Wno-dev to suppress it.

-- Performing Test VTK_UNDEFINED_SYMBOLS_ALLOWED - Success
-- Performing Test Support for 64 bit file systems
-- Performing Test Support for 64 bit file systems - Success
-- Group StandAlone modules: vtkChartsCore;vtkCommonComputationalGeometry;vtkCommonCore;vtkCommonDataModel;vtkCommonExecutionModel;vtkCommonMisc;vtkCommonSystem;vtkCommonTransforms;vtkDomainsChemistry;vtkFiltersAMR;vtkFiltersCore;vtkFiltersExtraction;vtkFiltersFlowPaths;vtkFiltersGeneral;vtkFiltersGeneric;vtkFiltersGeometry;vtkFiltersHybrid;vtkFiltersHyperTree;vtkFiltersImaging;vtkFiltersModeling;vtkFiltersParallel;vtkFiltersParallelImaging;vtkFiltersPoints;vtkFiltersProgrammable;vtkFiltersSMP;vtkFiltersSelection;vtkFiltersSources;vtkFiltersStatistics;vtkFiltersTexture;vtkFiltersTopology;vtkFiltersVerdict;vtkIOAMR;vtkIOAsynchronous;vtkIOCityGML;vtkIOCore;vtkIOEnSight;vtkIOExodus;vtkIOGeometry;vtkIOImage;vtkIOImport;vtkIOInfovis;vtkIOLSDyna;vtkIOLegacy;vtkIOMINC;vtkIOMovie;vtkIONetCDF;vtkIOPLY;vtkIOParallel;vtkIOParallelXML;vtkIOSQL;vtkIOSegY;vtkIOTecplotTable;vtkIOVeraOut;vtkIOVideo;vtkIOXML;vtkIOXMLParser;vtkImagingColor;vtkImagingCore;vtkImagingFourier;vtkImagingGeneral;vtkImagingHybrid;vtkImagingMath;vtkImagingMorphological;vtkImagingSources;vtkImagingStatistics;vtkImagingStencil;vtkInfovisCore;vtkInfovisLayout;vtkParallelCore
-- Group MPI modules: vtkDomainsParallelChemistry;vtkFiltersParallelDIY2;vtkFiltersParallelGeometry;vtkFiltersParallelMPI;vtkFiltersParallelVerdict;vtkIOMPIImage;vtkIOMPIParallel;vtkIOParallelNetCDF;vtkParallelMPI;vtkdiy2
-- Group Imaging modules: vtkFiltersImaging;vtkImagingColor;vtkImagingFourier;vtkImagingGeneral;vtkImagingHybrid;vtkImagingMath;vtkImagingMorphological;vtkImagingSources;vtkImagingStatistics;vtkImagingStencil;vtkInteractionImage;vtkRenderingImage
-- Group Qt modules: vtkGUISupportQt;vtkGUISupportQtSQL;vtkRenderingQt;vtkViewsQt
-- Group Rendering modules: vtkGeovisCore;vtkIOExport;vtkIOExportPDF;vtkInteractionImage;vtkInteractionStyle;vtkInteractionWidgets;vtkRenderingAnnotation;vtkRenderingContext2D;vtkRenderingCore;vtkRenderingFreeType;vtkRenderingImage;vtkRenderingLOD;vtkRenderingLabel;vtkRenderingVolume;vtkViewsContext2D;vtkViewsCore;vtkViewsInfovis
-- Group Tk modules: vtkRenderingTk
-- Group Views modules: vtkViewsContext2D;vtkViewsGeovis
-- Group Web modules: vtkWebCore;vtkWebPython;vtkWebGLExporter
-- Setting rendering backend to 'OpenGL2' as none was specified.
-- Backend OpenGL2 modules: vtkDomainsChemistryOpenGL2;vtkIOExportOpenGL2;vtkImagingOpenGL2;vtkRenderingContextOpenGL2;vtkRenderingGL2PSOpenGL2;vtkRenderingLICOpenGL2;vtkRenderingOpenGL2;vtkRenderingOpenVR;vtkRenderingVolumeOpenGL2
-- Enabling modules for OpenGL2.
CMake Error at Utilities/KWIML/vtkkwiml/CMakeLists.txt:20 (cmake_minimum_required):
  Compatibility with CMake < 3.5 has been removed from CMake.

  Update the VERSION argument <min> value.  Or, use the <min>...<max> syntax
  to tell CMake that the project requires at least <min> but has been updated
  to work with policies introduced by <max> or earlier.

  Or, add -DCMAKE_POLICY_VERSION_MINIMUM=3.5 to try configuring anyway.


-- Configuring incomplete, errors occurred!
